
 Start         Length     Name                   Class
 0001:00401000 0002C724H .text                   CODE
 0002:0042E000 00000508H .itext                  ICODE
 0003:0042F000 00003998H .data                   DATA
 0004:00433000 00260110H .bss                    BSS
 0005:00000000 00000000H .tls                    TLS


Detailed map of segments

 0001:00000000 0000034E C=CODE     S=.text    G=(none)   M=System   ACBP=A9
 0001:00000350 000001C3 C=CODE     S=.text    G=(none)   M=SysInit  ACBP=A9
 0001:00000514 0000018C C=CODE     S=.text    G=(none)   M=Windows  ACBP=A9
 0001:000006A0 000002EE C=CODE     S=.text    G=(none)   M=Classes  ACBP=A9
 0001:00000990 00000006 C=CODE     S=.text    G=(none)   M=ActiveX  ACBP=A9
 0001:00000998 00000006 C=CODE     S=.text    G=(none)   M=TypInfo  ACBP=A9
 0001:000009A0 000000AE C=CODE     S=.text    G=(none)   M=SysUtils ACBP=A9
 0001:00000A50 0000007E C=CODE     S=.text    G=(none)   M=Variants ACBP=A9
 0001:00000AD0 00000006 C=CODE     S=.text    G=(none)   M=VarUtils ACBP=A9
 0001:00000AD8 0000017E C=CODE     S=.text    G=(none)   M=MMSystem ACBP=A9
 0001:00000C58 0000003E C=CODE     S=.text    G=(none)   M=_MSAcm   ACBP=A9
 0001:00000C98 00000742 C=CODE     S=.text    G=(none)   M=WaveConverter ACBP=A9
 0001:000013DC 00000B32 C=CODE     S=.text    G=(none)   M=FastcodeCPUID ACBP=A9
 0001:00001F10 00000A3A C=CODE     S=.text    G=(none)   M=FastMove ACBP=A9
 0001:0000294C 00000086 C=CODE     S=.text    G=(none)   M=ACS_Types ACBP=A9
 0001:000029D4 0000002E C=CODE     S=.text    G=(none)   M=SyncObjs ACBP=A9
 0001:00002A04 0000002E C=CODE     S=.text    G=(none)   M=Math     ACBP=A9
 0001:00002A34 0000244A C=CODE     S=.text    G=(none)   M=ACS_Procs ACBP=A9
 0001:00004E80 000064F6 C=CODE     S=.text    G=(none)   M=ACS_Tags ACBP=A9
 0001:0000B378 00003F42 C=CODE     S=.text    G=(none)   M=ACS_Classes ACBP=A9
 0001:0000F2BC 0000369E C=CODE     S=.text    G=(none)   M=ACS_Wave ACBP=A9
 0001:0001295C 00000046 C=CODE     S=.text    G=(none)   M=_DXTypes ACBP=A9
 0001:000129A4 00000692 C=CODE     S=.text    G=(none)   M=_DirectSound ACBP=A9
 0001:00013038 00000999 C=CODE     S=.text    G=(none)   M=wmfintf  ACBP=A9
 0001:000139D4 00004556 C=CODE     S=.text    G=(none)   M=libwma1  ACBP=A9
 0001:00017F2C 00002EB6 C=CODE     S=.text    G=(none)   M=ACS_WinMedia ACBP=A9
 0001:0001ADE4 0000003E C=CODE     S=.text    G=(none)   M=BisCoreObjects ACBP=A9
 0001:0001AE24 00000026 C=CODE     S=.text    G=(none)   M=Contnrs  ACBP=A9
 0001:0001AE4C 0000000E C=CODE     S=.text    G=(none)   M=BisUtils ACBP=A9
 0001:0001AE5C 00000016 C=CODE     S=.text    G=(none)   M=BisObject ACBP=A9
 0001:0001AE74 00000006 C=CODE     S=.text    G=(none)   M=Graphics ACBP=A9
 0001:0001AE7C 00000006 C=CODE     S=.text    G=(none)   M=Registry ACBP=A9
 0001:0001AE84 00000006 C=CODE     S=.text    G=(none)   M=IniFiles ACBP=A9
 0001:0001AE8C 00000006 C=CODE     S=.text    G=(none)   M=Menus    ACBP=A9
 0001:0001AE94 00000006 C=CODE     S=.text    G=(none)   M=ActnList ACBP=A9
 0001:0001AE9C 00000006 C=CODE     S=.text    G=(none)   M=Themes   ACBP=A9
 0001:0001AEA4 00000006 C=CODE     S=.text    G=(none)   M=Controls ACBP=A9
 0001:0001AEAC 00000006 C=CODE     S=.text    G=(none)   M=UxTheme  ACBP=A9
 0001:0001AEB4 00000006 C=CODE     S=.text    G=(none)   M=MultiMon ACBP=A9
 0001:0001AEBC 00000006 C=CODE     S=.text    G=(none)   M=DwmApi   ACBP=A9
 0001:0001AEC4 00000006 C=CODE     S=.text    G=(none)   M=Forms    ACBP=A9
 0001:0001AECC 00000006 C=CODE     S=.text    G=(none)   M=HelpIntfs ACBP=A9
 0001:0001AED4 00000006 C=CODE     S=.text    G=(none)   M=Dialogs  ACBP=A9
 0001:0001AEDC 00000006 C=CODE     S=.text    G=(none)   M=Printers ACBP=A9
 0001:0001AEE4 00000006 C=CODE     S=.text    G=(none)   M=ExtCtrls ACBP=A9
 0001:0001AEEC 00000006 C=CODE     S=.text    G=(none)   M=GraphUtil ACBP=A9
 0001:0001AEF4 00000006 C=CODE     S=.text    G=(none)   M=Clipbrd  ACBP=A9
 0001:0001AEFC 00000006 C=CODE     S=.text    G=(none)   M=FlatSB   ACBP=A9
 0001:0001AF04 0000002E C=CODE     S=.text    G=(none)   M=DB       ACBP=A9
 0001:0001AF34 00000006 C=CODE     S=.text    G=(none)   M=WideStrings ACBP=A9
 0001:0001AF3C 00000006 C=CODE     S=.text    G=(none)   M=FMTBcd   ACBP=A9
 0001:0001AF44 00000006 C=CODE     S=.text    G=(none)   M=SqlTimSt ACBP=A9
 0001:0001AF4C 00000006 C=CODE     S=.text    G=(none)   M=ComObj   ACBP=A9
 0001:0001AF54 00000006 C=CODE     S=.text    G=(none)   M=BisFm    ACBP=A9
 0001:0001AF5C 0000003E C=CODE     S=.text    G=(none)   M=BisThreads ACBP=A9
 0001:0001AF9C 00000006 C=CODE     S=.text    G=(none)   M=BisLocks ACBP=A9
 0001:0001AFA4 00000006 C=CODE     S=.text    G=(none)   M=DECUtil  ACBP=A9
 0001:0001AFAC 00000006 C=CODE     S=.text    G=(none)   M=Hash     ACBP=A9
 0001:0001AFB4 00000006 C=CODE     S=.text    G=(none)   M=Cipher   ACBP=A9
 0001:0001AFBC 00000006 C=CODE     S=.text    G=(none)   M=Cipher1  ACBP=A9
 0001:0001AFC4 00000006 C=CODE     S=.text    G=(none)   M=BisCryptUtils ACBP=A9
 0001:0001AFCC 00000006 C=CODE     S=.text    G=(none)   M=BisParams ACBP=A9
 0001:0001AFD4 00000006 C=CODE     S=.text    G=(none)   M=DBCtrls  ACBP=A9
 0001:0001AFDC 00000006 C=CODE     S=.text    G=(none)   M=ComCtrls ACBP=A9
 0001:0001AFE4 00000006 C=CODE     S=.text    G=(none)   M=ExtActns ACBP=A9
 0001:0001AFEC 00000006 C=CODE     S=.text    G=(none)   M=ExtDlgs  ACBP=A9
 0001:0001AFF4 00000006 C=CODE     S=.text    G=(none)   M=Buttons  ACBP=A9
 0001:0001AFFC 00000006 C=CODE     S=.text    G=(none)   M=Mapi     ACBP=A9
 0001:0001B004 00000006 C=CODE     S=.text    G=(none)   M=DBPWDlg  ACBP=A9
 0001:0001B00C 00000006 C=CODE     S=.text    G=(none)   M=DBLogDlg ACBP=A9
 0001:0001B014 00000006 C=CODE     S=.text    G=(none)   M=rxToolEdit ACBP=A9
 0001:0001B01C 00000006 C=CODE     S=.text    G=(none)   M=rxDateUtil ACBP=A9
 0001:0001B024 00000006 C=CODE     S=.text    G=(none)   M=RXCtrls  ACBP=A9
 0001:0001B02C 00000006 C=CODE     S=.text    G=(none)   M=RxHook   ACBP=A9
 0001:0001B034 00000006 C=CODE     S=.text    G=(none)   M=RXConst  ACBP=A9
 0001:0001B03C 00000006 C=CODE     S=.text    G=(none)   M=rxVclutils ACBP=A9
 0001:0001B044 00000006 C=CODE     S=.text    G=(none)   M=RXProps  ACBP=A9
 0001:0001B04C 00000006 C=CODE     S=.text    G=(none)   M=rxAppUtils ACBP=A9
 0001:0001B054 00000006 C=CODE     S=.text    G=(none)   M=RxPrgrss ACBP=A9
 0001:0001B05C 00000006 C=CODE     S=.text    G=(none)   M=SynEdit  ACBP=A9
 0001:0001B064 00000006 C=CODE     S=.text    G=(none)   M=SynEditHighlighter ACBP=A9
 0001:0001B06C 00000006 C=CODE     S=.text    G=(none)   M=SynEditMiscClasses ACBP=A9
 0001:0001B074 00000006 C=CODE     S=.text    G=(none)   M=SynRegExpr ACBP=A9
 0001:0001B07C 00000006 C=CODE     S=.text    G=(none)   M=SynEditKeyCmds ACBP=A9
 0001:0001B084 00000006 C=CODE     S=.text    G=(none)   M=SynTextDrawer ACBP=A9
 0001:0001B08C 00000006 C=CODE     S=.text    G=(none)   M=rxCurrEdit ACBP=A9
 0001:0001B094 00000006 C=CODE     S=.text    G=(none)   M=ThemedDBGrid ACBP=A9
 0001:0001B09C 00000006 C=CODE     S=.text    G=(none)   M=RxRichEd ACBP=A9
 0001:0001B0A4 00000006 C=CODE     S=.text    G=(none)   M=OleCtnrs ACBP=A9
 0001:0001B0AC 00000006 C=CODE     S=.text    G=(none)   M=CheckLst ACBP=A9
 0001:0001B0B4 00000006 C=CODE     S=.text    G=(none)   M=GIFImage ACBP=A9
 0001:0001B0BC 00000006 C=CODE     S=.text    G=(none)   M=jpeg     ACBP=A9
 0001:0001B0C4 00000026 C=CODE     S=.text    G=(none)   M=BisDataSet ACBP=A9
 0001:0001B0EC 00000006 C=CODE     S=.text    G=(none)   M=BisCore  ACBP=A9
 0001:0001B0F4 00000006 C=CODE     S=.text    G=(none)   M=kbmMemTable ACBP=A9
 0001:0001B0FC 00000006 C=CODE     S=.text    G=(none)   M=BisConnectionUtils ACBP=A9
 0001:0001B104 00000006 C=CODE     S=.text    G=(none)   M=SynHighlighterXML ACBP=A9
 0001:0001B10C 00000006 C=CODE     S=.text    G=(none)   M=SynHighlighterSQL ACBP=A9
 0001:0001B114 00000006 C=CODE     S=.text    G=(none)   M=OleServer ACBP=A9
 0001:0001B11C 00000006 C=CODE     S=.text    G=(none)   M=OleCtrls ACBP=A9
 0001:0001B124 00000006 C=CODE     S=.text    G=(none)   M=AxCtrls  ACBP=A9
 0001:0001B12C 00000006 C=CODE     S=.text    G=(none)   M=BisTimedMsgFm ACBP=A9
 0001:0001B134 00000006 C=CODE     S=.text    G=(none)   M=ActnMan  ACBP=A9
 0001:0001B13C 00000006 C=CODE     S=.text    G=(none)   M=ActnMenus ACBP=A9
 0001:0001B144 00000006 C=CODE     S=.text    G=(none)   M=XPStyleActnCtrls ACBP=A9
 0001:0001B14C 00000006 C=CODE     S=.text    G=(none)   M=BisProvider ACBP=A9
 0001:0001B154 00000006 C=CODE     S=.text    G=(none)   M=GIFImg   ACBP=A9
 0001:0001B15C 00000006 C=CODE     S=.text    G=(none)   M=BisSystemUtils ACBP=A9
 0001:0001B164 00000006 C=CODE     S=.text    G=(none)   M=MiTeC_Routines ACBP=A9
 0001:0001B16C 00000006 C=CODE     S=.text    G=(none)   M=MSI_Processes ACBP=A9
 0001:0001B174 00000006 C=CODE     S=.text    G=(none)   M=MiTeC_PSAPI ACBP=A9
 0001:0001B17C 00000006 C=CODE     S=.text    G=(none)   M=MSI_Devices ACBP=A9
 0001:0001B184 00000006 C=CODE     S=.text    G=(none)   M=MSI_CPU  ACBP=A9
 0001:0001B18C 00000006 C=CODE     S=.text    G=(none)   M=BisExceptNotifier ACBP=A9
 0001:0001B194 00000006 C=CODE     S=.text    G=(none)   M=JclDebug ACBP=A9
 0001:0001B19C 00000006 C=CODE     S=.text    G=(none)   M=JclSysInfo ACBP=A9
 0001:0001B1A4 00000006 C=CODE     S=.text    G=(none)   M=JclStrings ACBP=A9
 0001:0001B1AC 00000006 C=CODE     S=.text    G=(none)   M=JclSysUtils ACBP=A9
 0001:0001B1B4 00000006 C=CODE     S=.text    G=(none)   M=JclWideStrings ACBP=A9
 0001:0001B1BC 00000006 C=CODE     S=.text    G=(none)   M=JclShell ACBP=A9
 0001:0001B1C4 00000006 C=CODE     S=.text    G=(none)   M=JclRegistry ACBP=A9
 0001:0001B1CC 00000006 C=CODE     S=.text    G=(none)   M=JclHookExcept ACBP=A9
 0001:0001B1D4 00000006 C=CODE     S=.text    G=(none)   M=BisDeadlocks ACBP=A9
 0001:0001B1DC 00000006 C=CODE     S=.text    G=(none)   M=BisServiceApplication ACBP=A9
 0001:0001B1E4 00000006 C=CODE     S=.text    G=(none)   M=BisSvcMgr ACBP=A9
 0001:0001B1EC 00000006 C=CODE     S=.text    G=(none)   M=SvcMgr   ACBP=A9
 0001:0001B1F4 00000006 C=CODE     S=.text    G=(none)   M=AsyncCalls ACBP=A9
 0001:0001B1FC 0000022A C=CODE     S=.text    G=(none)   M=BisAudioCodec ACBP=A9
 0001:0001B428 000000B6 C=CODE     S=.text    G=(none)   M=WaveACM  ACBP=A9
 0001:0001B4E0 00000B72 C=CODE     S=.text    G=(none)   M=WaveAcmDrivers ACBP=A9
 0001:0001C054 00002186 C=CODE     S=.text    G=(none)   M=WaveUtils ACBP=A9
 0001:0001E1DC 00002E2E C=CODE     S=.text    G=(none)   M=WaveStorage ACBP=A9
 0001:0002100C 00000E6A C=CODE     S=.text    G=(none)   M=WaveIO   ACBP=A9
 0001:00021E78 00000CEA C=CODE     S=.text    G=(none)   M=WaveIn   ACBP=A9
 0001:00022B64 00000DF6 C=CODE     S=.text    G=(none)   M=WaveRecorders ACBP=A9
 0001:0002395C 000013FA C=CODE     S=.text    G=(none)   M=WaveOut  ACBP=A9
 0001:00024D58 00001316 C=CODE     S=.text    G=(none)   M=WavePlayers ACBP=A9
 0001:00026070 000016AA C=CODE     S=.text    G=(none)   M=WaveMixer ACBP=A9
 0001:0002771C 00000FA2 C=CODE     S=.text    G=(none)   M=BisAudioWave ACBP=A9
 0001:000286C0 00001146 C=CODE     S=.text    G=(none)   M=BisAudioDtmf ACBP=A9
 0001:00029808 00000006 C=CODE     S=.text    G=(none)   M=IdGlobal ACBP=A9
 0001:00029810 00000006 C=CODE     S=.text    G=(none)   M=IdSysVCL ACBP=A9
 0001:00029818 00000216 C=CODE     S=.text    G=(none)   M=BisRtpAcmDrivers ACBP=A9
 0001:00029A30 0000003E C=CODE     S=.text    G=(none)   M=ALXmlDoc ACBP=A9
 0001:00029A70 00000006 C=CODE     S=.text    G=(none)   M=ALfcnString ACBP=A9
 0001:00029A78 00000006 C=CODE     S=.text    G=(none)   M=ALCPUID  ACBP=A9
 0001:00029A80 00000006 C=CODE     S=.text    G=(none)   M=ALFcnHTML ACBP=A9
 0001:00029A88 00000AA6 C=CODE     S=.text    G=(none)   M=BisAudioTextPhrases ACBP=A9
 0001:0002A530 00000596 C=CODE     S=.text    G=(none)   M=BisAudioUtils ACBP=A9
 0001:0002AAC8 000009D2 C=CODE     S=.text    G=(none)   M=FftSpec  ACBP=A9
 0001:0002B49C 000005DE C=CODE     S=.text    G=(none)   M=BisAudioSpectrum ACBP=A9
 0001:0002BA7C 00000CA7 C=CODE     S=.text    G=(none)   M=.omaudio ACBP=A9
 0002:00000000 00000006 C=ICODE    S=.itext   G=(none)   M=System   ACBP=A9
 0002:00000008 00000011 C=ICODE    S=.itext   G=(none)   M=Windows  ACBP=A9
 0002:0000001C 00000006 C=ICODE    S=.itext   G=(none)   M=Classes  ACBP=A9
 0002:00000024 00000006 C=ICODE    S=.itext   G=(none)   M=TypInfo  ACBP=A9
 0002:0000002C 00000006 C=ICODE    S=.itext   G=(none)   M=SysUtils ACBP=A9
 0002:00000034 00000006 C=ICODE    S=.itext   G=(none)   M=Variants ACBP=A9
 0002:0000003C 00000006 C=ICODE    S=.itext   G=(none)   M=VarUtils ACBP=A9
 0002:00000044 00000008 C=ICODE    S=.itext   G=(none)   M=WaveConverter ACBP=A9
 0002:0000004C 00000014 C=ICODE    S=.itext   G=(none)   M=FastcodeCPUID ACBP=A9
 0002:00000060 00000027 C=ICODE    S=.itext   G=(none)   M=FastMove ACBP=A9
 0002:00000088 00000008 C=ICODE    S=.itext   G=(none)   M=ACS_Types ACBP=A9
 0002:00000090 00000008 C=ICODE    S=.itext   G=(none)   M=ACS_Procs ACBP=A9
 0002:00000098 00000008 C=ICODE    S=.itext   G=(none)   M=ACS_Tags ACBP=A9
 0002:000000A0 00000022 C=ICODE    S=.itext   G=(none)   M=ACS_Classes ACBP=A9
 0002:000000C4 00000008 C=ICODE    S=.itext   G=(none)   M=ACS_Wave ACBP=A9
 0002:000000CC 00000008 C=ICODE    S=.itext   G=(none)   M=_DXTypes ACBP=A9
 0002:000000D4 00000008 C=ICODE    S=.itext   G=(none)   M=_DirectSound ACBP=A9
 0002:000000DC 0000000F C=ICODE    S=.itext   G=(none)   M=wmfintf  ACBP=A9
 0002:000000EC 00000008 C=ICODE    S=.itext   G=(none)   M=libwma1  ACBP=A9
 0002:000000F4 00000008 C=ICODE    S=.itext   G=(none)   M=ACS_WinMedia ACBP=A9
 0002:000000FC 00000006 C=ICODE    S=.itext   G=(none)   M=BisUtils ACBP=A9
 0002:00000104 00000006 C=ICODE    S=.itext   G=(none)   M=Graphics ACBP=A9
 0002:0000010C 00000006 C=ICODE    S=.itext   G=(none)   M=Registry ACBP=A9
 0002:00000114 00000006 C=ICODE    S=.itext   G=(none)   M=IniFiles ACBP=A9
 0002:0000011C 00000006 C=ICODE    S=.itext   G=(none)   M=Menus    ACBP=A9
 0002:00000124 00000006 C=ICODE    S=.itext   G=(none)   M=ActnList ACBP=A9
 0002:0000012C 00000006 C=ICODE    S=.itext   G=(none)   M=Themes   ACBP=A9
 0002:00000134 00000006 C=ICODE    S=.itext   G=(none)   M=Controls ACBP=A9
 0002:0000013C 00000006 C=ICODE    S=.itext   G=(none)   M=UxTheme  ACBP=A9
 0002:00000144 00000006 C=ICODE    S=.itext   G=(none)   M=MultiMon ACBP=A9
 0002:0000014C 00000006 C=ICODE    S=.itext   G=(none)   M=DwmApi   ACBP=A9
 0002:00000154 00000006 C=ICODE    S=.itext   G=(none)   M=Forms    ACBP=A9
 0002:0000015C 00000006 C=ICODE    S=.itext   G=(none)   M=HelpIntfs ACBP=A9
 0002:00000164 00000006 C=ICODE    S=.itext   G=(none)   M=Dialogs  ACBP=A9
 0002:0000016C 00000006 C=ICODE    S=.itext   G=(none)   M=Printers ACBP=A9
 0002:00000174 00000006 C=ICODE    S=.itext   G=(none)   M=ExtCtrls ACBP=A9
 0002:0000017C 00000006 C=ICODE    S=.itext   G=(none)   M=GraphUtil ACBP=A9
 0002:00000184 00000006 C=ICODE    S=.itext   G=(none)   M=Clipbrd  ACBP=A9
 0002:0000018C 00000006 C=ICODE    S=.itext   G=(none)   M=FlatSB   ACBP=A9
 0002:00000194 00000006 C=ICODE    S=.itext   G=(none)   M=DB       ACBP=A9
 0002:0000019C 00000006 C=ICODE    S=.itext   G=(none)   M=WideStrings ACBP=A9
 0002:000001A4 00000006 C=ICODE    S=.itext   G=(none)   M=FMTBcd   ACBP=A9
 0002:000001AC 00000006 C=ICODE    S=.itext   G=(none)   M=SqlTimSt ACBP=A9
 0002:000001B4 00000006 C=ICODE    S=.itext   G=(none)   M=ComObj   ACBP=A9
 0002:000001BC 00000006 C=ICODE    S=.itext   G=(none)   M=BisFm    ACBP=A9
 0002:000001C4 00000006 C=ICODE    S=.itext   G=(none)   M=BisThreads ACBP=A9
 0002:000001CC 00000006 C=ICODE    S=.itext   G=(none)   M=BisLocks ACBP=A9
 0002:000001D4 00000006 C=ICODE    S=.itext   G=(none)   M=DECUtil  ACBP=A9
 0002:000001DC 00000006 C=ICODE    S=.itext   G=(none)   M=Hash     ACBP=A9
 0002:000001E4 00000006 C=ICODE    S=.itext   G=(none)   M=Cipher   ACBP=A9
 0002:000001EC 00000006 C=ICODE    S=.itext   G=(none)   M=Cipher1  ACBP=A9
 0002:000001F4 00000006 C=ICODE    S=.itext   G=(none)   M=BisCryptUtils ACBP=A9
 0002:000001FC 00000006 C=ICODE    S=.itext   G=(none)   M=DBCtrls  ACBP=A9
 0002:00000204 00000006 C=ICODE    S=.itext   G=(none)   M=ComCtrls ACBP=A9
 0002:0000020C 00000006 C=ICODE    S=.itext   G=(none)   M=ExtActns ACBP=A9
 0002:00000214 00000006 C=ICODE    S=.itext   G=(none)   M=ExtDlgs  ACBP=A9
 0002:0000021C 00000006 C=ICODE    S=.itext   G=(none)   M=Buttons  ACBP=A9
 0002:00000224 00000006 C=ICODE    S=.itext   G=(none)   M=Mapi     ACBP=A9
 0002:0000022C 00000006 C=ICODE    S=.itext   G=(none)   M=DBPWDlg  ACBP=A9
 0002:00000234 00000006 C=ICODE    S=.itext   G=(none)   M=DBLogDlg ACBP=A9
 0002:0000023C 00000006 C=ICODE    S=.itext   G=(none)   M=rxToolEdit ACBP=A9
 0002:00000244 00000006 C=ICODE    S=.itext   G=(none)   M=rxDateUtil ACBP=A9
 0002:0000024C 00000006 C=ICODE    S=.itext   G=(none)   M=RXCtrls  ACBP=A9
 0002:00000254 00000006 C=ICODE    S=.itext   G=(none)   M=RxHook   ACBP=A9
 0002:0000025C 00000006 C=ICODE    S=.itext   G=(none)   M=RXConst  ACBP=A9
 0002:00000264 00000006 C=ICODE    S=.itext   G=(none)   M=rxVclutils ACBP=A9
 0002:0000026C 00000006 C=ICODE    S=.itext   G=(none)   M=RXProps  ACBP=A9
 0002:00000274 00000006 C=ICODE    S=.itext   G=(none)   M=rxAppUtils ACBP=A9
 0002:0000027C 00000006 C=ICODE    S=.itext   G=(none)   M=RxPrgrss ACBP=A9
 0002:00000284 00000006 C=ICODE    S=.itext   G=(none)   M=SynEdit  ACBP=A9
 0002:0000028C 00000006 C=ICODE    S=.itext   G=(none)   M=SynEditHighlighter ACBP=A9
 0002:00000294 00000006 C=ICODE    S=.itext   G=(none)   M=SynEditMiscClasses ACBP=A9
 0002:0000029C 00000006 C=ICODE    S=.itext   G=(none)   M=SynRegExpr ACBP=A9
 0002:000002A4 00000006 C=ICODE    S=.itext   G=(none)   M=SynEditKeyCmds ACBP=A9
 0002:000002AC 00000006 C=ICODE    S=.itext   G=(none)   M=SynTextDrawer ACBP=A9
 0002:000002B4 00000006 C=ICODE    S=.itext   G=(none)   M=rxCurrEdit ACBP=A9
 0002:000002BC 00000006 C=ICODE    S=.itext   G=(none)   M=ThemedDBGrid ACBP=A9
 0002:000002C4 00000006 C=ICODE    S=.itext   G=(none)   M=RxRichEd ACBP=A9
 0002:000002CC 00000006 C=ICODE    S=.itext   G=(none)   M=OleCtnrs ACBP=A9
 0002:000002D4 00000006 C=ICODE    S=.itext   G=(none)   M=CheckLst ACBP=A9
 0002:000002DC 00000006 C=ICODE    S=.itext   G=(none)   M=GIFImage ACBP=A9
 0002:000002E4 00000006 C=ICODE    S=.itext   G=(none)   M=jpeg     ACBP=A9
 0002:000002EC 00000006 C=ICODE    S=.itext   G=(none)   M=BisCore  ACBP=A9
 0002:000002F4 00000006 C=ICODE    S=.itext   G=(none)   M=kbmMemTable ACBP=A9
 0002:000002FC 00000006 C=ICODE    S=.itext   G=(none)   M=BisConnectionUtils ACBP=A9
 0002:00000304 00000006 C=ICODE    S=.itext   G=(none)   M=SynHighlighterXML ACBP=A9
 0002:0000030C 00000006 C=ICODE    S=.itext   G=(none)   M=SynHighlighterSQL ACBP=A9
 0002:00000314 00000006 C=ICODE    S=.itext   G=(none)   M=OleServer ACBP=A9
 0002:0000031C 00000006 C=ICODE    S=.itext   G=(none)   M=OleCtrls ACBP=A9
 0002:00000324 00000006 C=ICODE    S=.itext   G=(none)   M=AxCtrls  ACBP=A9
 0002:0000032C 00000006 C=ICODE    S=.itext   G=(none)   M=BisTimedMsgFm ACBP=A9
 0002:00000334 00000006 C=ICODE    S=.itext   G=(none)   M=ActnMan  ACBP=A9
 0002:0000033C 00000006 C=ICODE    S=.itext   G=(none)   M=ActnMenus ACBP=A9
 0002:00000344 00000006 C=ICODE    S=.itext   G=(none)   M=XPStyleActnCtrls ACBP=A9
 0002:0000034C 00000006 C=ICODE    S=.itext   G=(none)   M=GIFImg   ACBP=A9
 0002:00000354 00000006 C=ICODE    S=.itext   G=(none)   M=BisSystemUtils ACBP=A9
 0002:0000035C 00000006 C=ICODE    S=.itext   G=(none)   M=MiTeC_Routines ACBP=A9
 0002:00000364 00000006 C=ICODE    S=.itext   G=(none)   M=MSI_Processes ACBP=A9
 0002:0000036C 00000006 C=ICODE    S=.itext   G=(none)   M=MiTeC_PSAPI ACBP=A9
 0002:00000374 00000006 C=ICODE    S=.itext   G=(none)   M=MSI_Devices ACBP=A9
 0002:0000037C 00000006 C=ICODE    S=.itext   G=(none)   M=MSI_CPU  ACBP=A9
 0002:00000384 00000006 C=ICODE    S=.itext   G=(none)   M=BisExceptNotifier ACBP=A9
 0002:0000038C 00000006 C=ICODE    S=.itext   G=(none)   M=JclDebug ACBP=A9
 0002:00000394 00000006 C=ICODE    S=.itext   G=(none)   M=JclSysInfo ACBP=A9
 0002:0000039C 00000006 C=ICODE    S=.itext   G=(none)   M=JclStrings ACBP=A9
 0002:000003A4 00000006 C=ICODE    S=.itext   G=(none)   M=JclSysUtils ACBP=A9
 0002:000003AC 00000006 C=ICODE    S=.itext   G=(none)   M=JclWideStrings ACBP=A9
 0002:000003B4 00000006 C=ICODE    S=.itext   G=(none)   M=JclShell ACBP=A9
 0002:000003BC 00000006 C=ICODE    S=.itext   G=(none)   M=JclRegistry ACBP=A9
 0002:000003C4 00000006 C=ICODE    S=.itext   G=(none)   M=JclHookExcept ACBP=A9
 0002:000003CC 00000006 C=ICODE    S=.itext   G=(none)   M=BisDeadlocks ACBP=A9
 0002:000003D4 00000006 C=ICODE    S=.itext   G=(none)   M=BisServiceApplication ACBP=A9
 0002:000003DC 00000006 C=ICODE    S=.itext   G=(none)   M=BisSvcMgr ACBP=A9
 0002:000003E4 00000006 C=ICODE    S=.itext   G=(none)   M=SvcMgr   ACBP=A9
 0002:000003EC 00000006 C=ICODE    S=.itext   G=(none)   M=AsyncCalls ACBP=A9
 0002:000003F4 00000008 C=ICODE    S=.itext   G=(none)   M=BisAudioCodec ACBP=A9
 0002:000003FC 00000008 C=ICODE    S=.itext   G=(none)   M=WaveACM  ACBP=A9
 0002:00000404 00000008 C=ICODE    S=.itext   G=(none)   M=WaveAcmDrivers ACBP=A9
 0002:0000040C 0000001B C=ICODE    S=.itext   G=(none)   M=WaveUtils ACBP=A9
 0002:00000428 00000008 C=ICODE    S=.itext   G=(none)   M=WaveStorage ACBP=A9
 0002:00000430 00000008 C=ICODE    S=.itext   G=(none)   M=WaveIO   ACBP=A9
 0002:00000438 00000008 C=ICODE    S=.itext   G=(none)   M=WaveIn   ACBP=A9
 0002:00000440 00000008 C=ICODE    S=.itext   G=(none)   M=WaveRecorders ACBP=A9
 0002:00000448 00000008 C=ICODE    S=.itext   G=(none)   M=WaveOut  ACBP=A9
 0002:00000450 00000008 C=ICODE    S=.itext   G=(none)   M=WavePlayers ACBP=A9
 0002:00000458 00000008 C=ICODE    S=.itext   G=(none)   M=WaveMixer ACBP=A9
 0002:00000460 00000008 C=ICODE    S=.itext   G=(none)   M=BisAudioWave ACBP=A9
 0002:00000468 00000008 C=ICODE    S=.itext   G=(none)   M=BisAudioDtmf ACBP=A9
 0002:00000470 00000006 C=ICODE    S=.itext   G=(none)   M=IdGlobal ACBP=A9
 0002:00000478 00000006 C=ICODE    S=.itext   G=(none)   M=IdSysVCL ACBP=A9
 0002:00000480 00000008 C=ICODE    S=.itext   G=(none)   M=BisRtpAcmDrivers ACBP=A9
 0002:00000488 00000006 C=ICODE    S=.itext   G=(none)   M=ALfcnString ACBP=A9
 0002:00000490 00000006 C=ICODE    S=.itext   G=(none)   M=ALCPUID  ACBP=A9
 0002:00000498 00000006 C=ICODE    S=.itext   G=(none)   M=ALFcnHTML ACBP=A9
 0002:000004A0 00000008 C=ICODE    S=.itext   G=(none)   M=BisAudioTextPhrases ACBP=A9
 0002:000004A8 00000008 C=ICODE    S=.itext   G=(none)   M=BisAudioUtils ACBP=A9
 0002:000004B0 00000046 C=ICODE    S=.itext   G=(none)   M=FftSpec  ACBP=A9
 0002:000004F8 00000008 C=ICODE    S=.itext   G=(none)   M=BisAudioSpectrum ACBP=A9
 0002:00000500 00000005 C=ICODE    S=.itext   G=(none)   M=.omaudio ACBP=A9
 0003:00000000 00000030 C=DATA     S=.data    G=DGROUP   M=SysInit  ACBP=A9
 0003:00000030 0000298F C=DATA     S=.data    G=DGROUP   M=FastcodeCPUID ACBP=A9
 0003:000029C0 00000020 C=DATA     S=.data    G=DGROUP   M=ACS_Types ACBP=A9
 0003:000029E0 00000018 C=DATA     S=.data    G=DGROUP   M=ACS_Procs ACBP=A9
 0003:000029F8 000002EA C=DATA     S=.data    G=DGROUP   M=ACS_Tags ACBP=A9
 0003:00002CE4 00000020 C=DATA     S=.data    G=DGROUP   M=ACS_Classes ACBP=A9
 0003:00002D04 000001C4 C=DATA     S=.data    G=DGROUP   M=ACS_Wave ACBP=A9
 0003:00002EC8 00000778 C=DATA     S=.data    G=DGROUP   M=_DirectSound ACBP=A9
 0003:00003640 00000208 C=DATA     S=.data    G=DGROUP   M=wmfintf  ACBP=A9
 0003:00003848 0000000C C=DATA     S=.data    G=DGROUP   M=WaveUtils ACBP=A9
 0003:00003854 00000078 C=DATA     S=.data    G=DGROUP   M=WaveMixer ACBP=A9
 0003:000038CC 00000080 C=DATA     S=.data    G=DGROUP   M=BisAudioDtmf ACBP=A9
 0004:00000000 0000000C C=BSS      S=.bss     G=DGROUP   M=SysInit  ACBP=A9
 0004:0000000C 00000008 C=BSS      S=.bss     G=DGROUP   M=Windows  ACBP=A9
 0004:00000014 00000004 C=BSS      S=.bss     G=DGROUP   M=WaveConverter ACBP=A9
 0004:00000018 00000020 C=BSS      S=.bss     G=DGROUP   M=FastcodeCPUID ACBP=A9
 0004:00000038 00000008 C=BSS      S=.bss     G=DGROUP   M=FastMove ACBP=A9
 0004:00000040 00000004 C=BSS      S=.bss     G=DGROUP   M=ACS_Types ACBP=A9
 0004:00000044 0000000C C=BSS      S=.bss     G=DGROUP   M=ACS_Procs ACBP=A9
 0004:00000050 00000004 C=BSS      S=.bss     G=DGROUP   M=ACS_Tags ACBP=A9
 0004:00000054 00000010 C=BSS      S=.bss     G=DGROUP   M=ACS_Classes ACBP=A9
 0004:00000064 00000004 C=BSS      S=.bss     G=DGROUP   M=ACS_Wave ACBP=A9
 0004:00000068 00000004 C=BSS      S=.bss     G=DGROUP   M=_DXTypes ACBP=A9
 0004:0000006C 00000004 C=BSS      S=.bss     G=DGROUP   M=_DirectSound ACBP=A9
 0004:00000070 0000001C C=BSS      S=.bss     G=DGROUP   M=wmfintf  ACBP=A9
 0004:0000008C 00000004 C=BSS      S=.bss     G=DGROUP   M=libwma1  ACBP=A9
 0004:00000090 00000004 C=BSS      S=.bss     G=DGROUP   M=ACS_WinMedia ACBP=A9
 0004:00000094 00000004 C=BSS      S=.bss     G=DGROUP   M=BisAudioCodec ACBP=A9
 0004:00000098 00000004 C=BSS      S=.bss     G=DGROUP   M=WaveACM  ACBP=A9
 0004:0000009C 00000004 C=BSS      S=.bss     G=DGROUP   M=WaveAcmDrivers ACBP=A9
 0004:000000A0 00000004 C=BSS      S=.bss     G=DGROUP   M=WaveUtils ACBP=A9
 0004:000000A4 00000004 C=BSS      S=.bss     G=DGROUP   M=WaveStorage ACBP=A9
 0004:000000A8 00000004 C=BSS      S=.bss     G=DGROUP   M=WaveIO   ACBP=A9
 0004:000000AC 00000004 C=BSS      S=.bss     G=DGROUP   M=WaveIn   ACBP=A9
 0004:000000B0 00000004 C=BSS      S=.bss     G=DGROUP   M=WaveRecorders ACBP=A9
 0004:000000B4 00000004 C=BSS      S=.bss     G=DGROUP   M=WaveOut  ACBP=A9
 0004:000000B8 00000004 C=BSS      S=.bss     G=DGROUP   M=WavePlayers ACBP=A9
 0004:000000BC 00000004 C=BSS      S=.bss     G=DGROUP   M=WaveMixer ACBP=A9
 0004:000000C0 00000004 C=BSS      S=.bss     G=DGROUP   M=BisAudioWave ACBP=A9
 0004:000000C4 00000004 C=BSS      S=.bss     G=DGROUP   M=BisAudioDtmf ACBP=A9
 0004:000000C8 00000004 C=BSS      S=.bss     G=DGROUP   M=BisRtpAcmDrivers ACBP=A9
 0004:000000CC 00000004 C=BSS      S=.bss     G=DGROUP   M=BisAudioTextPhrases ACBP=A9
 0004:000000D0 00000004 C=BSS      S=.bss     G=DGROUP   M=BisAudioUtils ACBP=A9
 0004:000000D4 00260038 C=BSS      S=.bss     G=DGROUP   M=FftSpec  ACBP=A9
 0004:0026010C 00000004 C=BSS      S=.bss     G=DGROUP   M=BisAudioSpectrum ACBP=A9


  Address             Publics by Name

 0002:00000500       .omaudio..omaudio
 0001:0002C704       .omaudio.@GetPackageInfoTable
 0001:0002C70C       .omaudio.@PackageLoad
 0001:0002C718       .omaudio.@PackageUnload
 0004:0000005C       ACS_Classes..02
 0001:0000B548       ACS_Classes..EAuException
 0001:0000C4E8       ACS_Classes..TAuCachedStream
 0001:0000C0A0       ACS_Classes..TAuConverter
 0001:0000C1B4       ACS_Classes..TAudioTap
 0001:0000C590       ACS_Classes..TAuFIFOStream
 0001:0000BC4C       ACS_Classes..TAuFileIn
 0001:0000BEA4       ACS_Classes..TAuFileOut
 0001:0000B5D0       ACS_Classes..TAuFileStream
 0001:0000B6FC       ACS_Classes..TAuInput
 0001:0000B7E4       ACS_Classes..TAuOutput
 0001:0000BA6C       ACS_Classes..TAuSeekableStreamedInput
 0001:0000B96C       ACS_Classes..TAuStreamedInput
 0001:0000BB7C       ACS_Classes..TAuStreamedOutput
 0001:0000BDA0       ACS_Classes..TAuTaggedFileIn
 0001:0000BFCC       ACS_Classes..TAuTaggedFileOut
 0001:0000B674       ACS_Classes..TAuThread
 0001:0000C458       ACS_Classes..TCacheThread
 0001:0000C3CC       ACS_Classes..TCircularBuffer
 0001:0000C33C       ACS_Classes..TEventHandler
 0003:00002CE4       ACS_Classes.AccessMode
 0002:000000A0       ACS_Classes.ACS_Classes
 0001:0000C634       ACS_Classes.CreateEventHandler
 0004:00000054       ACS_Classes.EventHandler
 0001:0000F280       ACS_Classes.Finalization
 0004:00000058       ACS_Classes.LoadLibCS
 0004:00000060       ACS_Classes.RCount
 0001:0000C660       ACS_Classes.ReleaseEventHandler
 0003:00002CF0       ACS_Classes.ShareMode
 0001:0000EFC8       ACS_Classes.TAuCachedStream.Create
 0001:0000F0B4       ACS_Classes.TAuCachedStream.Create
 0001:0000F1A8       ACS_Classes.TAuCachedStream.Destroy
 0001:0000F200       ACS_Classes.TAuCachedStream.Read
 0001:0000F21C       ACS_Classes.TAuCachedStream.Seek
 0001:0000EC50       ACS_Classes.TAuConverter.GetBPS
 0001:0000EC80       ACS_Classes.TAuConverter.GetCh
 0001:0000E498       ACS_Classes.TAuConverter.GetData
 0001:0000EC94       ACS_Classes.TAuConverter.GetSR
 0001:0000DB00       ACS_Classes.TAuConverter.Notification
 0001:0000DB2C       ACS_Classes.TAuConverter.SetInput
 0001:0000ECA8       ACS_Classes.TAuConverter._Jump
 0001:0000E560       ACS_Classes.TAuConverter._Pause
 0001:0000E56C       ACS_Classes.TAuConverter._Resume
 0001:0000E76C       ACS_Classes.TAudioTap.FlushInternal
 0001:0000E5B4       ACS_Classes.TAudioTap.GetBPS
 0001:0000E5C0       ACS_Classes.TAudioTap.GetCh
 0001:0000E6EC       ACS_Classes.TAudioTap.GetDataInternal
 0001:0000E5CC       ACS_Classes.TAudioTap.GetSR
 0001:0000E59C       ACS_Classes.TAudioTap.GetStatus
 0001:0000E684       ACS_Classes.TAudioTap.InitInternal
 0001:0000E7E0       ACS_Classes.TAudioTap.PauseRecord
 0001:0000E7EC       ACS_Classes.TAudioTap.ResumeRecord
 0001:0000E5D8       ACS_Classes.TAudioTap.SetFileName
 0001:0000E630       ACS_Classes.TAudioTap.SetWideFileName
 0001:0000E7D4       ACS_Classes.TAudioTap.StartRecord
 0001:0000E7F4       ACS_Classes.TAudioTap.StopRecord
 0001:0000E79C       ACS_Classes.TAudioTap._Pause
 0001:0000E7B8       ACS_Classes.TAudioTap._Resume
 0001:0000ECBC       ACS_Classes.TAuFIFOStream.Create
 0001:0000ED28       ACS_Classes.TAuFIFOStream.Destroy
 0001:0000ED80       ACS_Classes.TAuFIFOStream.GetEOF
 0001:0000ED94       ACS_Classes.TAuFIFOStream.GetSize
 0001:0000EEA0       ACS_Classes.TAuFIFOStream.LockReadBuffer
 0001:0000EE48       ACS_Classes.TAuFIFOStream.Read
 0001:0000EEB8       ACS_Classes.TAuFIFOStream.ReleaseReadBuffer
 0001:0000EE94       ACS_Classes.TAuFIFOStream.Reset
 0001:0000EDB4       ACS_Classes.TAuFIFOStream.Seek
 0001:0000EDB8       ACS_Classes.TAuFIFOStream.Seek
 0001:0000ED78       ACS_Classes.TAuFIFOStream.SetEOF
 0001:0000ED88       ACS_Classes.TAuFIFOStream.SetSize
 0001:0000ED8C       ACS_Classes.TAuFIFOStream.SetSize
 0001:0000EDD8       ACS_Classes.TAuFIFOStream.WouldReadBlock
 0001:0000EE04       ACS_Classes.TAuFIFOStream.WouldWriteBlock
 0001:0000EE64       ACS_Classes.TAuFIFOStream.Write
 0001:0000DC30       ACS_Classes.TAuFileIn.Create
 0001:0000DC78       ACS_Classes.TAuFileIn.Destroy
 0001:0000D748       ACS_Classes.TAuFileIn.FlushInternal
 0001:0000D428       ACS_Classes.TAuFileIn.GetBPS
 0001:0000D43C       ACS_Classes.TAuFileIn.GetCh
 0001:0000D450       ACS_Classes.TAuFileIn.GetSR
 0001:0000E234       ACS_Classes.TAuFileIn.GetTotalSamples
 0001:0000D9A4       ACS_Classes.TAuFileIn.GetTotalTime
 0001:0000D464       ACS_Classes.TAuFileIn.GetValid
 0001:0000D534       ACS_Classes.TAuFileIn.InitInternal
 0001:0000DAAC       ACS_Classes.TAuFileIn.Reset
 0001:0000DBE8       ACS_Classes.TAuFileIn.SetEndTime
 0001:0000E014       ACS_Classes.TAuFileIn.SetFileName
 0001:0000DB9C       ACS_Classes.TAuFileIn.SetStartTime
 0001:0000E2A0       ACS_Classes.TAuFileIn.SetStream
 0001:0000DFEC       ACS_Classes.TAuFileIn.SetWideFileName
 0001:0000D898       ACS_Classes.TAuFileIn._Jump
 0001:0000DAC0       ACS_Classes.TAuFileOut.Create
 0001:0000DAF8       ACS_Classes.TAuFileOut.SetFileMode
 0001:0000E088       ACS_Classes.TAuFileOut.SetFileName
 0001:0000E064       ACS_Classes.TAuFileOut.SetWideFileName
 0001:0000DE30       ACS_Classes.TAuFileStream.Create
 0001:0000DE74       ACS_Classes.TAuFileStream.Create
 0001:0000DF88       ACS_Classes.TAuFileStream.Destroy
 0001:0000DCCC       ACS_Classes.TAuInput.CopyData
 0001:0000CA5C       ACS_Classes.TAuInput.Create
 0001:0000CAA0       ACS_Classes.TAuInput.Destroy
 0001:0000DD00       ACS_Classes.TAuInput.FillBuffer
 0001:0000DD70       ACS_Classes.TAuInput.FillBufferUnprotected
 0001:0000CB98       ACS_Classes.TAuInput.Flush
 0001:0000CBE4       ACS_Classes.TAuInput.GetData
 0001:0000E578       ACS_Classes.TAuInput.GetTotalSamples
 0001:0000D9A0       ACS_Classes.TAuInput.GetTotalTime
 0001:0000CAD0       ACS_Classes.TAuInput.Init
 0001:0000DA68       ACS_Classes.TAuInput.Reset
 0001:0000E594       ACS_Classes.TAuInput.SetRequestFloat
 0001:0000E598       ACS_Classes.TAuInput._Jump
 0001:0000E2BC       ACS_Classes.TAuInput._Lock
 0001:0000E2D4       ACS_Classes.TAuInput._Pause
 0001:0000E2D8       ACS_Classes.TAuInput._Resume
 0001:0000E2C8       ACS_Classes.TAuInput._Unlock
 0001:0000DCB0       ACS_Classes.TAuOutput.Abort
 0001:0000CF5C       ACS_Classes.TAuOutput.BlockingRun
 0001:0000CF88       ACS_Classes.TAuOutput.Create
 0001:0000D000       ACS_Classes.TAuOutput.Destroy
 0001:0000D980       ACS_Classes.TAuOutput.GetDelay
 0001:0000D2C0       ACS_Classes.TAuOutput.GetPriority
 0001:0000D2F4       ACS_Classes.TAuOutput.GetProgress
 0001:0000D298       ACS_Classes.TAuOutput.GetStatus
 0001:0000D92C       ACS_Classes.TAuOutput.GetTE
 0001:0000DA3C       ACS_Classes.TAuOutput.Notification
 0001:0000D338       ACS_Classes.TAuOutput.Pause
 0001:0000D394       ACS_Classes.TAuOutput.Resume
 0001:0000D090       ACS_Classes.TAuOutput.Run
 0001:0000D990       ACS_Classes.TAuOutput.SetDelay
 0001:0000D2CC       ACS_Classes.TAuOutput.SetInput
 0001:0000D2B4       ACS_Classes.TAuOutput.SetPriority
 0001:0000D19C       ACS_Classes.TAuOutput.Stop
 0001:0000D070       ACS_Classes.TAuOutput.WhenDone
 0001:0000D3C4       ACS_Classes.TAuStreamedInput.Create
 0001:0000E2DC       ACS_Classes.TAuStreamedInput.GetData
 0001:0000D774       ACS_Classes.TAuStreamedInput.Seek
 0001:0000DA14       ACS_Classes.TAuStreamedInput.SetStream
 0001:0000DA28       ACS_Classes.TAuStreamedOutput.SetStream
 0001:0000E0AC       ACS_Classes.TAuTaggedFileIn.Create
 0001:0000E12C       ACS_Classes.TAuTaggedFileIn.Destroy
 0001:0000DFD4       ACS_Classes.TAuTaggedFileIn.SetAPEv2Tags
 0001:0000DFE0       ACS_Classes.TAuTaggedFileIn.SetCommonTags
 0001:0000DFBC       ACS_Classes.TAuTaggedFileIn.SetId3v1Tags
 0001:0000DFC8       ACS_Classes.TAuTaggedFileIn.SetId3v2Tags
 0001:0000E180       ACS_Classes.TAuTaggedFileOut.Create
 0001:0000E1EC       ACS_Classes.TAuTaggedFileOut.Destroy
 0001:0000E058       ACS_Classes.TAuTaggedFileOut.SetAPEv2Tags
 0001:0000E040       ACS_Classes.TAuTaggedFileOut.SetId3v1Tags
 0001:0000E04C       ACS_Classes.TAuTaggedFileOut.SetId3v2Tags
 0001:0000CC3C       ACS_Classes.TAuThread.Create
 0001:0000CCAC       ACS_Classes.TAuThread.Destroy
 0001:0000CD48       ACS_Classes.TAuThread.Execute
 0001:0000CD14       ACS_Classes.TAuThread.SoftPause
 0001:0000CCF4       ACS_Classes.TAuThread.SoftSleep
 0001:0000CD3C       ACS_Classes.TAuThread.SoftWake
 0001:0000CCE4       ACS_Classes.TAuThread.WaitForPause
 0001:0000EED0       ACS_Classes.TCacheThread.Execute
 0001:0000E9AC       ACS_Classes.TCircularBuffer.AddBytesRead
 0001:0000E994       ACS_Classes.TCircularBuffer.AddBytesWritten
 0001:0000E800       ACS_Classes.TCircularBuffer.Create
 0001:0000E868       ACS_Classes.TCircularBuffer.Destroy
 0001:0000E92C       ACS_Classes.TCircularBuffer.ExposeSingleBufferRead
 0001:0000E8B8       ACS_Classes.TCircularBuffer.ExposeSingleBufferWrite
 0001:0000EBBC       ACS_Classes.TCircularBuffer.FreeSpace
 0001:0000E8A0       ACS_Classes.TCircularBuffer.Lock
 0001:0000E9C4       ACS_Classes.TCircularBuffer.Read
 0001:0000EBC8       ACS_Classes.TCircularBuffer.Reset
 0001:0000EC04       ACS_Classes.TCircularBuffer.Reset2
 0001:0000EC14       ACS_Classes.TCircularBuffer.Stop
 0001:0000E8AC       ACS_Classes.TCircularBuffer.Unlock
 0001:0000EBA0       ACS_Classes.TCircularBuffer.WouldReadBlock
 0001:0000EB80       ACS_Classes.TCircularBuffer.WouldWriteBlock
 0001:0000EABC       ACS_Classes.TCircularBuffer.Write
 0001:0000C7E8       ACS_Classes.TEventHandler.AddEvent
 0001:0000C7B0       ACS_Classes.TEventHandler.BlockEvents
 0001:0000C884       ACS_Classes.TEventHandler.CallHandler
 0001:0000C758       ACS_Classes.TEventHandler.ClearEvents
 0001:0000C69C       ACS_Classes.TEventHandler.Create
 0001:0000C724       ACS_Classes.TEventHandler.Destroy
 0001:0000C8C4       ACS_Classes.TEventHandler.Execute
 0001:0000C854       ACS_Classes.TEventHandler.GetEvent
 0001:0000C9F4       ACS_Classes.TEventHandler.PostGenericEvent
 0001:0000CA28       ACS_Classes.TEventHandler.PostNonGuiEvent
 0001:0000C994       ACS_Classes.TEventHandler.PostOnDone
 0001:0000C9C0       ACS_Classes.TEventHandler.PostOnProgress
 0001:0000C81C       ACS_Classes.TEventHandler.PrependEvent
 0001:0000C7CC       ACS_Classes.TEventHandler.UnblockEvents
 0004:00000044       ACS_Procs..1
 0002:00000090       ACS_Procs.ACS_Procs
 0001:00003360       ACS_Procs.BlackmanWindow
 0001:00003544       ACS_Procs.BlackmanWindowS
 0001:00004238       ACS_Procs.ByteToSingle
 0001:000048D0       ACS_Procs.CalculateChebyshev
 0001:000037AC       ACS_Procs.CalculateSincKernel
 0001:00003640       ACS_Procs.CalculateSincKernelSingle
 0001:00002CA8       ACS_Procs.ComplexFFT
 0001:0000306C       ACS_Procs.ComplexFFTSingle
 0001:00003B3C       ACS_Procs.Convert16To24
 0001:00003DFC       ACS_Procs.Convert16To32
 0001:00002B18       ACS_Procs.Convert16To8
 0001:00002AA8       ACS_Procs.Convert16ToSingle
 0001:00003B0C       ACS_Procs.Convert24To16
 0001:00003DC0       ACS_Procs.Convert24To32
 0001:00003D80       ACS_Procs.Convert32To24
 0001:00002B40       ACS_Procs.Convert8To16
 0001:00002A80       ACS_Procs.Convert8ToSingle
 0001:00003E34       ACS_Procs.ConvertIEEEFloatTo32
 0001:00002BC0       ACS_Procs.ConvertMonoToStereo16
 0001:00003BD0       ACS_Procs.ConvertMonoToStereo24
 0001:00003CF8       ACS_Procs.ConvertMonoToStereo32
 0001:00002C3C       ACS_Procs.ConvertMonoToStereo8
 0001:00003EDC       ACS_Procs.ConvertShortIEEEFloatTo32
 0001:00002AEC       ACS_Procs.ConvertSingleTo16
 0001:00002AC0       ACS_Procs.ConvertSingleTo8
 0001:00002B64       ACS_Procs.ConvertStereoToMono16
 0001:00003B64       ACS_Procs.ConvertStereoToMono24
 0001:00003CC4       ACS_Procs.ConvertStereoToMono32
 0001:00002B94       ACS_Procs.ConvertStereoToMono8
 0001:00004C38       ACS_Procs.DeinterleaveStereo16
 0001:00004BF8       ACS_Procs.DeinterleaveStereo32
 0001:00004D00       ACS_Procs.DeinterleaveSurround16
 0001:00004C7C       ACS_Procs.DeinterleaveSurround32
 0003:000029E0       ACS_Procs.f
 0003:000029E8       ACS_Procs.f
 0003:000029F4       ACS_Procs.f
 0003:000029E4       ACS_Procs.f
 0001:00004E50       ACS_Procs.Finalization
 0001:00004BD0       ACS_Procs.GCD
 0001:00003A48       ACS_Procs.GetLeftOf
 0001:00003AA0       ACS_Procs.GetRightOf
 0001:000043D4       ACS_Procs.GUIDSEqual
 0001:000032D0       ACS_Procs.HammingWindow
 0001:000034B4       ACS_Procs.HammingWindowS
 0001:00003254       ACS_Procs.HannWindow
 0001:00003438       ACS_Procs.HannWindowS
 0001:0000431C       ACS_Procs.Int24ToSingle
 0001:000042D4       ACS_Procs.Int32ToSingle
 0001:00004DCC       ACS_Procs.InterleaveStereo16
 0001:00004D90       ACS_Procs.InterleaveStereo32
 0004:00000048       ACS_Procs.lDummie
 0003:000029F0       ACS_Procs.lfDouble
 0003:000029EC       ACS_Procs.lFfsingle
 0001:000039DC       ACS_Procs.LgMagnitude
 0001:0000397C       ACS_Procs.MultAndSumSingleArrays
 0001:000039A4       ACS_Procs.MultDoubleArrays
 0001:00003960       ACS_Procs.MultSingleArrays
 0001:00002FE8       ACS_Procs.MultSingleArrays_SSE_2
 0001:00002FB8       ACS_Procs.MultSingleArrays_SSE_4
 0001:00004440       ACS_Procs.NewCascade
 0001:00004E48       ACS_Procs.RestoreCW
 0001:00004E20       ACS_Procs.SetDoubleFPUPrecision
 0001:00004E34       ACS_Procs.SetExtendedFPUPrecision
 0001:00004E0C       ACS_Procs.SetSingleFPUPrecision
 0001:00002F90       ACS_Procs.SingleArrayMultByConst_SSE_2
 0001:00002F5C       ACS_Procs.SingleArrayMultByConst_SSE_4
 0001:000043B4       ACS_Procs.SingleMonoToStereo
 0001:00004388       ACS_Procs.SingleStereoToMono
 0001:00003F7C       ACS_Procs.SingleToByte
 0001:00004170       ACS_Procs.SingleToInt24
 0001:000040B0       ACS_Procs.SingleToInt32
 0001:00003FF0       ACS_Procs.SingleToSmallInt
 0001:0000392C       ACS_Procs.SmallIntArrayToComplex
 0001:000038F8       ACS_Procs.SmallIntArrayToDouble
 0001:0000428C       ACS_Procs.SmallIntToSingle
 0001:0000303C       ACS_Procs.SumSingleArrays_SSE_2
 0001:0000300C       ACS_Procs.SumSingleArrays_SSE_4
 0001:00003060       ACS_Procs.Swap64
 0004:00000050       ACS_Tags..9
 0001:0000547C       ACS_Tags..TAPEv2Tags
 0001:00004EA4       ACS_Tags..TAuTags
 0001:00004F58       ACS_Tags..TCommonTags
 0001:000050B4       ACS_Tags..TId3v1Tags
 0001:00005254       ACS_Tags..TId3v2Tags
 0001:000065CC       ACS_Tags..TVorbisTags
 0002:00000098       ACS_Tags.ACS_Tags
 0003:00002CE0       ACS_Tags.encoding_flags
 0001:0000B2A0       ACS_Tags.Finalization
 0001:00008848       ACS_Tags.get_tags_size
 0003:000029F8       ACS_Tags.Id3v1Genres
 0001:0000AE44       ACS_Tags.ReadApe2Tags
 0001:00008C0C       ACS_Tags.read_frames_new
 0001:00008A28       ACS_Tags.read_frames_old
 0001:0000887C       ACS_Tags.set_tag_item
 0003:00002CD8       ACS_Tags.start_char_pos
 0001:00009264       ACS_Tags.TAPEv2Tags.Create
 0001:0000A2C4       ACS_Tags.TAPEv2Tags.GetAbstract
 0001:0000987C       ACS_Tags.TAPEv2Tags.GetAlbum
 0001:0000974C       ACS_Tags.TAPEv2Tags.GetArtist
 0001:00009CA8       ACS_Tags.TAPEv2Tags.GetBarCode
 0001:0000A360       ACS_Tags.TAPEv2Tags.GetBibliography
 0001:00009DC8       ACS_Tags.TAPEv2Tags.GetCatalog
 0001:0000A5C8       ACS_Tags.TAPEv2Tags.GetComment
 0001:000097E0       ACS_Tags.TAPEv2Tags.GetComposer
 0001:00009A48       ACS_Tags.TAPEv2Tags.GetConductor
 0001:00009AE4       ACS_Tags.TAPEv2Tags.GetCopyright
 0001:00009910       ACS_Tags.TAPEv2Tags.GetDebutAlbum
 0001:0000A19C       ACS_Tags.TAPEv2Tags.GetFile
 0001:00009EF8       ACS_Tags.TAPEv2Tags.GetGenre
 0001:00009B80       ACS_Tags.TAPEv2Tags.GetISBN
 0001:00009C14       ACS_Tags.TAPEv2Tags.GetISRC
 0001:00009D3C       ACS_Tags.TAPEv2Tags.GetLabelCode
 0001:00009E5C       ACS_Tags.TAPEv2Tags.GetLanguage
 0001:000099AC       ACS_Tags.TAPEv2Tags.GetPublisher
 0001:0000A05C       ACS_Tags.TAPEv2Tags.GetRecordDate
 0001:0000A0F8       ACS_Tags.TAPEv2Tags.GetRecordLocation
 0001:0000A230       ACS_Tags.TAPEv2Tags.GetRelated
 0001:0000A52C       ACS_Tags.TAPEv2Tags.GetSubTitle
 0001:0000A498       ACS_Tags.TAPEv2Tags.GetTitle
 0001:0000A404       ACS_Tags.TAPEv2Tags.GetTrack
 0001:00009F8C       ACS_Tags.TAPEv2Tags.GetYear
 0001:0000A2F0       ACS_Tags.TAPEv2Tags.SetAbstract
 0001:000098A4       ACS_Tags.TAPEv2Tags.SetAlbum
 0001:00009774       ACS_Tags.TAPEv2Tags.SetArtist
 0001:00009CD0       ACS_Tags.TAPEv2Tags.SetBarCode
 0001:0000A390       ACS_Tags.TAPEv2Tags.SetBibliography
 0001:00009DF0       ACS_Tags.TAPEv2Tags.SetCatalog
 0001:0000A5F0       ACS_Tags.TAPEv2Tags.SetComment
 0001:0000980C       ACS_Tags.TAPEv2Tags.SetComposer
 0001:00009A74       ACS_Tags.TAPEv2Tags.SetConductor
 0001:00009B10       ACS_Tags.TAPEv2Tags.SetCopyright
 0001:0000993C       ACS_Tags.TAPEv2Tags.SetDebutAlbum
 0001:0000A1C4       ACS_Tags.TAPEv2Tags.SetFile
 0001:00009F20       ACS_Tags.TAPEv2Tags.SetGenre
 0001:00009BA8       ACS_Tags.TAPEv2Tags.SetISBN
 0001:00009C3C       ACS_Tags.TAPEv2Tags.SetISRC
 0001:00009D60       ACS_Tags.TAPEv2Tags.SetLabelCode
 0001:00009E88       ACS_Tags.TAPEv2Tags.SetLanguage
 0001:000099D8       ACS_Tags.TAPEv2Tags.SetPublisher
 0001:0000A088       ACS_Tags.TAPEv2Tags.SetRecordDate
 0001:0000A128       ACS_Tags.TAPEv2Tags.SetRecordLocation
 0001:0000A258       ACS_Tags.TAPEv2Tags.SetRelated
 0001:0000A558       ACS_Tags.TAPEv2Tags.SetSubTitle
 0001:0000A4C0       ACS_Tags.TAPEv2Tags.SetTitle
 0001:0000A42C       ACS_Tags.TAPEv2Tags.SetTrack
 0001:00009FF0       ACS_Tags.TAPEv2Tags.SetYear
 0001:00006BF4       ACS_Tags.TAuTags.AddId
 0001:00006C48       ACS_Tags.TAuTags.Assign
 0001:00006CF8       ACS_Tags.TAuTags.AssignTo
 0001:00006DA8       ACS_Tags.TAuTags.Clear
 0001:00006804       ACS_Tags.TAuTags.Create
 0001:00006868       ACS_Tags.TAuTags.Destroy
 0001:00006994       ACS_Tags.TAuTags.GetAsInteger
 0001:00006A60       ACS_Tags.TAuTags.GetAsString
 0001:00006B18       ACS_Tags.TAuTags.GetAsWideString
 0001:000068D8       ACS_Tags.TAuTags.GetId
 0001:000068CC       ACS_Tags.TAuTags.GetIdCount
 0001:0000690C       ACS_Tags.TAuTags.GetValue
 0001:000068C4       ACS_Tags.TAuTags.Presents
 0001:00006E24       ACS_Tags.TAuTags.ReadFromFile
 0001:00006948       ACS_Tags.TAuTags.SetValue
 0001:00006E38       ACS_Tags.TAuTags.WriteToFile
 0001:00007CFC       ACS_Tags.TCommonTags.Create
 0001:00007F98       ACS_Tags.TCommonTags.GetAlbum
 0001:00007E70       ACS_Tags.TCommonTags.GetArtist
 0001:0000802C       ACS_Tags.TCommonTags.GetGenre
 0001:00007F04       ACS_Tags.TCommonTags.GetTitle
 0001:00008154       ACS_Tags.TCommonTags.GetTrack
 0001:000080C0       ACS_Tags.TCommonTags.GetYear
 0001:00007FC0       ACS_Tags.TCommonTags.SetAlbum
 0001:00007E98       ACS_Tags.TCommonTags.SetArtist
 0001:00008054       ACS_Tags.TCommonTags.SetGenre
 0001:00007F2C       ACS_Tags.TCommonTags.SetTitle
 0001:0000817C       ACS_Tags.TCommonTags.SetTrack
 0001:000080E8       ACS_Tags.TCommonTags.SetYear
 0001:00006E40       ACS_Tags.TId3v1Tags.Create
 0001:0000729C       ACS_Tags.TId3v1Tags.GetAlbum
 0001:000071A4       ACS_Tags.TId3v1Tags.GetArtist
 0001:000073C0       ACS_Tags.TId3v1Tags.GetComment
 0001:000074E4       ACS_Tags.TId3v1Tags.GetGenre
 0001:000075AC       ACS_Tags.TId3v1Tags.GetGenreId
 0001:00007110       ACS_Tags.TId3v1Tags.GetTitle
 0001:00007454       ACS_Tags.TId3v1Tags.GetTrack
 0001:00007330       ACS_Tags.TId3v1Tags.GetYear
 0001:00006FD8       ACS_Tags.TId3v1Tags.Presents
 0001:00007640       ACS_Tags.TId3v1Tags.ReadFromFile
 0001:00007068       ACS_Tags.TId3v1Tags.ReadTagsInfo
 0001:000072C4       ACS_Tags.TId3v1Tags.SetAlbum
 0001:00007230       ACS_Tags.TId3v1Tags.SetArtist
 0001:000073E8       ACS_Tags.TId3v1Tags.SetComment
 0001:00007508       ACS_Tags.TId3v1Tags.SetGenre
 0001:000075D4       ACS_Tags.TId3v1Tags.SetGenreId
 0001:00007138       ACS_Tags.TId3v1Tags.SetTitle
 0001:00007478       ACS_Tags.TId3v1Tags.SetTrack
 0001:00007354       ACS_Tags.TId3v1Tags.SetYear
 0001:00007844       ACS_Tags.TId3v1Tags.WriteToFile
 0001:00007AE0       ACS_Tags.TId3v2Tags.Create
 0001:00008270       ACS_Tags.TId3v2Tags.GetAlbum
 0001:000081E8       ACS_Tags.TId3v2Tags.GetArtist
 0001:00008518       ACS_Tags.TId3v2Tags.GetComment
 0001:000085A0       ACS_Tags.TId3v2Tags.GetComposer
 0001:000086B0       ACS_Tags.TId3v2Tags.GetCopyright
 0001:00008628       ACS_Tags.TId3v2Tags.GetEncoder
 0001:000082F8       ACS_Tags.TId3v2Tags.GetGenre
 0001:00008738       ACS_Tags.TId3v2Tags.GetLanguage
 0001:000087C0       ACS_Tags.TId3v2Tags.GetLink
 0001:00008490       ACS_Tags.TId3v2Tags.GetTitle
 0001:00008408       ACS_Tags.TId3v2Tags.GetTrack
 0001:00008380       ACS_Tags.TId3v2Tags.GetYear
 0001:00007BA0       ACS_Tags.TId3v2Tags.Presents
 0001:00008DF8       ACS_Tags.TId3v2Tags.ReadFromFile
 0001:00007C28       ACS_Tags.TId3v2Tags.ReadTagsInfo
 0001:00008294       ACS_Tags.TId3v2Tags.SetAlbum
 0001:0000820C       ACS_Tags.TId3v2Tags.SetArtist
 0001:0000853C       ACS_Tags.TId3v2Tags.SetComment
 0001:000085C4       ACS_Tags.TId3v2Tags.SetComposer
 0001:000086D4       ACS_Tags.TId3v2Tags.SetCopyright
 0001:0000864C       ACS_Tags.TId3v2Tags.SetEncoder
 0001:0000831C       ACS_Tags.TId3v2Tags.SetGenre
 0001:0000875C       ACS_Tags.TId3v2Tags.SetLanguage
 0001:000087E4       ACS_Tags.TId3v2Tags.SetLink
 0001:000084B4       ACS_Tags.TId3v2Tags.SetTitle
 0001:0000842C       ACS_Tags.TId3v2Tags.SetTrack
 0001:000083A4       ACS_Tags.TId3v2Tags.SetYear
 0001:00008EC4       ACS_Tags.TId3v2Tags.WriteToFile
 0001:0000A65C       ACS_Tags.TVorbisTags.Create
 0001:0000A814       ACS_Tags.TVorbisTags.GetAlbum
 0001:0000AD3C       ACS_Tags.TVorbisTags.GetAlbumGain
 0001:0000ADC0       ACS_Tags.TVorbisTags.GetAlbumPeak
 0001:0000A898       ACS_Tags.TVorbisTags.GetArtist
 0001:0000A91C       ACS_Tags.TVorbisTags.GetDate
 0001:0000AB2C       ACS_Tags.TVorbisTags.GetDisc
 0001:0000A9A0       ACS_Tags.TVorbisTags.GetGenre
 0001:0000ABB0       ACS_Tags.TVorbisTags.GetReference
 0001:0000AA24       ACS_Tags.TVorbisTags.GetTitle
 0001:0000AAA8       ACS_Tags.TVorbisTags.GetTrack
 0001:0000AC34       ACS_Tags.TVorbisTags.GetTrackGain
 0001:0000ACB8       ACS_Tags.TVorbisTags.GetTrackPeak
 0001:0000A82C       ACS_Tags.TVorbisTags.SetAlbum
 0001:0000AD54       ACS_Tags.TVorbisTags.SetAlbumGain
 0001:0000ADD8       ACS_Tags.TVorbisTags.SetAlbumPeak
 0001:0000A8B0       ACS_Tags.TVorbisTags.SetArtist
 0001:0000A934       ACS_Tags.TVorbisTags.SetDate
 0001:0000AB44       ACS_Tags.TVorbisTags.SetDisc
 0001:0000A9B8       ACS_Tags.TVorbisTags.SetGenre
 0001:0000ABC8       ACS_Tags.TVorbisTags.SetReference
 0001:0000AA3C       ACS_Tags.TVorbisTags.SetTitle
 0001:0000AAC0       ACS_Tags.TVorbisTags.SetTrack
 0001:0000AC4C       ACS_Tags.TVorbisTags.SetTrackGain
 0001:0000ACD0       ACS_Tags.TVorbisTags.SetTrackPeak
 0003:00002C48       ACS_Tags._id3v2_tags
 0001:000067FC       ACS_Tags._min
 0003:00002CA8       ACS_Tags._vorbis_Album
 0003:00002CD0       ACS_Tags._vorbis_AlbumGain
 0003:00002CD4       ACS_Tags._vorbis_AlbumPeak
 0003:00002CAC       ACS_Tags._vorbis_Artist
 0003:00002CB0       ACS_Tags._vorbis_Date
 0003:00002CC0       ACS_Tags._vorbis_Disc
 0003:00002CB4       ACS_Tags._vorbis_Genre
 0003:00002CC4       ACS_Tags._vorbis_Reference
 0003:00002CB8       ACS_Tags._vorbis_Title
 0003:00002CBC       ACS_Tags._vorbis_Track
 0003:00002CC8       ACS_Tags._vorbis_TrackGain
 0003:00002CCC       ACS_Tags._vorbis_TrackPeak
 0004:00000040       ACS_Types..1
 0002:00000088       ACS_Types.ACS_Types
 0001:000029A4       ACS_Types.Finalization
 0003:000029D0       ACS_Types.KSDATAFORMAT_SUBTYPE_IEEE_FLOAT
 0003:000029C0       ACS_Types.KSDATAFORMAT_SUBTYPE_PCM
 0004:00000064       ACS_Wave..4
 0001:0000F334       ACS_Wave..TWaveIn
 0001:0000F46C       ACS_Wave..TWaveOut
 0001:0000F5C4       ACS_Wave..TWaveTap
 0002:000000C4       ACS_Wave.ACS_Wave
 0003:00002EA8       ACS_Wave.adaptive
 0001:0000FE64       ACS_Wave.Compare4
 0001:0001292C       ACS_Wave.Finalization
 0003:00002E68       ACS_Wave.IndexTab
 0003:00002D04       ACS_Wave.StepTab
 0001:00010234       ACS_Wave.TWaveIn.CloseFile
 0001:0000FE9C       ACS_Wave.TWaveIn.Create
 0001:0000F6B8       ACS_Wave.TWaveIn.DecodeDVIADPCMMono
 0001:0000F7B4       ACS_Wave.TWaveIn.DecodeDVIADPCMStereo
 0001:0000F9EC       ACS_Wave.TWaveIn.DecodeMSADPCMMono
 0001:0000FC18       ACS_Wave.TWaveIn.DecodeMSADPCMStereo
 0001:0000FED8       ACS_Wave.TWaveIn.Destroy
 0001:00010320       ACS_Wave.TWaveIn.GetDataInternal
 0001:00011A68       ACS_Wave.TWaveIn.GetWavType
 0001:0000FF00       ACS_Wave.TWaveIn.OpenFile
 0001:00011AA8       ACS_Wave.TWaveIn.ReadDVIADPCMBlock
 0001:00011C14       ACS_Wave.TWaveIn.ReadMSADPCMBlock
 0001:00011D5C       ACS_Wave.TWaveIn.ReadRIFFHeader
 0001:00010648       ACS_Wave.TWaveIn.SeekInternal
 0001:00010F6C       ACS_Wave.TWaveOut.Create
 0001:00010FB8       ACS_Wave.TWaveOut.Destroy
 0001:000114A4       ACS_Wave.TWaveOut.Done
 0001:00011790       ACS_Wave.TWaveOut.DoOutput
 0001:00010AC0       ACS_Wave.TWaveOut.EncodeDVIADPCMMono
 0001:00010C3C       ACS_Wave.TWaveOut.EncodeDVIADPCMStereo
 0001:000108EC       ACS_Wave.TWaveOut.FillHeaderDVIADPCM
 0001:000107F0       ACS_Wave.TWaveOut.FillHeaderExtPCM
 0001:00010750       ACS_Wave.TWaveOut.FillHeaderPCM
 0001:00010FF8       ACS_Wave.TWaveOut.Prepare
 0001:0001234C       ACS_Wave.TWaveOut.ReadRIFFHeader
 0001:00012794       ACS_Wave.TWaveOut.SetBlockSize
 0001:00011A7C       ACS_Wave.TWaveOut.SetFileMode
 0001:00010FE0       ACS_Wave.TWaveOut.SetWavType
 0001:000127B4       ACS_Wave.TWaveTap.FillHeaderPCM
 0001:0001283C       ACS_Wave.TWaveTap.StartRecordInternal
 0001:000128C8       ACS_Wave.TWaveTap.StopRecordInternal
 0001:0001291C       ACS_Wave.TWaveTap.WriteDataInternal
 0004:00000090       ACS_WinMedia..7
 0001:00018978       ACS_WinMedia..TWMADualPassOut
 0001:000181A4       ACS_WinMedia..TWMAOut
 0001:0001832C       ACS_WinMedia..TWMATap
 0001:00017FC0       ACS_WinMedia..TWMIn
 0001:00018510       ACS_WinMedia..TWMStreamedIn
 0001:0001880C       ACS_WinMedia..TWMStreamedOut
 0002:000000F4       ACS_WinMedia.ACS_WinMedia
 0001:00018B88       ACS_WinMedia.CallOnATError
 0001:00018A9C       ACS_WinMedia.CallOnConnected
 0001:00018AE4       ACS_WinMedia.CallOnDisconnected
 0001:00018BCC       ACS_WinMedia.CallOnDPError
 0001:00018B2C       ACS_WinMedia.CallOnError
 0001:0001ADB4       ACS_WinMedia.Finalization
 0001:0001A764       ACS_WinMedia.TWMADualPassOut.Create
 0001:0001A7D0       ACS_WinMedia.TWMADualPassOut.Destroy
 0001:0001AD40       ACS_WinMedia.TWMADualPassOut.Done
 0001:0001ACAC       ACS_WinMedia.TWMADualPassOut.DoOutput
 0001:0001A814       ACS_WinMedia.TWMADualPassOut.GetCodecName
 0001:0001A88C       ACS_WinMedia.TWMADualPassOut.GetCodecs
 0001:0001A894       ACS_WinMedia.TWMADualPassOut.GetCodecsCount
 0001:0001AD64       ACS_WinMedia.TWMADualPassOut.GetFormatDesc
 0001:0001A848       ACS_WinMedia.TWMADualPassOut.GetFormats
 0001:0001A8A4       ACS_WinMedia.TWMADualPassOut.GetFormatsCount
 0001:0001A8BC       ACS_WinMedia.TWMADualPassOut.Prepare
 0001:0001933C       ACS_WinMedia.TWMAOut.Create
 0001:000193B0       ACS_WinMedia.TWMAOut.Destroy
 0001:000198C0       ACS_WinMedia.TWMAOut.Done
 0001:0001982C       ACS_WinMedia.TWMAOut.DoOutput
 0001:00019F6C       ACS_WinMedia.TWMAOut.GetCodecName
 0001:00019F54       ACS_WinMedia.TWMAOut.GetCodecs
 0001:00019F5C       ACS_WinMedia.TWMAOut.GetCodecsCount
 0001:0001A010       ACS_WinMedia.TWMAOut.GetFormatDesc
 0001:00019FA0       ACS_WinMedia.TWMAOut.GetFormats
 0001:00019FF8       ACS_WinMedia.TWMAOut.GetFormatsCount
 0001:000193F4       ACS_WinMedia.TWMAOut.Prepare
 0001:0001A060       ACS_WinMedia.TWMATap.Create
 0001:0001A0A4       ACS_WinMedia.TWMATap.Destroy
 0001:0001A0D4       ACS_WinMedia.TWMATap.SetId3v2Tags
 0001:0001A0E0       ACS_WinMedia.TWMATap.StartRecordInternal
 0001:0001A3D8       ACS_WinMedia.TWMATap.StopRecordInternal
 0001:0001A3E4       ACS_WinMedia.TWMATap.WriteDataInternal
 0001:00019134       ACS_WinMedia.TWMIn.CloseFile
 0001:0001A3F0       ACS_WinMedia.TWMIn.CNToShortInt
 0001:00018C28       ACS_WinMedia.TWMIn.Create
 0001:00018C64       ACS_WinMedia.TWMIn.Destroy
 0001:00019288       ACS_WinMedia.TWMIn.GetBitrate
 0001:000191C8       ACS_WinMedia.TWMIn.GetDataInternal
 0001:0001A514       ACS_WinMedia.TWMIn.GetFormatsCount
 0001:0001A558       ACS_WinMedia.TWMIn.GetFormatSpec
 0001:00019260       ACS_WinMedia.TWMIn.GetHasAudio
 0001:000192A0       ACS_WinMedia.TWMIn.GetId3v2Tags
 0001:000192B4       ACS_WinMedia.TWMIn.GetIsVBR
 0001:00019274       ACS_WinMedia.TWMIn.GetProtected
 0001:00018C8C       ACS_WinMedia.TWMIn.OpenFile
 0001:0001921C       ACS_WinMedia.TWMIn.SeekInternal
 0001:0001A420       ACS_WinMedia.TWMIn.SetFormat
 0001:000192D4       ACS_WinMedia.TWMIn.SetHighPrecision
 0001:00019308       ACS_WinMedia.TWMIn.SetOutputChannels
 0001:00019DF8       ACS_WinMedia.TWMStreamedIn.CloseFile
 0001:000198FC       ACS_WinMedia.TWMStreamedIn.Create
 0001:00019950       ACS_WinMedia.TWMStreamedIn.Destroy
 0001:00019E80       ACS_WinMedia.TWMStreamedIn.GetDataInternal
 0001:00019EC8       ACS_WinMedia.TWMStreamedIn.GetHasAudio
 0001:00019EDC       ACS_WinMedia.TWMStreamedIn.GetId3v2Tags
 0001:00019F4C       ACS_WinMedia.TWMStreamedIn.GetTimedOut
 0001:00019EE4       ACS_WinMedia.TWMStreamedIn.GetTotalTime
 0001:00019978       ACS_WinMedia.TWMStreamedIn.OpenFile
 0001:00019EEC       ACS_WinMedia.TWMStreamedIn.ResetStretch
 0001:00019EC4       ACS_WinMedia.TWMStreamedIn.SeekInternal
 0001:00019F38       ACS_WinMedia.TWMStreamedIn.SetBufferingTime
 0001:00019F0C       ACS_WinMedia.TWMStreamedIn._Pause
 0001:00019F2C       ACS_WinMedia.TWMStreamedIn._Resume
 0001:0001A5B8       ACS_WinMedia.TWMStreamedOut.Create
 0001:0001A5F4       ACS_WinMedia.TWMStreamedOut.Destroy
 0001:0001A628       ACS_WinMedia.TWMStreamedOut.GetConnectionInfo
 0001:0001A61C       ACS_WinMedia.TWMStreamedOut.GetConnectionsCount
 0001:0001A710       ACS_WinMedia.TWMStreamedOut.GetURL
 0004:00000094       BisAudioCodec..2
 0001:0001B1FC       BisAudioCodec..TBisAudioCodec
 0002:000003F4       BisAudioCodec.BisAudioCodec
 0001:0001B3F8       BisAudioCodec.Finalization
 0001:0001B2E0       BisAudioCodec.TBisAudioCodec.Create
 0001:0001B338       BisAudioCodec.TBisAudioCodec.Destroy
 0001:0001B370       BisAudioCodec.TBisAudioCodec.WavToWma
 0004:000000C4       BisAudioDtmf..2
 0001:00028704       BisAudioDtmf..TBisAudioDtmf
 0002:00000468       BisAudioDtmf.BisAudioDtmf
 0001:000295C4       BisAudioDtmf.DecodeDTMF
 0003:0000392C       BisAudioDtmf.DtmfFDH
 0003:0000390C       BisAudioDtmf.DtmfFDL
 0003:000038CC       BisAudioDtmf.EventsHz
 0001:000297D8       BisAudioDtmf.Finalization
 0001:000287C0       BisAudioDtmf.Fmod
 0001:00028A38       BisAudioDtmf.GetDtmfCodeByEvent
 0001:00028B00       BisAudioDtmf.GetDtmfEvent
 0001:0002894C       BisAudioDtmf.GetDtmfEventByCode
 0001:0002881C       BisAudioDtmf.GetDtmfString
 0001:00028B84       BisAudioDtmf.LoadSample
 0001:000291B8       BisAudioDtmf.RunG
 0001:000294D8       BisAudioDtmf.RunK
 0001:00028BA8       BisAudioDtmf.SaveSample
 0001:000287E8       BisAudioDtmf.SinFunc
 0001:00028D8C       BisAudioDtmf.TBisAudioDtmf.Create
 0001:00028DF4       BisAudioDtmf.TBisAudioDtmf.Destroy
 0001:00028E1C       BisAudioDtmf.TBisAudioDtmf.DoCode
 0001:0002910C       BisAudioDtmf.TBisAudioDtmf.LoadFromStream
 0001:00029744       BisAudioDtmf.TBisAudioDtmf.ProcessBuffer
 0001:00028F4C       BisAudioDtmf.TBisAudioDtmf.SetFormat
 0001:00028E44       BisAudioDtmf.TBisAudioDtmf.SetFormat
 0001:00028F68       BisAudioDtmf.TBisAudioDtmf.SetFormat
 0001:00028F84       BisAudioDtmf.TBisAudioDtmf.Write
 0001:00028C14       BisAudioDtmf.WaveResample
 0004:0026010C       BisAudioSpectrum..2
 0001:0002B504       BisAudioSpectrum..TBisAudioSpectrum
 0002:000004F8       BisAudioSpectrum.BisAudioSpectrum
 0001:0002BA4C       BisAudioSpectrum.Finalization
 0001:0002B6D0       BisAudioSpectrum.GetInRealSize
 0001:0002B5A0       BisAudioSpectrum.TBisAudioSpectrum.Create
 0001:0002B5E4       BisAudioSpectrum.TBisAudioSpectrum.Destroy
 0001:0002B784       BisAudioSpectrum.TBisAudioSpectrum.Detect
 0001:0002B60C       BisAudioSpectrum.TBisAudioSpectrum.DoDetect
 0001:0002B998       BisAudioSpectrum.TBisAudioSpectrum.LoadFromStream
 0001:0002B670       BisAudioSpectrum.TBisAudioSpectrum.SetFormat
 0001:0002B624       BisAudioSpectrum.TBisAudioSpectrum.SetFormat
 0001:0002B654       BisAudioSpectrum.TBisAudioSpectrum.SetFormat
 0001:0002B68C       BisAudioSpectrum.TBisAudioSpectrum.Valid
 0001:0002B97C       BisAudioSpectrum.TBisAudioSpectrum.Write
 0004:000000CC       BisAudioTextPhrases..5
 0001:00029C54       BisAudioTextPhrases..TBisAudioTextPhrase
 0001:00029D08       BisAudioTextPhrases..TBisAudioTextPhrases
 0001:00029AF0       BisAudioTextPhrases..TBisAudioTextSample
 0001:00029BA4       BisAudioTextPhrases..TBisAudioTextSamples
 0002:000004A0       BisAudioTextPhrases.BisAudioTextPhrases
 0001:0002A500       BisAudioTextPhrases.Finalization
 0001:00029FBC       BisAudioTextPhrases.TBisAudioTextPhrase.Create
 0001:0002A000       BisAudioTextPhrases.TBisAudioTextPhrase.Destroy
 0001:0002A1C4       BisAudioTextPhrases.TBisAudioTextPhrase.GetWave
 0001:0002A030       BisAudioTextPhrases.TBisAudioTextPhrase.SetAsXml
 0001:0002A28C       BisAudioTextPhrases.TBisAudioTextPhrases.Add
 0001:0002A318       BisAudioTextPhrases.TBisAudioTextPhrases.AddXml
 0001:0002A278       BisAudioTextPhrases.TBisAudioTextPhrases.GetItem
 0001:0002A38C       BisAudioTextPhrases.TBisAudioTextPhrases.Parse
 0001:00029DB8       BisAudioTextPhrases.TBisAudioTextSample.Create
 0001:00029DFC       BisAudioTextPhrases.TBisAudioTextSample.Destroy
 0001:00029E40       BisAudioTextPhrases.TBisAudioTextSamples.Add
 0001:00029E2C       BisAudioTextPhrases.TBisAudioTextSamples.GetItem
 0001:00029EC4       BisAudioTextPhrases.TBisAudioTextSamples.GetWave
 0004:000000D0       BisAudioUtils..1
 0002:000004A8       BisAudioUtils.BisAudioUtils
 0001:0002AA98       BisAudioUtils.Finalization
 0001:0002A950       BisAudioUtils.GetAudioPhrasesWave
 0001:0002A8F0       BisAudioUtils.GetAudioTextPhrases
 0001:0002AA38       BisAudioUtils.GetAudioTextWave
 0001:0002A6A4       BisAudioUtils.GetPhrases
 0001:0002A530       BisAudioUtils.SetPhraseParams
 0004:000000C0       BisAudioWave..8
 0001:00027EE8       BisAudioWave..TBisAudioACMDrivers
 0001:0002787C       BisAudioWave..TBisAudioLivePlayer
 0001:0002771C       BisAudioWave..TBisAudioLiveRecorder
 0001:00027BC8       BisAudioWave..TBisAudioMixer
 0001:00027A50       BisAudioWave..TBisAudioStockPlayer
 0001:00027C88       BisAudioWave..TBisAudioWave
 0001:00027DA8       BisAudioWave..TBisAudioWaveConverter
 0002:00000460       BisAudioWave.BisAudioWave
 0001:00028690       BisAudioWave.Finalization
 0001:000281CC       BisAudioWave.TBisAudioLivePlayer.Create
 0001:00028374       BisAudioWave.TBisAudioLivePlayer.DoActivate
 0001:00028388       BisAudioWave.TBisAudioLivePlayer.DoDeactivate
 0001:000282C8       BisAudioWave.TBisAudioLivePlayer.FillDevices
 0001:00028294       BisAudioWave.TBisAudioLivePlayer.GetDeviceNameByID
 0001:0002839C       BisAudioWave.TBisAudioLivePlayer.Start
 0001:000283D4       BisAudioWave.TBisAudioLivePlayer.Stop
 0001:00027F8C       BisAudioWave.TBisAudioLiveRecorder.Create
 0001:00028134       BisAudioWave.TBisAudioLiveRecorder.DoActivate
 0001:00028148       BisAudioWave.TBisAudioLiveRecorder.DoDeactivate
 0001:00028088       BisAudioWave.TBisAudioLiveRecorder.FillDevices
 0001:00028054       BisAudioWave.TBisAudioLiveRecorder.GetDeviceNameByID
 0001:0002815C       BisAudioWave.TBisAudioLiveRecorder.Start
 0001:00028194       BisAudioWave.TBisAudioLiveRecorder.Stop
 0001:0002840C       BisAudioWave.TBisAudioStockPlayer.Create
 0001:00028454       BisAudioWave.TBisAudioStockPlayer.Destroy
 0001:00028484       BisAudioWave.TBisAudioStockPlayer.DoActivate
 0001:000284D0       BisAudioWave.TBisAudioStockPlayer.DoDeactivate
 0001:00028530       BisAudioWave.TBisAudioStockPlayer.DoStop
 0001:00028550       BisAudioWave.TBisAudioStockPlayer.GetActive
 0001:00028558       BisAudioWave.TBisAudioStockPlayer.GetWaveData
 0001:0002859C       BisAudioWave.TBisAudioStockPlayer.GetWaveFormat
 0001:000285DC       BisAudioWave.TBisAudioStockPlayer.PlayStream
 0001:000284A0       BisAudioWave.TBisAudioStockPlayer.PlayStreamFromBegin
 0001:00028648       BisAudioWave.TBisAudioStockPlayer.SetSpeedFactor
 0001:00028658       BisAudioWave.TBisAudioStockPlayer.Stop
 0004:000000C8       BisRtpAcmDrivers..2
 0001:00029818       BisRtpAcmDrivers..TBisRtpAcmDrivers
 0002:00000480       BisRtpAcmDrivers.BisRtpAcmDrivers
 0001:00029A00       BisRtpAcmDrivers.Finalization
 0001:0002999C       BisRtpAcmDrivers.TBisRtpAcmDrivers.FindFormat
 0001:000299DC       BisRtpAcmDrivers.TBisRtpAcmDrivers.FindFormat
 0001:00029924       BisRtpAcmDrivers.TBisRtpAcmDrivers.FindFormat
 0001:000298EC       BisRtpAcmDrivers.TBisRtpAcmDrivers.FormatToPayloadType
 0001:000298BC       BisRtpAcmDrivers.TBisRtpAcmDrivers.PayloadTypeToFormatTag
 0004:00000034       FastcodeCPUID..1
 0004:00000018       FastcodeCPUID.CPU
 0002:0000004C       FastcodeCPUID.FastcodeCPUID
 0004:00000030       FastcodeCPUID.FastCodeTarget
 0003:00001B30       FastcodeCPUID.FastCodeTargetStr
 0001:00001EE0       FastcodeCPUID.Finalization
 0001:00001800       FastcodeCPUID.GetCPUExtendedFeatures
 0001:000016D4       FastcodeCPUID.GetCPUFeatures
 0001:00001634       FastcodeCPUID.GetCPUID
 0001:00001D38       FastcodeCPUID.GetCPUInfo
 0001:00001650       FastcodeCPUID.GetCPUVendor
 0001:00001C5C       FastcodeCPUID.GetExtendedProcessorCacheInfo
 0001:00001DF8       FastcodeCPUID.GetFastCodeTarget
 0001:00001860       FastcodeCPUID.GetProcessorCacheInfo
 0003:00000B30       FastcodeCPUID.InstructionSupportStr
 0001:000015E4       FastcodeCPUID.IsCPUID_Available
 0001:000015FC       FastcodeCPUID.IsFPU_Available
 0003:00002930       FastcodeCPUID.VendorIDString
 0003:00000030       FastcodeCPUID.VendorStr
 0001:00001CEC       FastcodeCPUID.VerifyOSSupportForXMMRegisters
 0004:00000038       FastMove..1
 0001:000024C8       FastMove.AlignedFwdMoveSSE_6
 0001:00002330       FastMove.Backwards_IA32_6
 0001:00002470       FastMove.Backwards_MMX_6
 0001:00002738       FastMove.Backwards_SSE_6
 0002:00000060       FastMove.FastMove
 0001:0000291C       FastMove.Finalization
 0001:000022F4       FastMove.Forwards_IA32_6
 0001:00002364       FastMove.Forwards_MMX_6
 0001:00002690       FastMove.Forwards_SSE_6
 0001:00002790       FastMove.MoveJOH_IA32_6
 0001:000027C8       FastMove.MoveJOH_MMX_6
 0001:00001F10       FastMove.MoveJOH_PAS_6
 0001:00002800       FastMove.MoveJOH_SSE_6
 0004:0000003C       FastMove.PrefetchLimit
 0001:00002838       FastMove.ReplaceMove
 0001:00002164       FastMove.SmallBackwardMove_6
 0001:00001FD0       FastMove.SmallForwardMove_6
 0004:00000108       FftSpec..1
 0004:001E010C       FftSpec.AlphaTable
 0004:0022010C       FftSpec.BetaTable
 0004:000000D4       FftSpec.BlackmanAlpha
 0004:000000D8       FftSpec.BlackmanBeta
 0004:000000DC       FftSpec.BlackmanGamma
 0001:0002B0A4       FftSpec.CalcAlphaTable
 0001:0002AB3C       FftSpec.CalcBessel
 0001:0002B108       FftSpec.CalcBetaTable
 0001:0002B054       FftSpec.CalcReversalBits
 0001:0002B154       FftSpec.CalcWindowFunctions
 0004:000000EC       FftSpec.CoherentGain
 0002:000004B0       FftSpec.FftSpec
 0001:0002B46C       FftSpec.Finalization
 0004:000000E0       FftSpec.GaussianAlpha
 0004:000000E4       FftSpec.HammingAlpha
 0004:000000E8       FftSpec.KaiserAlpha
 0004:001C010C       FftSpec.ReversalBits
 0001:0002ABB4       FftSpec.ReverseBits
 0001:0002ABD8       FftSpec.Spectrum
 0001:0002AE0C       FftSpec.Spectrum
 0004:0000010C       FftSpec.WindowingTables
 0004:0000008C       libwma1..5
 0001:00013AF8       libwma1..TAudioStream
 0001:00013E9C       libwma1..TWMErrorCallback
 0001:00013C1C       libwma1..TWMReaderCallback
 0001:00013DB4       libwma1..TWMStatusCallback
 0001:00015A78       libwma1.create_configs
 0001:00017EFC       libwma1.Finalization
 0001:000145CC       libwma1.get_async_tag
 0001:00014590       libwma1.get_async_tag_length
 0001:000155EC       libwma1.get_tag
 0001:000155B0       libwma1.get_tag_length
 0001:000149B8       libwma1.has_data_block
 0002:000000EC       libwma1.libwma1
 0001:00014450       libwma1.lwma_async_reader_add_logging_url
 0001:00014500       libwma1.lwma_async_reader_clear_logging_urls
 0001:00014AC0       libwma1.lwma_async_reader_free
 0001:00014720       libwma1.lwma_async_reader_get_album
 0001:00014624       libwma1.lwma_async_reader_get_author
 0001:00014934       libwma1.lwma_async_reader_get_copyright
 0001:00014A10       libwma1.lwma_async_reader_get_data
 0001:000147AC       libwma1.lwma_async_reader_get_genre
 0001:000146A4       libwma1.lwma_async_reader_get_title
 0001:00014830       libwma1.lwma_async_reader_get_track
 0001:000148B4       libwma1.lwma_async_reader_get_year
 0001:00013F28       libwma1.lwma_async_reader_init
 0001:00013F68       libwma1.lwma_async_reader_open
 0001:000143A4       libwma1.lwma_async_reader_pause
 0001:00014564       libwma1.lwma_async_reader_reset_stretch
 0001:000143B8       libwma1.lwma_async_reader_resume
 0001:000143C4       libwma1.lwma_async_reader_set_proxy
 0001:00017AC0       libwma1.lwma_create_preprocessor
 0001:00016070       libwma1.lwma_enumerate_codecs
 0001:000161A0       libwma1.lwma_enumerate_codec_formats
 0001:0001636C       libwma1.lwma_enumerate_codec_formats2
 0001:00015964       libwma1.lwma_get_codec_names
 0001:00017594       libwma1.lwma_network_writer_free
 0001:000179B8       libwma1.lwma_network_writer_get_connections_count
 0001:00017A34       libwma1.lwma_network_writer_get_connection_info
 0001:00015E90       libwma1.lwma_network_writer_init
 0001:00017ED0       libwma1.lwma_preprocessor_free
 0001:00015928       libwma1.lwma_reader_free
 0001:000156C0       libwma1.lwma_reader_get_album
 0001:00015818       libwma1.lwma_reader_get_audio_properties
 0001:00015644       libwma1.lwma_reader_get_author
 0001:00015504       libwma1.lwma_reader_get_bitrate
 0001:000157D4       libwma1.lwma_reader_get_copyright
 0001:00015874       libwma1.lwma_reader_get_data
 0001:000154EC       libwma1.lwma_reader_get_duration
 0001:000152A4       libwma1.lwma_reader_get_format
 0001:00015238       libwma1.lwma_reader_get_format_count
 0001:0001570C       libwma1.lwma_reader_get_genre
 0001:0001555C       libwma1.lwma_reader_get_is_vbr
 0001:00015684       libwma1.lwma_reader_get_title
 0001:00015750       libwma1.lwma_reader_get_track
 0001:00015794       libwma1.lwma_reader_get_year
 0001:00014B44       libwma1.lwma_reader_init
 0001:00014FF4       libwma1.lwma_reader_init1
 0001:00015838       libwma1.lwma_reader_seek
 0001:000153D0       libwma1.lwma_reader_set_format
 0001:00017398       libwma1.lwma_writer_begin
 0001:00017CC8       libwma1.lwma_writer_begin_preprocess
 0001:00017568       libwma1.lwma_writer_free
 0001:00015D04       libwma1.lwma_writer_init
 0001:00017D88       libwma1.lwma_writer_preprocess
 0001:000172E0       libwma1.lwma_writer_set_album
 0001:00016F1C       libwma1.lwma_writer_set_audio_properties
 0001:0001656C       libwma1.lwma_writer_set_audio_properties2
 0001:00016870       libwma1.lwma_writer_set_audio_properties3
 0001:000172A4       libwma1.lwma_writer_set_author
 0001:00017350       libwma1.lwma_writer_set_copyright
 0001:0001730C       libwma1.lwma_writer_set_genre
 0001:000172C4       libwma1.lwma_writer_set_title
 0001:00017374       libwma1.lwma_writer_set_track
 0001:00017330       libwma1.lwma_writer_set_year
 0001:00017428       libwma1.lwma_writer_write
 0001:00016034       libwma1.lwm_network_writer_get_url
 0001:00016BA8       libwma1.SeletBestConfig
 0001:00017218       libwma1.set_tag
 0001:00017630       libwma1.TAudioStream.AssignStream
 0001:00017778       libwma1.TAudioStream.Clone
 0001:00017720       libwma1.TAudioStream.Commit
 0001:000176DC       libwma1.TAudioStream.CopyTo
 0001:00017738       libwma1.TAudioStream.LockRegion
 0001:00017640       libwma1.TAudioStream.Read
 0001:0001772C       libwma1.TAudioStream.Revert
 0001:000176A0       libwma1.TAudioStream.Seek
 0001:000176C0       libwma1.TAudioStream.SetSize
 0001:00017750       libwma1.TAudioStream.Stat
 0001:00017744       libwma1.TAudioStream.UnlockRegion
 0001:00017670       libwma1.TAudioStream.Write
 0001:00017944       libwma1.TWMErrorCallback.Create
 0001:00017980       libwma1.TWMErrorCallback.OnStatus
 0001:00017790       libwma1.TWMReaderCallback.Create
 0001:000177FC       libwma1.TWMReaderCallback.OnSample
 0001:000177CC       libwma1.TWMReaderCallback.OnStatus
 0001:000178D0       libwma1.TWMStatusCallback.Create
 0001:0001790C       libwma1.TWMStatusCallback.OnStatus
 0001:00000AD8       MMSystem.mixerClose
 0001:00000AE0       MMSystem.mixerGetControlDetails
 0001:00000AE8       MMSystem.mixerGetDevCaps
 0001:00000AF0       MMSystem.mixerGetLineControls
 0001:00000AF8       MMSystem.mixerGetLineInfo
 0001:00000B00       MMSystem.mixerGetNumDevs
 0001:00000B08       MMSystem.mixerOpen
 0001:00000B10       MMSystem.mixerSetControlDetails
 0001:00000B18       MMSystem.mmioAscend
 0001:00000B20       MMSystem.mmioClose
 0001:00000B28       MMSystem.mmioCreateChunk
 0001:00000B30       MMSystem.mmioDescend
 0001:00000B38       MMSystem.mmioOpen
 0001:00000B40       MMSystem.mmioRead
 0001:00000B48       MMSystem.mmioSeek
 0001:00000B50       MMSystem.mmioStringToFOURCC
 0001:00000B58       MMSystem.mmioWrite
 0001:00000B60       MMSystem.waveInAddBuffer
 0001:00000B68       MMSystem.waveInClose
 0001:00000B70       MMSystem.waveInGetDevCaps
 0001:00000B78       MMSystem.waveInGetErrorText
 0001:00000B80       MMSystem.waveInGetNumDevs
 0001:00000B88       MMSystem.waveInGetPosition
 0001:00000B90       MMSystem.waveInOpen
 0001:00000B98       MMSystem.waveInPrepareHeader
 0001:00000BA0       MMSystem.waveInReset
 0001:00000BA8       MMSystem.waveInStart
 0001:00000BB0       MMSystem.waveInStop
 0001:00000BB8       MMSystem.waveInUnprepareHeader
 0001:00000BC0       MMSystem.waveOutBreakLoop
 0001:00000BC8       MMSystem.waveOutClose
 0001:00000BD0       MMSystem.waveOutGetDevCaps
 0001:00000BD8       MMSystem.waveOutGetErrorText
 0001:00000BE0       MMSystem.waveOutGetNumDevs
 0001:00000BE8       MMSystem.waveOutGetPitch
 0001:00000BF0       MMSystem.waveOutGetPlaybackRate
 0001:00000BF8       MMSystem.waveOutGetPosition
 0001:00000C00       MMSystem.waveOutGetVolume
 0001:00000C08       MMSystem.waveOutOpen
 0001:00000C10       MMSystem.waveOutPause
 0001:00000C18       MMSystem.waveOutPrepareHeader
 0001:00000C20       MMSystem.waveOutReset
 0001:00000C28       MMSystem.waveOutRestart
 0001:00000C30       MMSystem.waveOutSetPitch
 0001:00000C38       MMSystem.waveOutSetPlaybackRate
 0001:00000C40       MMSystem.waveOutSetVolume
 0001:00000C48       MMSystem.waveOutUnprepareHeader
 0001:00000C50       MMSystem.waveOutWrite
 0001:00000498       SysInit.@InitPkg
 0001:000004FC       SysInit.@PackageLoad
 0001:00000508       SysInit.@PackageUnload
 0001:00000388       SysInit.AllocTlsBuffer
 0001:00000444       SysInit.ExitProcessTLS
 0001:0000040C       SysInit.ExitThreadTLS
 0001:00000350       SysInit.FreeLibrary
 0001:00000394       SysInit.GetTlsSize
 0004:00000004       SysInit.HInstance
 0001:00000468       SysInit.InitializeModule
 0001:000003E0       SysInit.InitProcessTLS
 0001:0000039C       SysInit.InitThreadTLS
 0001:00000358       SysInit.LocalAlloc
 0001:00000360       SysInit.LocalFree
 0003:00000008       SysInit.Module
 0004:00000000       SysInit.ModuleIsLib
 0004:00000001       SysInit.ModuleIsPackage
 0003:00000004       SysInit.PtrToNil
 0001:00000368       SysInit.TlsAlloc
 0004:00000008       SysInit.tlsBuffer
 0001:00000370       SysInit.TlsFree
 0001:00000378       SysInit.TlsGetValue
 0003:00000000       SysInit.TlsIndex
 0005:00000000       SysInit.TlsLast
 0003:00000020       SysInit.TlsProc
 0001:00000380       SysInit.TlsSetValue
 0001:00000474       SysInit.UninitializeModule
 0004:00000098       WaveACM..1
 0001:0001B440       WaveACM.acmDriverClose
 0001:0001B460       WaveACM.acmDriverDetails
 0001:0001B448       WaveACM.ACMDRIVERDETAILS_FCCTYPE_AUDIOCODE
 0001:0001B430       WaveACM.acmDriverEnum
 0001:0001B438       WaveACM.acmDriverOpen
 0001:0001B470       WaveACM.acmFormatEnum
 0001:0001B478       WaveACM.acmFormatSuggest
 0001:0001B468       WaveACM.acmFormatTagDetails
 0001:0001B428       WaveACM.acmMetrics
 0001:0001B488       WaveACM.acmStreamClose
 0001:0001B498       WaveACM.acmStreamConvert
 0001:0001B480       WaveACM.acmStreamOpen
 0001:0001B4A0       WaveACM.acmStreamPrepareHeader
 0001:0001B490       WaveACM.acmStreamSize
 0001:0001B4A8       WaveACM.acmStreamUnprepareHeader
 0001:0001B4B0       WaveACM.Finalization
 0002:000003FC       WaveACM.WaveACM
 0004:0000009C       WaveAcmDrivers..5
 0001:0001B640       WaveAcmDrivers..TWaveAcmDriver
 0001:0001B4E0       WaveAcmDrivers..TWaveAcmDriverFormat
 0001:0001B594       WaveAcmDrivers..TWaveAcmDriverFormats
 0001:0001B700       WaveAcmDrivers..TWaveAcmDrivers
 0001:0001BC44       WaveAcmDrivers.EnumDriver
 0001:0001BA64       WaveAcmDrivers.EnumFormat
 0001:0001C024       WaveAcmDrivers.Finalization
 0001:0001B9E4       WaveAcmDrivers.TWaveAcmDriver.Create
 0001:0001BA34       WaveAcmDrivers.TWaveAcmDriver.Destroy
 0001:0001BACC       WaveAcmDrivers.TWaveAcmDriver.Refresh
 0001:0001B79C       WaveAcmDrivers.TWaveAcmDriverFormat.Create
 0001:0001B808       WaveAcmDrivers.TWaveAcmDriverFormat.Destroy
 0001:0001B83C       WaveAcmDrivers.TWaveAcmDriverFormats.Add
 0001:0001B860       WaveAcmDrivers.TWaveAcmDriverFormats.Find
 0001:0001B910       WaveAcmDrivers.TWaveAcmDriverFormats.Find
 0001:0001B980       WaveAcmDrivers.TWaveAcmDriverFormats.GetItem
 0001:0001B994       WaveAcmDrivers.TWaveAcmDriverFormats.GetName
 0001:0001BDC8       WaveAcmDrivers.TWaveAcmDrivers.Add
 0001:0001BD7C       WaveAcmDrivers.TWaveAcmDrivers.Create
 0001:0001BFF0       WaveAcmDrivers.TWaveAcmDrivers.FindFormat
 0001:0001BF28       WaveAcmDrivers.TWaveAcmDrivers.FindFormat
 0001:0001BE54       WaveAcmDrivers.TWaveAcmDrivers.FindFormat
 0001:0001BE00       WaveAcmDrivers.TWaveAcmDrivers.GetFormatName
 0001:0001BDEC       WaveAcmDrivers.TWaveAcmDrivers.GetItem
 0002:00000404       WaveAcmDrivers.WaveAcmDrivers
 0004:00000014       WaveConverter..2
 0001:00000C98       WaveConverter..TWaveConverter
 0001:000013AC       WaveConverter.Finalization
 0001:00000D44       WaveConverter.TWaveConverter.Convert
 0001:00000EA8       WaveConverter.TWaveConverter.Create
 0001:00000F08       WaveConverter.TWaveConverter.Destroy
 0001:00000F30       WaveConverter.TWaveConverter.LoadStream
 0001:00001270       WaveConverter.TWaveConverter.SaveWavToStream
 0002:00000044       WaveConverter.WaveConverter
 0004:000000AC       WaveIn..2
 0001:00021E78       WaveIn..TWaveAudioIn
 0001:00022B34       WaveIn.Finalization
 0001:00022764       WaveIn.TWaveAudioIn.AddBuffer
 0001:00022684       WaveIn.TWaveAudioIn.AddWaveHeader
 0001:00021FC4       WaveIn.TWaveAudioIn.Create
 0001:0002287C       WaveIn.TWaveAudioIn.DefineBuffers
 0001:00022978       WaveIn.TWaveAudioIn.DoWaveInDeviceClose
 0001:00022988       WaveIn.TWaveAudioIn.DoWaveInDeviceData
 0001:0002293C       WaveIn.TWaveAudioIn.DoWaveInDeviceOpen
 0001:00022048       WaveIn.TWaveAudioIn.GetDeviceFormats
 0001:00022010       WaveIn.TWaveAudioIn.GetDeviceName
 0001:00022180       WaveIn.TWaveAudioIn.GetErrorText
 0001:00022008       WaveIn.TWaveAudioIn.GetNumDevs
 0001:00022000       WaveIn.TWaveAudioIn.GetPaused
 0001:00022144       WaveIn.TWaveAudioIn.GetPosition
 0001:00022804       WaveIn.TWaveAudioIn.GetWaveFormat
 0001:00022678       WaveIn.TWaveAudioIn.HandleAllocated
 0001:00022408       WaveIn.TWaveAudioIn.InternalClose
 0001:0002224C       WaveIn.TWaveAudioIn.InternalOpen
 0001:00022540       WaveIn.TWaveAudioIn.InternalPause
 0001:000225DC       WaveIn.TWaveAudioIn.InternalResume
 0001:0002285C       WaveIn.TWaveAudioIn.Query
 0001:000221BC       WaveIn.TWaveAudioIn.SetPCMFormat
 0001:00022238       WaveIn.TWaveAudioIn.ValidateDeviceID
 0001:00022854       WaveIn.TWaveAudioIn.WaveDataReady
 0002:00000438       WaveIn.WaveIn
 0004:000000A8       WaveIO..2
 0001:0002100C       WaveIO..TWaveAudioIO
 0001:00021E48       WaveIO.Finalization
 0001:00021A20       WaveIO.TWaveAudioIO.CallbackWindowProc
 0001:0002115C       WaveIO.TWaveAudioIO.Create
 0001:00021738       WaveIO.TWaveAudioIO.CreateCallback
 0001:0002129C       WaveIO.TWaveAudioIO.Destroy
 0001:00021798       WaveIO.TWaveAudioIO.DestroyCallback
 0001:000215E0       WaveIO.TWaveAudioIO.DoActivate
 0001:000215F4       WaveIO.TWaveAudioIO.DoDeactivate
 0001:000215AC       WaveIO.TWaveAudioIO.DoDeviceClose
 0001:0002158C       WaveIO.TWaveAudioIO.DoDeviceOpen
 0001:00021638       WaveIO.TWaveAudioIO.DoError
 0001:000216E0       WaveIO.TWaveAudioIO.DoFilter
 0001:000216A0       WaveIO.TWaveAudioIO.DoLevel
 0001:00021610       WaveIO.TWaveAudioIO.DoPause
 0001:00021624       WaveIO.TWaveAudioIO.DoResume
 0001:00021E1C       WaveIO.TWaveAudioIO.DoWaveInDeviceClose
 0001:00021E28       WaveIO.TWaveAudioIO.DoWaveInDeviceData
 0001:00021E10       WaveIO.TWaveAudioIO.DoWaveInDeviceOpen
 0001:00021E38       WaveIO.TWaveAudioIO.DoWaveOutDeviceClose
[...]
   219 0001:000283DA   220 0001:000283EE   221 0001:000283F5   222 0001:000283FE
   223 0001:00028402   225 0001:00028409   230 0001:0002840C   231 0001:0002841E
   232 0001:00028427   233 0001:0002842F   234 0001:00028439   237 0001:00028454
   238 0001:0002845F   239 0001:00028468   240 0001:00028474   243 0001:00028484
   244 0001:00028487   245 0001:0002848E   246 0001:00028495   247 0001:0002849B
   250 0001:000284A0   251 0001:000284A3   252 0001:000284AD   253 0001:000284BE
   255 0001:000284CB   258 0001:000284D0   259 0001:000284D3   260 0001:000284DA
   261 0001:000284F1   262 0001:000284FA   263 0001:00028500   265 0001:00028509
   268 0001:0002851B   269 0001:00028522   271 0001:0002852C   274 0001:00028530
   275 0001:00028531   276 0001:0002853B   277 0001:0002854B   281 0001:00028550
   282 0001:00028555   285 0001:00028558   286 0001:00028562   287 0001:00028572
   288 0001:0002857C   289 0001:00028590   292 0001:0002859C   293 0001:000285A5
   294 0001:000285AE   295 0001:000285B3   296 0001:000285D4   299 0001:000285DC
   300 0001:000285E5   301 0001:000285EE   303 0001:00028606   304 0001:0002860D
   305 0001:00028615   306 0001:0002861B   307 0001:00028621   308 0001:00028634
   309 0001:0002863D   311 0001:00028644   314 0001:00028648   315 0001:0002864B
   316 0001:00028654   319 0001:00028658   320 0001:0002865E   321 0001:00028672
   322 0001:00028679   323 0001:00028682   324 0001:00028686   326 0001:0002868D

Line numbers for BisAudioWave(omaudio.bpl\BisAudioWave.pas) segment .itext

   328 0002:00000460

Line numbers for BisAudioDtmf(omaudio.bpl\BisAudioDtmf.pas) segment .text

    84 0001:000287C0    85 0001:000287C4    86 0001:000287E0    89 0001:000287E8
    90 0001:000287EC    91 0001:00028813   102 0001:0002881C   103 0001:0002882F
   104 0001:00028836   105 0001:00028850   106 0001:00028859   107 0001:0002886B
   108 0001:0002887D   109 0001:00028886   110 0001:00028896   112 0001:000288ED
   113 0001:000288FF   114 0001:0002891A   109 0001:0002891B   115 0001:00028922
   119 0001:0002894C   120 0001:0002894E   121 0001:000289D1   122 0001:000289D7
   123 0001:000289DD   124 0001:000289E3   125 0001:000289E9   126 0001:000289EF
   127 0001:000289F5   128 0001:000289FB   129 0001:00028A01   130 0001:00028A07
   131 0001:00028A0D   132 0001:00028A13   133 0001:00028A19   134 0001:00028A1F
   135 0001:00028A25   136 0001:00028A2B   138 0001:00028A31   140 0001:00028A33
   143 0001:00028A38   144 0001:00028A57   145 0001:00028A5B   146 0001:00028AA1
   147 0001:00028AB6   148 0001:00028ABB   149 0001:00028AC0   150 0001:00028AC5
   151 0001:00028ACA   152 0001:00028ACF   154 0001:00028AD4   156 0001:00028AD8
   161 0001:00028B00   162 0001:00028B27   163 0001:00028B29   164 0001:00028B39
   165 0001:00028B55   167 0001:00028B5B   219 0001:00028B84   220 0001:00028B86
   222 0001:00028B88   223 0001:00028B8A   225 0001:00028B8C   226 0001:00028B8E
   229 0001:00028B90   230 0001:00028B91   237 0001:00028B92   238 0001:00028B93
   239 0001:00028B98   240 0001:00028B9D   241 0001:00028BA0   244 0001:00028BA1
   245 0001:00028BA3   247 0001:00028BA4   262 0001:00028BA8   264 0001:00028BA9
   265 0001:00028BAC   267 0001:00028BAE   268 0001:00028BB1   272 0001:00028BB3
   273 0001:00028BB4   277 0001:00028BB6   278 0001:00028BB8   279 0001:00028BBE
   280 0001:00028BC4   282 0001:00028BC6   283 0001:00028BCB   286 0001:00028BCD
   287 0001:00028BD2   289 0001:00028BD4   290 0001:00028BD6   291 0001:00028BDC
   292 0001:00028BE2   294 0001:00028BE4   297 0001:00028BE9   298 0001:00028BEB
   302 0001:00028BED   303 0001:00028BF0   304 0001:00028BF5   305 0001:00028BFA
   307 0001:00028BFC   308 0001:00028C01   311 0001:00028C03   312 0001:00028C08
   314 0001:00028C0A   317 0001:00028C0F   320 0001:00028C10   321 0001:00028C11
   334 0001:00028C14   335 0001:00028C2D   347 0001:00028C60   350 0001:00028C67
   356 0001:00028C78   357 0001:00028C86   358 0001:00028C9A   360 0001:00028CA7
   363 0001:00028CAC   364 0001:00028CB4   367 0001:00028CD0   370 0001:00028CDB
   371 0001:00028CDC   372 0001:00028CDD   375 0001:00028CDE   376 0001:00028CE1
   377 0001:00028CE4   378 0001:00028CE7   379 0001:00028CEA   381 0001:00028CED
   382 0001:00028CF0   387 0001:00028CF2   389 0001:00028CF3   390 0001:00028CF6
   391 0001:00028CF9   393 0001:00028CFA   394 0001:00028CFD   400 0001:00028CFF
   401 0001:00028D00   403 0001:00028D01   404 0001:00028D03   405 0001:00028D06
   406 0001:00028D09   407 0001:00028D0B   410 0001:00028D0D   411 0001:00028D0F
   412 0001:00028D14   413 0001:00028D17   414 0001:00028D1A   417 0001:00028D1B
   418 0001:00028D1E   419 0001:00028D21   421 0001:00028D23   422 0001:00028D26
   423 0001:00028D29   425 0001:00028D2B   428 0001:00028D2D   431 0001:00028D2F
   432 0001:00028D30   433 0001:00028D32   434 0001:00028D33   436 0001:00028D35
   439 0001:00028D36   441 0001:00028D38   442 0001:00028D3A   444 0001:00028D3D
   447 0001:00028D3F   449 0001:00028D41   451 0001:00028D46   452 0001:00028D49
   453 0001:00028D4C   455 0001:00028D4E   456 0001:00028D50   459 0001:00028D52
   460 0001:00028D55   461 0001:00028D58   463 0001:00028D5A   465 0001:00028D5B
   467 0001:00028D5C   468 0001:00028D5D   469 0001:00028D60   473 0001:00028D62
   474 0001:00028D65   475 0001:00028D67   476 0001:00028D68   477 0001:00028D6B
   480 0001:00028D6D   481 0001:00028D6E   485 0001:00028D70   487 0001:00028D73
   488 0001:00028D75   489 0001:00028D78   491 0001:00028D7B   492 0001:00028D7C
   493 0001:00028D7D   496 0001:00028D7E   498 0001:00028D81   503 0001:00028D8C
   504 0001:00028D9E   505 0001:00028DA7   506 0001:00028DB1   507 0001:00028DBB
   508 0001:00028DC5   509 0001:00028DD8   512 0001:00028DF4   514 0001:00028DFF
   515 0001:00028E0B   518 0001:00028E1C   519 0001:00028E20   520 0001:00028E2A
   521 0001:00028E3C   526 0001:00028E44   527 0001:00028E53   528 0001:00028E55
   530 0001:00028E6F   531 0001:00028E75   532 0001:00028E7B   534 0001:00028E81
   535 0001:00028E90   536 0001:00028EBB   537 0001:00028EE6   534 0001:00028EED
   539 0001:00028EF2   540 0001:00028F19   541 0001:00028F21   543 0001:00028F29
   545 0001:00028F2B   549 0001:00028F4C   550 0001:00028F4E   551 0001:00028F52
   552 0001:00028F65   557 0001:00028F68   558 0001:00028F6E   559 0001:00028F75
   560 0001:00028F7E   570 0001:00028F84   571 0001:00028F94   572 0001:00028F98
   574 0001:00028FAA   575 0001:00028FAC   576 0001:00028FB1   577 0001:00028FB6
   579 0001:00028FBE   581 0001:00028FCD   582 0001:00028FD1   584 0001:00028FDE
   585 0001:00028FE4   588 0001:00028FEA   589 0001:00028FF1   590 0001:00028FFC
   591 0001:00028FFE   592 0001:0002900B   591 0001:00029024   595 0001:0002902B
   599 0001:00029031   601 0001:00029035   603 0001:0002903B   604 0001:00029043
   605 0001:00029049   607 0001:0002904B   608 0001:00029052   610 0001:0002905D
   613 0001:0002907F   614 0001:00029085   615 0001:00029093   616 0001:00029097
   617 0001:000290A8   618 0001:000290AC   619 0001:000290BF   620 0001:000290C2
   622 0001:000290CD   615 0001:000290CF   626 0001:000290D3   628 0001:000290E4
   629 0001:000290EC   634 0001:000290FF   641 0001:0002910C   642 0001:0002911A
   643 0001:0002911E   644 0001:00029128   645 0001:0002913B   646 0001:0002913F
   647 0001:0002914D   648 0001:00029157   649 0001:00029165   650 0001:00029172
   652 0001:0002918E   653 0001:00029196   657 0001:000291AC   676 0001:000291B8
   677 0001:000291C4   678 0001:000291DD   679 0001:000291E4   680 0001:000291EB
   681 0001:000291F2   682 0001:000291F9   677 0001:00029205   684 0001:0002920A
   685 0001:00029215   687 0001:00029235   688 0001:0002924F   690 0001:00029262
   691 0001:0002927B   692 0001:00029296   693 0001:000292A0   694 0001:000292AB
   695 0001:000292C6   696 0001:000292D0   697 0001:000292DB   690 0001:000292EA
   698 0001:000292F0   685 0001:000292F3   700 0001:000292FC   701 0001:0002932C
   702 0001:0002936C   703 0001:000293B5   700 0001:000293CD   705 0001:000293D7
   706 0001:00029420   707 0001:0002947B   708 0001:000294A8   709 0001:000294CF
   719 0001:000294D8   720 0001:000294E8   721 0001:000294F4   722 0001:00029502
   723 0001:0002950D   724 0001:00029518   726 0001:0002951B   721 0001:0002951F
   728 0001:00029524   729 0001:00029530   730 0001:00029541   731 0001:0002954C
   732 0001:00029557   734 0001:0002955A   729 0001:0002955E   736 0001:00029563
   737 0001:0002956C   738 0001:00029576   739 0001:00029580   740 0001:00029594
   741 0001:000295AB   742 0001:000295BE   744 0001:000295C4   745 0001:000295C9
   747 0001:000295E8   748 0001:00029604   749 0001:0002960B   750 0001:0002961B
   754 0001:00029631   755 0001:00029646   756 0001:0002964D   758 0001:00029668
   759 0001:00029687   760 0001:0002969E   761 0001:000296CF   762 0001:000296E0
   763 0001:000296F0   768 0001:000296FC   769 0001:00029714   772 0001:00029722
   774 0001:00029744   775 0001:00029754   778 0001:0002975D   779 0001:00029764
   780 0001:0002976B   777 0001:0002977A   783 0001:0002978E   784 0001:00029797
   786 0001:000297A0   787 0001:000297A4   789 0001:000297BA   790 0001:000297C4
   794 0001:000297CB

Line numbers for BisAudioDtmf(omaudio.bpl\BisAudioDtmf.pas) segment .itext

   796 0002:00000468

Line numbers for BisRtpAcmDrivers(omaudio.bpl\BisRtpAcmDrivers.pas) segment .text

    29 0001:000298BC    30 0001:000298BE    31 0001:000298D2    32 0001:000298D8
    33 0001:000298DE    34 0001:000298E4    36 0001:000298E9    40 0001:000298EC
    41 0001:000298EE    42 0001:000298F2    43 0001:000298F9    44 0001:00029915
    45 0001:00029919    46 0001:0002991D    47 0001:00029921    51 0001:00029923
    55 0001:00029924    56 0001:00029951    57 0001:0002996E    63 0001:0002999C
    64 0001:000299A8    65 0001:000299AA    66 0001:000299B1    67 0001:000299B5
    68 0001:000299D0    72 0001:000299DC    73 0001:000299DE    74 0001:000299E2
    75 0001:000299FC

Line numbers for BisRtpAcmDrivers(omaudio.bpl\BisRtpAcmDrivers.pas) segment .itext

    77 0002:00000480

Line numbers for BisAudioTextPhrases(omaudio.bpl\BisAudioTextPhrases.pas) segment .text

    75 0001:00029DB8    76 0001:00029DCA    77 0001:00029DD3    78 0001:00029DE2
    81 0001:00029DFC    82 0001:00029E07    83 0001:00029E0F    84 0001:00029E1B
    89 0001:00029E2C    90 0001:00029E32    91 0001:00029E3B    94 0001:00029E40
    95 0001:00029E63    96 0001:00029E65    97 0001:00029E75    98 0001:00029E83
    99 0001:00029E8D   100 0001:00029E94   102 0001:00029E9D   109 0001:00029EC4
   110 0001:00029ED1   111 0001:00029ED5   112 0001:00029EEF   113 0001:00029F09
   114 0001:00029F16   115 0001:00029F32   116 0001:00029F41   117 0001:00029F4F
   118 0001:00029F5A   119 0001:00029F70   120 0001:00029F85   123 0001:00029F96
   126 0001:00029FA6   112 0001:00029FA9   128 0001:00029FB2   133 0001:00029FBC
   134 0001:00029FCE   135 0001:00029FD7   136 0001:00029FE6   139 0001:0002A000
   140 0001:0002A00B   141 0001:0002A013   142 0001:0002A01F   149 0001:0002A030
   150 0001:0002A055   151 0001:0002A066   152 0001:0002A074   153 0001:0002A07E
   154 0001:0002A099   155 0001:0002A0B9   156 0001:0002A0D4   157 0001:0002A0F9
   158 0001:0002A118   160 0001:0002A137   153 0001:0002A138   162 0001:0002A14C
   164 0001:0002A15C   169 0001:0002A1C4   170 0001:0002A1CC   171 0001:0002A1D8
   173 0001:0002A1E0   174 0001:0002A1E7   175 0001:0002A1EB   177 0001:0002A1F8
   178 0001:0002A201   179 0001:0002A20C   180 0001:0002A215   184 0001:0002A220
   185 0001:0002A227   186 0001:0002A22B   188 0001:0002A240   189 0001:0002A249
   190 0001:0002A254   191 0001:0002A25D   196 0001:0002A271   201 0001:0002A278
   202 0001:0002A27E   203 0001:0002A287   206 0001:0002A28C   207 0001:0002A2AF
   208 0001:0002A2B1   209 0001:0002A2C1   210 0001:0002A2CF   211 0001:0002A2D9
   212 0001:0002A2DF   213 0001:0002A2E5   215 0001:0002A2EE   218 0001:0002A318
   219 0001:0002A332   220 0001:0002A334   221 0001:0002A344   222 0001:0002A352
   223 0001:0002A35B   225 0001:0002A364   234 0001:0002A38C   235 0001:0002A3A8
   236 0001:0002A3AF   237 0001:0002A3BD   238 0001:0002A3C7   239 0001:0002A3CA
   241 0001:0002A3D2   242 0001:0002A3E1   243 0001:0002A3E9   244 0001:0002A3FD
   245 0001:0002A40B   246 0001:0002A423   247 0001:0002A432   248 0001:0002A436
   249 0001:0002A44B   250 0001:0002A455   252 0001:0002A470   253 0001:0002A47E
   256 0001:0002A480   257 0001:0002A48E   240 0001:0002A490   261 0001:0002A4B7
   263 0001:0002A4BC

Line numbers for BisAudioTextPhrases(omaudio.bpl\BisAudioTextPhrases.pas) segment .itext

   265 0002:000004A0

Line numbers for BisAudioUtils(omaudio.bpl\BisAudioUtils.pas) segment .text

    23 0001:0002A530    25 0001:0002A550    26 0001:0002A56E    27 0001:0002A57D
    28 0001:0002A58B    30 0001:0002A594    32 0001:0002A5C8    33 0001:0002A5CC
    34 0001:0002A5D4    35 0001:0002A5E8    36 0001:0002A5F4    38 0001:0002A5FF
    29 0001:0002A606    41 0001:0002A61C    45 0001:0002A62C    54 0001:0002A6A4
    55 0001:0002A6C5    56 0001:0002A6D6    57 0001:0002A6E7    58 0001:0002A6F5
    59 0001:0002A707    60 0001:0002A721    61 0001:0002A727    63 0001:0002A75E
    64 0001:0002A76E    65 0001:0002A79D    67 0001:0002A7A7    59 0001:0002A7AA
    68 0001:0002A7B3    69 0001:0002A7BB    70 0001:0002A7D5    71 0001:0002A7DB
    73 0001:0002A7F2    74 0001:0002A801    75 0001:0002A812    76 0001:0002A820
    77 0001:0002A832    79 0001:0002A854    83 0001:0002A864    69 0001:0002A867
    85 0001:0002A87D    86 0001:0002A885    88 0001:0002A895    92 0001:0002A8F0
    93 0001:0002A909    94 0001:0002A913    95 0001:0002A91D    96 0001:0002A927
    98 0001:0002A92E   105 0001:0002A950   106 0001:0002A95D   107 0001:0002A981
   108 0001:0002A99B   109 0001:0002A9A8   110 0001:0002A9B7   111 0001:0002A9C5
   112 0001:0002A9DA   113 0001:0002A9E5   114 0001:0002A9F3   116 0001:0002AA15
   118 0001:0002AA25   107 0001:0002AA28   120 0001:0002AA31   125 0001:0002AA38
   126 0001:0002AA42   127 0001:0002AA51   128 0001:0002AA5F   129 0001:0002AA69
   131 0001:0002AA80   133 0001:0002AA90

Line numbers for BisAudioUtils(omaudio.bpl\BisAudioUtils.pas) segment .itext

   135 0002:000004A8

Line numbers for FftSpec(omaudio.bpl\FftSpec\fftspec.pas) segment .text

    82 0001:0002AB3C    83 0001:0002AB43    84 0001:0002AB4C    85 0001:0002AB52
    86 0001:0002AB59    87 0001:0002AB60    89 0001:0002AB65    90 0001:0002AB76
    91 0001:0002AB7C    92 0001:0002AB85    93 0001:0002AB92    94 0001:0002AB9C
    87 0001:0002AB9D    95 0001:0002ABA2    96 0001:0002ABA8   111 0001:0002ABB4
   112 0001:0002ABB5   113 0001:0002ABB7   115 0001:0002ABBE   116 0001:0002ABC9
   113 0001:0002ABCE   118 0001:0002ABD3   119 0001:0002ABD5   147 0001:0002ABD8
   148 0001:0002ABEE   149 0001:0002ABFE   151 0001:0002AC0C   150 0001:0002AC1D
   151 0001:0002AC27   150 0001:0002AC4A   153 0001:0002AC4D   154 0001:0002AC53
   155 0001:0002AC59   157 0001:0002AC67   158 0001:0002AC75   159 0001:0002AC83
   162 0001:0002AC8D   163 0001:0002AC94   164 0001:0002AC99   165 0001:0002AC9D
   167 0001:0002ACB0   168 0001:0002ACB7   169 0001:0002ACD2   170 0001:0002ACED
   171 0001:0002ACFD   172 0001:0002AD10   173 0001:0002AD1A   174 0001:0002AD2A
   175 0001:0002AD3C   176 0001:0002AD51   177 0001:0002AD5B   165 0001:0002AD5C
   179 0001:0002AD66   160 0001:0002AD6D   181 0001:0002AD7A   182 0001:0002AD82
   155 0001:0002AD86   186 0001:0002AD94   187 0001:0002ADDF   186 0001:0002ADE2
   189 0001:0002ADF2   191 0001:0002AE02   220 0001:0002AE0C   221 0001:0002AE21
   222 0001:0002AE31   224 0001:0002AE3F   223 0001:0002AE54   224 0001:0002AE5E
   223 0001:0002AE80   226 0001:0002AE86   227 0001:0002AE8C   228 0001:0002AE92
   230 0001:0002AEA0   231 0001:0002AEAE   232 0001:0002AEBC   233 0001:0002AEC2
   235 0001:0002AED0   236 0001:0002AED7   237 0001:0002AEDC   238 0001:0002AEE0
   240 0001:0002AEF3   241 0001:0002AEFA   242 0001:0002AF15   243 0001:0002AF30
   244 0001:0002AF40   245 0001:0002AF53   246 0001:0002AF5D   247 0001:0002AF6D
   248 0001:0002AF7F   249 0001:0002AF94   250 0001:0002AF9E   238 0001:0002AF9F
   252 0001:0002AFA9   233 0001:0002AFB1   254 0001:0002AFBF   255 0001:0002AFC7
   228 0001:0002AFCB   259 0001:0002AFD9   260 0001:0002B023   259 0001:0002B027
   262 0001:0002B03A   264 0001:0002B04A   280 0001:0002B054   281 0001:0002B058
   282 0001:0002B05A   284 0001:0002B05C   285 0001:0002B06E   282 0001:0002B06F
   286 0001:0002B074   288 0001:0002B07B   287 0001:0002B086   288 0001:0002B08B
   287 0001:0002B09C   289 0001:0002B09F   303 0001:0002B0A4   305 0001:0002B0A8
   304 0001:0002B0B6   305 0001:0002B0BB   304 0001:0002B0EA   306 0001:0002B0ED
   320 0001:0002B108   322 0001:0002B10C   321 0001:0002B11A   322 0001:0002B11F
   321 0001:0002B140   323 0001:0002B143   352 0001:0002B154   353 0001:0002B15F
   354 0001:0002B169   355 0001:0002B174   357 0001:0002B183   358 0001:0002B187
   360 0001:0002B19D   361 0001:0002B1CE   362 0001:0002B1DB   363 0001:0002B256
   364 0001:0002B296   365 0001:0002B2D1   366 0001:0002B319   367 0001:0002B344
   368 0001:0002B3B1   370 0001:0002B3B7   371 0001:0002B3C5   372 0001:0002B3CE
   358 0001:0002B3CF   373 0001:0002B3D6   355 0001:0002B3E3   375 0001:0002B3EE
   374 0001:0002B3F3   375 0001:0002B3F8   374 0001:0002B406   376 0001:0002B40C
   377 0001:0002B416   378 0001:0002B41F   379 0001:0002B428   381 0001:0002B431
   394 0001:0002B46C

Line numbers for FftSpec(omaudio.bpl\FftSpec\fftspec.pas) segment .itext

   384 0002:000004B0   385 0002:000004B9   386 0002:000004C3   387 0002:000004CD
   388 0002:000004D7   389 0002:000004E1   390 0002:000004EB   392 0002:000004F5

Line numbers for BisAudioSpectrum(omaudio.bpl\BisAudioSpectrum.pas) segment .text

    54 0001:0002B5A0    55 0001:0002B5B2    56 0001:0002B5BB    57 0001:0002B5C1
    58 0001:0002B5C7    61 0001:0002B5E4    62 0001:0002B5EF    63 0001:0002B5FB
    66 0001:0002B60C    67 0001:0002B60D    68 0001:0002B614    69 0001:0002B621
    72 0001:0002B624    73 0001:0002B62E    74 0001:0002B630    76 0001:0002B63E
    77 0001:0002B641    78 0001:0002B644    80 0001:0002B647    82 0001:0002B649
    86 0001:0002B654    87 0001:0002B656    88 0001:0002B65A    89 0001:0002B66D
    94 0001:0002B670    95 0001:0002B676    96 0001:0002B67D    97 0001:0002B686
   101 0001:0002B68C   104 0001:0002B6CF   113 0001:0002B6D0   114 0001:0002B6D8
   115 0001:0002B701   116 0001:0002B709   117 0001:0002B727   119 0001:0002B73C
   120 0001:0002B75A   122 0001:0002B76D   123 0001:0002B771   124 0001:0002B773
   140 0001:0002B784   141 0001:0002B795   142 0001:0002B7A5   143 0001:0002B7B0
   144 0001:0002B7B9   145 0001:0002B7C4   146 0001:0002B7CF   147 0001:0002B7D9
   148 0001:0002B7E4   149 0001:0002B7F8   150 0001:0002B814   151 0001:0002B82D
   153 0001:0002B83D   154 0001:0002B84A   155 0001:0002B853   157 0001:0002B873
   158 0001:0002B880   153 0001:0002B881   160 0001:0002B886   162 0001:0002B898
   163 0001:0002B89D   165 0001:0002B89F   166 0001:0002B8AE   167 0001:0002B8C0
   168 0001:0002B8C9   170 0001:0002B8CB   165 0001:0002B8CC   172 0001:0002B8D1
   173 0001:0002B8DE   174 0001:0002B8E8   175 0001:0002B90D   176 0001:0002B91C
   177 0001:0002B929   181 0001:0002B950   182 0001:0002B95B   185 0001:0002B96E
   188 0001:0002B97C   189 0001:0002B980   190 0001:0002B982   191 0001:0002B98A
   193 0001:0002B991   200 0001:0002B998   201 0001:0002B9A5   202 0001:0002B9A9
   203 0001:0002B9B3   204 0001:0002B9C9   205 0001:0002B9CF   206 0001:0002B9DD
   207 0001:0002B9E8   208 0001:0002B9F6   209 0001:0002BA04   211 0001:0002BA21
   212 0001:0002BA2C   216 0001:0002BA42

Line numbers for BisAudioSpectrum(omaudio.bpl\BisAudioSpectrum.pas) segment .itext

   218 0002:000004F8

Line numbers for .omaudio(omaudio.dpk) segment .itext

    52 0002:00000500

Bound resource files

omaudio.res
omaudio.drf


Program entry point at 0002:00000500
