
 Start         Length     Name                   Class
 0001:00401000 0001AD10H .text                   CODE
 0002:0041C000 000003F0H .itext                  ICODE
 0003:0041D000 000002D0H .data                   DATA
 0004:0041E000 00000044H .bss                    BSS
 0005:00000000 00000000H .tls                    TLS


Detailed map of segments

 0001:00000000 0000021E C=CODE     S=.text    G=(none)   M=System   ACBP=A9
 0001:00000220 000001C3 C=CODE     S=.text    G=(none)   M=SysInit  ACBP=A9
 0001:000003E4 0000012E C=CODE     S=.text    G=(none)   M=Classes  ACBP=A9
 0001:00000514 000001F8 C=CODE     S=.text    G=(none)   M=Windows  ACBP=A9
 0001:0000070C 00000006 C=CODE     S=.text    G=(none)   M=TypInfo  ACBP=A9
 0001:00000714 0000004E C=CODE     S=.text    G=(none)   M=SysUtils ACBP=A9
 0001:00000764 00000006 C=CODE     S=.text    G=(none)   M=Variants ACBP=A9
 0001:0000076C 00000006 C=CODE     S=.text    G=(none)   M=VarUtils ACBP=A9
 0001:00000774 0000000E C=CODE     S=.text    G=(none)   M=IniFiles ACBP=A9
 0001:00000784 0000003E C=CODE     S=.text    G=(none)   M=Registry ACBP=A9
 0001:000007C4 00000906 C=CODE     S=.text    G=(none)   M=CPortTypes ACBP=A9
 0001:000010CC 0000016E C=CODE     S=.text    G=(none)   M=Graphics ACBP=A9
 0001:0000123C 000003B6 C=CODE     S=.text    G=(none)   M=Controls ACBP=A9
 0001:000015F4 00000006 C=CODE     S=.text    G=(none)   M=ActnList ACBP=A9
 0001:000015FC 00000006 C=CODE     S=.text    G=(none)   M=Themes   ACBP=A9
 0001:00001604 00000006 C=CODE     S=.text    G=(none)   M=Menus    ACBP=A9
 0001:0000160C 00000006 C=CODE     S=.text    G=(none)   M=UxTheme  ACBP=A9
 0001:00001614 00000006 C=CODE     S=.text    G=(none)   M=MultiMon ACBP=A9
 0001:0000161C 00000006 C=CODE     S=.text    G=(none)   M=DwmApi   ACBP=A9
 0001:00001624 0000014E C=CODE     S=.text    G=(none)   M=Forms    ACBP=A9
 0001:00001774 00000006 C=CODE     S=.text    G=(none)   M=HelpIntfs ACBP=A9
 0001:0000177C 00000016 C=CODE     S=.text    G=(none)   M=Dialogs  ACBP=A9
 0001:00001794 0000010E C=CODE     S=.text    G=(none)   M=StdCtrls ACBP=A9
 0001:000018A4 00000006 C=CODE     S=.text    G=(none)   M=Printers ACBP=A9
 0001:000018AC 00000056 C=CODE     S=.text    G=(none)   M=ExtCtrls ACBP=A9
 0001:00001904 00000006 C=CODE     S=.text    G=(none)   M=GraphUtil ACBP=A9
 0001:0000190C 00000006 C=CODE     S=.text    G=(none)   M=Clipbrd  ACBP=A9
 0001:00001914 00000006 C=CODE     S=.text    G=(none)   M=FlatSB   ACBP=A9
 0001:0000191C 00000006 C=CODE     S=.text    G=(none)   M=Buttons  ACBP=A9
 0001:00001924 0000168E C=CODE     S=.text    G=(none)   M=CPortEsc ACBP=A9
 0001:00002FB4 0000061A C=CODE     S=.text    G=(none)   M=CPortTrmSet ACBP=A9
 0001:000035D0 0000635C C=CODE     S=.text    G=(none)   M=CPortCtl ACBP=A9
 0001:0000992C 000003BA C=CODE     S=.text    G=(none)   M=CPortSetup ACBP=A9
 0001:00009CE8 0000782F C=CODE     S=.text    G=(none)   M=CPort    ACBP=A9
 0001:00011518 0000003E C=CODE     S=.text    G=(none)   M=BisCoreObjects ACBP=A9
 0001:00011558 0000000E C=CODE     S=.text    G=(none)   M=BisUtils ACBP=A9
 0001:00011568 00000016 C=CODE     S=.text    G=(none)   M=BisObject ACBP=A9
 0001:00011580 00000006 C=CODE     S=.text    G=(none)   M=DB       ACBP=A9
 0001:00011588 00000006 C=CODE     S=.text    G=(none)   M=WideStrings ACBP=A9
 0001:00011590 00000006 C=CODE     S=.text    G=(none)   M=FMTBcd   ACBP=A9
 0001:00011598 00000006 C=CODE     S=.text    G=(none)   M=SqlTimSt ACBP=A9
 0001:000115A0 00000006 C=CODE     S=.text    G=(none)   M=ComObj   ACBP=A9
 0001:000115A8 00000006 C=CODE     S=.text    G=(none)   M=BisFm    ACBP=A9
 0001:000115B0 00000006 C=CODE     S=.text    G=(none)   M=BisThreads ACBP=A9
 0001:000115B8 00000006 C=CODE     S=.text    G=(none)   M=BisLocks ACBP=A9
 0001:000115C0 00000006 C=CODE     S=.text    G=(none)   M=DECUtil  ACBP=A9
 0001:000115C8 00000006 C=CODE     S=.text    G=(none)   M=Hash     ACBP=A9
 0001:000115D0 00000006 C=CODE     S=.text    G=(none)   M=Cipher   ACBP=A9
 0001:000115D8 00000006 C=CODE     S=.text    G=(none)   M=Cipher1  ACBP=A9
 0001:000115E0 00000006 C=CODE     S=.text    G=(none)   M=BisCryptUtils ACBP=A9
 0001:000115E8 00000006 C=CODE     S=.text    G=(none)   M=DBCtrls  ACBP=A9
 0001:000115F0 00000006 C=CODE     S=.text    G=(none)   M=ComCtrls ACBP=A9
 0001:000115F8 00000006 C=CODE     S=.text    G=(none)   M=ExtActns ACBP=A9
 0001:00011600 00000006 C=CODE     S=.text    G=(none)   M=ExtDlgs  ACBP=A9
 0001:00011608 00000006 C=CODE     S=.text    G=(none)   M=Mapi     ACBP=A9
 0001:00011610 00000006 C=CODE     S=.text    G=(none)   M=DBPWDlg  ACBP=A9
 0001:00011618 00000006 C=CODE     S=.text    G=(none)   M=DBLogDlg ACBP=A9
 0001:00011620 00000006 C=CODE     S=.text    G=(none)   M=rxToolEdit ACBP=A9
 0001:00011628 00000006 C=CODE     S=.text    G=(none)   M=rxDateUtil ACBP=A9
 0001:00011630 00000006 C=CODE     S=.text    G=(none)   M=RXCtrls  ACBP=A9
 0001:00011638 00000006 C=CODE     S=.text    G=(none)   M=RxHook   ACBP=A9
 0001:00011640 00000006 C=CODE     S=.text    G=(none)   M=RXConst  ACBP=A9
 0001:00011648 00000006 C=CODE     S=.text    G=(none)   M=rxVclutils ACBP=A9
 0001:00011650 00000006 C=CODE     S=.text    G=(none)   M=RXProps  ACBP=A9
 0001:00011658 00000006 C=CODE     S=.text    G=(none)   M=rxAppUtils ACBP=A9
 0001:00011660 00000006 C=CODE     S=.text    G=(none)   M=RxPrgrss ACBP=A9
 0001:00011668 00000006 C=CODE     S=.text    G=(none)   M=SynEdit  ACBP=A9
 0001:00011670 00000006 C=CODE     S=.text    G=(none)   M=SynEditHighlighter ACBP=A9
 0001:00011678 00000006 C=CODE     S=.text    G=(none)   M=SynEditMiscClasses ACBP=A9
 0001:00011680 00000006 C=CODE     S=.text    G=(none)   M=SynRegExpr ACBP=A9
 0001:00011688 00000006 C=CODE     S=.text    G=(none)   M=SynEditKeyCmds ACBP=A9
 0001:00011690 00000006 C=CODE     S=.text    G=(none)   M=SynTextDrawer ACBP=A9
 0001:00011698 00000006 C=CODE     S=.text    G=(none)   M=rxCurrEdit ACBP=A9
 0001:000116A0 00000006 C=CODE     S=.text    G=(none)   M=ThemedDBGrid ACBP=A9
 0001:000116A8 00000006 C=CODE     S=.text    G=(none)   M=RxRichEd ACBP=A9
 0001:000116B0 00000006 C=CODE     S=.text    G=(none)   M=OleCtnrs ACBP=A9
 0001:000116B8 00000006 C=CODE     S=.text    G=(none)   M=CheckLst ACBP=A9
 0001:000116C0 00000006 C=CODE     S=.text    G=(none)   M=GIFImage ACBP=A9
 0001:000116C8 00000006 C=CODE     S=.text    G=(none)   M=jpeg     ACBP=A9
 0001:000116D0 00000006 C=CODE     S=.text    G=(none)   M=BisCore  ACBP=A9
 0001:000116D8 00000006 C=CODE     S=.text    G=(none)   M=kbmMemTable ACBP=A9
 0001:000116E0 00000006 C=CODE     S=.text    G=(none)   M=BisConnectionUtils ACBP=A9
 0001:000116E8 00000006 C=CODE     S=.text    G=(none)   M=SynHighlighterXML ACBP=A9
 0001:000116F0 00000006 C=CODE     S=.text    G=(none)   M=SynHighlighterSQL ACBP=A9
 0001:000116F8 00000006 C=CODE     S=.text    G=(none)   M=OleServer ACBP=A9
 0001:00011700 00000006 C=CODE     S=.text    G=(none)   M=OleCtrls ACBP=A9
 0001:00011708 00000006 C=CODE     S=.text    G=(none)   M=AxCtrls  ACBP=A9
 0001:00011710 00000006 C=CODE     S=.text    G=(none)   M=BisTimedMsgFm ACBP=A9
 0001:00011718 00000006 C=CODE     S=.text    G=(none)   M=ActnMan  ACBP=A9
 0001:00011720 00000006 C=CODE     S=.text    G=(none)   M=ActnMenus ACBP=A9
 0001:00011728 00000006 C=CODE     S=.text    G=(none)   M=XPStyleActnCtrls ACBP=A9
 0001:00011730 00000006 C=CODE     S=.text    G=(none)   M=GIFImg   ACBP=A9
 0001:00011738 00000006 C=CODE     S=.text    G=(none)   M=BisSystemUtils ACBP=A9
 0001:00011740 00000006 C=CODE     S=.text    G=(none)   M=MiTeC_Routines ACBP=A9
 0001:00011748 00000006 C=CODE     S=.text    G=(none)   M=MSI_Processes ACBP=A9
 0001:00011750 00000006 C=CODE     S=.text    G=(none)   M=MiTeC_PSAPI ACBP=A9
 0001:00011758 00000006 C=CODE     S=.text    G=(none)   M=MSI_Devices ACBP=A9
 0001:00011760 00000006 C=CODE     S=.text    G=(none)   M=MSI_CPU  ACBP=A9
 0001:00011768 00000006 C=CODE     S=.text    G=(none)   M=BisExceptNotifier ACBP=A9
 0001:00011770 00000006 C=CODE     S=.text    G=(none)   M=JclDebug ACBP=A9
 0001:00011778 00000006 C=CODE     S=.text    G=(none)   M=JclSysInfo ACBP=A9
 0001:00011780 00000006 C=CODE     S=.text    G=(none)   M=JclStrings ACBP=A9
 0001:00011788 00000006 C=CODE     S=.text    G=(none)   M=JclSysUtils ACBP=A9
 0001:00011790 00000006 C=CODE     S=.text    G=(none)   M=JclWideStrings ACBP=A9
 0001:00011798 00000006 C=CODE     S=.text    G=(none)   M=JclShell ACBP=A9
 0001:000117A0 00000006 C=CODE     S=.text    G=(none)   M=JclRegistry ACBP=A9
 0001:000117A8 00000006 C=CODE     S=.text    G=(none)   M=JclHookExcept ACBP=A9
 0001:000117B0 00000006 C=CODE     S=.text    G=(none)   M=BisDeadlocks ACBP=A9
 0001:000117B8 00000006 C=CODE     S=.text    G=(none)   M=BisServiceApplication ACBP=A9
 0001:000117C0 00000006 C=CODE     S=.text    G=(none)   M=BisSvcMgr ACBP=A9
 0001:000117C8 00000006 C=CODE     S=.text    G=(none)   M=SvcMgr   ACBP=A9
 0001:000117D0 00000006 C=CODE     S=.text    G=(none)   M=AsyncCalls ACBP=A9
 0001:000117D8 00000AFA C=CODE     S=.text    G=(none)   M=BisComPort ACBP=A9
 0001:000122D4 00000306 C=CODE     S=.text    G=(none)   M=BisBarcodeScanner ACBP=A9
 0001:000125DC 00000856 C=CODE     S=.text    G=(none)   M=XAsync   ACBP=A9
 0001:00012E34 0000026E C=CODE     S=.text    G=(none)   M=XComErr  ACBP=A9
 0001:000130A4 000070FC C=CODE     S=.text    G=(none)   M=XComDrv  ACBP=A9
 0001:0001A1A0 00000B6F C=CODE     S=.text    G=(none)   M=.omcom   ACBP=A9
 0002:00000000 00000006 C=ICODE    S=.itext   G=(none)   M=System   ACBP=A9
 0002:00000008 00000006 C=ICODE    S=.itext   G=(none)   M=Classes  ACBP=A9
 0002:00000010 00000011 C=ICODE    S=.itext   G=(none)   M=Windows  ACBP=A9
 0002:00000024 00000006 C=ICODE    S=.itext   G=(none)   M=TypInfo  ACBP=A9
 0002:0000002C 00000006 C=ICODE    S=.itext   G=(none)   M=SysUtils ACBP=A9
 0002:00000034 00000006 C=ICODE    S=.itext   G=(none)   M=Variants ACBP=A9
 0002:0000003C 00000006 C=ICODE    S=.itext   G=(none)   M=VarUtils ACBP=A9
 0002:00000044 00000006 C=ICODE    S=.itext   G=(none)   M=IniFiles ACBP=A9
 0002:0000004C 00000006 C=ICODE    S=.itext   G=(none)   M=Registry ACBP=A9
 0002:00000054 00000008 C=ICODE    S=.itext   G=(none)   M=CPortTypes ACBP=A9
 0002:0000005C 00000006 C=ICODE    S=.itext   G=(none)   M=Graphics ACBP=A9
 0002:00000064 00000006 C=ICODE    S=.itext   G=(none)   M=Controls ACBP=A9
 0002:0000006C 00000006 C=ICODE    S=.itext   G=(none)   M=ActnList ACBP=A9
 0002:00000074 00000006 C=ICODE    S=.itext   G=(none)   M=Themes   ACBP=A9
 0002:0000007C 00000006 C=ICODE    S=.itext   G=(none)   M=Menus    ACBP=A9
 0002:00000084 00000006 C=ICODE    S=.itext   G=(none)   M=UxTheme  ACBP=A9
 0002:0000008C 00000006 C=ICODE    S=.itext   G=(none)   M=MultiMon ACBP=A9
 0002:00000094 00000006 C=ICODE    S=.itext   G=(none)   M=DwmApi   ACBP=A9
 0002:0000009C 00000006 C=ICODE    S=.itext   G=(none)   M=Forms    ACBP=A9
 0002:000000A4 00000006 C=ICODE    S=.itext   G=(none)   M=HelpIntfs ACBP=A9
 0002:000000AC 00000006 C=ICODE    S=.itext   G=(none)   M=Dialogs  ACBP=A9
 0002:000000B4 00000006 C=ICODE    S=.itext   G=(none)   M=Printers ACBP=A9
 0002:000000BC 00000006 C=ICODE    S=.itext   G=(none)   M=ExtCtrls ACBP=A9
 0002:000000C4 00000006 C=ICODE    S=.itext   G=(none)   M=GraphUtil ACBP=A9
 0002:000000CC 00000006 C=ICODE    S=.itext   G=(none)   M=Clipbrd  ACBP=A9
 0002:000000D4 00000006 C=ICODE    S=.itext   G=(none)   M=FlatSB   ACBP=A9
 0002:000000DC 00000006 C=ICODE    S=.itext   G=(none)   M=Buttons  ACBP=A9
 0002:000000E4 00000008 C=ICODE    S=.itext   G=(none)   M=CPortEsc ACBP=A9
 0002:000000EC 00000008 C=ICODE    S=.itext   G=(none)   M=CPortTrmSet ACBP=A9
 0002:000000F4 0000005C C=ICODE    S=.itext   G=(none)   M=CPortCtl ACBP=A9
 0002:00000150 00000008 C=ICODE    S=.itext   G=(none)   M=CPortSetup ACBP=A9
 0002:00000158 00000008 C=ICODE    S=.itext   G=(none)   M=CPort    ACBP=A9
 0002:00000160 00000006 C=ICODE    S=.itext   G=(none)   M=BisUtils ACBP=A9
 0002:00000168 00000006 C=ICODE    S=.itext   G=(none)   M=DB       ACBP=A9
 0002:00000170 00000006 C=ICODE    S=.itext   G=(none)   M=WideStrings ACBP=A9
 0002:00000178 00000006 C=ICODE    S=.itext   G=(none)   M=FMTBcd   ACBP=A9
 0002:00000180 00000006 C=ICODE    S=.itext   G=(none)   M=SqlTimSt ACBP=A9
 0002:00000188 00000006 C=ICODE    S=.itext   G=(none)   M=ComObj   ACBP=A9
 0002:00000190 00000006 C=ICODE    S=.itext   G=(none)   M=BisFm    ACBP=A9
 0002:00000198 00000006 C=ICODE    S=.itext   G=(none)   M=BisThreads ACBP=A9
 0002:000001A0 00000006 C=ICODE    S=.itext   G=(none)   M=BisLocks ACBP=A9
 0002:000001A8 00000006 C=ICODE    S=.itext   G=(none)   M=DECUtil  ACBP=A9
 0002:000001B0 00000006 C=ICODE    S=.itext   G=(none)   M=Hash     ACBP=A9
 0002:000001B8 00000006 C=ICODE    S=.itext   G=(none)   M=Cipher   ACBP=A9
 0002:000001C0 00000006 C=ICODE    S=.itext   G=(none)   M=Cipher1  ACBP=A9
 0002:000001C8 00000006 C=ICODE    S=.itext   G=(none)   M=BisCryptUtils ACBP=A9
 0002:000001D0 00000006 C=ICODE    S=.itext   G=(none)   M=DBCtrls  ACBP=A9
 0002:000001D8 00000006 C=ICODE    S=.itext   G=(none)   M=ComCtrls ACBP=A9
 0002:000001E0 00000006 C=ICODE    S=.itext   G=(none)   M=ExtActns ACBP=A9
 0002:000001E8 00000006 C=ICODE    S=.itext   G=(none)   M=ExtDlgs  ACBP=A9
 0002:000001F0 00000006 C=ICODE    S=.itext   G=(none)   M=Mapi     ACBP=A9
 0002:000001F8 00000006 C=ICODE    S=.itext   G=(none)   M=DBPWDlg  ACBP=A9
 0002:00000200 00000006 C=ICODE    S=.itext   G=(none)   M=DBLogDlg ACBP=A9
 0002:00000208 00000006 C=ICODE    S=.itext   G=(none)   M=rxToolEdit ACBP=A9
 0002:00000210 00000006 C=ICODE    S=.itext   G=(none)   M=rxDateUtil ACBP=A9
 0002:00000218 00000006 C=ICODE    S=.itext   G=(none)   M=RXCtrls  ACBP=A9
 0002:00000220 00000006 C=ICODE    S=.itext   G=(none)   M=RxHook   ACBP=A9
 0002:00000228 00000006 C=ICODE    S=.itext   G=(none)   M=RXConst  ACBP=A9
 0002:00000230 00000006 C=ICODE    S=.itext   G=(none)   M=rxVclutils ACBP=A9
 0002:00000238 00000006 C=ICODE    S=.itext   G=(none)   M=RXProps  ACBP=A9
 0002:00000240 00000006 C=ICODE    S=.itext   G=(none)   M=rxAppUtils ACBP=A9
 0002:00000248 00000006 C=ICODE    S=.itext   G=(none)   M=RxPrgrss ACBP=A9
 0002:00000250 00000006 C=ICODE    S=.itext   G=(none)   M=SynEdit  ACBP=A9
 0002:00000258 00000006 C=ICODE    S=.itext   G=(none)   M=SynEditHighlighter ACBP=A9
 0002:00000260 00000006 C=ICODE    S=.itext   G=(none)   M=SynEditMiscClasses ACBP=A9
 0002:00000268 00000006 C=ICODE    S=.itext   G=(none)   M=SynRegExpr ACBP=A9
 0002:00000270 00000006 C=ICODE    S=.itext   G=(none)   M=SynEditKeyCmds ACBP=A9
 0002:00000278 00000006 C=ICODE    S=.itext   G=(none)   M=SynTextDrawer ACBP=A9
 0002:00000280 00000006 C=ICODE    S=.itext   G=(none)   M=rxCurrEdit ACBP=A9
 0002:00000288 00000006 C=ICODE    S=.itext   G=(none)   M=ThemedDBGrid ACBP=A9
 0002:00000290 00000006 C=ICODE    S=.itext   G=(none)   M=RxRichEd ACBP=A9
 0002:00000298 00000006 C=ICODE    S=.itext   G=(none)   M=OleCtnrs ACBP=A9
 0002:000002A0 00000006 C=ICODE    S=.itext   G=(none)   M=CheckLst ACBP=A9
 0002:000002A8 00000006 C=ICODE    S=.itext   G=(none)   M=GIFImage ACBP=A9
 0002:000002B0 00000006 C=ICODE    S=.itext   G=(none)   M=jpeg     ACBP=A9
 0002:000002B8 00000006 C=ICODE    S=.itext   G=(none)   M=BisCore  ACBP=A9
 0002:000002C0 00000006 C=ICODE    S=.itext   G=(none)   M=kbmMemTable ACBP=A9
 0002:000002C8 00000006 C=ICODE    S=.itext   G=(none)   M=BisConnectionUtils ACBP=A9
 0002:000002D0 00000006 C=ICODE    S=.itext   G=(none)   M=SynHighlighterXML ACBP=A9
 0002:000002D8 00000006 C=ICODE    S=.itext   G=(none)   M=SynHighlighterSQL ACBP=A9
 0002:000002E0 00000006 C=ICODE    S=.itext   G=(none)   M=OleServer ACBP=A9
 0002:000002E8 00000006 C=ICODE    S=.itext   G=(none)   M=OleCtrls ACBP=A9
 0002:000002F0 00000006 C=ICODE    S=.itext   G=(none)   M=AxCtrls  ACBP=A9
 0002:000002F8 00000006 C=ICODE    S=.itext   G=(none)   M=BisTimedMsgFm ACBP=A9
 0002:00000300 00000006 C=ICODE    S=.itext   G=(none)   M=ActnMan  ACBP=A9
 0002:00000308 00000006 C=ICODE    S=.itext   G=(none)   M=ActnMenus ACBP=A9
 0002:00000310 00000006 C=ICODE    S=.itext   G=(none)   M=XPStyleActnCtrls ACBP=A9
 0002:00000318 00000006 C=ICODE    S=.itext   G=(none)   M=GIFImg   ACBP=A9
 0002:00000320 00000006 C=ICODE    S=.itext   G=(none)   M=BisSystemUtils ACBP=A9
 0002:00000328 00000006 C=ICODE    S=.itext   G=(none)   M=MiTeC_Routines ACBP=A9
 0002:00000330 00000006 C=ICODE    S=.itext   G=(none)   M=MSI_Processes ACBP=A9
 0002:00000338 00000006 C=ICODE    S=.itext   G=(none)   M=MiTeC_PSAPI ACBP=A9
 0002:00000340 00000006 C=ICODE    S=.itext   G=(none)   M=MSI_Devices ACBP=A9
 0002:00000348 00000006 C=ICODE    S=.itext   G=(none)   M=MSI_CPU  ACBP=A9
 0002:00000350 00000006 C=ICODE    S=.itext   G=(none)   M=BisExceptNotifier ACBP=A9
 0002:00000358 00000006 C=ICODE    S=.itext   G=(none)   M=JclDebug ACBP=A9
 0002:00000360 00000006 C=ICODE    S=.itext   G=(none)   M=JclSysInfo ACBP=A9
 0002:00000368 00000006 C=ICODE    S=.itext   G=(none)   M=JclStrings ACBP=A9
 0002:00000370 00000006 C=ICODE    S=.itext   G=(none)   M=JclSysUtils ACBP=A9
 0002:00000378 00000006 C=ICODE    S=.itext   G=(none)   M=JclWideStrings ACBP=A9
 0002:00000380 00000006 C=ICODE    S=.itext   G=(none)   M=JclShell ACBP=A9
 0002:00000388 00000006 C=ICODE    S=.itext   G=(none)   M=JclRegistry ACBP=A9
 0002:00000390 00000006 C=ICODE    S=.itext   G=(none)   M=JclHookExcept ACBP=A9
 0002:00000398 00000006 C=ICODE    S=.itext   G=(none)   M=BisDeadlocks ACBP=A9
 0002:000003A0 00000006 C=ICODE    S=.itext   G=(none)   M=BisServiceApplication ACBP=A9
 0002:000003A8 00000006 C=ICODE    S=.itext   G=(none)   M=BisSvcMgr ACBP=A9
 0002:000003B0 00000006 C=ICODE    S=.itext   G=(none)   M=SvcMgr   ACBP=A9
 0002:000003B8 00000006 C=ICODE    S=.itext   G=(none)   M=AsyncCalls ACBP=A9
 0002:000003C0 00000008 C=ICODE    S=.itext   G=(none)   M=BisComPort ACBP=A9
 0002:000003C8 00000008 C=ICODE    S=.itext   G=(none)   M=BisBarcodeScanner ACBP=A9
 0002:000003D0 00000008 C=ICODE    S=.itext   G=(none)   M=XAsync   ACBP=A9
 0002:000003D8 00000008 C=ICODE    S=.itext   G=(none)   M=XComErr  ACBP=A9
 0002:000003E0 00000008 C=ICODE    S=.itext   G=(none)   M=XComDrv  ACBP=A9
 0002:000003E8 00000005 C=ICODE    S=.itext   G=(none)   M=.omcom   ACBP=A9
 0003:00000000 0000002C C=DATA     S=.data    G=DGROUP   M=SysInit  ACBP=A9
 0003:0000002C 00000040 C=DATA     S=.data    G=DGROUP   M=CPortCtl ACBP=A9
 0003:0000006C 00000168 C=DATA     S=.data    G=DGROUP   M=CPort    ACBP=A9
 0003:000001D4 000000B0 C=DATA     S=.data    G=DGROUP   M=XComDrv  ACBP=A9
 0004:00000000 0000000C C=BSS      S=.bss     G=DGROUP   M=SysInit  ACBP=A9
 0004:0000000C 00000008 C=BSS      S=.bss     G=DGROUP   M=Windows  ACBP=A9
 0004:00000014 00000004 C=BSS      S=.bss     G=DGROUP   M=CPortTypes ACBP=A9
 0004:00000018 00000004 C=BSS      S=.bss     G=DGROUP   M=CPortEsc ACBP=A9
 0004:0000001C 00000004 C=BSS      S=.bss     G=DGROUP   M=CPortTrmSet ACBP=A9
 0004:00000020 00000008 C=BSS      S=.bss     G=DGROUP   M=CPortCtl ACBP=A9
 0004:00000028 00000004 C=BSS      S=.bss     G=DGROUP   M=CPortSetup ACBP=A9
 0004:0000002C 00000004 C=BSS      S=.bss     G=DGROUP   M=CPort    ACBP=A9
 0004:00000030 00000004 C=BSS      S=.bss     G=DGROUP   M=BisComPort ACBP=A9
 0004:00000034 00000004 C=BSS      S=.bss     G=DGROUP   M=BisBarcodeScanner ACBP=A9
 0004:00000038 00000004 C=BSS      S=.bss     G=DGROUP   M=XAsync   ACBP=A9
 0004:0000003C 00000004 C=BSS      S=.bss     G=DGROUP   M=XComErr  ACBP=A9
 0004:00000040 00000004 C=BSS      S=.bss     G=DGROUP   M=XComDrv  ACBP=A9


  Address             Publics by Name

 0002:000003E8       .omcom..omcom
 0001:0001ACF0       .omcom.@GetPackageInfoTable
 0001:0001ACF8       .omcom.@PackageLoad
 0001:0001AD04       .omcom.@PackageUnload
 0004:00000034       BisBarcodeScanner..2
 0001:00012324       BisBarcodeScanner..TBisBarcodeScanner
 0002:000003C8       BisBarcodeScanner.BisBarcodeScanner
 0001:000125AC       BisBarcodeScanner.Finalization
 0001:000124D4       BisBarcodeScanner.TBisBarcodeScanner.ComPortRxChar
 0001:00012594       BisBarcodeScanner.TBisBarcodeScanner.Connect
 0001:00012438       BisBarcodeScanner.TBisBarcodeScanner.Create
 0001:00012494       BisBarcodeScanner.TBisBarcodeScanner.Destroy
 0001:000124BC       BisBarcodeScanner.TBisBarcodeScanner.DoBarcode
 0004:00000030       BisComPort..2
 0001:000119D0       BisComPort..TBisComPort
 0002:000003C0       BisComPort.BisComPort
 0001:000122A4       BisComPort.Finalization
 0001:00012004       BisComPort.TBisComPort.ComPortAfterClose
 0001:0001206C       BisComPort.TBisComPort.ComPortAfterOpen
 0001:000120D4       BisComPort.TBisComPort.ComPortError
 0001:00012174       BisComPort.TBisComPort.Connect
 0001:00011CA0       BisComPort.TBisComPort.Create
 0001:00011FBC       BisComPort.TBisComPort.Destroy
 0001:000121CC       BisComPort.TBisComPort.Disconnect
 0001:00011FEC       BisComPort.TBisComPort.DoStatus
 0001:00012250       BisComPort.TBisComPort.GetBaudRate
 0001:00012224       BisComPort.TBisComPort.GetConnected
 0001:00012258       BisComPort.TBisComPort.GetDataBits
 0001:0001222C       BisComPort.TBisComPort.GetParityBits
 0001:00012238       BisComPort.TBisComPort.GetPort
 0001:00012260       BisComPort.TBisComPort.GetStopBits
 0001:00012268       BisComPort.TBisComPort.SeTBisComPortBaudRate
 0001:00012274       BisComPort.TBisComPort.SetDataBits
 0001:00012280       BisComPort.TBisComPort.SetParityBits
 0001:0001228C       BisComPort.TBisComPort.SetPort
 0001:00012298       BisComPort.TBisComPort.SetStopBits
 0004:0000002C       CPort..31
 0001:0000AD10       CPort..EComPort
 0001:0000AD88       CPort..EComPortExt
 0001:0000A28C       CPort..TComBuffer
 0001:0000A9E8       CPort..TComDataPacket
 0001:00009F50       CPort..TComFlowControl
 0001:00009CE8       CPort..TComLink
 0001:0000A17C       CPort..TComParity
 0001:0000A4AC       CPort..TComPort
 0001:0000AC78       CPort..TComStream
 0001:00009D60       CPort..TComThread
 0001:00009DE4       CPort..TComTimeouts
 0001:0000A35C       CPort..TCustomComPort
 0003:00000154       CPort.BaudRateInts
 0003:00000114       CPort.BaudRateStrings
 0001:000112A0       CPort.BaudRateToInt
 0001:00011284       CPort.BaudRateToStr
 0001:0000D258       CPort.BoolToStr
 0003:0000008C       CPort.CBaudRate
 0003:000000EC       CPort.CControlDTR
 0003:000000DC       CPort.CControlRTS
 0003:000000CC       CPort.CDataBits
 0001:0000FC60       CPort.CheckLinks
 0001:0000AE04       CPort.ComErrorMessage
 0003:0000006C       CPort.CParityBits
 0002:00000158       CPort.CPort
 0001:0000D588       CPort.CPortCharToStr
 0001:00010CF8       CPort.CportDoneAsync
 0001:00010CB8       CPort.CportInitAsync
 0001:0000CA8C       CPort.CPortPrepareAsync
 0001:0000D4C0       CPort.CPortStrToChar
 0003:00000080       CPort.CStopBits
 0003:000001A0       CPort.DataBitsStrings
 0001:0001131C       CPort.DataBitsToStr
 0001:00010490       CPort.DiscardPacketToPos
 0003:000000F8       CPort.DTRStrings
 0001:0000D32C       CPort.DTRToStr
 0001:00010BAC       CPort.EComPort.Create
 0001:00010C7C       CPort.EComPort.Create
 0001:00010AC8       CPort.EComPortExt.Create
 0001:000106B0       CPort.EndPacket
 0001:00010D28       CPort.EnumComPorts
 0001:0000CF54       CPort.ErrorCode
 0001:0000B3D8       CPort.EventsToInt
 0001:00011450       CPort.Finalization
 0003:000001C4       CPort.FlowControlStrings
 0001:000113E8       CPort.FlowControlToStr
 0001:00010534       CPort.FormPacket
 0001:0000C598       CPort.GetTOValue
 0001:0000B444       CPort.IntToEvents
 0001:00010820       CPort.IsBufferTooLarge
 0003:000001B0       CPort.ParityBitsStrings
 0001:00011384       CPort.ParityToStr
 0001:0000FC1C       CPort.PerformRead
 0003:00000104       CPort.RTSStrings
 0001:0000D38C       CPort.RTSToStr
 0001:0000F3FC       CPort.SetRegistry
 0001:000105C4       CPort.StartPacket
 0003:00000194       CPort.StopBitsStrings
 0001:000112D0       CPort.StopBitsToStr
 0001:00010ED4       CPort.StrToBaudRate
 0001:0000D294       CPort.StrToBool
 0001:00010FEC       CPort.StrToDataBits
 0001:0000D434       CPort.StrToDTR
 0001:00011104       CPort.StrToFlowControl
 0001:00011078       CPort.StrToParity
 0001:0000D3A8       CPort.StrToRTS
 0001:00010F60       CPort.StrToStopBits
 0001:0000BDC4       CPort.TComBuffer.AssignTo
 0001:0000BD80       CPort.TComBuffer.Create
 0001:0000BDF8       CPort.TComBuffer.SetComPort
 0001:0000BDFC       CPort.TComBuffer.SetInputSize
 0001:0000BE30       CPort.TComBuffer.SetOutputSize
 0001:000102B0       CPort.TComDataPacket.AddData
 0001:00010374       CPort.TComDataPacket.CheckIncludeStrings
 0001:00010218       CPort.TComDataPacket.Create
 0001:00010278       CPort.TComDataPacket.Destroy
 0001:00010344       CPort.TComDataPacket.DoCustomStart
 0001:0001035C       CPort.TComDataPacket.DoCustomStop
 0001:00010314       CPort.TComDataPacket.DoDiscard
 0001:0001032C       CPort.TComDataPacket.DoPacket
 0001:00010954       CPort.TComDataPacket.EmptyBuffer
 0001:00010850       CPort.TComDataPacket.HandleBuffer
 0001:000102E8       CPort.TComDataPacket.Notification
 0001:000108E8       CPort.TComDataPacket.RxBuf
 0001:000109E8       CPort.TComDataPacket.SetCaseInsensitive
 0001:000109B0       CPort.TComDataPacket.SetComPort
 0001:000109FC       CPort.TComDataPacket.SetSize
 0001:00010A10       CPort.TComDataPacket.SetStartString
 0001:00010A3C       CPort.TComDataPacket.SetStopString
 0001:0001046C       CPort.TComDataPacket.Upper
 0001:000108C4       CPort.TComDataPacket.ValidStop
 0001:0000BA28       CPort.TComFlowControl.AssignTo
 0001:0000B9E8       CPort.TComFlowControl.Create
 0001:0000BBDC       CPort.TComFlowControl.GetFlowControl
 0001:0000BA98       CPort.TComFlowControl.SetComPort
 0001:0000BA9C       CPort.TComFlowControl.SetControlDTR
 0001:0000BABC       CPort.TComFlowControl.SetControlRTS
 0001:0000BB5C       CPort.TComFlowControl.SetDSRSensitivity
 0001:0000BC34       CPort.TComFlowControl.SetFlowControl
 0001:0000BADC       CPort.TComFlowControl.SetOutCTSFlow
 0001:0000BAFC       CPort.TComFlowControl.SetOutDSRFlow
 0001:0000BB7C       CPort.TComFlowControl.SetTxContinueOnXoff
 0001:0000BBBC       CPort.TComFlowControl.SetXoffChar
 0001:0000BB9C       CPort.TComFlowControl.SetXonChar
 0001:0000BB1C       CPort.TComFlowControl.SetXonXoffIn
 0001:0000BB3C       CPort.TComFlowControl.SetXonXoffOut
 0001:0000BCB8       CPort.TComParity.AssignTo
 0001:0000BC7C       CPort.TComParity.Create
 0001:0000BD00       CPort.TComParity.SetBits
 0001:0000BD20       CPort.TComParity.SetCheck
 0001:0000BCFC       CPort.TComParity.SetComPort
 0001:0000BD40       CPort.TComParity.SetReplace
 0001:0000BD60       CPort.TComParity.SetReplaceChar
 0001:00010A68       CPort.TComStream.Create
 0001:00010AA4       CPort.TComStream.Read
 0001:00010AC4       CPort.TComStream.Seek
 0001:00010AB4       CPort.TComStream.Write
 0001:0000B548       CPort.TComThread.Create
 0001:0000B5C8       CPort.TComThread.Destroy
 0001:0000B6D0       CPort.TComThread.DispatchComMsg
 0001:0000B81C       CPort.TComThread.DoEvents
 0001:0000B5F4       CPort.TComThread.Execute
 0001:0000B700       CPort.TComThread.SendEvents
 0001:0000B6BC       CPort.TComThread.Stop
 0001:0000B8FC       CPort.TComTimeouts.AssignTo
 0001:0000B8B0       CPort.TComTimeouts.Create
 0001:0000B944       CPort.TComTimeouts.SetComPort
 0001:0000B948       CPort.TComTimeouts.SetReadInterval
 0001:0000B968       CPort.TComTimeouts.SetReadTotalC
 0001:0000B988       CPort.TComTimeouts.SetReadTotalM
 0001:0000B9A8       CPort.TComTimeouts.SetWriteTotalC
 0001:0000B9C8       CPort.TComTimeouts.SetWriteTotalM
 0001:0000D034       CPort.TCustomComPort.AbortAllAsync
 0001:0000C644       CPort.TCustomComPort.ApplyBuffer
 0001:0000C40C       CPort.TCustomComPort.ApplyDCB
 0001:0000C5A4       CPort.TCustomComPort.ApplyTimeouts
 0001:0000C2B0       CPort.TCustomComPort.BeginUpdate
 0001:0000FAC8       CPort.TCustomComPort.CallAfterClose
 0001:0000FAE8       CPort.TCustomComPort.CallAfterOpen
 0001:0000FB10       CPort.TCustomComPort.CallBeforeClose
 0001:0000FB2C       CPort.TCustomComPort.CallBeforeOpen
 0001:0000FB38       CPort.TCustomComPort.CallBreak
 0001:0000FB44       CPort.TCustomComPort.CallCTSChange
 0001:0000FB70       CPort.TCustomComPort.CallDSRChange
 0001:0000FBC8       CPort.TCustomComPort.CallError
 0001:0000FBF4       CPort.TCustomComPort.CallRing
 0001:0000FB9C       CPort.TCustomComPort.CallRLSDChange
 0001:0000FC10       CPort.TCustomComPort.CallRx80Full
 0001:0000FD5C       CPort.TCustomComPort.CallRxChar
 0001:0000FDB0       CPort.TCustomComPort.CallRxFlag
 0001:0000FDCC       CPort.TCustomComPort.CallTxEmpty
 0001:0000FA5C       CPort.TCustomComPort.CheckSignals
 0001:0000C944       CPort.TCustomComPort.ClearBuffer
 0001:0000C3B8       CPort.TCustomComPort.Close
 0001:0000BE64       CPort.TCustomComPort.Create
 0001:0000BFE0       CPort.TCustomComPort.CreateHandle
 0001:0000BF8C       CPort.TCustomComPort.Destroy
 0001:0000C0CC       CPort.TCustomComPort.DestroyHandle
 0001:0000F8DC       CPort.TCustomComPort.DoAfterClose
 0001:0000F8BC       CPort.TCustomComPort.DoAfterOpen
 0001:0000F87C       CPort.TCustomComPort.DoBeforeClose
 0001:0000F89C       CPort.TCustomComPort.DoBeforeOpen
 0001:0000F934       CPort.TCustomComPort.DoBreak
 0001:0000F994       CPort.TCustomComPort.DoCTSChange
 0001:0000F9B4       CPort.TCustomComPort.DoDSRChange
 0001:0000F9F4       CPort.TCustomComPort.DoError
 0001:0000F974       CPort.TCustomComPort.DoRing
 0001:0000F9D4       CPort.TCustomComPort.DoRLSDChange
 0001:0000FA3C       CPort.TCustomComPort.DoRx80Full
 0001:0000F914       CPort.TCustomComPort.DoRxBuf
 0001:0000F8FC       CPort.TCustomComPort.DoRxChar
 0001:0000FA1C       CPort.TCustomComPort.DoRxFlag
 0001:0000F954       CPort.TCustomComPort.DoTxEmpty
 0001:0000C2B4       CPort.TCustomComPort.EndUpdate
 0001:000101A4       CPort.TCustomComPort.GetTriggersOnRxChar
 0001:0000FDF4       CPort.TCustomComPort.HasLink
 0001:0000C6C0       CPort.TCustomComPort.InputCount
 0001:0000D070       CPort.TCustomComPort.IsAsyncCompleted
 0001:0000C988       CPort.TCustomComPort.LastErrors
 0001:0000C0DC       CPort.TCustomComPort.Loaded
 0001:0000E3A4       CPort.TCustomComPort.LoadIniFile
 0001:0000ECF0       CPort.TCustomComPort.LoadRegistry
 0001:0000F690       CPort.TCustomComPort.LoadSettings
 0001:0000FE90       CPort.TCustomComPort.NotifyLink
 0001:0000C2CC       CPort.TCustomComPort.Open
 0001:0000C70C       CPort.TCustomComPort.OutputCount
 0001:0000CE00       CPort.TCustomComPort.Read
 0001:0000CD50       CPort.TCustomComPort.ReadAsync
 0001:0000CEE0       CPort.TCustomComPort.ReadStr
 0001:0000CE68       CPort.TCustomComPort.ReadStrAsync
 0001:0000F7EC       CPort.TCustomComPort.RegisterLink
 0001:0000FF24       CPort.TCustomComPort.SendSignalToLink
 0001:00010040       CPort.TCustomComPort.SetBaudRate
 0001:0000C834       CPort.TCustomComPort.SetBreak
 0001:00010200       CPort.TCustomComPort.SetBuffer
 0001:00010018       CPort.TCustomComPort.SetConnected
 0001:00010058       CPort.TCustomComPort.SetCustomBaudRate
 0001:00010070       CPort.TCustomComPort.SetDataBits
 0001:00010088       CPort.TCustomComPort.SetDiscardNull
 0001:0000C878       CPort.TCustomComPort.SetDTR
 0001:000100A0       CPort.TCustomComPort.SetEventChar
 0001:0001016C       CPort.TCustomComPort.SetEventThreadPriority
 0001:000101B8       CPort.TCustomComPort.SetFlowControl
 0001:00011440       CPort.TCustomComPort.SetOverlapped
 0001:000101D0       CPort.TCustomComPort.SetParity
 0001:000100B8       CPort.TCustomComPort.SetPort
 0001:0000C8BC       CPort.TCustomComPort.SetRTS
 0001:000100F8       CPort.TCustomComPort.SetStopBits
 0001:00010110       CPort.TCustomComPort.SetSyncMethod
 0001:000101E8       CPort.TCustomComPort.SetTimeouts
 0001:00010148       CPort.TCustomComPort.SetTriggersOnRxChar
 0001:0000C698       CPort.TCustomComPort.SetupComPort
 0001:0000C900       CPort.TCustomComPort.SetXonXoff
 0001:0000D250       CPort.TCustomComPort.ShowSetupDialog
 0001:0000C750       CPort.TCustomComPort.Signals
 0001:0000C7F0       CPort.TCustomComPort.StateFlags
 0001:0000D5FC       CPort.TCustomComPort.StoreIniFile
 0001:0000DD0C       CPort.TCustomComPort.StoreRegistry
 0001:0000F568       CPort.TCustomComPort.StoreSettings
 0001:0000D21C       CPort.TCustomComPort.TransmitChar
 0001:0000FE30       CPort.TCustomComPort.TxNotifyLink
 0001:0000F834       CPort.TCustomComPort.UnRegisterLink
 0001:0000CF74       CPort.TCustomComPort.WaitForAsync
 0001:0000D0E8       CPort.TCustomComPort.WaitForEvent
 0001:0000C148       CPort.TCustomComPort.WindowMethod
 0001:00011404       CPort.TCustomComPort.Write
 0001:0000CB40       CPort.TCustomComPort.WriteAsync
 0001:0000CC80       CPort.TCustomComPort.WriteStr
 0001:0000CC48       CPort.TCustomComPort.WriteStrAsync
 0001:0000CAD0       CPort.TCustomComPort._SyncRead
 0001:0000CB04       CPort.TCustomComPort._SyncWrite
 0001:0000CBE0       CPort.TCustomComPort._WriteAsyncWrapper
 0001:0000CCCC       CPort.TCustomComPort._WriteStrWrapper
 0004:00000024       CPortCtl..9
 0001:000036D4       CPortCtl..TComComboBox
 0001:0000495C       CPortCtl..TComLed
 0001:00003F6C       CPortCtl..TComRadioGroup
 0001:00003640       CPortCtl..TComSelect
 0001:00004F1C       CPortCtl..TComTermBuffer
 0001:000053B4       CPortCtl..TComTerminal
 0001:000051E4       CPortCtl..TCustomComTerminal
 0001:00004868       CPortCtl..TLedBitmap
 0001:000084A4       CPortCtl.AllOff
 0001:00009560       CPortCtl.AppendLineFeeds
 0003:00000064       CPortCtl.BorderStyles
 0004:00000020       CPortCtl.ComTerminalFont
 0002:000000F4       CPortCtl.CPortCtl
 0001:000098C8       CPortCtl.Finalization
 0001:00009610       CPortCtl.Force7BitData
 0001:00005E8C       CPortCtl.Max
 0001:00005E84       CPortCtl.Min
 0003:00000048       CPortCtl.OffBitmaps
 0003:0000002C       CPortCtl.OnBitmaps
 0001:00008924       CPortCtl.ScrollBarVisible
 0001:000089BC       CPortCtl.SetHorzRange
 0001:00008994       CPortCtl.SetRange
 0001:00008A20       CPortCtl.SetVertRange
 0001:00006490       CPortCtl.TComComboBox.ApplySettings
 0001:00006508       CPortCtl.TComComboBox.Change
 0001:000063F8       CPortCtl.TComComboBox.Create
 0001:00006460       CPortCtl.TComComboBox.Destroy
 0001:00006594       CPortCtl.TComComboBox.GetAutoApply
 0001:00006588       CPortCtl.TComComboBox.GetComPort
 0001:0000666C       CPortCtl.TComComboBox.GetComProperty
 0001:000065AC       CPortCtl.TComComboBox.GetText
 0001:000064C0       CPortCtl.TComComboBox.Notification
 0001:000065A0       CPortCtl.TComComboBox.SetAutoApply
 0001:00006560       CPortCtl.TComComboBox.SetComPort
 0001:0000661C       CPortCtl.TComComboBox.SetComProperty
 0001:000065E8       CPortCtl.TComComboBox.SetText
 0001:0000649C       CPortCtl.TComComboBox.UpdateSettings
 0001:00006AD8       CPortCtl.TComLed.BitmapNeeded
 0001:00007054       CPortCtl.TComLed.BitmapToDraw
 0001:00006C4C       CPortCtl.TComLed.CalcBitmapPos
 0001:00006AA8       CPortCtl.TComLed.CMEnabledChanged
 0001:000068B8       CPortCtl.TComLed.Create
 0001:000069C4       CPortCtl.TComLed.Destroy
 0001:00006AB8       CPortCtl.TComLed.DoChange
 0001:00006A88       CPortCtl.TComLed.DoTimer
 0001:00006FD4       CPortCtl.TComLed.GetGlyph
 0001:00006D58       CPortCtl.TComLed.IsStateOn
 0001:00006A58       CPortCtl.TComLed.Notification
 0001:00006A20       CPortCtl.TComLed.Paint
 0001:00006D24       CPortCtl.TComLed.RingDetect
 0001:00006C04       CPortCtl.TComLed.SelectLedBitmap
 0001:00006E40       CPortCtl.TComLed.SetComPort
 0001:00006FF0       CPortCtl.TComLed.SetGlyph
 0001:00006E18       CPortCtl.TComLed.SetKind
 0001:00006F00       CPortCtl.TComLed.SetLedSignal
 0001:00006EC8       CPortCtl.TComLed.SetState
 0001:00006DE8       CPortCtl.TComLed.SetStateInternal
 0001:00006CC8       CPortCtl.TComLed.SignalChange
 0001:00007048       CPortCtl.TComLed.StoredGlyph
 0001:00006710       CPortCtl.TComRadioGroup.ApplySettings
 0001:00006794       CPortCtl.TComRadioGroup.Click
 0001:00006678       CPortCtl.TComRadioGroup.Create
 0001:000066E0       CPortCtl.TComRadioGroup.Destroy
 0001:00006848       CPortCtl.TComRadioGroup.GetAutoApply
 0001:0000683C       CPortCtl.TComRadioGroup.GetComPort
 0001:000068AC       CPortCtl.TComRadioGroup.GetComProperty
 0001:00006744       CPortCtl.TComRadioGroup.Notification
 0001:00006854       CPortCtl.TComRadioGroup.SetAutoApply
 0001:00006814       CPortCtl.TComRadioGroup.SetComPort
 0001:00006860       CPortCtl.TComRadioGroup.SetComProperty
 0001:0000671C       CPortCtl.TComRadioGroup.UpdateSettings
 0001:00006188       CPortCtl.TComSelect.ApplySettings
 0001:00006100       CPortCtl.TComSelect.Change
 0001:00005E94       CPortCtl.TComSelect.SelectBaudRate
 0001:00005F0C       CPortCtl.TComSelect.SelectDataBits
 0001:0000602C       CPortCtl.TComSelect.SelectFlowControl
 0001:00005F6C       CPortCtl.TComSelect.SelectParity
 0001:00005EF4       CPortCtl.TComSelect.SelectPort
 0001:00005FCC       CPortCtl.TComSelect.SelectStopBits
 0001:0000608C       CPortCtl.TComSelect.SetComProperty
 0001:00006208       CPortCtl.TComSelect.UpdateSettings
 0001:00007510       CPortCtl.TComTermBuffer.ClearAllTabs
 0001:0000707C       CPortCtl.TComTermBuffer.Create
 0001:000070B8       CPortCtl.TComTermBuffer.Destroy
 0001:00007320       CPortCtl.TComTermBuffer.EraseLine
 0001:00007398       CPortCtl.TComTermBuffer.EraseScreen
 0001:00007134       CPortCtl.TComTermBuffer.GetChar
 0001:00007570       CPortCtl.TComTermBuffer.GetLastLine
 0001:00007524       CPortCtl.TComTermBuffer.GetLineLength
 0001:000074C8       CPortCtl.TComTermBuffer.GetTab
 0001:0000742C       CPortCtl.TComTermBuffer.Init
 0001:000074D8       CPortCtl.TComTermBuffer.NextTab
 0001:00007160       CPortCtl.TComTermBuffer.ScrollDown
 0001:00007248       CPortCtl.TComTermBuffer.ScrollUp
 0001:000070F4       CPortCtl.TComTermBuffer.SetChar
 0001:000074D0       CPortCtl.TComTermBuffer.SetTab
 0001:0000835C       CPortCtl.TCustomComTerminal.AdvanceCaret
 0001:0000917C       CPortCtl.TCustomComTerminal.CalculateMetrics
 0001:00007CC0       CPortCtl.TCustomComTerminal.CanAutoSize
 0001:00007730       CPortCtl.TCustomComTerminal.ClearScreen
 0001:00007BE8       CPortCtl.TCustomComTerminal.CMColorChanged
 0001:00007B0C       CPortCtl.TCustomComTerminal.CMCtl3DChanged
 0001:00007B38       CPortCtl.TCustomComTerminal.CMFontChanged
 0001:000075A4       CPortCtl.TCustomComTerminal.Create
 0001:0000929C       CPortCtl.TCustomComTerminal.CreateEscapeCodes
 0001:00007D60       CPortCtl.TCustomComTerminal.CreateParams
 0001:0000815C       CPortCtl.TCustomComTerminal.CreateTerminalCaret
 0001:000076E0       CPortCtl.TCustomComTerminal.Destroy
 0001:000091D8       CPortCtl.TCustomComTerminal.DoChar
 0001:000091F8       CPortCtl.TCustomComTerminal.DoGetEscapeCodes
 0001:00009218       CPortCtl.TCustomComTerminal.DoStrRecieved
 0001:00009238       CPortCtl.TCustomComTerminal.DoUnhandledCode
 0001:00008228       CPortCtl.TCustomComTerminal.DrawChar
 0001:00009398       CPortCtl.TCustomComTerminal.GetCharAttr
 0001:000096F0       CPortCtl.TCustomComTerminal.GetConnected
 0001:00008B74       CPortCtl.TCustomComTerminal.HideCaret
 0001:000094B8       CPortCtl.TCustomComTerminal.InitCaret
 0001:000086D4       CPortCtl.TCustomComTerminal.InvalidatePortion
 0001:00007DD8       CPortCtl.TCustomComTerminal.KeyDown
 0001:00007EA4       CPortCtl.TCustomComTerminal.KeyPress
 0001:00007EC0       CPortCtl.TCustomComTerminal.Loaded
 0001:00007954       CPortCtl.TCustomComTerminal.LoadFromStream
 0001:00008770       CPortCtl.TCustomComTerminal.ModifyScrollBar
 0001:0000775C       CPortCtl.TCustomComTerminal.MoveCaret
 0001:00007EE4       CPortCtl.TCustomComTerminal.Notification
 0001:00008070       CPortCtl.TCustomComTerminal.Paint
 0001:00007FD4       CPortCtl.TCustomComTerminal.PaintDesign
 0001:00007F14       CPortCtl.TCustomComTerminal.PaintTerminal
 0001:000092F8       CPortCtl.TCustomComTerminal.PerformTest
 0001:000093F4       CPortCtl.TCustomComTerminal.PutChar
 0001:00008DA0       CPortCtl.TCustomComTerminal.PutEscapeCode
 0001:00009510       CPortCtl.TCustomComTerminal.RestoreAttr
 0001:000094E0       CPortCtl.TCustomComTerminal.RestoreCaretPos
 0001:0000964C       CPortCtl.TCustomComTerminal.RxBuf
 0001:00009538       CPortCtl.TCustomComTerminal.SaveAttr
 0001:000094F4       CPortCtl.TCustomComTerminal.SaveCaretPos
 0001:0000799C       CPortCtl.TCustomComTerminal.SaveToStream
 0001:00007AAC       CPortCtl.TCustomComTerminal.SelectFont
 0001:00008BAC       CPortCtl.TCustomComTerminal.SendChar
 0001:00008C74       CPortCtl.TCustomComTerminal.SendCode
 0001:00008D1C       CPortCtl.TCustomComTerminal.SendCodeNoEcho
 0001:000098A4       CPortCtl.TCustomComTerminal.SetAltColor
 0001:000084E8       CPortCtl.TCustomComTerminal.SetAttributes
 0001:00009718       CPortCtl.TCustomComTerminal.SetBorderStyle
 0001:0000982C       CPortCtl.TCustomComTerminal.SetCaret
 0001:00009740       CPortCtl.TCustomComTerminal.SetColumns
 0001:0000985C       CPortCtl.TCustomComTerminal.SetComPort
 0001:00009704       CPortCtl.TCustomComTerminal.SetConnected
 0001:00009800       CPortCtl.TCustomComTerminal.SetEmulation
 0001:000085E4       CPortCtl.TCustomComTerminal.SetMode
 0001:000097A0       CPortCtl.TCustomComTerminal.SetRows
 0001:0000972C       CPortCtl.TCustomComTerminal.SetScrollBars
 0001:0000936C       CPortCtl.TCustomComTerminal.SetTermAttrColors
 0001:00008B90       CPortCtl.TCustomComTerminal.ShowCaret
 0001:00007B04       CPortCtl.TCustomComTerminal.ShowSetupDialog
 0001:000081CC       CPortCtl.TCustomComTerminal.StringReceived
 0001:000088A4       CPortCtl.TCustomComTerminal.UpdateScrollPos
 0001:00008A88       CPortCtl.TCustomComTerminal.UpdateScrollRange
 0001:00007C00       CPortCtl.TCustomComTerminal.WMGetDlgCode
 0001:00007C98       CPortCtl.TCustomComTerminal.WMHScroll
 0001:00007C18       CPortCtl.TCustomComTerminal.WMKillFocus
 0001:00007C4C       CPortCtl.TCustomComTerminal.WMLButtonDown
 0001:00007C38       CPortCtl.TCustomComTerminal.WMSetFocus
 0001:00007C84       CPortCtl.TCustomComTerminal.WMSize
 0001:00007CAC       CPortCtl.TCustomComTerminal.WMVScroll
 0001:000077F4       CPortCtl.TCustomComTerminal.Write
 0001:00007944       CPortCtl.TCustomComTerminal.WriteEscCode
 0001:00007840       CPortCtl.TCustomComTerminal.WriteStr
 0004:00000018       CPortEsc..4
 0001:00001B90       CPortEsc..TEscapeCodes
 0001:00001CC0       CPortEsc..TEscapeCodesVT100
 0001:00001C2C       CPortEsc..TEscapeCodesVT52
 0001:00002C14       CPortEsc.CodeDevice
 0001:00002B14       CPortEsc.CodeEraseLine
 0001:00002A94       CPortEsc.CodeEraseScreen
 0001:00002CA4       CPortEsc.CodeIdentify
 0001:00002B94       CPortEsc.CodeTab
 0002:000000E4       CPortEsc.CPortEsc
 0001:00002F84       CPortEsc.Finalization
 0001:000029D8       CPortEsc.ParseParams
 0001:00001D54       CPortEsc.TEscapeCodes.Create
 0001:00001D98       CPortEsc.TEscapeCodes.Destroy
 0001:00001DC8       CPortEsc.TEscapeCodes.GetParam
 0001:000028F8       CPortEsc.TEscapeCodesVT100.DetectCode
 0001:00002D74       CPortEsc.TEscapeCodesVT100.DetectExtCode
 0001:00002380       CPortEsc.TEscapeCodesVT100.EscCodeToStr
 0001:000022C0       CPortEsc.TEscapeCodesVT100.ProcessChar
 0001:0000212C       CPortEsc.TEscapeCodesVT52.DetectCode
 0001:00001EF8       CPortEsc.TEscapeCodesVT52.EscCodeToStr
 0001:00001E5C       CPortEsc.TEscapeCodesVT52.ProcessChar
 0004:00000028       CPortSetup..2
 0001:0000992C       CPortSetup..TComSetupFrm
 0002:00000150       CPortSetup.CPortSetup
 0001:00009BA8       CPortSetup.EditComPort
 0001:00009CB8       CPortSetup.Finalization
 0001:00009CB4       CPortSetup.TComSetupFrm.FormCreate
 0004:0000001C       CPortTrmSet..2
 0001:00002FB4       CPortTrmSet..TComTrmSetForm
 0002:000000EC       CPortTrmSet.CPortTrmSet
 0001:00003288       CPortTrmSet.EditComTerminal
 0001:000035A0       CPortTrmSet.Finalization
 0001:0000359C       CPortTrmSet.TComTrmSetForm.FormCreate
 0004:00000014       CPortTypes..1
 0001:00000F14       CPortTypes.ComErrorsToStr
 0002:00000054       CPortTypes.CPortTypes
 0001:00000E90       CPortTypes.e
 0001:0000109C       CPortTypes.Finalization
 0001:00000368       SysInit.@InitPkg
 0001:000003CC       SysInit.@PackageLoad
 0001:000003D8       SysInit.@PackageUnload
 0001:00000258       SysInit.AllocTlsBuffer
 0001:00000314       SysInit.ExitProcessTLS
 0001:000002DC       SysInit.ExitThreadTLS
 0001:00000220       SysInit.FreeLibrary
 0001:00000264       SysInit.GetTlsSize
 0004:00000004       SysInit.HInstance
 0001:00000338       SysInit.InitializeModule
 0001:000002B0       SysInit.InitProcessTLS
 0001:0000026C       SysInit.InitThreadTLS
 0001:00000228       SysInit.LocalAlloc
 0001:00000230       SysInit.LocalFree
 0003:00000004       SysInit.Module
 0004:00000000       SysInit.ModuleIsLib
 0004:00000001       SysInit.ModuleIsPackage
 0001:00000238       SysInit.TlsAlloc
 0004:00000008       SysInit.tlsBuffer
 0001:00000240       SysInit.TlsFree
 0001:00000248       SysInit.TlsGetValue
 0003:00000000       SysInit.TlsIndex
 0005:00000000       SysInit.TlsLast
 0003:0000001C       SysInit.TlsProc
 0001:00000250       SysInit.TlsSetValue
 0001:00000344       SysInit.UninitializeModule
 0004:0000000C       Windows..3
 0001:0000052C       Windows.ClearCommError
 0001:00000534       Windows.CloseHandle
 0001:0000062C       Windows.CreateCaret
 0001:0000053C       Windows.CreateEvent
 0001:00000544       Windows.CreateFile
 0001:00000634       Windows.DefWindowProc
 0001:0000063C       Windows.DestroyCaret
 0001:0000054C       Windows.EscapeCommFunction
 0001:000006C8       Windows.Finalization
 0001:00000554       Windows.FreeLibrary
 0001:0000055C       Windows.GetCommModemStatus
 0001:00000564       Windows.GetCommProperties
 0001:0000056C       Windows.GetCommState
 0001:00000574       Windows.GetCommTimeouts
 0001:00000644       Windows.GetDC
 0001:0000057C       Windows.GetLastError
 0001:00000584       Windows.GetOverlappedResult
 0001:0000064C       Windows.GetScrollPos
 0001:00000654       Windows.GetScrollRange
 0001:0000065C       Windows.GetSystemMetrics
 0001:00000614       Windows.GetTextMetrics
 0001:0000058C       Windows.GetTickCount
 0001:00000594       Windows.GetVersionEx
 0001:00000664       Windows.HideCaret
 0004:00000010       Windows.HtmlHelpModule
 0001:0000066C       Windows.InSendMessage
 0001:00000674       Windows.InvalidateRect
 0001:000006BC       Windows.MakeLong
 0001:0000059C       Windows.OutputDebugString
 0001:0000061C       Windows.PatBlt
 0001:000005A4       Windows.PurgeComm
 0001:000005AC       Windows.QueryPerformanceCounter
 0001:000005B4       Windows.QueryPerformanceFrequency
 0001:000005BC       Windows.ReadFile
 0001:00000514       Windows.RegCloseKey
 0001:0000051C       Windows.RegEnumValue
 0001:00000524       Windows.RegOpenKeyEx
 0001:0000067C       Windows.ReleaseDC
 0001:00000684       Windows.ReplyMessage
 0001:0000068C       Windows.ScrollWindowEx
 0001:00000624       Windows.SelectObject
 0001:00000694       Windows.SendMessage
 0001:0000069C       Windows.SetCaretPos
 0001:000005C4       Windows.SetCommMask
 0001:000005CC       Windows.SetCommState
 0001:000005D4       Windows.SetCommTimeouts
 0001:000005DC       Windows.SetEvent
 0001:000006A4       Windows.SetScrollPos
 0001:000006AC       Windows.SetScrollRange
 0001:000005E4       Windows.SetupComm
 0001:000006B4       Windows.ShowCaret
 0001:000005EC       Windows.TransmitCommChar
 0001:000005F4       Windows.WaitCommEvent
 0001:000005FC       Windows.WaitForMultipleObjects
 0001:00000604       Windows.WaitForSingleObject
 0002:00000010       Windows.Windows
 0001:0000060C       Windows.WriteFile
 0004:00000038       XAsync..2
 0001:0001266C       XAsync..EAsyncError
 0001:000126E8       XAsync..TAsyncThread
 0001:00012E04       XAsync.Finalization
 0001:00012848       XAsync.InitOverlapped
 0001:000128E4       XAsync.InternalCheckHandle
 0001:000129DC       XAsync.InternalCloseAsync
 0001:00012948       XAsync.InternalInitAsync
 0001:00012ADC       XAsync.InternalReadAsync
 0001:00012A40       XAsync.InternalReadStringAsync
 0001:0001286C       XAsync.InternalStartThread
 0001:00012BAC       XAsync.InternalWaitAsync
 0001:00012B44       XAsync.InternalWriteAsync
 0001:000128C8       XAsync.IsAsyncDone
 0001:00012880       XAsync.IsHandleValid
 0001:00012D68       XAsync.ReadComm
 0001:00012CEC       XAsync.ReadComm
 0001:00012DCC       XAsync.SetRXTime
 0001:00012750       XAsync.TAsyncThread.Create
 0001:000127A4       XAsync.TAsyncThread.DoAsyncProc
 0001:000127C0       XAsync.TAsyncThread.Execute
 0001:00012C18       XAsync.WriteComm
 0001:00012C88       XAsync.WriteComm
 0002:000003D0       XAsync.XAsync
 0004:00000040       XComDrv..22
 0001:000137DC       XComDrv..TCommBuffers
 0001:000136D8       XComDrv..TCommDataControl
 0001:00013908       XComDrv..TCommEventChars
 0001:00014ED0       XComDrv..TCommEventThread
 0001:00013600       XComDrv..TCommPlugin
 0001:00013A4C       XComDrv..TCommTimeoutsEx
 0001:00013C30       XComDrv..TCustomComm
 0001:00014414       XComDrv..TCustomModem
 0001:00014110       XComDrv..TModemSettings
 0001:00013D0C       XComDrv..TXComm
 0001:0001451C       XComDrv..TXModem
 0001:0001810C       XComDrv.ATPos
 0001:00017D40       XComDrv.ATResultToME
 0001:00017CD0       XComDrv.ATShortToLong
 0001:00014D98       XComDrv.BaudRateToStr
 0003:00000208       XComDrv.BaudRate_
 0001:00014B18       XComDrv.CharToDataBits
 0001:00014AB4       XComDrv.ConvertErrorFmt
 0001:00014B14       XComDrv.DataBitsToChar
 0001:0001A11C       XComDrv.Finalization
 0001:00017F2C       XComDrv.FindRegAT
 0001:00014C28       XComDrv.FlowControlToStr
 0003:00000244       XComDrv.func_
 0003:0000025C       XComDrv.func_
 0003:00000254       XComDrv.func_
 0003:0000024C       XComDrv.func_
 0001:00018F70       XComDrv.GetCommand
 0001:00014EB0       XComDrv.GetCommState
 0001:00019110       XComDrv.GetData
 0001:00014AD8       XComDrv.GetRXTimeout
 0001:0001A0D4       XComDrv.GetTickCount
 0001:000191B4       XComDrv.HasResult
 0001:00016BDC       XComDrv.intRead
 0001:00016B20       XComDrv.intSend
 0001:00018270       XComDrv.IsConnectAT
 0001:0001801C       XComDrv.IsRegAT
 0001:00015418       XComDrv.IsWinNT
 0003:00000264       XComDrv.MRC_
 0001:00014CE0       XComDrv.ParityToStr
 0001:00017A2C       XComDrv.PluginLocked
 0001:000182C8       XComDrv.RegToStr
 0001:00017E08       XComDrv.RemoveChar
 0001:00014E94       XComDrv.SetDCB
 0001:00014B8C       XComDrv.StopBitsToStr
 0001:00017E40       XComDrv.StripAT
 0001:00014DC4       XComDrv.StrToBaudRate
 0001:00014C40       XComDrv.StrToFlowControl
 0001:00014CF8       XComDrv.StrToParity
 0001:00014BA4       XComDrv.StrToStopBits
 0003:000001D4       XComDrv.STR_FLOWCONTROL
 0003:000001E8       XComDrv.STR_PARITY
 0003:000001FC       XComDrv.STR_STOPBITS
 0001:00015560       XComDrv.TCommBuffers.AssignTo
 0001:000153C4       XComDrv.TCommBuffers.Create
 0001:000154E8       XComDrv.TCommBuffers.GetIOSize
 0001:00015468       XComDrv.TCommBuffers.SetIOSize
 0001:0001535C       XComDrv.TCommDataControl.AssignTo
 0001:000151DC       XComDrv.TCommDataControl.Create
 0001:000152BC       XComDrv.TCommDataControl.GetDataBits
 0001:000152F4       XComDrv.TCommDataControl.GetParity
 0001:00015328       XComDrv.TCommDataControl.GetStopBits
 0001:0001522C       XComDrv.TCommDataControl.SetDataBits
 0001:0001525C       XComDrv.TCommDataControl.SetParity
 0001:0001528C       XComDrv.TCommDataControl.SetStopBits
 0001:00015764       XComDrv.TCommEventChars.AssignTo
 0001:000155D8       XComDrv.TCommEventChars.Create
 0001:000156B0       XComDrv.TCommEventChars.GetCommChar
 0001:00015628       XComDrv.TCommEventChars.SetCommChar
 0001:00014F3C       XComDrv.TCommEventThread.Create
 0001:00014FA4       XComDrv.TCommEventThread.Destroy
 0001:0001509C       XComDrv.TCommEventThread.DoOnSignal
 0001:00014FDC       XComDrv.TCommEventThread.Execute
 0001:00015180       XComDrv.TCommPlugin.CommValid
 0001:000150B8       XComDrv.TCommPlugin.Create
 0001:00015110       XComDrv.TCommPlugin.Destroy
 0001:00015140       XComDrv.TCommPlugin.HandleEvents
 0001:00015144       XComDrv.TCommPlugin.Notification
 0001:00015154       XComDrv.TCommPlugin.SetComm
 0001:00015984       XComDrv.TCommTimeoutsEx.AssignTo
 0001:000157F8       XComDrv.TCommTimeoutsEx.Create
 0001:000158DC       XComDrv.TCommTimeoutsEx.GetInterval
 0001:00015854       XComDrv.TCommTimeoutsEx.SetInterval
 0001:00016128       XComDrv.TCustomComm.AddPlugin
 0001:00016580       XComDrv.TCustomComm.BeginUpdate
 0001:00016164       XComDrv.TCustomComm.ClearPlugins
 0001:000176B0       XComDrv.TCustomComm.CloseAsync
 0001:00016684       XComDrv.TCustomComm.CloseDevice
 0001:00015A18       XComDrv.TCustomComm.Create
 0001:00015B38       XComDrv.TCustomComm.Destroy
 0001:000165E8       XComDrv.TCustomComm.EndUpdate
 0001:00015FE4       XComDrv.TCustomComm.GetBaudRate
 0001:00016028       XComDrv.TCustomComm.GetBaudValue
 0001:000160F4       XComDrv.TCustomComm.GetCommOptions
 0001:00016890       XComDrv.TCustomComm.GetCommStatus
 0001:00016A8C       XComDrv.TCustomComm.GetCount
 0001:0001608C       XComDrv.TCustomComm.GetDTRSettings
 0001:00017A84       XComDrv.TCustomComm.GetLocked
 0001:00016920       XComDrv.TCustomComm.GetMaxBaud
 0001:00016718       XComDrv.TCustomComm.GetOpened
 0001:00016720       XComDrv.TCustomComm.GetPaused
 0001:00016140       XComDrv.TCustomComm.GetPlugin
 0001:00016158       XComDrv.TCustomComm.GetPluginCount
 0001:00016058       XComDrv.TCustomComm.GetRTSSettings
 0001:0001686C       XComDrv.TCustomComm.GetTotalReceived
 0001:000160C0       XComDrv.TCustomComm.GetXOnXOffSettings
 0001:00017190       XComDrv.TCustomComm.HandleEvents
 0001:00017620       XComDrv.TCustomComm.InitAsync
 0001:000175A8       XComDrv.TCustomComm.InternalAsyncProc
 0001:00016438       XComDrv.TCustomComm.OpenDevice
 0001:00016770       XComDrv.TCustomComm.PurgeIn
 0001:000167F4       XComDrv.TCustomComm.PurgeOut
 0001:00017854       XComDrv.TCustomComm.ReadAsync
 0001:0001703C       XComDrv.TCustomComm.ReadByte
 0001:0001702C       XComDrv.TCustomComm.ReadData
 0001:00016EAC       XComDrv.TCustomComm.ReadDataEx
 0001:0001705C       XComDrv.TCustomComm.ReadString
 0001:000170A0       XComDrv.TCustomComm.ReadString
 0001:00017904       XComDrv.TCustomComm.ReadStringAsync
 0001:000171F8       XComDrv.TCustomComm.ReceiveData
 0001:00016134       XComDrv.TCustomComm.RemovePlugin
 0001:000176B8       XComDrv.TCustomComm.SendAsync
 0001:00016E5C       XComDrv.TCustomComm.SendByte
 0001:00016E4C       XComDrv.TCustomComm.SendData
 0001:00016C98       XComDrv.TCustomComm.SendDataEx
 0001:00016E7C       XComDrv.TCustomComm.SendString
 0001:0001777C       XComDrv.TCustomComm.SendStringAsync
 0001:00015C5C       XComDrv.TCustomComm.SetBaudRate
 0001:00015C94       XComDrv.TCustomComm.SetBaudValue
 0001:00015C2C       XComDrv.TCustomComm.SetBuffers
 0001:00015F80       XComDrv.TCustomComm.SetCommOptions
 0001:00015C1C       XComDrv.TCustomComm.SetDataControl
 0001:00015BB8       XComDrv.TCustomComm.SetDeviceName
 0001:00015D3C       XComDrv.TCustomComm.SetDTRSettings
 0001:00015C3C       XComDrv.TCustomComm.SetEventChars
 0001:00015CC4       XComDrv.TCustomComm.SetFlowControl
 0001:00016740       XComDrv.TCustomComm.SetPaused
 0001:00015CFC       XComDrv.TCustomComm.SetRTSSettings
 0001:00015C4C       XComDrv.TCustomComm.SetTimeouts
 0001:00015DA4       XComDrv.TCustomComm.SetXOnXOffSettings
 0001:00017218       XComDrv.TCustomComm.ToggleBreak
 0001:0001728C       XComDrv.TCustomComm.ToggleDTR
 0001:00017300       XComDrv.TCustomComm.ToggleRTS
 0001:00017374       XComDrv.TCustomComm.ToggleXonXoff
 0001:00016320       XComDrv.TCustomComm.UpdateBuffers
 0001:00016188       XComDrv.TCustomComm.UpdateDCB
 0001:000170E8       XComDrv.TCustomComm.UpdateEvents
 0001:00015DE4       XComDrv.TCustomComm.UpdateFlowSettings
 0001:000163A4       XComDrv.TCustomComm.UpdateTimeouts
 0001:000179B0       XComDrv.TCustomComm.WaitAsync
 0001:000173E8       XComDrv.TCustomComm.WaitForString
 0001:000183C8       XComDrv.TCustomModem.CloseDevice
 0001:00019B28       XComDrv.TCustomModem.Connect
 0001:00018324       XComDrv.TCustomModem.Create
 0001:0001836C       XComDrv.TCustomModem.Destroy
 0001:00019CFC       XComDrv.TCustomModem.Disconnect
 0001:00019750       XComDrv.TCustomModem.DoChangeCmdState
 0001:000195F4       XComDrv.TCustomModem.DoConnect
 0001:000196C4       XComDrv.TCustomModem.DoConnecting
 0001:00019660       XComDrv.TCustomModem.DoDisconnect
 0001:00019708       XComDrv.TCustomModem.DoDisconnecting
 0001:00018C48       XComDrv.TCustomModem.EnterCommandState
 0001:00018DD8       XComDrv.TCustomModem.ExitCommandState
 0001:00019B04       XComDrv.TCustomModem.GetConnected
 0001:00018464       XComDrv.TCustomModem.GetEnterCmd
 0001:00018DB4       XComDrv.TCustomModem.GetInstalled
 0001:00019F90       XComDrv.TCustomModem.GetLineStatus
 0001:0001A0A8       XComDrv.TCustomModem.GetLocked
 0001:0001A074       XComDrv.TCustomModem.GetModemState
 0001:00018A7C       XComDrv.TCustomModem.GetRegisterValue
 0001:0001948C       XComDrv.TCustomModem.HandleAT
 0001:000193C4       XComDrv.TCustomModem.HandleEvents
 0001:000184E8       XComDrv.TCustomModem.InitCommand
 0001:00019824       XComDrv.TCustomModem.InitModem
 0001:00019EF4       XComDrv.TCustomModem.LowerDTR
 0001:0001839C       XComDrv.TCustomModem.OpenDevice
 0001:000192B4       XComDrv.TCustomModem.ReceiveData
 0001:00019770       XComDrv.TCustomModem.ResetModem
 0001:000186C4       XComDrv.TCustomModem.SendCommand
 0001:00018450       XComDrv.TCustomModem.SetModemSettings
 0001:00018840       XComDrv.TCustomModem.SetRegisterValue
 0001:00019970       XComDrv.TCustomModem.WaitForAT
 0001:00017B48       XComDrv.TModemSettings.AssignTo
 0001:00017AB4       XComDrv.TModemSettings.Create
 0001:00017BAC       XComDrv.TModemSettings.SetSpeed
 0001:00018F2C       XComDrv.WaitRX
 0002:000003E0       XComDrv.XComDrv
 0004:0000003C       XComErr..2
 0001:00012EC4       XComErr..EDeviceError
 0001:00012F4C       XComErr.EDeviceError.CreateCode
 0001:00013074       XComErr.Finalization
 0002:000003D8       XComErr.XComErr
 0001:00012F90       XComErr.XCommError
 0001:00012FB0       XComErr.XCommWin32Error


  Address             Publics by Value

 0001:00000220       SysInit.FreeLibrary
 0001:00000228       SysInit.LocalAlloc
 0001:00000230       SysInit.LocalFree
 0001:00000238       SysInit.TlsAlloc
 0001:00000240       SysInit.TlsFree
 0001:00000248       SysInit.TlsGetValue
 0001:00000250       SysInit.TlsSetValue
 0001:00000258       SysInit.AllocTlsBuffer
 0001:00000264       SysInit.GetTlsSize
 0001:0000026C       SysInit.InitThreadTLS
 0001:000002B0       SysInit.InitProcessTLS
 0001:000002DC       SysInit.ExitThreadTLS
 0001:00000314       SysInit.ExitProcessTLS
 0001:00000338       SysInit.InitializeModule
 0001:00000344       SysInit.UninitializeModule
 0001:00000368       SysInit.@InitPkg
 0001:000003CC       SysInit.@PackageLoad
 0001:000003D8       SysInit.@PackageUnload
 0001:00000514       Windows.RegCloseKey
 0001:0000051C       Windows.RegEnumValue
 0001:00000524       Windows.RegOpenKeyEx
 0001:0000052C       Windows.ClearCommError
 0001:00000534       Windows.CloseHandle
 0001:0000053C       Windows.CreateEvent
 0001:00000544       Windows.CreateFile
 0001:0000054C       Windows.EscapeCommFunction
 0001:00000554       Windows.FreeLibrary
 0001:0000055C       Windows.GetCommModemStatus
 0001:00000564       Windows.GetCommProperties
 0001:0000056C       Windows.GetCommState
 0001:00000574       Windows.GetCommTimeouts
 0001:0000057C       Windows.GetLastError
 0001:00000584       Windows.GetOverlappedResult
 0001:0000058C       Windows.GetTickCount
 0001:00000594       Windows.GetVersionEx
 0001:0000059C       Windows.OutputDebugString
 0001:000005A4       Windows.PurgeComm
 0001:000005AC       Windows.QueryPerformanceCounter
 0001:000005B4       Windows.QueryPerformanceFrequency
 0001:000005BC       Windows.ReadFile
 0001:000005C4       Windows.SetCommMask
 0001:000005CC       Windows.SetCommState
 0001:000005D4       Windows.SetCommTimeouts
 0001:000005DC       Windows.SetEvent
 0001:000005E4       Windows.SetupComm
 0001:000005EC       Windows.TransmitCommChar
 0001:000005F4       Windows.WaitCommEvent
 0001:000005FC       Windows.WaitForMultipleObjects
 0001:00000604       Windows.WaitForSingleObject
 0001:0000060C       Windows.WriteFile
 0001:00000614       Windows.GetTextMetrics
 0001:0000061C       Windows.PatBlt
 0001:00000624       Windows.SelectObject
 0001:0000062C       Windows.CreateCaret
 0001:00000634       Windows.DefWindowProc
 0001:0000063C       Windows.DestroyCaret
 0001:00000644       Windows.GetDC
 0001:0000064C       Windows.GetScrollPos
 0001:00000654       Windows.GetScrollRange
 0001:0000065C       Windows.GetSystemMetrics
 0001:00000664       Windows.HideCaret
 0001:0000066C       Windows.InSendMessage
 0001:00000674       Windows.InvalidateRect
 0001:0000067C       Windows.ReleaseDC
 0001:00000684       Windows.ReplyMessage
 0001:0000068C       Windows.ScrollWindowEx
 0001:00000694       Windows.SendMessage
 0001:0000069C       Windows.SetCaretPos
 0001:000006A4       Windows.SetScrollPos
 0001:000006AC       Windows.SetScrollRange
 0001:000006B4       Windows.ShowCaret
 0001:000006BC       Windows.MakeLong
 0001:000006C8       Windows.Finalization
 0001:00000E90       CPortTypes.e
 0001:00000F14       CPortTypes.ComErrorsToStr
 0001:0000109C       CPortTypes.Finalization
 0001:00001B90       CPortEsc..TEscapeCodes
 0001:00001C2C       CPortEsc..TEscapeCodesVT52
 0001:00001CC0       CPortEsc..TEscapeCodesVT100
 0001:00001D54       CPortEsc.TEscapeCodes.Create
 0001:00001D98       CPortEsc.TEscapeCodes.Destroy
 0001:00001DC8       CPortEsc.TEscapeCodes.GetParam
 0001:00001E5C       CPortEsc.TEscapeCodesVT52.ProcessChar
 0001:00001EF8       CPortEsc.TEscapeCodesVT52.EscCodeToStr
 0001:0000212C       CPortEsc.TEscapeCodesVT52.DetectCode
 0001:000022C0       CPortEsc.TEscapeCodesVT100.ProcessChar
 0001:00002380       CPortEsc.TEscapeCodesVT100.EscCodeToStr
 0001:000028F8       CPortEsc.TEscapeCodesVT100.DetectCode
 0001:000029D8       CPortEsc.ParseParams
 0001:00002A94       CPortEsc.CodeEraseScreen
 0001:00002B14       CPortEsc.CodeEraseLine
 0001:00002B94       CPortEsc.CodeTab
 0001:00002C14       CPortEsc.CodeDevice
 0001:00002CA4       CPortEsc.CodeIdentify
 0001:00002D74       CPortEsc.TEscapeCodesVT100.DetectExtCode
 0001:00002F84       CPortEsc.Finalization
 0001:00002FB4       CPortTrmSet..TComTrmSetForm
 0001:00003288       CPortTrmSet.EditComTerminal
 0001:0000359C       CPortTrmSet.TComTrmSetForm.FormCreate
 0001:000035A0       CPortTrmSet.Finalization
 0001:00003640       CPortCtl..TComSelect
 0001:000036D4       CPortCtl..TComComboBox
 0001:00003F6C       CPortCtl..TComRadioGroup
 0001:00004868       CPortCtl..TLedBitmap
 0001:0000495C       CPortCtl..TComLed
 0001:00004F1C       CPortCtl..TComTermBuffer
 0001:000051E4       CPortCtl..TCustomComTerminal
 0001:000053B4       CPortCtl..TComTerminal
 0001:00005E84       CPortCtl.Min
 0001:00005E8C       CPortCtl.Max
 0001:00005E94       CPortCtl.TComSelect.SelectBaudRate
 0001:00005EF4       CPortCtl.TComSelect.SelectPort
 0001:00005F0C       CPortCtl.TComSelect.SelectDataBits
 0001:00005F6C       CPortCtl.TComSelect.SelectParity
 0001:00005FCC       CPortCtl.TComSelect.SelectStopBits
 0001:0000602C       CPortCtl.TComSelect.SelectFlowControl
 0001:0000608C       CPortCtl.TComSelect.SetComProperty
 0001:00006100       CPortCtl.TComSelect.Change
 0001:00006188       CPortCtl.TComSelect.ApplySettings
 0001:00006208       CPortCtl.TComSelect.UpdateSettings
 0001:000063F8       CPortCtl.TComComboBox.Create
 0001:00006460       CPortCtl.TComComboBox.Destroy
 0001:00006490       CPortCtl.TComComboBox.ApplySettings
 0001:0000649C       CPortCtl.TComComboBox.UpdateSettings
 0001:000064C0       CPortCtl.TComComboBox.Notification
 0001:00006508       CPortCtl.TComComboBox.Change
 0001:00006560       CPortCtl.TComComboBox.SetComPort
 0001:00006588       CPortCtl.TComComboBox.GetComPort
 0001:00006594       CPortCtl.TComComboBox.GetAutoApply
 0001:000065A0       CPortCtl.TComComboBox.SetAutoApply
 0001:000065AC       CPortCtl.TComComboBox.GetText
 0001:000065E8       CPortCtl.TComComboBox.SetText
 0001:0000661C       CPortCtl.TComComboBox.SetComProperty
 0001:0000666C       CPortCtl.TComComboBox.GetComProperty
 0001:00006678       CPortCtl.TComRadioGroup.Create
 0001:000066E0       CPortCtl.TComRadioGroup.Destroy
 0001:00006710       CPortCtl.TComRadioGroup.ApplySettings
 0001:0000671C       CPortCtl.TComRadioGroup.UpdateSettings
 0001:00006744       CPortCtl.TComRadioGroup.Notification
 0001:00006794       CPortCtl.TComRadioGroup.Click
 0001:00006814       CPortCtl.TComRadioGroup.SetComPort
 0001:0000683C       CPortCtl.TComRadioGroup.GetComPort
 0001:00006848       CPortCtl.TComRadioGroup.GetAutoApply
 0001:00006854       CPortCtl.TComRadioGroup.SetAutoApply
 0001:00006860       CPortCtl.TComRadioGroup.SetComProperty
 0001:000068AC       CPortCtl.TComRadioGroup.GetComProperty
 0001:000068B8       CPortCtl.TComLed.Create
 0001:000069C4       CPortCtl.TComLed.Destroy
 0001:00006A20       CPortCtl.TComLed.Paint
 0001:00006A58       CPortCtl.TComLed.Notification
 0001:00006A88       CPortCtl.TComLed.DoTimer
 0001:00006AA8       CPortCtl.TComLed.CMEnabledChanged
 0001:00006AB8       CPortCtl.TComLed.DoChange
 0001:00006AD8       CPortCtl.TComLed.BitmapNeeded
 0001:00006C04       CPortCtl.TComLed.SelectLedBitmap
 0001:00006C4C       CPortCtl.TComLed.CalcBitmapPos
 0001:00006CC8       CPortCtl.TComLed.SignalChange
 0001:00006D24       CPortCtl.TComLed.RingDetect
 0001:00006D58       CPortCtl.TComLed.IsStateOn
 0001:00006DE8       CPortCtl.TComLed.SetStateInternal
 0001:00006E18       CPortCtl.TComLed.SetKind
 0001:00006E40       CPortCtl.TComLed.SetComPort
 0001:00006EC8       CPortCtl.TComLed.SetState
 0001:00006F00       CPortCtl.TComLed.SetLedSignal
 0001:00006FD4       CPortCtl.TComLed.GetGlyph
 0001:00006FF0       CPortCtl.TComLed.SetGlyph
 0001:00007048       CPortCtl.TComLed.StoredGlyph
 0001:00007054       CPortCtl.TComLed.BitmapToDraw
 0001:0000707C       CPortCtl.TComTermBuffer.Create
 0001:000070B8       CPortCtl.TComTermBuffer.Destroy
 0001:000070F4       CPortCtl.TComTermBuffer.SetChar
 0001:00007134       CPortCtl.TComTermBuffer.GetChar
 0001:00007160       CPortCtl.TComTermBuffer.ScrollDown
 0001:00007248       CPortCtl.TComTermBuffer.ScrollUp
 0001:00007320       CPortCtl.TComTermBuffer.EraseLine
 0001:00007398       CPortCtl.TComTermBuffer.EraseScreen
 0001:0000742C       CPortCtl.TComTermBuffer.Init
 0001:000074C8       CPortCtl.TComTermBuffer.GetTab
 0001:000074D0       CPortCtl.TComTermBuffer.SetTab
 0001:000074D8       CPortCtl.TComTermBuffer.NextTab
 0001:00007510       CPortCtl.TComTermBuffer.ClearAllTabs
 0001:00007524       CPortCtl.TComTermBuffer.GetLineLength
 0001:00007570       CPortCtl.TComTermBuffer.GetLastLine
 0001:000075A4       CPortCtl.TCustomComTerminal.Create
 0001:000076E0       CPortCtl.TCustomComTerminal.Destroy
 0001:00007730       CPortCtl.TCustomComTerminal.ClearScreen
 0001:0000775C       CPortCtl.TCustomComTerminal.MoveCaret
 0001:000077F4       CPortCtl.TCustomComTerminal.Write
 0001:00007840       CPortCtl.TCustomComTerminal.WriteStr
 0001:00007944       CPortCtl.TCustomComTerminal.WriteEscCode
 0001:00007954       CPortCtl.TCustomComTerminal.LoadFromStream
 0001:0000799C       CPortCtl.TCustomComTerminal.SaveToStream
 0001:00007AAC       CPortCtl.TCustomComTerminal.SelectFont
 0001:00007B04       CPortCtl.TCustomComTerminal.ShowSetupDialog
 0001:00007B0C       CPortCtl.TCustomComTerminal.CMCtl3DChanged
 0001:00007B38       CPortCtl.TCustomComTerminal.CMFontChanged
 0001:00007BE8       CPortCtl.TCustomComTerminal.CMColorChanged
 0001:00007C00       CPortCtl.TCustomComTerminal.WMGetDlgCode
 0001:00007C18       CPortCtl.TCustomComTerminal.WMKillFocus
 0001:00007C38       CPortCtl.TCustomComTerminal.WMSetFocus
 0001:00007C4C       CPortCtl.TCustomComTerminal.WMLButtonDown
 0001:00007C84       CPortCtl.TCustomComTerminal.WMSize
 0001:00007C98       CPortCtl.TCustomComTerminal.WMHScroll
 0001:00007CAC       CPortCtl.TCustomComTerminal.WMVScroll
 0001:00007CC0       CPortCtl.TCustomComTerminal.CanAutoSize
 0001:00007D60       CPortCtl.TCustomComTerminal.CreateParams
 0001:00007DD8       CPortCtl.TCustomComTerminal.KeyDown
 0001:00007EA4       CPortCtl.TCustomComTerminal.KeyPress
 0001:00007EC0       CPortCtl.TCustomComTerminal.Loaded
 0001:00007EE4       CPortCtl.TCustomComTerminal.Notification
 0001:00007F14       CPortCtl.TCustomComTerminal.PaintTerminal
 0001:00007FD4       CPortCtl.TCustomComTerminal.PaintDesign
 0001:00008070       CPortCtl.TCustomComTerminal.Paint
 0001:0000815C       CPortCtl.TCustomComTerminal.CreateTerminalCaret
 0001:000081CC       CPortCtl.TCustomComTerminal.StringReceived
 0001:00008228       CPortCtl.TCustomComTerminal.DrawChar
 0001:0000835C       CPortCtl.TCustomComTerminal.AdvanceCaret
 0001:000084A4       CPortCtl.AllOff
 0001:000084E8       CPortCtl.TCustomComTerminal.SetAttributes
 0001:000085E4       CPortCtl.TCustomComTerminal.SetMode
 0001:000086D4       CPortCtl.TCustomComTerminal.InvalidatePortion
 0001:00008770       CPortCtl.TCustomComTerminal.ModifyScrollBar
 0001:000088A4       CPortCtl.TCustomComTerminal.UpdateScrollPos
 0001:00008924       CPortCtl.ScrollBarVisible
 0001:00008994       CPortCtl.SetRange
 0001:000089BC       CPortCtl.SetHorzRange
 0001:00008A20       CPortCtl.SetVertRange
 0001:00008A88       CPortCtl.TCustomComTerminal.UpdateScrollRange
 0001:00008B74       CPortCtl.TCustomComTerminal.HideCaret
 0001:00008B90       CPortCtl.TCustomComTerminal.ShowCaret
 0001:00008BAC       CPortCtl.TCustomComTerminal.SendChar
 0001:00008C74       CPortCtl.TCustomComTerminal.SendCode
 0001:00008D1C       CPortCtl.TCustomComTerminal.SendCodeNoEcho
 0001:00008DA0       CPortCtl.TCustomComTerminal.PutEscapeCode
 0001:0000917C       CPortCtl.TCustomComTerminal.CalculateMetrics
 0001:000091D8       CPortCtl.TCustomComTerminal.DoChar
 0001:000091F8       CPortCtl.TCustomComTerminal.DoGetEscapeCodes
 0001:00009218       CPortCtl.TCustomComTerminal.DoStrRecieved
 0001:00009238       CPortCtl.TCustomComTerminal.DoUnhandledCode
 0001:0000929C       CPortCtl.TCustomComTerminal.CreateEscapeCodes
 0001:000092F8       CPortCtl.TCustomComTerminal.PerformTest
 0001:0000936C       CPortCtl.TCustomComTerminal.SetTermAttrColors
 0001:00009398       CPortCtl.TCustomComTerminal.GetCharAttr
 0001:000093F4       CPortCtl.TCustomComTerminal.PutChar
 0001:000094B8       CPortCtl.TCustomComTerminal.InitCaret
 0001:000094E0       CPortCtl.TCustomComTerminal.RestoreCaretPos
 0001:000094F4       CPortCtl.TCustomComTerminal.SaveCaretPos
 0001:00009510       CPortCtl.TCustomComTerminal.RestoreAttr
 0001:00009538       CPortCtl.TCustomComTerminal.SaveAttr
 0001:00009560       CPortCtl.AppendLineFeeds
 0001:00009610       CPortCtl.Force7BitData
 0001:0000964C       CPortCtl.TCustomComTerminal.RxBuf
 0001:000096F0       CPortCtl.TCustomComTerminal.GetConnected
 0001:00009704       CPortCtl.TCustomComTerminal.SetConnected
 0001:00009718       CPortCtl.TCustomComTerminal.SetBorderStyle
 0001:0000972C       CPortCtl.TCustomComTerminal.SetScrollBars
 0001:00009740       CPortCtl.TCustomComTerminal.SetColumns
 0001:000097A0       CPortCtl.TCustomComTerminal.SetRows
 0001:00009800       CPortCtl.TCustomComTerminal.SetEmulation
 0001:0000982C       CPortCtl.TCustomComTerminal.SetCaret
 0001:0000985C       CPortCtl.TCustomComTerminal.SetComPort
 0001:000098A4       CPortCtl.TCustomComTerminal.SetAltColor
 0001:000098C8       CPortCtl.Finalization
 0001:0000992C       CPortSetup..TComSetupFrm
 0001:00009BA8       CPortSetup.EditComPort
 0001:00009CB4       CPortSetup.TComSetupFrm.FormCreate
 0001:00009CB8       CPortSetup.Finalization
 0001:00009CE8       CPort..TComLink
 0001:00009D60       CPort..TComThread
 0001:00009DE4       CPort..TComTimeouts
 0001:00009F50       CPort..TComFlowControl
 0001:0000A17C       CPort..TComParity
 0001:0000A28C       CPort..TComBuffer
 0001:0000A35C       CPort..TCustomComPort
 0001:0000A4AC       CPort..TComPort
 0001:0000A9E8       CPort..TComDataPacket
 0001:0000AC78       CPort..TComStream
 0001:0000AD10       CPort..EComPort
 0001:0000AD88       CPort..EComPortExt
 0001:0000AE04       CPort.ComErrorMessage
 0001:0000B3D8       CPort.EventsToInt
 0001:0000B444       CPort.IntToEvents
 0001:0000B548       CPort.TComThread.Create
 0001:0000B5C8       CPort.TComThread.Destroy
 0001:0000B5F4       CPort.TComThread.Execute
 0001:0000B6BC       CPort.TComThread.Stop
 0001:0000B6D0       CPort.TComThread.DispatchComMsg
 0001:0000B700       CPort.TComThread.SendEvents
 0001:0000B81C       CPort.TComThread.DoEvents
 0001:0000B8B0       CPort.TComTimeouts.Create
 0001:0000B8FC       CPort.TComTimeouts.AssignTo
 0001:0000B944       CPort.TComTimeouts.SetComPort
 0001:0000B948       CPort.TComTimeouts.SetReadInterval
 0001:0000B968       CPort.TComTimeouts.SetReadTotalC
 0001:0000B988       CPort.TComTimeouts.SetReadTotalM
 0001:0000B9A8       CPort.TComTimeouts.SetWriteTotalC
 0001:0000B9C8       CPort.TComTimeouts.SetWriteTotalM
 0001:0000B9E8       CPort.TComFlowControl.Create
 0001:0000BA28       CPort.TComFlowControl.AssignTo
 0001:0000BA98       CPort.TComFlowControl.SetComPort
 0001:0000BA9C       CPort.TComFlowControl.SetControlDTR
 0001:0000BABC       CPort.TComFlowControl.SetControlRTS
 0001:0000BADC       CPort.TComFlowControl.SetOutCTSFlow
 0001:0000BAFC       CPort.TComFlowControl.SetOutDSRFlow
 0001:0000BB1C       CPort.TComFlowControl.SetXonXoffIn
 0001:0000BB3C       CPort.TComFlowControl.SetXonXoffOut
 0001:0000BB5C       CPort.TComFlowControl.SetDSRSensitivity
 0001:0000BB7C       CPort.TComFlowControl.SetTxContinueOnXoff
 0001:0000BB9C       CPort.TComFlowControl.SetXonChar
 0001:0000BBBC       CPort.TComFlowControl.SetXoffChar
 0001:0000BBDC       CPort.TComFlowControl.GetFlowControl
 0001:0000BC34       CPort.TComFlowControl.SetFlowControl
 0001:0000BC7C       CPort.TComParity.Create
 0001:0000BCB8       CPort.TComParity.AssignTo
 0001:0000BCFC       CPort.TComParity.SetComPort
 0001:0000BD00       CPort.TComParity.SetBits
 0001:0000BD20       CPort.TComParity.SetCheck
 0001:0000BD40       CPort.TComParity.SetReplace
 0001:0000BD60       CPort.TComParity.SetReplaceChar
 0001:0000BD80       CPort.TComBuffer.Create
 0001:0000BDC4       CPort.TComBuffer.AssignTo
 0001:0000BDF8       CPort.TComBuffer.SetComPort
 0001:0000BDFC       CPort.TComBuffer.SetInputSize
 0001:0000BE30       CPort.TComBuffer.SetOutputSize
 0001:0000BE64       CPort.TCustomComPort.Create
 0001:0000BF8C       CPort.TCustomComPort.Destroy
 0001:0000BFE0       CPort.TCustomComPort.CreateHandle
 0001:0000C0CC       CPort.TCustomComPort.DestroyHandle
 0001:0000C0DC       CPort.TCustomComPort.Loaded
 0001:0000C148       CPort.TCustomComPort.WindowMethod
 0001:0000C2B0       CPort.TCustomComPort.BeginUpdate
 0001:0000C2B4       CPort.TCustomComPort.EndUpdate
 0001:0000C2CC       CPort.TCustomComPort.Open
 0001:0000C3B8       CPort.TCustomComPort.Close
 0001:0000C40C       CPort.TCustomComPort.ApplyDCB
 0001:0000C598       CPort.GetTOValue
 0001:0000C5A4       CPort.TCustomComPort.ApplyTimeouts
 0001:0000C644       CPort.TCustomComPort.ApplyBuffer
 0001:0000C698       CPort.TCustomComPort.SetupComPort
 0001:0000C6C0       CPort.TCustomComPort.InputCount
 0001:0000C70C       CPort.TCustomComPort.OutputCount
 0001:0000C750       CPort.TCustomComPort.Signals
 0001:0000C7F0       CPort.TCustomComPort.StateFlags
 0001:0000C834       CPort.TCustomComPort.SetBreak
 0001:0000C878       CPort.TCustomComPort.SetDTR
 0001:0000C8BC       CPort.TCustomComPort.SetRTS
 0001:0000C900       CPort.TCustomComPort.SetXonXoff
 0001:0000C944       CPort.TCustomComPort.ClearBuffer
 0001:0000C988       CPort.TCustomComPort.LastErrors
 0001:0000CA8C       CPort.CPortPrepareAsync
 0001:0000CAD0       CPort.TCustomComPort._SyncRead
 0001:0000CB04       CPort.TCustomComPort._SyncWrite
 0001:0000CB40       CPort.TCustomComPort.WriteAsync
 0001:0000CBE0       CPort.TCustomComPort._WriteAsyncWrapper
 0001:0000CC48       CPort.TCustomComPort.WriteStrAsync
 0001:0000CC80       CPort.TCustomComPort.WriteStr
 0001:0000CCCC       CPort.TCustomComPort._WriteStrWrapper
 0001:0000CD50       CPort.TCustomComPort.ReadAsync
 0001:0000CE00       CPort.TCustomComPort.Read
 0001:0000CE68       CPort.TCustomComPort.ReadStrAsync
 0001:0000CEE0       CPort.TCustomComPort.ReadStr
 0001:0000CF54       CPort.ErrorCode
 0001:0000CF74       CPort.TCustomComPort.WaitForAsync
 0001:0000D034       CPort.TCustomComPort.AbortAllAsync
 0001:0000D070       CPort.TCustomComPort.IsAsyncCompleted
 0001:0000D0E8       CPort.TCustomComPort.WaitForEvent
 0001:0000D21C       CPort.TCustomComPort.TransmitChar
 0001:0000D250       CPort.TCustomComPort.ShowSetupDialog
 0001:0000D258       CPort.BoolToStr
 0001:0000D294       CPort.StrToBool
 0001:0000D32C       CPort.DTRToStr
 0001:0000D38C       CPort.RTSToStr
 0001:0000D3A8       CPort.StrToRTS
 0001:0000D434       CPort.StrToDTR
 0001:0000D4C0       CPort.CPortStrToChar
 0001:0000D588       CPort.CPortCharToStr
 0001:0000D5FC       CPort.TCustomComPort.StoreIniFile
 0001:0000DD0C       CPort.TCustomComPort.StoreRegistry
 0001:0000E3A4       CPort.TCustomComPort.LoadIniFile
 0001:0000ECF0       CPort.TCustomComPort.LoadRegistry
 0001:0000F3FC       CPort.SetRegistry
 0001:0000F568       CPort.TCustomComPort.StoreSettings
 0001:0000F690       CPort.TCustomComPort.LoadSettings
 0001:0000F7EC       CPort.TCustomComPort.RegisterLink
 0001:0000F834       CPort.TCustomComPort.UnRegisterLink
 0001:0000F87C       CPort.TCustomComPort.DoBeforeClose
 0001:0000F89C       CPort.TCustomComPort.DoBeforeOpen
 0001:0000F8BC       CPort.TCustomComPort.DoAfterOpen
 0001:0000F8DC       CPort.TCustomComPort.DoAfterClose
 0001:0000F8FC       CPort.TCustomComPort.DoRxChar
 0001:0000F914       CPort.TCustomComPort.DoRxBuf
 0001:0000F934       CPort.TCustomComPort.DoBreak
 0001:0000F954       CPort.TCustomComPort.DoTxEmpty
 0001:0000F974       CPort.TCustomComPort.DoRing
 0001:0000F994       CPort.TCustomComPort.DoCTSChange
 0001:0000F9B4       CPort.TCustomComPort.DoDSRChange
 0001:0000F9D4       CPort.TCustomComPort.DoRLSDChange
 0001:0000F9F4       CPort.TCustomComPort.DoError
 0001:0000FA1C       CPort.TCustomComPort.DoRxFlag
 0001:0000FA3C       CPort.TCustomComPort.DoRx80Full
 0001:0000FA5C       CPort.TCustomComPort.CheckSignals
 0001:0000FAC8       CPort.TCustomComPort.CallAfterClose
 0001:0000FAE8       CPort.TCustomComPort.CallAfterOpen
 0001:0000FB10       CPort.TCustomComPort.CallBeforeClose
 0001:0000FB2C       CPort.TCustomComPort.CallBeforeOpen
 0001:0000FB38       CPort.TCustomComPort.CallBreak
 0001:0000FB44       CPort.TCustomComPort.CallCTSChange
 0001:0000FB70       CPort.TCustomComPort.CallDSRChange
 0001:0000FB9C       CPort.TCustomComPort.CallRLSDChange
 0001:0000FBC8       CPort.TCustomComPort.CallError
 0001:0000FBF4       CPort.TCustomComPort.CallRing
 0001:0000FC10       CPort.TCustomComPort.CallRx80Full
 0001:0000FC1C       CPort.PerformRead
 0001:0000FC60       CPort.CheckLinks
 0001:0000FD5C       CPort.TCustomComPort.CallRxChar
 0001:0000FDB0       CPort.TCustomComPort.CallRxFlag
 0001:0000FDCC       CPort.TCustomComPort.CallTxEmpty
 0001:0000FDF4       CPort.TCustomComPort.HasLink
 0001:0000FE30       CPort.TCustomComPort.TxNotifyLink
 0001:0000FE90       CPort.TCustomComPort.NotifyLink
[...]
  1367 0001:00016017  1368 0001:00016019  1363 0001:0001601D  1370 0001:00016022
  1371 0001:00016025  1375 0001:00016028  1376 0001:0001602E  1377 0001:00016047
  1378 0001:0001604D  1379 0001:00016050  1380 0001:00016053  1384 0001:00016058
  1385 0001:0001605E  1386 0001:00016077  1387 0001:00016082  1388 0001:00016086
  1392 0001:0001608C  1393 0001:00016092  1394 0001:000160AB  1395 0001:000160B6
  1396 0001:000160BA  1400 0001:000160C0  1401 0001:000160C6  1402 0001:000160DF
  1403 0001:000160EA  1404 0001:000160EE  1416 0001:000160F4  1417 0001:000160FA
  1418 0001:00016113  1419 0001:0001611E  1420 0001:00016122  1425 0001:00016128
  1426 0001:00016133  1430 0001:00016134  1431 0001:0001613F  1434 0001:00016140
  1435 0001:00016146  1436 0001:00016153  1440 0001:00016158  1441 0001:00016161
  1444 0001:00016164  1446 0001:00016169  1445 0001:00016179  1447 0001:00016185
  1451 0001:00016188  1452 0001:000161A8  1454 0001:000161AF  1455 0001:000161B6
  1456 0001:000161BC  1457 0001:000161C0  1458 0001:000161C6  1459 0001:000161CA
  1460 0001:000161D0  1462 0001:000161D4  1463 0001:000161DA  1464 0001:000161DE
  1465 0001:000161E4  1466 0001:000161EB  1467 0001:000161F1  1469 0001:000161F8
  1470 0001:000161FE  1471 0001:00016205  1472 0001:0001620B  1474 0001:00016212
  1475 0001:00016220  1476 0001:00016226  1477 0001:0001622E  1478 0001:0001623A
  1479 0001:00016240  1480 0001:00016246  1481 0001:00016250  1482 0001:0001625A
  1483 0001:00016264  1484 0001:0001626E  1486 0001:00016278  1487 0001:0001627E
  1488 0001:00016282  1489 0001:00016288  1490 0001:0001628C  1491 0001:00016292
  1492 0001:00016299  1493 0001:0001629F  1494 0001:000162A6  1495 0001:000162AC
  1496 0001:000162B3  1497 0001:000162B9  1498 0001:000162C0  1499 0001:000162C6
  1501 0001:000162CA  1502 0001:000162DC  1503 0001:000162FA  1506 0001:00016320
  1507 0001:00016337  1508 0001:00016342  1509 0001:00016360  1510 0001:0001637E
  1514 0001:000163A4  1515 0001:000163C0  1517 0001:000163C3  1518 0001:000163C9
  1519 0001:000163CF  1520 0001:000163D5  1521 0001:000163DB  1523 0001:000163E1
  1524 0001:000163F6  1525 0001:00016414  1528 0001:00016438  1529 0001:00016455
  1530 0001:00016461  1532 0001:00016465  1533 0001:0001647F  1535 0001:00016484
  1536 0001:00016491  1537 0001:00016499  1538 0001:000164A0  1546 0001:000164D3
  1547 0001:000164DC  1549 0001:000164E0  1550 0001:00016517  1555 0001:00016519
  1557 0001:0001652D  1558 0001:00016534  1559 0001:0001653B  1560 0001:00016542
  1563 0001:00016580  1564 0001:00016596  1565 0001:000165A1  1566 0001:000165BD
  1567 0001:000165C4  1570 0001:000165E8  1571 0001:000165FF  1572 0001:00016601
  1573 0001:00016628  1575 0001:00016631  1576 0001:00016638  1578 0001:0001665F
  1581 0001:00016684  1582 0001:0001669A  1587 0001:000166A5  1588 0001:000166B0
  1589 0001:000166B9  1590 0001:000166C0  1591 0001:000166C8  1592 0001:000166D0
  1593 0001:000166DA  1594 0001:000166F4  1606 0001:00016718  1607 0001:0001671F
  1610 0001:00016720  1611 0001:00016723  1612 0001:0001673D  1615 0001:00016740
  1616 0001:00016746  1618 0001:00016751  1619 0001:0001675D  1621 0001:0001676C
  1624 0001:00016770  1625 0001:00016787  1626 0001:00016789  1628 0001:00016794
  1629 0001:000167A3  1630 0001:000167B6  1631 0001:000167D0  1634 0001:000167F4
  1635 0001:0001680B  1636 0001:0001680D  1637 0001:00016818  1638 0001:0001682B
  1639 0001:00016845  1642 0001:0001686C  1643 0001:0001686F  1644 0001:0001687A
  1645 0001:0001688B  1646 0001:0001688D  1651 0001:00016890  1652 0001:000168AD
  1654 0001:000168B8  1655 0001:000168CD  1658 0001:000168D3  1659 0001:000168DA
  1661 0001:000168F4  1665 0001:00016920  1666 0001:0001693D  1667 0001:0001693F
  1669 0001:0001694E  1670 0001:0001695B  1671 0001:000169E9  1672 0001:000169F0
  1673 0001:000169F7  1674 0001:000169FE  1675 0001:00016A05  1676 0001:00016A0C
  1677 0001:00016A13  1678 0001:00016A1A  1679 0001:00016A21  1680 0001:00016A28
  1681 0001:00016A2F  1682 0001:00016A36  1683 0001:00016A3D  1684 0001:00016A44
  1686 0001:00016A4B  1687 0001:00016A65  1693 0001:00016A8C  1694 0001:00016AAC
  1695 0001:00016AAE  1697 0001:00016AB9  1698 0001:00016ACA  1699 0001:00016AD3
  1700 0001:00016AD8  1702 0001:00016ADD  1703 0001:00016AF7  1709 0001:00016B20
  1710 0001:00016B42  1711 0001:00016B51  1712 0001:00016B61  1713 0001:00016B71
  1714 0001:00016B7C  1715 0001:00016B90  1716 0001:00016BAA  1717 0001:00016BB3
  1718 0001:00016BB6  1724 0001:00016BDC  1725 0001:00016BFE  1726 0001:00016C0D
  1727 0001:00016C1D  1728 0001:00016C2D  1729 0001:00016C38  1730 0001:00016C4C
  1731 0001:00016C66  1732 0001:00016C6F  1733 0001:00016C72  1738 0001:00016C98
  1739 0001:00016CBE  1741 0001:00016CC3  1743 0001:00016CCF  1744 0001:00016CE9
  1747 0001:00016CEE  1749 0001:00016CFA  1750 0001:00016D14  1753 0001:00016D19
  1755 0001:00016D23  1756 0001:00016D26  1757 0001:00016D2E  1759 0001:00016D38
  1760 0001:00016D51  1762 0001:00016D59  1763 0001:00016D61  1764 0001:00016D73
  1765 0001:00016D82  1767 0001:00016D86  1768 0001:00016D8F  1769 0001:00016D92
  1770 0001:00016D95  1771 0001:00016D98  1772 0001:00016DA2  1773 0001:00016DB0
  1775 0001:00016DDC  1779 0001:00016DEE  1781 0001:00016DF7  1782 0001:00016DFE
  1783 0001:00016E06  1757 0001:00016E11  1785 0001:00016E1B  1788 0001:00016E4C
  1789 0001:00016E4D  1790 0001:00016E5A  1793 0001:00016E5C  1794 0001:00016E63
  1795 0001:00016E77  1798 0001:00016E7C  1799 0001:00016E82  1800 0001:00016EA9
  1805 0001:00016EAC  1806 0001:00016ED2  1807 0001:00016ED7  1809 0001:00016EE3
  1810 0001:00016EFD  1813 0001:00016F02  1815 0001:00016F0E  1816 0001:00016F28
  1819 0001:00016F2D  1821 0001:00016F37  1822 0001:00016F3A  1823 0001:00016F42
  1825 0001:00016F4C  1826 0001:00016F58  1828 0001:00016F5C  1829 0001:00016F64
  1830 0001:00016F76  1831 0001:00016F7F  1832 0001:00016F82  1833 0001:00016F85
  1834 0001:00016F88  1835 0001:00016F92  1836 0001:00016FA0  1837 0001:00016FAE
  1839 0001:00016FC7  1843 0001:00016FD9  1844 0001:00016FE0  1845 0001:00016FE8
  1823 0001:00016FF3  1847 0001:00016FFD  1850 0001:0001702C  1851 0001:0001702D
  1852 0001:0001703A  1855 0001:0001703C  1856 0001:00017042  1857 0001:00017056
  1861 0001:0001705C  1862 0001:00017062  1863 0001:00017074  1864 0001:0001708F
  1865 0001:00017098  1866 0001:0001709D  1869 0001:000170A0  1870 0001:000170A9
  1871 0001:000170C0  1873 0001:000170C4  1874 0001:000170CD  1876 0001:000170E4
  1880 0001:000170E8  1881 0001:000170F3  1882 0001:00017108  1883 0001:00017119
  1882 0001:0001713D  1884 0001:00017140  1885 0001:0001714F  1886 0001:00017160
  1885 0001:00017184  1887 0001:00017187  1890 0001:00017190  1891 0001:00017199
  1892 0001:000171BB  1893 0001:000171DF  1894 0001:000171EF  1897 0001:000171F8
  1898 0001:000171F9  1899 0001:00017215  1903 0001:00017218  1904 0001:00017231
  1905 0001:0001723C  1906 0001:0001724F  1907 0001:00017269  1911 0001:0001728C
  1912 0001:000172A5  1913 0001:000172B0  1914 0001:000172C3  1915 0001:000172DD
  1919 0001:00017300  1920 0001:00017319  1921 0001:00017324  1922 0001:00017337
  1923 0001:00017351  1927 0001:00017374  1928 0001:0001738D  1929 0001:00017398
  1930 0001:000173AB  1931 0001:000173C5  1939 0001:000173E8  1940 0001:00017416
  1941 0001:0001741D  1943 0001:00017429  1944 0001:00017443  1946 0001:00017448
  1948 0001:00017454  1949 0001:0001746E  1951 0001:00017473  1952 0001:0001747D
  1953 0001:00017487  1954 0001:00017495  1955 0001:0001749D  1956 0001:000174A4
  1958 0001:000174A9  1960 0001:000174C0  1961 0001:000174D6  1962 0001:000174E8
  1964 0001:000174F5  1965 0001:000174FB  1966 0001:000174FD  1961 0001:00017503
  1967 0001:00017506  1968 0001:00017509  1970 0001:0001751D  1971 0001:00017522
  1972 0001:00017527  1973 0001:00017535  1975 0001:00017568  1977 0001:0001757A
  1980 0001:000175A8  1981 0001:000175B4  1983 0001:000175BC  1984 0001:000175C5
  1985 0001:000175DF  1987 0001:000175E3  1988 0001:000175EC  1990 0001:000175FB
  1991 0001:00017605  1992 0001:00017619  1995 0001:00017620  1996 0001:0001763A
  1997 0001:0001763C  1998 0001:0001764E  1999 0001:00017659  2001 0001:0001766D
  2002 0001:00017687  2006 0001:000176B0  2007 0001:000176B7  2010 0001:000176B8
  2011 0001:000176D9  2012 0001:000176DB  2014 0001:000176E6  2015 0001:000176F1
  2018 0001:0001770D  2019 0001:0001771E  2022 0001:0001772E  2023 0001:00017748
  2026 0001:0001777C  2027 0001:0001779D  2028 0001:0001779F  2030 0001:000177AA
  2031 0001:000177B5  2032 0001:000177D1  2034 0001:000177DC  2035 0001:000177FA
  2038 0001:0001780A  2039 0001:00017824  2042 0001:00017854  2043 0001:00017875
  2044 0001:00017877  2046 0001:00017882  2047 0001:0001788D  2049 0001:000178A9
  2051 0001:000178BC  2052 0001:000178D6  2055 0001:00017904  2056 0001:00017925
  2057 0001:00017927  2059 0001:00017932  2060 0001:0001793D  2062 0001:00017959
  2064 0001:00017969  2065 0001:00017983  2068 0001:000179B0  2069 0001:000179CA
  2070 0001:000179CC  2071 0001:000179D7  2073 0001:000179E8  2074 0001:00017A02
  2079 0001:00017A2C  2080 0001:00017A32  2081 0001:00017A3F  2083 0001:00017A54
  2084 0001:00017A69  2085 0001:00017A74  2081 0001:00017A75  2086 0001:00017A78
  2087 0001:00017A84  2088 0001:00017A8C  2089 0001:00017A93  2090 0001:00017AA8
  2095 0001:00017AB4  2096 0001:00017AC6  2097 0001:00017ACF  2098 0001:00017AD4
  2099 0001:00017ADC  2100 0001:00017AE3  2101 0001:00017AF0  2102 0001:00017AFD
  2103 0001:00017B04  2104 0001:00017B08  2107 0001:00017B48  2108 0001:00017B4F
  2110 0001:00017B60  2111 0001:00017B6D  2112 0001:00017B78  2113 0001:00017B7E
  2114 0001:00017B84  2115 0001:00017B8F  2116 0001:00017B95  2119 0001:00017B9E
  2120 0001:00017BA7  2124 0001:00017BAC  2127 0001:00017C43  2129 0001:00017C46
  2140 0001:00017CD0  2141 0001:00017CD6  2142 0001:00017CE1  2143 0001:00017CE8
  2144 0001:00017CEC  2145 0001:00017CFB  2146 0001:00017D0B  2148 0001:00017D1B
  2150 0001:00017D27  2155 0001:00017D40  2156 0001:00017D60  2157 0001:00017D63
  2159 0001:00017D75  2160 0001:00017D8B  2162 0001:00017D93  2163 0001:00017DA2
  2164 0001:00017DA9  2165 0001:00017DAF  2166 0001:00017DB6  2168 0001:00017DC3
  2169 0001:00017DC5  2170 0001:00017DC7  2165 0001:00017DCB  2171 0001:00017DD0
  2175 0001:00017E08  2176 0001:00017E0F  2178 0001:00017E16  2179 0001:00017E1E
  2181 0001:00017E2E  2177 0001:00017E2F  2182 0001:00017E3A  2186 0001:00017E40
  2187 0001:00017E45  2188 0001:00017E47  2189 0001:00017E50  2192 0001:00017E5A
  2196 0001:00017E8A  2195 0001:00017E98  2197 0001:00017EB2  2198 0001:00017EC0
  2204 0001:00017EC4  2202 0001:00017ED2  2205 0001:00017EF2  2206 0001:00017F00
  2208 0001:00017F04  2210 0001:00017F13  2190 0001:00017F14  2212 0001:00017F23
  2217 0001:00017F2C  2218 0001:00017F4A  2220 0001:00017F94  2222 0001:00017F9E
  2224 0001:00017FA6  2223 0001:00017FA8  2225 0001:00017FB5  2228 0001:00017FDC
  2229 0001:0001801C  2230 0001:00018044  2231 0001:00018046  2232 0001:0001804E
  2234 0001:00018064  2235 0001:00018073  2237 0001:00018078  2238 0001:000180AF
  2239 0001:000180B3  2241 0001:000180C2  2242 0001:000180C7  2245 0001:0001810C
  2246 0001:00018140  2247 0001:00018142  2248 0001:0001814A  2250 0001:00018165
  2252 0001:0001818E  2253 0001:0001819C  2254 0001:000181AB  2255 0001:000181BD
  2256 0001:000181D0  2259 0001:000181D5  2263 0001:0001821A  2264 0001:0001821B
  2265 0001:00018234  2257 0001:00018236  2268 0001:0001823A  2272 0001:00018270
  2273 0001:00018274  2274 0001:00018276  2275 0001:00018294  2276 0001:00018296
  2277 0001:000182A6  2278 0001:000182A8  2281 0001:000182C8  2282 0001:000182D7
  2283 0001:000182F1  2284 0001:0001830D  2289 0001:00018324  2290 0001:00018336
  2291 0001:0001833F  2292 0001:00018351  2295 0001:0001836C  2296 0001:00018377
  2297 0001:00018383  2298 0001:0001838E  2301 0001:0001839C  2302 0001:0001839F
  2303 0001:000183A6  2304 0001:000183AD  2305 0001:000183BA  2306 0001:000183C1
  2309 0001:000183C8  2310 0001:000183DE  2312 0001:000183E9  2313 0001:000183FB
  2314 0001:0001840B  2315 0001:00018414  2316 0001:0001842E  2320 0001:00018450
  2321 0001:0001845A  2322 0001:00018461  2325 0001:00018464  2326 0001:0001846D
  2327 0001:000184DF  2331 0001:000184E8  2332 0001:00018513  2333 0001:00018517
  2334 0001:0001853A  2335 0001:0001854A  2337 0001:00018556  2338 0001:00018565
  2339 0001:00018575  2340 0001:00018579  2341 0001:000185AB  2342 0001:000185B8
  2343 0001:000185C8  2344 0001:000185D5  2345 0001:000185DF  2346 0001:000185E9
  2347 0001:000185F7  2349 0001:00018612  2350 0001:0001861C  2352 0001:00018622
  2353 0001:0001862E  2354 0001:00018640  2355 0001:0001864C  2358 0001:0001865B
  2360 0001:0001866D  2363 0001:000186C4  2364 0001:000186E5  2365 0001:000186E7
  2366 0001:000186F2  2367 0001:00018711  2369 0001:00018748  2370 0001:00018767
  2374 0001:000187FD  2377 0001:00018840  2378 0001:0001886B  2379 0001:0001886F
  2381 0001:0001887B  2382 0001:00018895  2383 0001:0001889A  2385 0001:000188A6
  2386 0001:000188C0  2388 0001:000188C5  2389 0001:000188D7  2390 0001:000188E3
  2391 0001:000188E9  2393 0001:000188ED  2394 0001:000188F7  2395 0001:00018901
  2396 0001:0001890F  2399 0001:00018998  2401 0001:000189AA  2402 0001:000189B0
  2403 0001:000189BE  2405 0001:000189CA  2406 0001:000189DC  2407 0001:000189EB
  2409 0001:000189FD  2410 0001:00018A05  2413 0001:00018A11  2414 0001:00018A20
  2415 0001:00018A2A  2419 0001:00018A7C  2420 0001:00018AB5  2421 0001:00018AB9
  2423 0001:00018AC5  2424 0001:00018ADF  2425 0001:00018AE4  2427 0001:00018AF0
  2428 0001:00018B0A  2430 0001:00018B0F  2431 0001:00018B19  2432 0001:00018B23
  2433 0001:00018B31  2434 0001:00018B7B  2436 0001:00018B81  2437 0001:00018B8E
  2438 0001:00018BB0  2440 0001:00018BB6  2441 0001:00018BC3  2443 0001:00018BCD
  2445 0001:00018BE4  2447 0001:00018BF6  2450 0001:00018C48  2451 0001:00018C66
  2453 0001:00018C72  2454 0001:00018C74  2455 0001:00018C8E  2457 0001:00018C93
  2458 0001:00018C9D  2459 0001:00018CA7  2460 0001:00018CB5  2463 0001:00018D06
  2465 0001:00018D2A  2466 0001:00018D3A  2469 0001:00018D4F  2471 0001:00018D61
  2472 0001:00018D6E  2473 0001:00018D77  2476 0001:00018DB4  2477 0001:00018DB7
  2478 0001:00018DD3  2481 0001:00018DD8  2482 0001:00018DF5  2484 0001:00018E01
  2485 0001:00018E05  2486 0001:00018E1F  2488 0001:00018E24  2490 0001:00018E48
  2491 0001:00018E52  2492 0001:00018E56  2495 0001:00018E60  2496 0001:00018E6A
  2497 0001:00018E78  2500 0001:00018ECA  2503 0001:00018EDC  2504 0001:00018EEB
  2513 0001:00018F2C  2514 0001:00018F31  2515 0001:00018F38  2516 0001:00018F4F
  2517 0001:00018F6B  2521 0001:00018F70  2523 0001:00018FAA  2522 0001:00018FBB
  2524 0001:00018FCC  2525 0001:00018FD7  2526 0001:00019026  2530 0001:0001904E
  2531 0001:00019072  2528 0001:00019083  2533 0001:00019091  2534 0001:000190BA
  2535 0001:000190D1  2539 0001:00019110  2541 0001:0001911D  2540 0001:0001912E
  2543 0001:0001913C  2542 0001:00019151  2544 0001:00019166  2546 0001:00019168
  2547 0001:00019169  2548 0001:00019176  2550 0001:00019183  2551 0001:00019192
  2553 0001:00019193  2554 0001:00019197  2555 0001:000191A4  2560 0001:000191B4
  2561 0001:000191D0  2562 0001:000191D2  2563 0001:000191DB  2565 0001:000191F0
  2566 0001:000191FB  2569 0001:000191FE  2570 0001:00019221  2567 0001:00019222
  2572 0001:0001922F  2574 0001:00019233  2575 0001:00019244  2576 0001:0001924E
  2578 0001:00019268  2579 0001:00019276  2580 0001:00019280  2581 0001:0001928A
  2585 0001:0001928C  2587 0001:000192B4  2588 0001:000192DF  2590 0001:000192EF
  2591 0001:000192F9  2592 0001:00019304  2593 0001:0001930E  2594 0001:00019322
  2595 0001:0001932C  2597 0001:00019337  2598 0001:00019344  2599 0001:0001934E
  2600 0001:0001935F  2601 0001:00019371  2602 0001:0001937D  2603 0001:00019391
  2606 0001:000193C4  2607 0001:000193CC  2609 0001:000193E4  2611 0001:000193EF
  2612 0001:00019401  2613 0001:00019408  2614 0001:00019411  2616 0001:0001941A
  2618 0001:00019423  2619 0001:0001942A  2620 0001:00019435  2622 0001:0001943C
  2625 0001:00019443  2626 0001:00019470  2627 0001:0001947E  2628 0001:00019489
  2631 0001:0001948C  2632 0001:000194C1  2634 0001:000194CC  2636 0001:000194E3
  2637 0001:000194EA  2638 0001:000194F3  2640 0001:00019510  2641 0001:00019517
  2644 0001:0001951E  2645 0001:00019534  2646 0001:0001953B  2648 0001:00019551
  2649 0001:00019558  2650 0001:00019565  2652 0001:0001956C  2653 0001:00019580
  2654 0001:000195AF  2655 0001:000195B6  2658 0001:000195F4  2659 0001:000195FC
  2660 0001:00019606  2661 0001:00019614  2663 0001:00019640  2665 0001:00019658
  2668 0001:00019660  2669 0001:00019668  2670 0001:00019672  2671 0001:00019680
  2673 0001:000196AC  2675 0001:000196BE  2678 0001:000196C4  2679 0001:000196CA
  2680 0001:000196D6  2682 0001:000196E1  2683 0001:000196E8  2685 0001:00019702
  2688 0001:00019708  2689 0001:0001970B  2691 0001:00019716  2692 0001:0001972B
  2693 0001:00019732  2695 0001:0001974A  2698 0001:00019750  2699 0001:00019751
  2700 0001:0001976B  2703 0001:00019770  2704 0001:0001978C  2705 0001:00019796
  2706 0001:000197A4  2708 0001:000197E5  2710 0001:000197F7  2713 0001:00019824
  2714 0001:00019844  2715 0001:0001984E  2716 0001:0001985C  2717 0001:0001986B
  2720 0001:000198BC  2721 0001:000198C0  2724 0001:00019907  2726 0001:00019919
  2730 0001:00019970  2731 0001:00019993  2732 0001:000199A5  2733 0001:000199AF
  2734 0001:000199C3  2736 0001:000199CE  2737 0001:000199E8  2738 0001:000199ED
  2742 0001:00019A28  2743 0001:00019A42  2745 0001:00019A47  2746 0001:00019A56
  2747 0001:00019A60  2749 0001:00019A67  2750 0001:00019A73  2752 0001:00019A82
  2753 0001:00019AB1  2754 0001:00019AC4  2755 0001:00019AD8  2758 0001:00019B04
  2759 0001:00019B07  2760 0001:00019B23  2764 0001:00019B28  2765 0001:00019B49
  2766 0001:00019B4D  2769 0001:00019B68  2770 0001:00019B75  2771 0001:00019B7F
  2772 0001:00019B8E  2774 0001:00019B9B  2776 0001:00019BAB  2779 0001:00019BBA
  2780 0001:00019BEC  2783 0001:00019BF4  2784 0001:00019C00  2786 0001:00019C28
  2788 0001:00019C33  2791 0001:00019C35  2792 0001:00019C3F  2793 0001:00019C4D
  2794 0001:00019C60  2796 0001:00019C82  2798 0001:00019C94  2801 0001:00019CFC
  2802 0001:00019D1C  2804 0001:00019D28  2805 0001:00019D42  2807 0001:00019D47
  2808 0001:00019D53  2809 0001:00019D64  2811 0001:00019D70  2812 0001:00019D78
  2813 0001:00019D82  2814 0001:00019D8C  2815 0001:00019D9A  2816 0001:00019DA7
  2818 0001:00019DC1  2819 0001:00019DCB  2821 0001:00019DDD  2822 0001:00019DEC
  2824 0001:00019E0C  2825 0001:00019E14  2826 0001:00019E1E  2827 0001:00019E2C
  2830 0001:00019E68  2831 0001:00019E7C  2834 0001:00019E93  2837 0001:00019EA5
  2840 0001:00019EF4  2841 0001:00019F0A  2843 0001:00019F15  2844 0001:00019F2F
  2846 0001:00019F31  2848 0001:00019F3C  2849 0001:00019F4E  2850 0001:00019F5A
  2851 0001:00019F63  2853 0001:00019F6C  2857 0001:00019F90  2858 0001:00019FAD
  2859 0001:00019FB4  2861 0001:00019FD0  2862 0001:00019FE1  2863 0001:00019FF2
  2864 0001:0001A003  2865 0001:0001A016  2866 0001:0001A021  2867 0001:0001A03B
  2870 0001:0001A074  2871 0001:0001A078  2872 0001:0001A083  2874 0001:0001A092
  2875 0001:0001A099  2878 0001:0001A0A8  2879 0001:0001A0AC  2880 0001:0001A0B5
  2881 0001:0001A0C9  2882 0001:0001A0CC  2911 0001:0001A0D4  2912 0001:0001A0D7
  2913 0001:0001A0E5  2914 0001:0001A0EF  2916 0001:0001A108  2919 0001:0001A10F
  2921 0001:0001A114  2928 0001:0001A11C

Line numbers for XComDrv(omcom.bpl\ouxcomm\source\XComDrv.pas) segment .itext

  2924 0002:000003E0  2926 0002:000003E7

Line numbers for .omcom(omcom.dpk) segment .itext

    37 0002:000003E8

Bound resource files

U:\source\omcom.bpl\cport\source\CPortTrmSet.DFM
U:\source\omcom.bpl\cport\source\CPortImg.res
U:\source\omcom.bpl\cport\source\CPortSetup.DFM
omcom.res
omcom.drf


Program entry point at 0002:000003E8
