
 Start         Length     Name                   Class
 0001:00401000 0000BDB4H .text                   CODE
 0002:0040D000 0000039CH .itext                  ICODE
 0003:0040E000 000003E4H .data                   DATA
 0004:0040F000 00000034H .bss                    BSS
 0005:00000000 00000000H .tls                    TLS


Detailed map of segments

 0001:00000000 00000166 C=CODE     S=.text    G=(none)   M=System   ACBP=A9
 0001:00000168 000001C3 C=CODE     S=.text    G=(none)   M=SysInit  ACBP=A9
 0001:0000032C 0000002E C=CODE     S=.text    G=(none)   M=SysUtils ACBP=A9
 0001:0000035C 0000004C C=CODE     S=.text    G=(none)   M=Windows  ACBP=A9
 0001:000003A8 000000E6 C=CODE     S=.text    G=(none)   M=Classes  ACBP=A9
 0001:00000490 00000006 C=CODE     S=.text    G=(none)   M=TypInfo  ACBP=A9
 0001:00000498 00000036 C=CODE     S=.text    G=(none)   M=Variants ACBP=A9
 0001:000004D0 00000006 C=CODE     S=.text    G=(none)   M=VarUtils ACBP=A9
 0001:000004D8 00000026 C=CODE     S=.text    G=(none)   M=HTTPApp  ACBP=A9
 0001:00000500 0000001E C=CODE     S=.text    G=(none)   M=Contnrs  ACBP=A9
 0001:00000520 00000006 C=CODE     S=.text    G=(none)   M=DB       ACBP=A9
 0001:00000528 00000006 C=CODE     S=.text    G=(none)   M=WideStrings ACBP=A9
 0001:00000530 00000006 C=CODE     S=.text    G=(none)   M=FMTBcd   ACBP=A9
 0001:00000538 00000006 C=CODE     S=.text    G=(none)   M=SqlTimSt ACBP=A9
 0001:00000540 00000016 C=CODE     S=.text    G=(none)   M=ComObj   ACBP=A9
 0001:00000558 00000016 C=CODE     S=.text    G=(none)   M=SyncObjs ACBP=A9
 0001:00000570 00000006 C=CODE     S=.text    G=(none)   M=Graphics ACBP=A9
 0001:00000578 00000006 C=CODE     S=.text    G=(none)   M=Registry ACBP=A9
 0001:00000580 00000006 C=CODE     S=.text    G=(none)   M=IniFiles ACBP=A9
 0001:00000588 000001D6 C=CODE     S=.text    G=(none)   M=Controls ACBP=A9
 0001:00000760 00000006 C=CODE     S=.text    G=(none)   M=ActnList ACBP=A9
 0001:00000768 00000006 C=CODE     S=.text    G=(none)   M=Themes   ACBP=A9
 0001:00000770 00000006 C=CODE     S=.text    G=(none)   M=Menus    ACBP=A9
 0001:00000778 00000006 C=CODE     S=.text    G=(none)   M=UxTheme  ACBP=A9
 0001:00000780 00000006 C=CODE     S=.text    G=(none)   M=MultiMon ACBP=A9
 0001:00000788 00000006 C=CODE     S=.text    G=(none)   M=DwmApi   ACBP=A9
 0001:00000790 00000056 C=CODE     S=.text    G=(none)   M=Forms    ACBP=A9
 0001:000007E8 00000006 C=CODE     S=.text    G=(none)   M=HelpIntfs ACBP=A9
 0001:000007F0 00000006 C=CODE     S=.text    G=(none)   M=Dialogs  ACBP=A9
 0001:000007F8 00000006 C=CODE     S=.text    G=(none)   M=Printers ACBP=A9
 0001:00000800 00000006 C=CODE     S=.text    G=(none)   M=StrUtils ACBP=A9
 0001:00000808 00000006 C=CODE     S=.text    G=(none)   M=ExtCtrls ACBP=A9
 0001:00000810 00000006 C=CODE     S=.text    G=(none)   M=GraphUtil ACBP=A9
 0001:00000818 00000006 C=CODE     S=.text    G=(none)   M=Clipbrd  ACBP=A9
 0001:00000820 00000006 C=CODE     S=.text    G=(none)   M=FlatSB   ACBP=A9
 0001:00000828 00000006 C=CODE     S=.text    G=(none)   M=ComCtrls ACBP=A9
 0001:00000830 00000006 C=CODE     S=.text    G=(none)   M=ExtActns ACBP=A9
 0001:00000838 00000006 C=CODE     S=.text    G=(none)   M=ExtDlgs  ACBP=A9
 0001:00000840 00000006 C=CODE     S=.text    G=(none)   M=Buttons  ACBP=A9
 0001:00000848 00000006 C=CODE     S=.text    G=(none)   M=Mapi     ACBP=A9
 0001:00000850 00000006 C=CODE     S=.text    G=(none)   M=ActnMan  ACBP=A9
 0001:00000858 00000006 C=CODE     S=.text    G=(none)   M=ActnMenus ACBP=A9
 0001:00000860 00000006 C=CODE     S=.text    G=(none)   M=XPStyleActnCtrls ACBP=A9
 0001:00000868 000000EE C=CODE     S=.text    G=(none)   M=OleCtrls ACBP=A9
 0001:00000958 00000006 C=CODE     S=.text    G=(none)   M=AxCtrls  ACBP=A9
 0001:00000960 00000036 C=CODE     S=.text    G=(none)   M=OleServer ACBP=A9
 0001:00000998 000090DE C=CODE     S=.text    G=(none)   M=GWXLib_TLB ACBP=A9
 0001:00009A78 0000007E C=CODE     S=.text    G=(none)   M=BisFrm   ACBP=A9
 0001:00009AF8 0000000E C=CODE     S=.text    G=(none)   M=BisUtils ACBP=A9
 0001:00009B08 00000016 C=CODE     S=.text    G=(none)   M=BisObject ACBP=A9
 0001:00009B20 00000006 C=CODE     S=.text    G=(none)   M=BisFm    ACBP=A9
 0001:00009B28 0000002E C=CODE     S=.text    G=(none)   M=BisCoreObjects ACBP=A9
 0001:00009B58 00000006 C=CODE     S=.text    G=(none)   M=BisThreads ACBP=A9
 0001:00009B60 00000006 C=CODE     S=.text    G=(none)   M=BisLocks ACBP=A9
 0001:00009B68 00000006 C=CODE     S=.text    G=(none)   M=DECUtil  ACBP=A9
 0001:00009B70 00000006 C=CODE     S=.text    G=(none)   M=Hash     ACBP=A9
 0001:00009B78 00000006 C=CODE     S=.text    G=(none)   M=Cipher   ACBP=A9
 0001:00009B80 00000006 C=CODE     S=.text    G=(none)   M=Cipher1  ACBP=A9
 0001:00009B88 00000006 C=CODE     S=.text    G=(none)   M=BisCryptUtils ACBP=A9
 0001:00009B90 00000006 C=CODE     S=.text    G=(none)   M=BisCoreUtils ACBP=A9
 0001:00009B98 00000006 C=CODE     S=.text    G=(none)   M=DBCtrls  ACBP=A9
 0001:00009BA0 00000006 C=CODE     S=.text    G=(none)   M=DBPWDlg  ACBP=A9
 0001:00009BA8 00000006 C=CODE     S=.text    G=(none)   M=DBLogDlg ACBP=A9
 0001:00009BB0 00000006 C=CODE     S=.text    G=(none)   M=rxToolEdit ACBP=A9
 0001:00009BB8 00000006 C=CODE     S=.text    G=(none)   M=rxDateUtil ACBP=A9
 0001:00009BC0 00000006 C=CODE     S=.text    G=(none)   M=RXCtrls  ACBP=A9
 0001:00009BC8 00000006 C=CODE     S=.text    G=(none)   M=RxHook   ACBP=A9
 0001:00009BD0 00000006 C=CODE     S=.text    G=(none)   M=RXConst  ACBP=A9
 0001:00009BD8 00000006 C=CODE     S=.text    G=(none)   M=rxVclutils ACBP=A9
 0001:00009BE0 00000006 C=CODE     S=.text    G=(none)   M=RXProps  ACBP=A9
 0001:00009BE8 00000006 C=CODE     S=.text    G=(none)   M=rxAppUtils ACBP=A9
 0001:00009BF0 00000006 C=CODE     S=.text    G=(none)   M=RxPrgrss ACBP=A9
 0001:00009BF8 00000006 C=CODE     S=.text    G=(none)   M=SynEdit  ACBP=A9
 0001:00009C00 00000006 C=CODE     S=.text    G=(none)   M=SynEditHighlighter ACBP=A9
 0001:00009C08 00000006 C=CODE     S=.text    G=(none)   M=SynEditMiscClasses ACBP=A9
 0001:00009C10 00000006 C=CODE     S=.text    G=(none)   M=SynRegExpr ACBP=A9
 0001:00009C18 00000006 C=CODE     S=.text    G=(none)   M=SynEditKeyCmds ACBP=A9
 0001:00009C20 00000006 C=CODE     S=.text    G=(none)   M=SynTextDrawer ACBP=A9
 0001:00009C28 00000006 C=CODE     S=.text    G=(none)   M=rxCurrEdit ACBP=A9
 0001:00009C30 00000006 C=CODE     S=.text    G=(none)   M=ThemedDBGrid ACBP=A9
 0001:00009C38 00000006 C=CODE     S=.text    G=(none)   M=RxRichEd ACBP=A9
 0001:00009C40 00000006 C=CODE     S=.text    G=(none)   M=OleCtnrs ACBP=A9
 0001:00009C48 00000006 C=CODE     S=.text    G=(none)   M=CheckLst ACBP=A9
 0001:00009C50 00000006 C=CODE     S=.text    G=(none)   M=GIFImage ACBP=A9
 0001:00009C58 00000006 C=CODE     S=.text    G=(none)   M=jpeg     ACBP=A9
 0001:00009C60 00000006 C=CODE     S=.text    G=(none)   M=BisDataParams ACBP=A9
 0001:00009C68 00000006 C=CODE     S=.text    G=(none)   M=BisCore  ACBP=A9
 0001:00009C70 00000006 C=CODE     S=.text    G=(none)   M=kbmMemTable ACBP=A9
 0001:00009C78 00000006 C=CODE     S=.text    G=(none)   M=BisConnectionUtils ACBP=A9
 0001:00009C80 00000006 C=CODE     S=.text    G=(none)   M=SynHighlighterXML ACBP=A9
 0001:00009C88 00000006 C=CODE     S=.text    G=(none)   M=SynHighlighterSQL ACBP=A9
 0001:00009C90 00000006 C=CODE     S=.text    G=(none)   M=BisTimedMsgFm ACBP=A9
 0001:00009C98 00000006 C=CODE     S=.text    G=(none)   M=GIFImg   ACBP=A9
 0001:00009CA0 00000006 C=CODE     S=.text    G=(none)   M=BisSystemUtils ACBP=A9
 0001:00009CA8 00000006 C=CODE     S=.text    G=(none)   M=MiTeC_Routines ACBP=A9
 0001:00009CB0 00000006 C=CODE     S=.text    G=(none)   M=MSI_Processes ACBP=A9
 0001:00009CB8 00000006 C=CODE     S=.text    G=(none)   M=MiTeC_PSAPI ACBP=A9
 0001:00009CC0 00000006 C=CODE     S=.text    G=(none)   M=MSI_Devices ACBP=A9
 0001:00009CC8 00000006 C=CODE     S=.text    G=(none)   M=MSI_CPU  ACBP=A9
 0001:00009CD0 00000006 C=CODE     S=.text    G=(none)   M=BisExceptNotifier ACBP=A9
 0001:00009CD8 00000006 C=CODE     S=.text    G=(none)   M=JclDebug ACBP=A9
 0001:00009CE0 00000006 C=CODE     S=.text    G=(none)   M=JclSysInfo ACBP=A9
 0001:00009CE8 00000006 C=CODE     S=.text    G=(none)   M=JclStrings ACBP=A9
 0001:00009CF0 00000006 C=CODE     S=.text    G=(none)   M=JclSysUtils ACBP=A9
 0001:00009CF8 00000006 C=CODE     S=.text    G=(none)   M=JclWideStrings ACBP=A9
 0001:00009D00 00000006 C=CODE     S=.text    G=(none)   M=JclShell ACBP=A9
 0001:00009D08 00000006 C=CODE     S=.text    G=(none)   M=JclRegistry ACBP=A9
 0001:00009D10 00000006 C=CODE     S=.text    G=(none)   M=JclHookExcept ACBP=A9
 0001:00009D18 00000006 C=CODE     S=.text    G=(none)   M=BisDeadlocks ACBP=A9
 0001:00009D20 00000006 C=CODE     S=.text    G=(none)   M=BisServiceApplication ACBP=A9
 0001:00009D28 00000006 C=CODE     S=.text    G=(none)   M=BisSvcMgr ACBP=A9
 0001:00009D30 00000006 C=CODE     S=.text    G=(none)   M=SvcMgr   ACBP=A9
 0001:00009D38 00000006 C=CODE     S=.text    G=(none)   M=AsyncCalls ACBP=A9
 0001:00009D40 00000912 C=CODE     S=.text    G=(none)   M=BisHttpServerIngitMapFrm ACBP=A9
 0001:0000A654 00000026 C=CODE     S=.text    G=(none)   M=BisHttpServerHandlers ACBP=A9
 0001:0000A67C 00000036 C=CODE     S=.text    G=(none)   M=BisHttpServerHandlerIngitMapConsts ACBP=A9
 0001:0000A6B4 000008D8 C=CODE     S=.text    G=(none)   M=BisHttpServerHandlerIngitMapWm ACBP=A9
 0001:0000AF8C 000002A6 C=CODE     S=.text    G=(none)   M=BisHttpServerHandlerIngitMap ACBP=A9
 0001:0000B234 00000B7F C=CODE     S=.text    G=(none)   M=.smhttping ACBP=A9
 0002:00000000 00000006 C=ICODE    S=.itext   G=(none)   M=System   ACBP=A9
 0002:00000008 00000006 C=ICODE    S=.itext   G=(none)   M=SysUtils ACBP=A9
 0002:00000010 00000011 C=ICODE    S=.itext   G=(none)   M=Windows  ACBP=A9
 0002:00000024 00000006 C=ICODE    S=.itext   G=(none)   M=Classes  ACBP=A9
 0002:0000002C 00000006 C=ICODE    S=.itext   G=(none)   M=TypInfo  ACBP=A9
 0002:00000034 00000006 C=ICODE    S=.itext   G=(none)   M=Variants ACBP=A9
 0002:0000003C 00000006 C=ICODE    S=.itext   G=(none)   M=VarUtils ACBP=A9
 0002:00000044 00000006 C=ICODE    S=.itext   G=(none)   M=HTTPApp  ACBP=A9
 0002:0000004C 00000006 C=ICODE    S=.itext   G=(none)   M=DB       ACBP=A9
 0002:00000054 00000006 C=ICODE    S=.itext   G=(none)   M=WideStrings ACBP=A9
 0002:0000005C 00000006 C=ICODE    S=.itext   G=(none)   M=FMTBcd   ACBP=A9
 0002:00000064 00000006 C=ICODE    S=.itext   G=(none)   M=SqlTimSt ACBP=A9
 0002:0000006C 00000006 C=ICODE    S=.itext   G=(none)   M=ComObj   ACBP=A9
 0002:00000074 00000006 C=ICODE    S=.itext   G=(none)   M=Graphics ACBP=A9
 0002:0000007C 00000006 C=ICODE    S=.itext   G=(none)   M=Registry ACBP=A9
 0002:00000084 00000006 C=ICODE    S=.itext   G=(none)   M=IniFiles ACBP=A9
 0002:0000008C 00000006 C=ICODE    S=.itext   G=(none)   M=Controls ACBP=A9
 0002:00000094 00000006 C=ICODE    S=.itext   G=(none)   M=ActnList ACBP=A9
 0002:0000009C 00000006 C=ICODE    S=.itext   G=(none)   M=Themes   ACBP=A9
 0002:000000A4 00000006 C=ICODE    S=.itext   G=(none)   M=Menus    ACBP=A9
 0002:000000AC 00000006 C=ICODE    S=.itext   G=(none)   M=UxTheme  ACBP=A9
 0002:000000B4 00000006 C=ICODE    S=.itext   G=(none)   M=MultiMon ACBP=A9
 0002:000000BC 00000006 C=ICODE    S=.itext   G=(none)   M=DwmApi   ACBP=A9
 0002:000000C4 00000006 C=ICODE    S=.itext   G=(none)   M=Forms    ACBP=A9
 0002:000000CC 00000006 C=ICODE    S=.itext   G=(none)   M=HelpIntfs ACBP=A9
 0002:000000D4 00000006 C=ICODE    S=.itext   G=(none)   M=Dialogs  ACBP=A9
 0002:000000DC 00000006 C=ICODE    S=.itext   G=(none)   M=Printers ACBP=A9
 0002:000000E4 00000006 C=ICODE    S=.itext   G=(none)   M=ExtCtrls ACBP=A9
 0002:000000EC 00000006 C=ICODE    S=.itext   G=(none)   M=GraphUtil ACBP=A9
 0002:000000F4 00000006 C=ICODE    S=.itext   G=(none)   M=Clipbrd  ACBP=A9
 0002:000000FC 00000006 C=ICODE    S=.itext   G=(none)   M=FlatSB   ACBP=A9
 0002:00000104 00000006 C=ICODE    S=.itext   G=(none)   M=ComCtrls ACBP=A9
 0002:0000010C 00000006 C=ICODE    S=.itext   G=(none)   M=ExtActns ACBP=A9
 0002:00000114 00000006 C=ICODE    S=.itext   G=(none)   M=ExtDlgs  ACBP=A9
 0002:0000011C 00000006 C=ICODE    S=.itext   G=(none)   M=Buttons  ACBP=A9
 0002:00000124 00000006 C=ICODE    S=.itext   G=(none)   M=Mapi     ACBP=A9
 0002:0000012C 00000006 C=ICODE    S=.itext   G=(none)   M=ActnMan  ACBP=A9
 0002:00000134 00000006 C=ICODE    S=.itext   G=(none)   M=ActnMenus ACBP=A9
 0002:0000013C 00000006 C=ICODE    S=.itext   G=(none)   M=XPStyleActnCtrls ACBP=A9
 0002:00000144 00000006 C=ICODE    S=.itext   G=(none)   M=OleCtrls ACBP=A9
 0002:0000014C 00000006 C=ICODE    S=.itext   G=(none)   M=AxCtrls  ACBP=A9
 0002:00000154 00000006 C=ICODE    S=.itext   G=(none)   M=OleServer ACBP=A9
 0002:0000015C 00000008 C=ICODE    S=.itext   G=(none)   M=GWXLib_TLB ACBP=A9
 0002:00000164 00000006 C=ICODE    S=.itext   G=(none)   M=BisUtils ACBP=A9
 0002:0000016C 00000006 C=ICODE    S=.itext   G=(none)   M=BisFm    ACBP=A9
 0002:00000174 00000006 C=ICODE    S=.itext   G=(none)   M=BisThreads ACBP=A9
 0002:0000017C 00000006 C=ICODE    S=.itext   G=(none)   M=BisLocks ACBP=A9
 0002:00000184 00000006 C=ICODE    S=.itext   G=(none)   M=DECUtil  ACBP=A9
 0002:0000018C 00000006 C=ICODE    S=.itext   G=(none)   M=Hash     ACBP=A9
 0002:00000194 00000006 C=ICODE    S=.itext   G=(none)   M=Cipher   ACBP=A9
 0002:0000019C 00000006 C=ICODE    S=.itext   G=(none)   M=Cipher1  ACBP=A9
 0002:000001A4 00000006 C=ICODE    S=.itext   G=(none)   M=BisCryptUtils ACBP=A9
 0002:000001AC 00000006 C=ICODE    S=.itext   G=(none)   M=DBCtrls  ACBP=A9
 0002:000001B4 00000006 C=ICODE    S=.itext   G=(none)   M=DBPWDlg  ACBP=A9
 0002:000001BC 00000006 C=ICODE    S=.itext   G=(none)   M=DBLogDlg ACBP=A9
 0002:000001C4 00000006 C=ICODE    S=.itext   G=(none)   M=rxToolEdit ACBP=A9
 0002:000001CC 00000006 C=ICODE    S=.itext   G=(none)   M=rxDateUtil ACBP=A9
 0002:000001D4 00000006 C=ICODE    S=.itext   G=(none)   M=RXCtrls  ACBP=A9
 0002:000001DC 00000006 C=ICODE    S=.itext   G=(none)   M=RxHook   ACBP=A9
 0002:000001E4 00000006 C=ICODE    S=.itext   G=(none)   M=RXConst  ACBP=A9
 0002:000001EC 00000006 C=ICODE    S=.itext   G=(none)   M=rxVclutils ACBP=A9
 0002:000001F4 00000006 C=ICODE    S=.itext   G=(none)   M=RXProps  ACBP=A9
 0002:000001FC 00000006 C=ICODE    S=.itext   G=(none)   M=rxAppUtils ACBP=A9
 0002:00000204 00000006 C=ICODE    S=.itext   G=(none)   M=RxPrgrss ACBP=A9
 0002:0000020C 00000006 C=ICODE    S=.itext   G=(none)   M=SynEdit  ACBP=A9
 0002:00000214 00000006 C=ICODE    S=.itext   G=(none)   M=SynEditHighlighter ACBP=A9
 0002:0000021C 00000006 C=ICODE    S=.itext   G=(none)   M=SynEditMiscClasses ACBP=A9
 0002:00000224 00000006 C=ICODE    S=.itext   G=(none)   M=SynRegExpr ACBP=A9
 0002:0000022C 00000006 C=ICODE    S=.itext   G=(none)   M=SynEditKeyCmds ACBP=A9
 0002:00000234 00000006 C=ICODE    S=.itext   G=(none)   M=SynTextDrawer ACBP=A9
 0002:0000023C 00000006 C=ICODE    S=.itext   G=(none)   M=rxCurrEdit ACBP=A9
 0002:00000244 00000006 C=ICODE    S=.itext   G=(none)   M=ThemedDBGrid ACBP=A9
 0002:0000024C 00000006 C=ICODE    S=.itext   G=(none)   M=RxRichEd ACBP=A9
 0002:00000254 00000006 C=ICODE    S=.itext   G=(none)   M=OleCtnrs ACBP=A9
 0002:0000025C 00000006 C=ICODE    S=.itext   G=(none)   M=CheckLst ACBP=A9
 0002:00000264 00000006 C=ICODE    S=.itext   G=(none)   M=GIFImage ACBP=A9
 0002:0000026C 00000006 C=ICODE    S=.itext   G=(none)   M=jpeg     ACBP=A9
 0002:00000274 00000006 C=ICODE    S=.itext   G=(none)   M=BisCore  ACBP=A9
 0002:0000027C 00000006 C=ICODE    S=.itext   G=(none)   M=kbmMemTable ACBP=A9
 0002:00000284 00000006 C=ICODE    S=.itext   G=(none)   M=BisConnectionUtils ACBP=A9
 0002:0000028C 00000006 C=ICODE    S=.itext   G=(none)   M=SynHighlighterXML ACBP=A9
 0002:00000294 00000006 C=ICODE    S=.itext   G=(none)   M=SynHighlighterSQL ACBP=A9
 0002:0000029C 00000006 C=ICODE    S=.itext   G=(none)   M=BisTimedMsgFm ACBP=A9
 0002:000002A4 00000006 C=ICODE    S=.itext   G=(none)   M=GIFImg   ACBP=A9
 0002:000002AC 00000006 C=ICODE    S=.itext   G=(none)   M=BisSystemUtils ACBP=A9
 0002:000002B4 00000006 C=ICODE    S=.itext   G=(none)   M=MiTeC_Routines ACBP=A9
 0002:000002BC 00000006 C=ICODE    S=.itext   G=(none)   M=MSI_Processes ACBP=A9
 0002:000002C4 00000006 C=ICODE    S=.itext   G=(none)   M=MiTeC_PSAPI ACBP=A9
 0002:000002CC 00000006 C=ICODE    S=.itext   G=(none)   M=MSI_Devices ACBP=A9
 0002:000002D4 00000006 C=ICODE    S=.itext   G=(none)   M=MSI_CPU  ACBP=A9
 0002:000002DC 00000006 C=ICODE    S=.itext   G=(none)   M=BisExceptNotifier ACBP=A9
 0002:000002E4 00000006 C=ICODE    S=.itext   G=(none)   M=JclDebug ACBP=A9
 0002:000002EC 00000006 C=ICODE    S=.itext   G=(none)   M=JclSysInfo ACBP=A9
 0002:000002F4 00000006 C=ICODE    S=.itext   G=(none)   M=JclStrings ACBP=A9
 0002:000002FC 00000006 C=ICODE    S=.itext   G=(none)   M=JclSysUtils ACBP=A9
 0002:00000304 00000006 C=ICODE    S=.itext   G=(none)   M=JclWideStrings ACBP=A9
 0002:0000030C 00000006 C=ICODE    S=.itext   G=(none)   M=JclShell ACBP=A9
 0002:00000314 00000006 C=ICODE    S=.itext   G=(none)   M=JclRegistry ACBP=A9
 0002:0000031C 00000006 C=ICODE    S=.itext   G=(none)   M=JclHookExcept ACBP=A9
 0002:00000324 00000006 C=ICODE    S=.itext   G=(none)   M=BisDeadlocks ACBP=A9
 0002:0000032C 00000006 C=ICODE    S=.itext   G=(none)   M=BisServiceApplication ACBP=A9
 0002:00000334 00000006 C=ICODE    S=.itext   G=(none)   M=BisSvcMgr ACBP=A9
 0002:0000033C 00000006 C=ICODE    S=.itext   G=(none)   M=SvcMgr   ACBP=A9
 0002:00000344 00000006 C=ICODE    S=.itext   G=(none)   M=AsyncCalls ACBP=A9
 0002:0000034C 00000008 C=ICODE    S=.itext   G=(none)   M=BisHttpServerIngitMapFrm ACBP=A9
 0002:00000354 00000008 C=ICODE    S=.itext   G=(none)   M=BisHttpServerHandlerIngitMapConsts ACBP=A9
 0002:0000035C 0000002E C=ICODE    S=.itext   G=(none)   M=BisHttpServerHandlerIngitMapWm ACBP=A9
 0002:0000038C 00000008 C=ICODE    S=.itext   G=(none)   M=BisHttpServerHandlerIngitMap ACBP=A9
 0002:00000394 00000005 C=ICODE    S=.itext   G=(none)   M=.smhttping ACBP=A9
 0003:00000000 0000002C C=DATA     S=.data    G=DGROUP   M=SysInit  ACBP=A9
 0003:0000002C 000003AC C=DATA     S=.data    G=DGROUP   M=GWXLib_TLB ACBP=A9
 0004:00000000 0000000C C=BSS      S=.bss     G=DGROUP   M=SysInit  ACBP=A9
 0004:0000000C 00000008 C=BSS      S=.bss     G=DGROUP   M=Windows  ACBP=A9
 0004:00000014 00000004 C=BSS      S=.bss     G=DGROUP   M=GWXLib_TLB ACBP=A9
 0004:00000018 00000004 C=BSS      S=.bss     G=DGROUP   M=BisHttpServerIngitMapFrm ACBP=A9
 0004:0000001C 00000004 C=BSS      S=.bss     G=DGROUP   M=BisHttpServerHandlerIngitMapConsts ACBP=A9
 0004:00000020 00000010 C=BSS      S=.bss     G=DGROUP   M=BisHttpServerHandlerIngitMapWm ACBP=A9
 0004:00000030 00000004 C=BSS      S=.bss     G=DGROUP   M=BisHttpServerHandlerIngitMap ACBP=A9


  Address             Publics by Name

 0002:00000394       .smhttping..smhttping
 0001:0000BD94       .smhttping.@GetPackageInfoTable
 0001:0000BD9C       .smhttping.@PackageLoad
 0001:0000BDA8       .smhttping.@PackageUnload
 0004:00000030       BisHttpServerHandlerIngitMap..2
 0001:0000AF8C       BisHttpServerHandlerIngitMap..TBisHttpServerHandlerIngitMap
 0002:0000038C       BisHttpServerHandlerIngitMap.BisHttpServerHandlerIngitMap
 0001:0000B204       BisHttpServerHandlerIngitMap.Finalization
 0001:0000B0A8       BisHttpServerHandlerIngitMap.InitHttpServerHandlerModule
 0001:0000B1F4       BisHttpServerHandlerIngitMap.TBisHttpServerHandlerIngitMap.CopyFrom
 0001:0000B0C0       BisHttpServerHandlerIngitMap.TBisHttpServerHandlerIngitMap.Create
 0001:0000B118       BisHttpServerHandlerIngitMap.TBisHttpServerHandlerIngitMap.Destroy
 0001:0000B1D8       BisHttpServerHandlerIngitMap.TBisHttpServerHandlerIngitMap.HandleRequest
 0001:0000B148       BisHttpServerHandlerIngitMap.TBisHttpServerHandlerIngitMap.Init
 0004:0000001C       BisHttpServerHandlerIngitMapConsts..1
 0002:00000354       BisHttpServerHandlerIngitMapConsts.BisHttpServerHandlerIngitMapConsts
 0001:0000A684       BisHttpServerHandlerIngitMapConsts.Finalization
 0004:00000028       BisHttpServerHandlerIngitMapWm..2
 0001:0000A6B4       BisHttpServerHandlerIngitMapWm..TBisHttpServerHandlerIngitMapWebModule
 0004:00000020       BisHttpServerHandlerIngitMapWm.BisHttpServerHandlerIngitMapWebModule
 0002:0000035C       BisHttpServerHandlerIngitMapWm.BisHttpServerHandlerIngitMapWm
 0001:0000AB44       BisHttpServerHandlerIngitMapWm.CalculateDistance
 0001:0000AF48       BisHttpServerHandlerIngitMapWm.Finalization
 0004:0000002C       BisHttpServerHandlerIngitMapWm.FLock
 0004:00000024       BisHttpServerHandlerIngitMapWm.FMapFrame
 0001:0000AC14       BisHttpServerHandlerIngitMapWm.LoggerWrite
 0001:0000A910       BisHttpServerHandlerIngitMapWm.PrepearFloat
 0001:0000A9E4       BisHttpServerHandlerIngitMapWm.ReadCoordinates
 0001:0000AF28       BisHttpServerHandlerIngitMapWm.TBisHttpServerHandlerIngitMapWebModule.BisHttpServerHandlerIngitMapWebModuleDefaultAction
 0001:0000A85C       BisHttpServerHandlerIngitMapWm.TBisHttpServerHandlerIngitMapWebModule.Create
 0001:0000AC94       BisHttpServerHandlerIngitMapWm.TBisHttpServerHandlerIngitMapWebModule.Execute
 0001:0000ABC4       BisHttpServerHandlerIngitMapWm.WriteDistance
 0004:00000018       BisHttpServerIngitMapFrm..4
 0001:00009EC8       BisHttpServerIngitMapFrm..TBisHttpServerIngitMapFrame
 0001:00009D40       BisHttpServerIngitMapFrm..TBisHttpServerIngitMapFramePoint
 0001:00009DFC       BisHttpServerIngitMapFrm..TBisHttpServerIngitMapFramePoints
 0002:0000034C       BisHttpServerIngitMapFrm.BisHttpServerIngitMapFrm
 0001:0000A624       BisHttpServerIngitMapFrm.Finalization
 0001:0000A144       BisHttpServerIngitMapFrm.TBisHttpServerIngitMapFrame.Create
 0001:0000A22C       BisHttpServerIngitMapFrm.TBisHttpServerIngitMapFrame.Destroy
 0001:0000A3DC       BisHttpServerIngitMapFrm.TBisHttpServerIngitMapFrame.GetRouteDistance
 0001:0000A474       BisHttpServerIngitMapFrm.TBisHttpServerIngitMapFrame.GetRouteDistance
 0001:0000A374       BisHttpServerIngitMapFrm.TBisHttpServerIngitMapFrame.LoadFromFile
 0001:0000A3B4       BisHttpServerIngitMapFrm.TBisHttpServerIngitMapFrame.MapLoaded
 0001:0000A274       BisHttpServerIngitMapFrm.TBisHttpServerIngitMapFrame.OpenMap
 0001:0000A39C       BisHttpServerIngitMapFrm.TBisHttpServerIngitMapFrame.PrepareMap
 0001:0000A0A8       BisHttpServerIngitMapFrm.TBisHttpServerIngitMapFramePoint.Create
 0001:0000A0F0       BisHttpServerIngitMapFrm.TBisHttpServerIngitMapFramePoints.AddPoint
 0001:0000A130       BisHttpServerIngitMapFrm.TBisHttpServerIngitMapFramePoints.GetItem
 0004:00000014       GWXLib_TLB..81
 0001:00001A14       GWXLib_TLB..CoGWGraphics
 0001:00001E2C       GWXLib_TLB..CoGWObject
 0001:00001B74       GWXLib_TLB..CoGWRoute
 0001:00001CC8       GWXLib_TLB..CoGWStringList
 0001:000018C0       GWXLib_TLB..CoGWTable
 0001:00002260       GWXLib_TLB..CoGWXDelivery
 0001:00001F80       GWXLib_TLB..CoGWXDeliveryCar
 0001:000020F0       GWXLib_TLB..CoGWXDeliveryJob
 0001:00001158       GWXLib_TLB..TGWControl
 0001:00001A9C       GWXLib_TLB..TGWGraphics
 0001:00001EAC       GWXLib_TLB..TGWObject
 0001:00001BF4       GWXLib_TLB..TGWRoute
 0001:00001D50       GWXLib_TLB..TGWStringList
 0001:00001940       GWXLib_TLB..TGWTable
 0001:000022E8       GWXLib_TLB..TGWXDelivery
 0001:00002010       GWXLib_TLB..TGWXDeliveryCar
 0001:00002180       GWXLib_TLB..TGWXDeliveryJob
 0003:000001A4       GWXLib_TLB.CControlData
 0003:0000018C       GWXLib_TLB.CEventDispIDs
 0003:000000FC       GWXLib_TLB.CLASS_GWControl
 0003:0000011C       GWXLib_TLB.CLASS_GWGraphics
 0003:0000014C       GWXLib_TLB.CLASS_GWObject
 0003:0000012C       GWXLib_TLB.CLASS_GWRoute
 0003:0000013C       GWXLib_TLB.CLASS_GWStringList
 0003:0000010C       GWXLib_TLB.CLASS_GWTable
 0003:0000017C       GWXLib_TLB.CLASS_GWXDelivery
 0003:0000015C       GWXLib_TLB.CLASS_GWXDeliveryCar
 0003:0000016C       GWXLib_TLB.CLASS_GWXDeliveryJob
 0001:00004258       GWXLib_TLB.CoGWGraphics.Create
 0001:000042BC       GWXLib_TLB.CoGWGraphics.CreateRemote
 0001:00005AC4       GWXLib_TLB.CoGWObject.Create
 0001:00005B28       GWXLib_TLB.CoGWObject.CreateRemote
 0001:00004670       GWXLib_TLB.CoGWRoute.Create
 0001:000046D4       GWXLib_TLB.CoGWRoute.CreateRemote
 0001:000055D4       GWXLib_TLB.CoGWStringList.Create
 0001:00005638       GWXLib_TLB.CoGWStringList.CreateRemote
 0001:00003784       GWXLib_TLB.CoGWTable.Create
 0001:000037E8       GWXLib_TLB.CoGWTable.CreateRemote
 0001:00008A84       GWXLib_TLB.CoGWXDelivery.Create
 0001:00008AE8       GWXLib_TLB.CoGWXDelivery.CreateRemote
 0001:000064B8       GWXLib_TLB.CoGWXDeliveryCar.Create
 0001:0000651C       GWXLib_TLB.CoGWXDeliveryCar.CreateRemote
 0001:000079AC       GWXLib_TLB.CoGWXDeliveryJob.Create
 0001:00007A10       GWXLib_TLB.CoGWXDeliveryJob.CreateRemote
 0003:00000324       GWXLib_TLB.CServerData
 0003:00000360       GWXLib_TLB.CServerData
 0003:0000039C       GWXLib_TLB.CServerData
 0003:000002AC       GWXLib_TLB.CServerData
 0003:00000270       GWXLib_TLB.CServerData
 0003:00000234       GWXLib_TLB.CServerData
 0003:000001F8       GWXLib_TLB.CServerData
 0003:000002E8       GWXLib_TLB.CServerData
 0003:0000005C       GWXLib_TLB.DIID__IGWControlEvents
 0001:000023F0       GWXLib_TLB.DoCreate
 0001:00009A48       GWXLib_TLB.Finalization
 0002:0000015C       GWXLib_TLB.GWXLib_TLB
 0003:0000009C       GWXLib_TLB.IID_IGWControl
 0003:0000008C       GWXLib_TLB.IID_IGWGraphics
 0003:0000003C       GWXLib_TLB.IID_IGWObject
 0003:000000AC       GWXLib_TLB.IID_IGWProjection
 0003:000000EC       GWXLib_TLB.IID_IGWProjectionAcc
 0003:0000006C       GWXLib_TLB.IID_IGWRoute
 0003:0000007C       GWXLib_TLB.IID_IGWStringList
 0003:0000004C       GWXLib_TLB.IID_IGWTable
 0003:000000BC       GWXLib_TLB.IID_IGWXDelivery
 0003:000000CC       GWXLib_TLB.IID_IGWXDeliveryCar
 0003:000000DC       GWXLib_TLB.IID_IGWXDeliveryJob
 0003:0000002C       GWXLib_TLB.LIBID_GWXLib
 0001:00009978       GWXLib_TLB.Register
 0001:00003150       GWXLib_TLB.TGWControl.AddMap
 0001:00002474       GWXLib_TLB.TGWControl.CreateControl
 0001:000033C4       GWXLib_TLB.TGWControl.CreateGWRoute
 0001:00003364       GWXLib_TLB.TGWControl.CreateGWTable
 0001:00003640       GWXLib_TLB.TGWControl.CreateGWXDelivery
 0001:0000267C       GWXLib_TLB.TGWControl.DBF2Map
 0001:000026E8       GWXLib_TLB.TGWControl.DeleteDBF
 0001:000030E8       GWXLib_TLB.TGWControl.Dev2Geo
 0001:00003060       GWXLib_TLB.TGWControl.Dev2GeoString
 0001:00002E74       GWXLib_TLB.TGWControl.exploreApply
 0001:00002F38       GWXLib_TLB.TGWControl.exploreDbApply
 0001:000034A8       GWXLib_TLB.TGWControl.FindNearestAddress
 0001:00002FF4       GWXLib_TLB.TGWControl.Geo2Dev
 0001:000029F8       GWXLib_TLB.TGWControl.getAliasAttributes
 0001:0000299C       GWXLib_TLB.TGWControl.getAliasCodes
 0001:00003288       GWXLib_TLB.TGWControl.GetAvailableLookups
 0001:00002D94       GWXLib_TLB.TGWControl.getBitmap
 0001:00002494       GWXLib_TLB.TGWControl.GetControlInterface
 0001:00003428       GWXLib_TLB.TGWControl.GetDistancePath
 0001:00002E14       GWXLib_TLB.TGWControl.getExplore
 0001:00002ED8       GWXLib_TLB.TGWControl.getExploreDb
 0001:000025D0       GWXLib_TLB.TGWControl.GetGeoCenter
 0001:0000273C       GWXLib_TLB.TGWControl.GetInfo
 0001:00002D04       GWXLib_TLB.TGWControl.GetInfoPolygon
 0001:00002878       GWXLib_TLB.TGWControl.GetInfoRect
 0001:00002B10       GWXLib_TLB.TGWControl.getMapInfo
 0001:00002BB0       GWXLib_TLB.TGWControl.getMeasure
 0001:00002AB4       GWXLib_TLB.TGWControl.getModulePath
 0001:00002A54       GWXLib_TLB.TGWControl.getObject
 0001:00003514       GWXLib_TLB.TGWControl.getObjectTable
 0001:00002C3C       GWXLib_TLB.TGWControl.getUnloaderDBF
 0001:000024B4       GWXLib_TLB.TGWControl.Get_DBFLoadedList
 0001:00002510       GWXLib_TLB.TGWControl.Get_LoadedMaps
 0001:000023D4       GWXLib_TLB.TGWControl.InitControlData
 0001:000035D4       GWXLib_TLB.TGWControl.ModifyTable
 0001:0000262C       GWXLib_TLB.TGWControl.Overview
 0001:0000294C       GWXLib_TLB.TGWControl.Refresh
 0001:000031C0       GWXLib_TLB.TGWControl.RemoveMap
 0001:000027A8       GWXLib_TLB.TGWControl.Search
 0001:00002808       GWXLib_TLB.TGWControl.SearchAddress
 0001:000036A4       GWXLib_TLB.TGWControl.SearchAddressEx
 0001:000028F0       GWXLib_TLB.TGWControl.selectObject
 0001:00002570       GWXLib_TLB.TGWControl.SetGeoCenter
 0001:00003218       GWXLib_TLB.TGWControl.SetLookup
 0001:00003578       GWXLib_TLB.TGWControl.setObjectVisibility
 0001:00002F9C       GWXLib_TLB.TGWControl.setPassWord
 0001:00002C9C       GWXLib_TLB.TGWControl.showAddress
 0001:00003730       GWXLib_TLB.TGWControl.ShowLicences
 0001:000032EC       GWXLib_TLB.TGWControl.Table2Map
 0001:00004348       GWXLib_TLB.TGWGraphics.Connect
 0001:000043B0       GWXLib_TLB.TGWGraphics.ConnectTo
 0001:0000450C       GWXLib_TLB.TGWGraphics.Create
 0001:00004544       GWXLib_TLB.TGWGraphics.Destroy
 0001:00004404       GWXLib_TLB.TGWGraphics.Disconnect
 0001:00004418       GWXLib_TLB.TGWGraphics.GetDefaultInterface
 0001:00004614       GWXLib_TLB.TGWGraphics.getTable
 0001:0000433C       GWXLib_TLB.TGWGraphics.InitServerData
 0001:0000456C       GWXLib_TLB.TGWGraphics.load
 0001:000045C0       GWXLib_TLB.TGWGraphics.write
 0001:00005BB4       GWXLib_TLB.TGWObject.Connect
 0001:00005C1C       GWXLib_TLB.TGWObject.ConnectTo
 0001:00005D78       GWXLib_TLB.TGWObject.Create
 0001:00005DB0       GWXLib_TLB.TGWObject.Destroy
 0001:00005C70       GWXLib_TLB.TGWObject.Disconnect
 0001:00005C84       GWXLib_TLB.TGWObject.GetDefaultInterface
 0001:00006458       GWXLib_TLB.TGWObject.getLinks
 0001:00005E98       GWXLib_TLB.TGWObject.Get_Acronym
 0001:00006010       GWXLib_TLB.TGWObject.Get_Attributes
 0001:000062F0       GWXLib_TLB.TGWObject.Get_Contoured
 0001:00005DD8       GWXLib_TLB.TGWObject.Get_ID
 0001:0000606C       GWXLib_TLB.TGWObject.Get_Length
 0001:0000612C       GWXLib_TLB.TGWObject.Get_Links
 0001:0000623C       GWXLib_TLB.TGWObject.Get_Marked
 0001:00005F54       GWXLib_TLB.TGWObject.Get_Metrics
 0001:00005EF4       GWXLib_TLB.TGWObject.Get_MetricsType
 0001:000060CC       GWXLib_TLB.TGWObject.Get_Square
 0001:000063A4       GWXLib_TLB.TGWObject.Get_Twinkling
 0001:00005E38       GWXLib_TLB.TGWObject.Get_type_
 0001:00006188       GWXLib_TLB.TGWObject.Get_Visible
 0001:00005BA8       GWXLib_TLB.TGWObject.InitServerData
 0001:00006350       GWXLib_TLB.TGWObject.Set_Contoured
 0001:0000629C       GWXLib_TLB.TGWObject.Set_Marked
 0001:00006404       GWXLib_TLB.TGWObject.Set_Twinkling
 0001:000061E8       GWXLib_TLB.TGWObject.Set_Visible
 0001:000053EC       GWXLib_TLB.TGWRoute.AddPoint
 0001:00005458       GWXLib_TLB.TGWRoute.CalculateRoute
 0001:00004760       GWXLib_TLB.TGWRoute.Connect
 0001:000047C8       GWXLib_TLB.TGWRoute.ConnectTo
 0001:00004924       GWXLib_TLB.TGWRoute.Create
 0001:0000539C       GWXLib_TLB.TGWRoute.DeletePoints
 0001:0000495C       GWXLib_TLB.TGWRoute.Destroy
 0001:0000481C       GWXLib_TLB.TGWRoute.Disconnect
 0001:00004830       GWXLib_TLB.TGWRoute.GetDefaultInterface
 0001:00005330       GWXLib_TLB.TGWRoute.GetPointName
 0001:000054B8       GWXLib_TLB.TGWRoute.GetRoute
 0001:00005514       GWXLib_TLB.TGWRoute.GetVariants
 0001:00005574       GWXLib_TLB.TGWRoute.GetVariantsTable
 0001:00004A40       GWXLib_TLB.TGWRoute.Get_Height
 0001:00004D54       GWXLib_TLB.TGWRoute.Get_OptimizeByTime
 0001:0000526C       GWXLib_TLB.TGWRoute.Get_OptimizePriorityRatio
 0001:000051A8       GWXLib_TLB.TGWRoute.Get_OptimizeTimeRatio
 0001:000050EC       GWXLib_TLB.TGWRoute.Get_Priority
 0001:00004EBC       GWXLib_TLB.TGWRoute.Get_ProgressDelay
 0001:00004E08       GWXLib_TLB.TGWRoute.Get_ReorderPoints
 0001:0000502C       GWXLib_TLB.TGWRoute.Get_RouteDuration
 0001:00004FCC       GWXLib_TLB.TGWRoute.Get_RouteLength
 0001:0000508C       GWXLib_TLB.TGWRoute.Get_RoutePointsCount
 0001:00004C98       GWXLib_TLB.TGWRoute.Get_StartTime
 0001:00004BB8       GWXLib_TLB.TGWRoute.Get_VehicleType
 0001:00004F70       GWXLib_TLB.TGWRoute.Get_VehicleTypes
 0001:00004AFC       GWXLib_TLB.TGWRoute.Get_Weight
 0001:00004984       GWXLib_TLB.TGWRoute.Get_Width
 0001:00004754       GWXLib_TLB.TGWRoute.InitServerData
 0001:00004AA4       GWXLib_TLB.TGWRoute.Set_Height
 0001:00004DB4       GWXLib_TLB.TGWRoute.Set_OptimizeByTime
 0001:000052D4       GWXLib_TLB.TGWRoute.Set_OptimizePriorityRatio
 0001:00005210       GWXLib_TLB.TGWRoute.Set_OptimizeTimeRatio
 0001:00005150       GWXLib_TLB.TGWRoute.Set_Priority
 0001:00004F1C       GWXLib_TLB.TGWRoute.Set_ProgressDelay
 0001:00004E68       GWXLib_TLB.TGWRoute.Set_ReorderPoints
 0001:00004CFC       GWXLib_TLB.TGWRoute.Set_StartTime
 0001:00004C14       GWXLib_TLB.TGWRoute.Set_VehicleType
 0001:00004B60       GWXLib_TLB.TGWRoute.Set_Weight
 0001:000049E8       GWXLib_TLB.TGWRoute.Set_Width
 0001:000056C4       GWXLib_TLB.TGWStringList.Connect
 0001:0000572C       GWXLib_TLB.TGWStringList.ConnectTo
 0001:00005888       GWXLib_TLB.TGWStringList.Create
 0001:000058C0       GWXLib_TLB.TGWStringList.Destroy
 0001:00005780       GWXLib_TLB.TGWStringList.Disconnect
 0001:00005794       GWXLib_TLB.TGWStringList.GetDefaultInterface
 0001:00005A64       GWXLib_TLB.TGWStringList.GetItem
 0001:00005948       GWXLib_TLB.TGWStringList.Get_Item
 0001:000058E8       GWXLib_TLB.TGWStringList.Get_ItemCount
 0001:000056B8       GWXLib_TLB.TGWStringList.InitServerData
 0001:000059A4       GWXLib_TLB.TGWStringList.moveFirst
 0001:00005A04       GWXLib_TLB.TGWStringList.moveNext
 0001:00004184       GWXLib_TLB.TGWTable.addColumn
 0001:00003A98       GWXLib_TLB.TGWTable.addNew
 0001:00003AF8       GWXLib_TLB.TGWTable.colCount
 0001:00004124       GWXLib_TLB.TGWTable.colDescription
 0001:00003B58       GWXLib_TLB.TGWTable.colName
 0001:00003BB8       GWXLib_TLB.TGWTable.colType
 0001:00003874       GWXLib_TLB.TGWTable.Connect
 0001:000038DC       GWXLib_TLB.TGWTable.ConnectTo
 0001:00003A38       GWXLib_TLB.TGWTable.Create
 0001:00003A70       GWXLib_TLB.TGWTable.Destroy
 0001:00003930       GWXLib_TLB.TGWTable.Disconnect
 0001:00003944       GWXLib_TLB.TGWTable.GetDefaultInterface
 0001:00003C18       GWXLib_TLB.TGWTable.getIndex
 0001:00004014       GWXLib_TLB.TGWTable.getTable
 0001:00004074       GWXLib_TLB.TGWTable.getText
 0001:00003C78       GWXLib_TLB.TGWTable.getValue
 0001:000041F4       GWXLib_TLB.TGWTable.IndexOf
 0001:00003868       GWXLib_TLB.TGWTable.InitServerData
 0001:00003DF8       GWXLib_TLB.TGWTable.move
 0001:00003CD8       GWXLib_TLB.TGWTable.moveFirst
 0001:00003D38       GWXLib_TLB.TGWTable.moveLast
 0001:00003D98       GWXLib_TLB.TGWTable.moveNext
 0001:000040D4       GWXLib_TLB.TGWTable.remove
 0001:00003FB4       GWXLib_TLB.TGWTable.rowCount
 0001:00003EC8       GWXLib_TLB.TGWTable.setValue
 0001:00003F54       GWXLib_TLB.TGWTable.sort
 0001:00009648       GWXLib_TLB.TGWXDelivery.AddCar
 0001:00009730       GWXLib_TLB.TGWXDelivery.AddJob
 0001:00009818       GWXLib_TLB.TGWXDelivery.CalculateRoutes
 0001:00008B74       GWXLib_TLB.TGWXDelivery.Connect
 0001:00008BDC       GWXLib_TLB.TGWXDelivery.ConnectTo
 0001:00008D38       GWXLib_TLB.TGWXDelivery.Create
 0001:00008D70       GWXLib_TLB.TGWXDelivery.Destroy
 0001:00008C30       GWXLib_TLB.TGWXDelivery.Disconnect
 0001:000096A4       GWXLib_TLB.TGWXDelivery.GetCar
 0001:00008C44       GWXLib_TLB.TGWXDelivery.GetDefaultInterface
 0001:00009918       GWXLib_TLB.TGWXDelivery.GetErrors
 0001:0000978C       GWXLib_TLB.TGWXDelivery.GetJob
 0001:000098B8       GWXLib_TLB.TGWXDelivery.GetVariants
 0001:00008E4C       GWXLib_TLB.TGWXDelivery.Get_DistributionMethod
 0001:000091D8       GWXLib_TLB.TGWXDelivery.Get_MultiTrip
 0001:00009458       GWXLib_TLB.TGWXDelivery.Get_NotResolvedJobsCount
 0001:00008D98       GWXLib_TLB.TGWXDelivery.Get_OptimizeMode
 0001:00008FBC       GWXLib_TLB.TGWXDelivery.Get_PathFromGarage
 0001:00009070       GWXLib_TLB.TGWXDelivery.Get_PathToGarage
 0001:00009124       GWXLib_TLB.TGWXDelivery.Get_PointOnce
 0001:00009340       GWXLib_TLB.TGWXDelivery.Get_ProgressDelay
 0001:0000928C       GWXLib_TLB.TGWXDelivery.Get_StackUnloading
 0001:0000958C       GWXLib_TLB.TGWXDelivery.Get_State
 0001:000093F4       GWXLib_TLB.TGWXDelivery.Get_TotalJobsCount
 0001:000094BC       GWXLib_TLB.TGWXDelivery.Get_TotalLength
 0001:00009524       GWXLib_TLB.TGWXDelivery.Get_TotalTime
 0001:00008F00       GWXLib_TLB.TGWXDelivery.Get_TripInterval
 0001:00008B68       GWXLib_TLB.TGWXDelivery.InitServerData
 0001:00009868       GWXLib_TLB.TGWXDelivery.Reset
 0001:00008EAC       GWXLib_TLB.TGWXDelivery.Set_DistributionMethod
 0001:00009238       GWXLib_TLB.TGWXDelivery.Set_MultiTrip
 0001:00008DF8       GWXLib_TLB.TGWXDelivery.Set_OptimizeMode
 0001:0000901C       GWXLib_TLB.TGWXDelivery.Set_PathFromGarage
 0001:000090D0       GWXLib_TLB.TGWXDelivery.Set_PathToGarage
 0001:00009184       GWXLib_TLB.TGWXDelivery.Set_PointOnce
 0001:000093A0       GWXLib_TLB.TGWXDelivery.Set_ProgressDelay
 0001:000092EC       GWXLib_TLB.TGWXDelivery.Set_StackUnloading
 0001:000095F0       GWXLib_TLB.TGWXDelivery.Set_State
 0001:00008F64       GWXLib_TLB.TGWXDelivery.Set_TripInterval
 0001:000065A8       GWXLib_TLB.TGWXDeliveryCar.Connect
 0001:00006610       GWXLib_TLB.TGWXDeliveryCar.ConnectTo
 0001:0000676C       GWXLib_TLB.TGWXDeliveryCar.Create
 0001:000067A4       GWXLib_TLB.TGWXDeliveryCar.Destroy
 0001:00006664       GWXLib_TLB.TGWXDeliveryCar.Disconnect
 0001:00006678       GWXLib_TLB.TGWXDeliveryCar.GetDefaultInterface
 0001:0000793C       GWXLib_TLB.TGWXDeliveryCar.GetPosition
 0001:000078DC       GWXLib_TLB.TGWXDeliveryCar.GetRoute
 0001:00007280       GWXLib_TLB.TGWXDeliveryCar.Get_Cargo
 0001:00006C70       GWXLib_TLB.TGWXDeliveryCar.Get_CarType
 0001:000068A8       GWXLib_TLB.TGWXDeliveryCar.Get_Description
 0001:000071BC       GWXLib_TLB.TGWXDeliveryCar.Get_FuelConsumption
 0001:00007408       GWXLib_TLB.TGWXDeliveryCar.Get_Height
 0001:000074CC       GWXLib_TLB.TGWXDeliveryCar.Get_Licence
 0001:00006B00       GWXLib_TLB.TGWXDeliveryCar.Get_MaxCost
 0001:00006BBC       GWXLib_TLB.TGWXDeliveryCar.Get_MaxJobNumber
 0001:00006EC4       GWXLib_TLB.TGWXDeliveryCar.Get_MaxRouteLength
 0001:00006F80       GWXLib_TLB.TGWXDeliveryCar.Get_MaxRouteTime
 0001:00006A44       GWXLib_TLB.TGWXDeliveryCar.Get_MaxVolume
 0001:00006988       GWXLib_TLB.TGWXDeliveryCar.Get_MaxWeight
 0001:000067CC       GWXLib_TLB.TGWXDeliveryCar.Get_Name
 0001:000070F8       GWXLib_TLB.TGWXDeliveryCar.Get_OwnWeight
 0001:0000767C       GWXLib_TLB.TGWXDeliveryCar.Get_ResJobCount
 0001:00007814       GWXLib_TLB.TGWXDeliveryCar.Get_ResPointsCount
 0001:00007744       GWXLib_TLB.TGWXDeliveryCar.Get_ResRouteBegin
 0001:000077AC       GWXLib_TLB.TGWXDeliveryCar.Get_ResRouteEnd
 0001:000075AC       GWXLib_TLB.TGWXDeliveryCar.Get_ResRouteLength
 0001:00007614       GWXLib_TLB.TGWXDeliveryCar.Get_ResRouteTime
 0001:000076E0       GWXLib_TLB.TGWXDeliveryCar.Get_ResViolationsCount
 0001:0000703C       GWXLib_TLB.TGWXDeliveryCar.Get_SpeedCoefficient
 0001:00007344       GWXLib_TLB.TGWXDeliveryCar.Get_Width
 0001:00006D4C       GWXLib_TLB.TGWXDeliveryCar.Get_WorkBegin
 0001:00006E08       GWXLib_TLB.TGWXDeliveryCar.Get_WorkEnd
 0001:0000659C       GWXLib_TLB.TGWXDeliveryCar.InitServerData
 0001:00007878       GWXLib_TLB.TGWXDeliveryCar.SetGarage
 0001:000072E8       GWXLib_TLB.TGWXDeliveryCar.Set_Cargo
 0001:00006CCC       GWXLib_TLB.TGWXDeliveryCar.Set_CarType
 0001:00006904       GWXLib_TLB.TGWXDeliveryCar.Set_Description
 0001:00007224       GWXLib_TLB.TGWXDeliveryCar.Set_FuelConsumption
 0001:00007470       GWXLib_TLB.TGWXDeliveryCar.Set_Height
 0001:0000752C       GWXLib_TLB.TGWXDeliveryCar.Set_Licence
 0001:00006B64       GWXLib_TLB.TGWXDeliveryCar.Set_MaxCost
 0001:00006C1C       GWXLib_TLB.TGWXDeliveryCar.Set_MaxJobNumber
 0001:00006F28       GWXLib_TLB.TGWXDeliveryCar.Set_MaxRouteLength
 0001:00006FE4       GWXLib_TLB.TGWXDeliveryCar.Set_MaxRouteTime
 0001:00006AA8       GWXLib_TLB.TGWXDeliveryCar.Set_MaxVolume
 0001:000069EC       GWXLib_TLB.TGWXDeliveryCar.Set_MaxWeight
 0001:00006828       GWXLib_TLB.TGWXDeliveryCar.Set_Name
 0001:00007160       GWXLib_TLB.TGWXDeliveryCar.Set_OwnWeight
 0001:000070A0       GWXLib_TLB.TGWXDeliveryCar.Set_SpeedCoefficient
 0001:000073AC       GWXLib_TLB.TGWXDeliveryCar.Set_Width
 0001:00006DB0       GWXLib_TLB.TGWXDeliveryCar.Set_WorkBegin
 0001:00006E6C       GWXLib_TLB.TGWXDeliveryCar.Set_WorkEnd
 0001:00007A9C       GWXLib_TLB.TGWXDeliveryJob.Connect
 0001:00007B04       GWXLib_TLB.TGWXDeliveryJob.ConnectTo
 0001:00007C60       GWXLib_TLB.TGWXDeliveryJob.Create
 0001:00007C98       GWXLib_TLB.TGWXDeliveryJob.Destroy
 0001:00007B58       GWXLib_TLB.TGWXDeliveryJob.Disconnect
 0001:00007B6C       GWXLib_TLB.TGWXDeliveryJob.GetDefaultInterface
 0001:0000880C       GWXLib_TLB.TGWXDeliveryJob.Get_CarName
 0001:00008374       GWXLib_TLB.TGWXDeliveryJob.Get_CarTypes
 0001:00008204       GWXLib_TLB.TGWXDeliveryJob.Get_Cost
 0001:00008454       GWXLib_TLB.TGWXDeliveryJob.Get_GetDuration
 0001:000088EC       GWXLib_TLB.TGWXDeliveryJob.Get_GetTime
 0001:00007D9C       GWXLib_TLB.TGWXDeliveryJob.Get_GetTimeAfter
 0001:00007E58       GWXLib_TLB.TGWXDeliveryJob.Get_GetTimeBefore
 0001:00008694       GWXLib_TLB.TGWXDeliveryJob.Get_IndexInRouteGet
 0001:00008750       GWXLib_TLB.TGWXDeliveryJob.Get_IndexInRoutePut
 0001:000085D0       GWXLib_TLB.TGWXDeliveryJob.Get_MaxTransportDuration
 0001:00007CC0       GWXLib_TLB.TGWXDeliveryJob.Get_Name
 0001:000082C0       GWXLib_TLB.TGWXDeliveryJob.Get_Priority
 0001:00008510       GWXLib_TLB.TGWXDeliveryJob.Get_PutDuration
 0001:00008954       GWXLib_TLB.TGWXDeliveryJob.Get_PutTime
 0001:00007F14       GWXLib_TLB.TGWXDeliveryJob.Get_PutTimeAfter
 0001:00007FD0       GWXLib_TLB.TGWXDeliveryJob.Get_PutTimeBefore
 0001:00008148       GWXLib_TLB.TGWXDeliveryJob.Get_Volume
 0001:0000808C       GWXLib_TLB.TGWXDeliveryJob.Get_Weight
 0001:00007A90       GWXLib_TLB.TGWXDeliveryJob.InitServerData
 0001:000089BC       GWXLib_TLB.TGWXDeliveryJob.SetGetPoint
 0001:00008A20       GWXLib_TLB.TGWXDeliveryJob.SetPutPoint
 0001:0000886C       GWXLib_TLB.TGWXDeliveryJob.Set_CarName
 0001:000083D0       GWXLib_TLB.TGWXDeliveryJob.Set_CarTypes
 0001:00008268       GWXLib_TLB.TGWXDeliveryJob.Set_Cost
 0001:000084B8       GWXLib_TLB.TGWXDeliveryJob.Set_GetDuration
 0001:00007E00       GWXLib_TLB.TGWXDeliveryJob.Set_GetTimeAfter
 0001:00007EBC       GWXLib_TLB.TGWXDeliveryJob.Set_GetTimeBefore
 0001:000086F8       GWXLib_TLB.TGWXDeliveryJob.Set_IndexInRouteGet
 0001:000087B4       GWXLib_TLB.TGWXDeliveryJob.Set_IndexInRoutePut
 0001:00008638       GWXLib_TLB.TGWXDeliveryJob.Set_MaxTransportDuration
 0001:00007D1C       GWXLib_TLB.TGWXDeliveryJob.Set_Name
 0001:00008320       GWXLib_TLB.TGWXDeliveryJob.Set_Priority
 0001:00008574       GWXLib_TLB.TGWXDeliveryJob.Set_PutDuration
 0001:00007F78       GWXLib_TLB.TGWXDeliveryJob.Set_PutTimeAfter
 0001:00008034       GWXLib_TLB.TGWXDeliveryJob.Set_PutTimeBefore
 0001:000081AC       GWXLib_TLB.TGWXDeliveryJob.Set_Volume
 0001:000080F0       GWXLib_TLB.TGWXDeliveryJob.Set_Weight
 0001:000002B0       SysInit.@InitPkg
 0001:00000314       SysInit.@PackageLoad
 0001:00000320       SysInit.@PackageUnload
 0001:000001A0       SysInit.AllocTlsBuffer
 0001:0000025C       SysInit.ExitProcessTLS
 0001:00000224       SysInit.ExitThreadTLS
 0001:00000168       SysInit.FreeLibrary
 0001:000001AC       SysInit.GetTlsSize
 0004:00000004       SysInit.HInstance
 0001:00000280       SysInit.InitializeModule
 0001:000001F8       SysInit.InitProcessTLS
 0001:000001B4       SysInit.InitThreadTLS
 0001:00000170       SysInit.LocalAlloc
 0001:00000178       SysInit.LocalFree
 0003:00000004       SysInit.Module
 0004:00000000       SysInit.ModuleIsLib
 0004:00000001       SysInit.ModuleIsPackage
 0001:00000180       SysInit.TlsAlloc
 0004:00000008       SysInit.tlsBuffer
 0001:00000188       SysInit.TlsFree
 0001:00000190       SysInit.TlsGetValue
 0003:00000000       SysInit.TlsIndex
 0005:00000000       SysInit.TlsLast
 0003:0000001C       SysInit.TlsProc
 0001:00000198       SysInit.TlsSetValue
 0001:0000028C       SysInit.UninitializeModule
 0004:0000000C       Windows..3
 0001:00000364       Windows.Finalization
 0001:0000035C       Windows.FreeLibrary
 0004:00000010       Windows.HtmlHelpModule
 0002:00000010       Windows.Windows


  Address             Publics by Value

 0001:00000168       SysInit.FreeLibrary
 0001:00000170       SysInit.LocalAlloc
 0001:00000178       SysInit.LocalFree
 0001:00000180       SysInit.TlsAlloc
 0001:00000188       SysInit.TlsFree
 0001:00000190       SysInit.TlsGetValue
 0001:00000198       SysInit.TlsSetValue
 0001:000001A0       SysInit.AllocTlsBuffer
 0001:000001AC       SysInit.GetTlsSize
 0001:000001B4       SysInit.InitThreadTLS
 0001:000001F8       SysInit.InitProcessTLS
 0001:00000224       SysInit.ExitThreadTLS
 0001:0000025C       SysInit.ExitProcessTLS
 0001:00000280       SysInit.InitializeModule
 0001:0000028C       SysInit.UninitializeModule
 0001:000002B0       SysInit.@InitPkg
 0001:00000314       SysInit.@PackageLoad
 0001:00000320       SysInit.@PackageUnload
 0001:0000035C       Windows.FreeLibrary
 0001:00000364       Windows.Finalization
 0001:00001158       GWXLib_TLB..TGWControl
 0001:000018C0       GWXLib_TLB..CoGWTable
 0001:00001940       GWXLib_TLB..TGWTable
 0001:00001A14       GWXLib_TLB..CoGWGraphics
 0001:00001A9C       GWXLib_TLB..TGWGraphics
 0001:00001B74       GWXLib_TLB..CoGWRoute
 0001:00001BF4       GWXLib_TLB..TGWRoute
 0001:00001CC8       GWXLib_TLB..CoGWStringList
 0001:00001D50       GWXLib_TLB..TGWStringList
 0001:00001E2C       GWXLib_TLB..CoGWObject
 0001:00001EAC       GWXLib_TLB..TGWObject
 0001:00001F80       GWXLib_TLB..CoGWXDeliveryCar
 0001:00002010       GWXLib_TLB..TGWXDeliveryCar
 0001:000020F0       GWXLib_TLB..CoGWXDeliveryJob
 0001:00002180       GWXLib_TLB..TGWXDeliveryJob
 0001:00002260       GWXLib_TLB..CoGWXDelivery
 0001:000022E8       GWXLib_TLB..TGWXDelivery
 0001:000023D4       GWXLib_TLB.TGWControl.InitControlData
 0001:000023F0       GWXLib_TLB.DoCreate
 0001:00002474       GWXLib_TLB.TGWControl.CreateControl
 0001:00002494       GWXLib_TLB.TGWControl.GetControlInterface
 0001:000024B4       GWXLib_TLB.TGWControl.Get_DBFLoadedList
 0001:00002510       GWXLib_TLB.TGWControl.Get_LoadedMaps
 0001:00002570       GWXLib_TLB.TGWControl.SetGeoCenter
 0001:000025D0       GWXLib_TLB.TGWControl.GetGeoCenter
 0001:0000262C       GWXLib_TLB.TGWControl.Overview
 0001:0000267C       GWXLib_TLB.TGWControl.DBF2Map
 0001:000026E8       GWXLib_TLB.TGWControl.DeleteDBF
 0001:0000273C       GWXLib_TLB.TGWControl.GetInfo
 0001:000027A8       GWXLib_TLB.TGWControl.Search
 0001:00002808       GWXLib_TLB.TGWControl.SearchAddress
 0001:00002878       GWXLib_TLB.TGWControl.GetInfoRect
 0001:000028F0       GWXLib_TLB.TGWControl.selectObject
 0001:0000294C       GWXLib_TLB.TGWControl.Refresh
 0001:0000299C       GWXLib_TLB.TGWControl.getAliasCodes
 0001:000029F8       GWXLib_TLB.TGWControl.getAliasAttributes
 0001:00002A54       GWXLib_TLB.TGWControl.getObject
 0001:00002AB4       GWXLib_TLB.TGWControl.getModulePath
 0001:00002B10       GWXLib_TLB.TGWControl.getMapInfo
 0001:00002BB0       GWXLib_TLB.TGWControl.getMeasure
 0001:00002C3C       GWXLib_TLB.TGWControl.getUnloaderDBF
 0001:00002C9C       GWXLib_TLB.TGWControl.showAddress
 0001:00002D04       GWXLib_TLB.TGWControl.GetInfoPolygon
 0001:00002D94       GWXLib_TLB.TGWControl.getBitmap
 0001:00002E14       GWXLib_TLB.TGWControl.getExplore
 0001:00002E74       GWXLib_TLB.TGWControl.exploreApply
 0001:00002ED8       GWXLib_TLB.TGWControl.getExploreDb
 0001:00002F38       GWXLib_TLB.TGWControl.exploreDbApply
 0001:00002F9C       GWXLib_TLB.TGWControl.setPassWord
 0001:00002FF4       GWXLib_TLB.TGWControl.Geo2Dev
 0001:00003060       GWXLib_TLB.TGWControl.Dev2GeoString
 0001:000030E8       GWXLib_TLB.TGWControl.Dev2Geo
 0001:00003150       GWXLib_TLB.TGWControl.AddMap
 0001:000031C0       GWXLib_TLB.TGWControl.RemoveMap
 0001:00003218       GWXLib_TLB.TGWControl.SetLookup
 0001:00003288       GWXLib_TLB.TGWControl.GetAvailableLookups
 0001:000032EC       GWXLib_TLB.TGWControl.Table2Map
 0001:00003364       GWXLib_TLB.TGWControl.CreateGWTable
 0001:000033C4       GWXLib_TLB.TGWControl.CreateGWRoute
 0001:00003428       GWXLib_TLB.TGWControl.GetDistancePath
 0001:000034A8       GWXLib_TLB.TGWControl.FindNearestAddress
 0001:00003514       GWXLib_TLB.TGWControl.getObjectTable
 0001:00003578       GWXLib_TLB.TGWControl.setObjectVisibility
 0001:000035D4       GWXLib_TLB.TGWControl.ModifyTable
 0001:00003640       GWXLib_TLB.TGWControl.CreateGWXDelivery
 0001:000036A4       GWXLib_TLB.TGWControl.SearchAddressEx
 0001:00003730       GWXLib_TLB.TGWControl.ShowLicences
 0001:00003784       GWXLib_TLB.CoGWTable.Create
 0001:000037E8       GWXLib_TLB.CoGWTable.CreateRemote
 0001:00003868       GWXLib_TLB.TGWTable.InitServerData
 0001:00003874       GWXLib_TLB.TGWTable.Connect
 0001:000038DC       GWXLib_TLB.TGWTable.ConnectTo
 0001:00003930       GWXLib_TLB.TGWTable.Disconnect
 0001:00003944       GWXLib_TLB.TGWTable.GetDefaultInterface
 0001:00003A38       GWXLib_TLB.TGWTable.Create
 0001:00003A70       GWXLib_TLB.TGWTable.Destroy
 0001:00003A98       GWXLib_TLB.TGWTable.addNew
 0001:00003AF8       GWXLib_TLB.TGWTable.colCount
 0001:00003B58       GWXLib_TLB.TGWTable.colName
 0001:00003BB8       GWXLib_TLB.TGWTable.colType
 0001:00003C18       GWXLib_TLB.TGWTable.getIndex
 0001:00003C78       GWXLib_TLB.TGWTable.getValue
 0001:00003CD8       GWXLib_TLB.TGWTable.moveFirst
 0001:00003D38       GWXLib_TLB.TGWTable.moveLast
 0001:00003D98       GWXLib_TLB.TGWTable.moveNext
 0001:00003DF8       GWXLib_TLB.TGWTable.move
 0001:00003EC8       GWXLib_TLB.TGWTable.setValue
 0001:00003F54       GWXLib_TLB.TGWTable.sort
 0001:00003FB4       GWXLib_TLB.TGWTable.rowCount
 0001:00004014       GWXLib_TLB.TGWTable.getTable
 0001:00004074       GWXLib_TLB.TGWTable.getText
 0001:000040D4       GWXLib_TLB.TGWTable.remove
 0001:00004124       GWXLib_TLB.TGWTable.colDescription
 0001:00004184       GWXLib_TLB.TGWTable.addColumn
 0001:000041F4       GWXLib_TLB.TGWTable.IndexOf
 0001:00004258       GWXLib_TLB.CoGWGraphics.Create
 0001:000042BC       GWXLib_TLB.CoGWGraphics.CreateRemote
 0001:0000433C       GWXLib_TLB.TGWGraphics.InitServerData
 0001:00004348       GWXLib_TLB.TGWGraphics.Connect
 0001:000043B0       GWXLib_TLB.TGWGraphics.ConnectTo
 0001:00004404       GWXLib_TLB.TGWGraphics.Disconnect
 0001:00004418       GWXLib_TLB.TGWGraphics.GetDefaultInterface
 0001:0000450C       GWXLib_TLB.TGWGraphics.Create
 0001:00004544       GWXLib_TLB.TGWGraphics.Destroy
 0001:0000456C       GWXLib_TLB.TGWGraphics.load
 0001:000045C0       GWXLib_TLB.TGWGraphics.write
 0001:00004614       GWXLib_TLB.TGWGraphics.getTable
 0001:00004670       GWXLib_TLB.CoGWRoute.Create
 0001:000046D4       GWXLib_TLB.CoGWRoute.CreateRemote
 0001:00004754       GWXLib_TLB.TGWRoute.InitServerData
 0001:00004760       GWXLib_TLB.TGWRoute.Connect
 0001:000047C8       GWXLib_TLB.TGWRoute.ConnectTo
 0001:0000481C       GWXLib_TLB.TGWRoute.Disconnect
 0001:00004830       GWXLib_TLB.TGWRoute.GetDefaultInterface
 0001:00004924       GWXLib_TLB.TGWRoute.Create
 0001:0000495C       GWXLib_TLB.TGWRoute.Destroy
 0001:00004984       GWXLib_TLB.TGWRoute.Get_Width
 0001:000049E8       GWXLib_TLB.TGWRoute.Set_Width
 0001:00004A40       GWXLib_TLB.TGWRoute.Get_Height
 0001:00004AA4       GWXLib_TLB.TGWRoute.Set_Height
 0001:00004AFC       GWXLib_TLB.TGWRoute.Get_Weight
 0001:00004B60       GWXLib_TLB.TGWRoute.Set_Weight
 0001:00004BB8       GWXLib_TLB.TGWRoute.Get_VehicleType
 0001:00004C14       GWXLib_TLB.TGWRoute.Set_VehicleType
 0001:00004C98       GWXLib_TLB.TGWRoute.Get_StartTime
 0001:00004CFC       GWXLib_TLB.TGWRoute.Set_StartTime
 0001:00004D54       GWXLib_TLB.TGWRoute.Get_OptimizeByTime
 0001:00004DB4       GWXLib_TLB.TGWRoute.Set_OptimizeByTime
 0001:00004E08       GWXLib_TLB.TGWRoute.Get_ReorderPoints
 0001:00004E68       GWXLib_TLB.TGWRoute.Set_ReorderPoints
 0001:00004EBC       GWXLib_TLB.TGWRoute.Get_ProgressDelay
 0001:00004F1C       GWXLib_TLB.TGWRoute.Set_ProgressDelay
 0001:00004F70       GWXLib_TLB.TGWRoute.Get_VehicleTypes
 0001:00004FCC       GWXLib_TLB.TGWRoute.Get_RouteLength
 0001:0000502C       GWXLib_TLB.TGWRoute.Get_RouteDuration
 0001:0000508C       GWXLib_TLB.TGWRoute.Get_RoutePointsCount
 0001:000050EC       GWXLib_TLB.TGWRoute.Get_Priority
 0001:00005150       GWXLib_TLB.TGWRoute.Set_Priority
 0001:000051A8       GWXLib_TLB.TGWRoute.Get_OptimizeTimeRatio
 0001:00005210       GWXLib_TLB.TGWRoute.Set_OptimizeTimeRatio
 0001:0000526C       GWXLib_TLB.TGWRoute.Get_OptimizePriorityRatio
 0001:000052D4       GWXLib_TLB.TGWRoute.Set_OptimizePriorityRatio
 0001:00005330       GWXLib_TLB.TGWRoute.GetPointName
 0001:0000539C       GWXLib_TLB.TGWRoute.DeletePoints
 0001:000053EC       GWXLib_TLB.TGWRoute.AddPoint
 0001:00005458       GWXLib_TLB.TGWRoute.CalculateRoute
 0001:000054B8       GWXLib_TLB.TGWRoute.GetRoute
 0001:00005514       GWXLib_TLB.TGWRoute.GetVariants
 0001:00005574       GWXLib_TLB.TGWRoute.GetVariantsTable
 0001:000055D4       GWXLib_TLB.CoGWStringList.Create
 0001:00005638       GWXLib_TLB.CoGWStringList.CreateRemote
 0001:000056B8       GWXLib_TLB.TGWStringList.InitServerData
 0001:000056C4       GWXLib_TLB.TGWStringList.Connect
 0001:0000572C       GWXLib_TLB.TGWStringList.ConnectTo
 0001:00005780       GWXLib_TLB.TGWStringList.Disconnect
 0001:00005794       GWXLib_TLB.TGWStringList.GetDefaultInterface
 0001:00005888       GWXLib_TLB.TGWStringList.Create
 0001:000058C0       GWXLib_TLB.TGWStringList.Destroy
 0001:000058E8       GWXLib_TLB.TGWStringList.Get_ItemCount
 0001:00005948       GWXLib_TLB.TGWStringList.Get_Item
 0001:000059A4       GWXLib_TLB.TGWStringList.moveFirst
 0001:00005A04       GWXLib_TLB.TGWStringList.moveNext
 0001:00005A64       GWXLib_TLB.TGWStringList.GetItem
 0001:00005AC4       GWXLib_TLB.CoGWObject.Create
 0001:00005B28       GWXLib_TLB.CoGWObject.CreateRemote
 0001:00005BA8       GWXLib_TLB.TGWObject.InitServerData
 0001:00005BB4       GWXLib_TLB.TGWObject.Connect
 0001:00005C1C       GWXLib_TLB.TGWObject.ConnectTo
 0001:00005C70       GWXLib_TLB.TGWObject.Disconnect
 0001:00005C84       GWXLib_TLB.TGWObject.GetDefaultInterface
 0001:00005D78       GWXLib_TLB.TGWObject.Create
 0001:00005DB0       GWXLib_TLB.TGWObject.Destroy
 0001:00005DD8       GWXLib_TLB.TGWObject.Get_ID
 0001:00005E38       GWXLib_TLB.TGWObject.Get_type_
 0001:00005E98       GWXLib_TLB.TGWObject.Get_Acronym
 0001:00005EF4       GWXLib_TLB.TGWObject.Get_MetricsType
 0001:00005F54       GWXLib_TLB.TGWObject.Get_Metrics
 0001:00006010       GWXLib_TLB.TGWObject.Get_Attributes
 0001:0000606C       GWXLib_TLB.TGWObject.Get_Length
 0001:000060CC       GWXLib_TLB.TGWObject.Get_Square
 0001:0000612C       GWXLib_TLB.TGWObject.Get_Links
 0001:00006188       GWXLib_TLB.TGWObject.Get_Visible
 0001:000061E8       GWXLib_TLB.TGWObject.Set_Visible
 0001:0000623C       GWXLib_TLB.TGWObject.Get_Marked
 0001:0000629C       GWXLib_TLB.TGWObject.Set_Marked
 0001:000062F0       GWXLib_TLB.TGWObject.Get_Contoured
 0001:00006350       GWXLib_TLB.TGWObject.Set_Contoured
 0001:000063A4       GWXLib_TLB.TGWObject.Get_Twinkling
 0001:00006404       GWXLib_TLB.TGWObject.Set_Twinkling
 0001:00006458       GWXLib_TLB.TGWObject.getLinks
 0001:000064B8       GWXLib_TLB.CoGWXDeliveryCar.Create
 0001:0000651C       GWXLib_TLB.CoGWXDeliveryCar.CreateRemote
 0001:0000659C       GWXLib_TLB.TGWXDeliveryCar.InitServerData
 0001:000065A8       GWXLib_TLB.TGWXDeliveryCar.Connect
 0001:00006610       GWXLib_TLB.TGWXDeliveryCar.ConnectTo
 0001:00006664       GWXLib_TLB.TGWXDeliveryCar.Disconnect
 0001:00006678       GWXLib_TLB.TGWXDeliveryCar.GetDefaultInterface
 0001:0000676C       GWXLib_TLB.TGWXDeliveryCar.Create
 0001:000067A4       GWXLib_TLB.TGWXDeliveryCar.Destroy
 0001:000067CC       GWXLib_TLB.TGWXDeliveryCar.Get_Name
 0001:00006828       GWXLib_TLB.TGWXDeliveryCar.Set_Name
 0001:000068A8       GWXLib_TLB.TGWXDeliveryCar.Get_Description
 0001:00006904       GWXLib_TLB.TGWXDeliveryCar.Set_Description
 0001:00006988       GWXLib_TLB.TGWXDeliveryCar.Get_MaxWeight
 0001:000069EC       GWXLib_TLB.TGWXDeliveryCar.Set_MaxWeight
 0001:00006A44       GWXLib_TLB.TGWXDeliveryCar.Get_MaxVolume
 0001:00006AA8       GWXLib_TLB.TGWXDeliveryCar.Set_MaxVolume
 0001:00006B00       GWXLib_TLB.TGWXDeliveryCar.Get_MaxCost
 0001:00006B64       GWXLib_TLB.TGWXDeliveryCar.Set_MaxCost
 0001:00006BBC       GWXLib_TLB.TGWXDeliveryCar.Get_MaxJobNumber
 0001:00006C1C       GWXLib_TLB.TGWXDeliveryCar.Set_MaxJobNumber
 0001:00006C70       GWXLib_TLB.TGWXDeliveryCar.Get_CarType
 0001:00006CCC       GWXLib_TLB.TGWXDeliveryCar.Set_CarType
 0001:00006D4C       GWXLib_TLB.TGWXDeliveryCar.Get_WorkBegin
 0001:00006DB0       GWXLib_TLB.TGWXDeliveryCar.Set_WorkBegin
 0001:00006E08       GWXLib_TLB.TGWXDeliveryCar.Get_WorkEnd
 0001:00006E6C       GWXLib_TLB.TGWXDeliveryCar.Set_WorkEnd
 0001:00006EC4       GWXLib_TLB.TGWXDeliveryCar.Get_MaxRouteLength
 0001:00006F28       GWXLib_TLB.TGWXDeliveryCar.Set_MaxRouteLength
 0001:00006F80       GWXLib_TLB.TGWXDeliveryCar.Get_MaxRouteTime
 0001:00006FE4       GWXLib_TLB.TGWXDeliveryCar.Set_MaxRouteTime
 0001:0000703C       GWXLib_TLB.TGWXDeliveryCar.Get_SpeedCoefficient
 0001:000070A0       GWXLib_TLB.TGWXDeliveryCar.Set_SpeedCoefficient
 0001:000070F8       GWXLib_TLB.TGWXDeliveryCar.Get_OwnWeight
 0001:00007160       GWXLib_TLB.TGWXDeliveryCar.Set_OwnWeight
 0001:000071BC       GWXLib_TLB.TGWXDeliveryCar.Get_FuelConsumption
 0001:00007224       GWXLib_TLB.TGWXDeliveryCar.Set_FuelConsumption
 0001:00007280       GWXLib_TLB.TGWXDeliveryCar.Get_Cargo
 0001:000072E8       GWXLib_TLB.TGWXDeliveryCar.Set_Cargo
 0001:00007344       GWXLib_TLB.TGWXDeliveryCar.Get_Width
 0001:000073AC       GWXLib_TLB.TGWXDeliveryCar.Set_Width
 0001:00007408       GWXLib_TLB.TGWXDeliveryCar.Get_Height
 0001:00007470       GWXLib_TLB.TGWXDeliveryCar.Set_Height
 0001:000074CC       GWXLib_TLB.TGWXDeliveryCar.Get_Licence
 0001:0000752C       GWXLib_TLB.TGWXDeliveryCar.Set_Licence
 0001:000075AC       GWXLib_TLB.TGWXDeliveryCar.Get_ResRouteLength
 0001:00007614       GWXLib_TLB.TGWXDeliveryCar.Get_ResRouteTime
 0001:0000767C       GWXLib_TLB.TGWXDeliveryCar.Get_ResJobCount
 0001:000076E0       GWXLib_TLB.TGWXDeliveryCar.Get_ResViolationsCount
 0001:00007744       GWXLib_TLB.TGWXDeliveryCar.Get_ResRouteBegin
 0001:000077AC       GWXLib_TLB.TGWXDeliveryCar.Get_ResRouteEnd
 0001:00007814       GWXLib_TLB.TGWXDeliveryCar.Get_ResPointsCount
 0001:00007878       GWXLib_TLB.TGWXDeliveryCar.SetGarage
 0001:000078DC       GWXLib_TLB.TGWXDeliveryCar.GetRoute
 0001:0000793C       GWXLib_TLB.TGWXDeliveryCar.GetPosition
 0001:000079AC       GWXLib_TLB.CoGWXDeliveryJob.Create
 0001:00007A10       GWXLib_TLB.CoGWXDeliveryJob.CreateRemote
 0001:00007A90       GWXLib_TLB.TGWXDeliveryJob.InitServerData
 0001:00007A9C       GWXLib_TLB.TGWXDeliveryJob.Connect
 0001:00007B04       GWXLib_TLB.TGWXDeliveryJob.ConnectTo
 0001:00007B58       GWXLib_TLB.TGWXDeliveryJob.Disconnect
 0001:00007B6C       GWXLib_TLB.TGWXDeliveryJob.GetDefaultInterface
 0001:00007C60       GWXLib_TLB.TGWXDeliveryJob.Create
 0001:00007C98       GWXLib_TLB.TGWXDeliveryJob.Destroy
 0001:00007CC0       GWXLib_TLB.TGWXDeliveryJob.Get_Name
 0001:00007D1C       GWXLib_TLB.TGWXDeliveryJob.Set_Name
 0001:00007D9C       GWXLib_TLB.TGWXDeliveryJob.Get_GetTimeAfter
 0001:00007E00       GWXLib_TLB.TGWXDeliveryJob.Set_GetTimeAfter
 0001:00007E58       GWXLib_TLB.TGWXDeliveryJob.Get_GetTimeBefore
 0001:00007EBC       GWXLib_TLB.TGWXDeliveryJob.Set_GetTimeBefore
 0001:00007F14       GWXLib_TLB.TGWXDeliveryJob.Get_PutTimeAfter
 0001:00007F78       GWXLib_TLB.TGWXDeliveryJob.Set_PutTimeAfter
 0001:00007FD0       GWXLib_TLB.TGWXDeliveryJob.Get_PutTimeBefore
 0001:00008034       GWXLib_TLB.TGWXDeliveryJob.Set_PutTimeBefore
 0001:0000808C       GWXLib_TLB.TGWXDeliveryJob.Get_Weight
 0001:000080F0       GWXLib_TLB.TGWXDeliveryJob.Set_Weight
 0001:00008148       GWXLib_TLB.TGWXDeliveryJob.Get_Volume
 0001:000081AC       GWXLib_TLB.TGWXDeliveryJob.Set_Volume
 0001:00008204       GWXLib_TLB.TGWXDeliveryJob.Get_Cost
 0001:00008268       GWXLib_TLB.TGWXDeliveryJob.Set_Cost
 0001:000082C0       GWXLib_TLB.TGWXDeliveryJob.Get_Priority
 0001:00008320       GWXLib_TLB.TGWXDeliveryJob.Set_Priority
 0001:00008374       GWXLib_TLB.TGWXDeliveryJob.Get_CarTypes
 0001:000083D0       GWXLib_TLB.TGWXDeliveryJob.Set_CarTypes
 0001:00008454       GWXLib_TLB.TGWXDeliveryJob.Get_GetDuration
 0001:000084B8       GWXLib_TLB.TGWXDeliveryJob.Set_GetDuration
 0001:00008510       GWXLib_TLB.TGWXDeliveryJob.Get_PutDuration
 0001:00008574       GWXLib_TLB.TGWXDeliveryJob.Set_PutDuration
 0001:000085D0       GWXLib_TLB.TGWXDeliveryJob.Get_MaxTransportDuration
 0001:00008638       GWXLib_TLB.TGWXDeliveryJob.Set_MaxTransportDuration
 0001:00008694       GWXLib_TLB.TGWXDeliveryJob.Get_IndexInRouteGet
 0001:000086F8       GWXLib_TLB.TGWXDeliveryJob.Set_IndexInRouteGet
 0001:00008750       GWXLib_TLB.TGWXDeliveryJob.Get_IndexInRoutePut
 0001:000087B4       GWXLib_TLB.TGWXDeliveryJob.Set_IndexInRoutePut
 0001:0000880C       GWXLib_TLB.TGWXDeliveryJob.Get_CarName
 0001:0000886C       GWXLib_TLB.TGWXDeliveryJob.Set_CarName
 0001:000088EC       GWXLib_TLB.TGWXDeliveryJob.Get_GetTime
 0001:00008954       GWXLib_TLB.TGWXDeliveryJob.Get_PutTime
 0001:000089BC       GWXLib_TLB.TGWXDeliveryJob.SetGetPoint
 0001:00008A20       GWXLib_TLB.TGWXDeliveryJob.SetPutPoint
 0001:00008A84       GWXLib_TLB.CoGWXDelivery.Create
 0001:00008AE8       GWXLib_TLB.CoGWXDelivery.CreateRemote
 0001:00008B68       GWXLib_TLB.TGWXDelivery.InitServerData
 0001:00008B74       GWXLib_TLB.TGWXDelivery.Connect
 0001:00008BDC       GWXLib_TLB.TGWXDelivery.ConnectTo
 0001:00008C30       GWXLib_TLB.TGWXDelivery.Disconnect
 0001:00008C44       GWXLib_TLB.TGWXDelivery.GetDefaultInterface
 0001:00008D38       GWXLib_TLB.TGWXDelivery.Create
 0001:00008D70       GWXLib_TLB.TGWXDelivery.Destroy
 0001:00008D98       GWXLib_TLB.TGWXDelivery.Get_OptimizeMode
 0001:00008DF8       GWXLib_TLB.TGWXDelivery.Set_OptimizeMode
 0001:00008E4C       GWXLib_TLB.TGWXDelivery.Get_DistributionMethod
 0001:00008EAC       GWXLib_TLB.TGWXDelivery.Set_DistributionMethod
 0001:00008F00       GWXLib_TLB.TGWXDelivery.Get_TripInterval
 0001:00008F64       GWXLib_TLB.TGWXDelivery.Set_TripInterval
 0001:00008FBC       GWXLib_TLB.TGWXDelivery.Get_PathFromGarage
 0001:0000901C       GWXLib_TLB.TGWXDelivery.Set_PathFromGarage
 0001:00009070       GWXLib_TLB.TGWXDelivery.Get_PathToGarage
 0001:000090D0       GWXLib_TLB.TGWXDelivery.Set_PathToGarage
 0001:00009124       GWXLib_TLB.TGWXDelivery.Get_PointOnce
 0001:00009184       GWXLib_TLB.TGWXDelivery.Set_PointOnce
 0001:000091D8       GWXLib_TLB.TGWXDelivery.Get_MultiTrip
 0001:00009238       GWXLib_TLB.TGWXDelivery.Set_MultiTrip
 0001:0000928C       GWXLib_TLB.TGWXDelivery.Get_StackUnloading
 0001:000092EC       GWXLib_TLB.TGWXDelivery.Set_StackUnloading
 0001:00009340       GWXLib_TLB.TGWXDelivery.Get_ProgressDelay
 0001:000093A0       GWXLib_TLB.TGWXDelivery.Set_ProgressDelay
 0001:000093F4       GWXLib_TLB.TGWXDelivery.Get_TotalJobsCount
 0001:00009458       GWXLib_TLB.TGWXDelivery.Get_NotResolvedJobsCount
 0001:000094BC       GWXLib_TLB.TGWXDelivery.Get_TotalLength
 0001:00009524       GWXLib_TLB.TGWXDelivery.Get_TotalTime
 0001:0000958C       GWXLib_TLB.TGWXDelivery.Get_State
 0001:000095F0       GWXLib_TLB.TGWXDelivery.Set_State
 0001:00009648       GWXLib_TLB.TGWXDelivery.AddCar
 0001:000096A4       GWXLib_TLB.TGWXDelivery.GetCar
 0001:00009730       GWXLib_TLB.TGWXDelivery.AddJob
 0001:0000978C       GWXLib_TLB.TGWXDelivery.GetJob
 0001:00009818       GWXLib_TLB.TGWXDelivery.CalculateRoutes
 0001:00009868       GWXLib_TLB.TGWXDelivery.Reset
 0001:000098B8       GWXLib_TLB.TGWXDelivery.GetVariants
 0001:00009918       GWXLib_TLB.TGWXDelivery.GetErrors
 0001:00009978       GWXLib_TLB.Register
 0001:00009A48       GWXLib_TLB.Finalization
 0001:00009D40       BisHttpServerIngitMapFrm..TBisHttpServerIngitMapFramePoint
 0001:00009DFC       BisHttpServerIngitMapFrm..TBisHttpServerIngitMapFramePoints
 0001:00009EC8       BisHttpServerIngitMapFrm..TBisHttpServerIngitMapFrame
 0001:0000A0A8       BisHttpServerIngitMapFrm.TBisHttpServerIngitMapFramePoint.Create
 0001:0000A0F0       BisHttpServerIngitMapFrm.TBisHttpServerIngitMapFramePoints.AddPoint
 0001:0000A130       BisHttpServerIngitMapFrm.TBisHttpServerIngitMapFramePoints.GetItem
 0001:0000A144       BisHttpServerIngitMapFrm.TBisHttpServerIngitMapFrame.Create
 0001:0000A22C       BisHttpServerIngitMapFrm.TBisHttpServerIngitMapFrame.Destroy
 0001:0000A274       BisHttpServerIngitMapFrm.TBisHttpServerIngitMapFrame.OpenMap
 0001:0000A374       BisHttpServerIngitMapFrm.TBisHttpServerIngitMapFrame.LoadFromFile
 0001:0000A39C       BisHttpServerIngitMapFrm.TBisHttpServerIngitMapFrame.PrepareMap
 0001:0000A3B4       BisHttpServerIngitMapFrm.TBisHttpServerIngitMapFrame.MapLoaded
 0001:0000A3DC       BisHttpServerIngitMapFrm.TBisHttpServerIngitMapFrame.GetRouteDistance
 0001:0000A474       BisHttpServerIngitMapFrm.TBisHttpServerIngitMapFrame.GetRouteDistance
 0001:0000A624       BisHttpServerIngitMapFrm.Finalization
 0001:0000A684       BisHttpServerHandlerIngitMapConsts.Finalization
 0001:0000A6B4       BisHttpServerHandlerIngitMapWm..TBisHttpServerHandlerIngitMapWebModule
 0001:0000A85C       BisHttpServerHandlerIngitMapWm.TBisHttpServerHandlerIngitMapWebModule.Create
 0001:0000A910       BisHttpServerHandlerIngitMapWm.PrepearFloat
 0001:0000A9E4       BisHttpServerHandlerIngitMapWm.ReadCoordinates
 0001:0000AB44       BisHttpServerHandlerIngitMapWm.CalculateDistance
 0001:0000ABC4       BisHttpServerHandlerIngitMapWm.WriteDistance
 0001:0000AC14       BisHttpServerHandlerIngitMapWm.LoggerWrite
 0001:0000AC94       BisHttpServerHandlerIngitMapWm.TBisHttpServerHandlerIngitMapWebModule.Execute
 0001:0000AF28       BisHttpServerHandlerIngitMapWm.TBisHttpServerHandlerIngitMapWebModule.BisHttpServerHandlerIngitMapWebModuleDefaultAction
 0001:0000AF48       BisHttpServerHandlerIngitMapWm.Finalization
 0001:0000AF8C       BisHttpServerHandlerIngitMap..TBisHttpServerHandlerIngitMap
 0001:0000B0A8       BisHttpServerHandlerIngitMap.InitHttpServerHandlerModule
 0001:0000B0C0       BisHttpServerHandlerIngitMap.TBisHttpServerHandlerIngitMap.Create
 0001:0000B118       BisHttpServerHandlerIngitMap.TBisHttpServerHandlerIngitMap.Destroy
 0001:0000B148       BisHttpServerHandlerIngitMap.TBisHttpServerHandlerIngitMap.Init
 0001:0000B1D8       BisHttpServerHandlerIngitMap.TBisHttpServerHandlerIngitMap.HandleRequest
 0001:0000B1F4       BisHttpServerHandlerIngitMap.TBisHttpServerHandlerIngitMap.CopyFrom
 0001:0000B204       BisHttpServerHandlerIngitMap.Finalization
 0001:0000BD94       .smhttping.@GetPackageInfoTable
 0001:0000BD9C       .smhttping.@PackageLoad
 0001:0000BDA8       .smhttping.@PackageUnload
 0002:00000010       Windows.Windows
 0002:0000015C       GWXLib_TLB.GWXLib_TLB
 0002:0000034C       BisHttpServerIngitMapFrm.BisHttpServerIngitMapFrm
 0002:00000354       BisHttpServerHandlerIngitMapConsts.BisHttpServerHandlerIngitMapConsts
 0002:0000035C       BisHttpServerHandlerIngitMapWm.BisHttpServerHandlerIngitMapWm
 0002:0000038C       BisHttpServerHandlerIngitMap.BisHttpServerHandlerIngitMap
 0002:00000394       .smhttping..smhttping
 0003:00000000       SysInit.TlsIndex
 0003:00000004       SysInit.Module
 0003:0000001C       SysInit.TlsProc
 0003:0000002C       GWXLib_TLB.LIBID_GWXLib
 0003:0000003C       GWXLib_TLB.IID_IGWObject
 0003:0000004C       GWXLib_TLB.IID_IGWTable
 0003:0000005C       GWXLib_TLB.DIID__IGWControlEvents
 0003:0000006C       GWXLib_TLB.IID_IGWRoute
 0003:0000007C       GWXLib_TLB.IID_IGWStringList
 0003:0000008C       GWXLib_TLB.IID_IGWGraphics
 0003:0000009C       GWXLib_TLB.IID_IGWControl
 0003:000000AC       GWXLib_TLB.IID_IGWProjection
 0003:000000BC       GWXLib_TLB.IID_IGWXDelivery
 0003:000000CC       GWXLib_TLB.IID_IGWXDeliveryCar
 0003:000000DC       GWXLib_TLB.IID_IGWXDeliveryJob
 0003:000000EC       GWXLib_TLB.IID_IGWProjectionAcc
 0003:000000FC       GWXLib_TLB.CLASS_GWControl
 0003:0000010C       GWXLib_TLB.CLASS_GWTable
 0003:0000011C       GWXLib_TLB.CLASS_GWGraphics
 0003:0000012C       GWXLib_TLB.CLASS_GWRoute
 0003:0000013C       GWXLib_TLB.CLASS_GWStringList
 0003:0000014C       GWXLib_TLB.CLASS_GWObject
 0003:0000015C       GWXLib_TLB.CLASS_GWXDeliveryCar
 0003:0000016C       GWXLib_TLB.CLASS_GWXDeliveryJob
 0003:0000017C       GWXLib_TLB.CLASS_GWXDelivery
 0003:0000018C       GWXLib_TLB.CEventDispIDs
 0003:000001A4       GWXLib_TLB.CControlData
 0003:000001F8       GWXLib_TLB.CServerData
 0003:00000234       GWXLib_TLB.CServerData
 0003:00000270       GWXLib_TLB.CServerData
 0003:000002AC       GWXLib_TLB.CServerData
 0003:000002E8       GWXLib_TLB.CServerData
 0003:00000324       GWXLib_TLB.CServerData
 0003:00000360       GWXLib_TLB.CServerData
 0003:0000039C       GWXLib_TLB.CServerData
 0004:00000000       SysInit.ModuleIsLib
 0004:00000001       SysInit.ModuleIsPackage
 0004:00000004       SysInit.HInstance
 0004:00000008       SysInit.tlsBuffer
 0004:0000000C       Windows..3
 0004:00000010       Windows.HtmlHelpModule
 0004:00000014       GWXLib_TLB..81
 0004:00000018       BisHttpServerIngitMapFrm..4
 0004:0000001C       BisHttpServerHandlerIngitMapConsts..1
 0004:00000020       BisHttpServerHandlerIngitMapWm.BisHttpServerHandlerIngitMapWebModule
 0004:00000024       BisHttpServerHandlerIngitMapWm.FMapFrame
 0004:00000028       BisHttpServerHandlerIngitMapWm..2
 0004:0000002C       BisHttpServerHandlerIngitMapWm.FLock
 0004:00000030       BisHttpServerHandlerIngitMap..2
 0005:00000000       SysInit.TlsLast


Line numbers for GWXLib_TLB(smhttping.bpl\GWXLib_TLB.pas) segment .text

  2294 0001:000023D4  2295 0001:000023DF  2296 0001:000023ED  2301 0001:000023F0
  2302 0001:00002408  2303 0001:00002439  2305 0001:00002474  2306 0001:0000247B
  2307 0001:0000248E  2310 0001:00002494  2311 0001:0000249A  2312 0001:000024A1
  2313 0001:000024AE  2316 0001:000024B4  2317 0001:000024CD  2318 0001:000024ED
  2321 0001:00002510  2322 0001:00002529  2323 0001:0000254C  2326 0001:00002570
  2327 0001:00002586  2328 0001:000025AA  2331 0001:000025D0  2332 0001:000025EC
  2333 0001:00002606  2336 0001:0000262C  2337 0001:00002642  2338 0001:0000265A
  2341 0001:0000267C  2342 0001:0000269E  2343 0001:000026BF  2346 0001:000026E8
  2347 0001:00002701  2348 0001:0000271A  2351 0001:0000273C  2352 0001:00002755
  2353 0001:00002781  2356 0001:000027A8  2357 0001:000027C4  2358 0001:000027E5
  2361 0001:00002808  2362 0001:0000282A  2363 0001:0000284F  2366 0001:00002878
  2367 0001:00002891  2368 0001:000028C9  2371 0001:000028F0  2372 0001:0000290C
  2373 0001:00002926  2376 0001:0000294C  2377 0001:00002962  2378 0001:0000297A
  2381 0001:0000299C  2382 0001:000029B5  2383 0001:000029D5  2386 0001:000029F8
  2387 0001:00002A11  2388 0001:00002A31  2391 0001:00002A54  2392 0001:00002A70
  2393 0001:00002A91  2396 0001:00002AB4  2397 0001:00002ACD  2398 0001:00002AED
  2402 0001:00002B10  2403 0001:00002B5A  2404 0001:00002B89  2407 0001:00002BB0
  2408 0001:00002BDF  2409 0001:00002C0D  2412 0001:00002C3C  2413 0001:00002C55
  2414 0001:00002C78  2417 0001:00002C9C  2418 0001:00002CBB  2419 0001:00002CDE
  2422 0001:00002D04  2423 0001:00002D35  2424 0001:00002D66  2429 0001:00002D94
  2430 0001:00002DB0  2431 0001:00002DED  2434 0001:00002E14  2435 0001:00002E2D
  2436 0001:00002E50  2439 0001:00002E74  2440 0001:00002E90  2441 0001:00002EB1
  2444 0001:00002ED8  2445 0001:00002EF1  2446 0001:00002F14  2449 0001:00002F38
  2450 0001:00002F54  2451 0001:00002F75  2454 0001:00002F9C  2455 0001:00002FB5
  2456 0001:00002FD1  2459 0001:00002FF4  2460 0001:00003010  2461 0001:00003039
  2464 0001:00003060  2465 0001:00003092  2466 0001:000030C1  2469 0001:000030E8
  2470 0001:00003104  2471 0001:00003129  2474 0001:00003150  2475 0001:00003173
  2476 0001:0000319A  2479 0001:000031C0  2480 0001:000031D9  2481 0001:000031F5
  2484 0001:00003218  2485 0001:0000323B  2486 0001:00003262  2489 0001:00003288
  2490 0001:000032A4  2491 0001:000032C8  2495 0001:000032EC  2496 0001:0000330F
  2497 0001:0000333A  2500 0001:00003364  2501 0001:0000337D  2502 0001:000033A0
  2505 0001:000033C4  2506 0001:000033E0  2507 0001:00003404  2511 0001:00003428
  2512 0001:00003444  2513 0001:00003480  2516 0001:000034A8  2517 0001:000034C1
  2518 0001:000034F0  2521 0001:00003514  2522 0001:00003530  2523 0001:00003554
  2526 0001:00003578  2527 0001:00003594  2528 0001:000035B1  2531 0001:000035D4
  2532 0001:000035F6  2533 0001:0000361A  2536 0001:00003640  2537 0001:0000365C
  2538 0001:00003680  2542 0001:000036A4  2543 0001:000036D1  2544 0001:00003706
  2547 0001:00003730  2548 0001:00003746  2549 0001:00003761  2552 0001:00003784
  2553 0001:0000379A  2554 0001:000037B6  2557 0001:000037E8  2558 0001:00003803
  2559 0001:0000382C  2570 0001:00003868  2571 0001:00003870  2576 0001:00003874
  2577 0001:0000388A  2579 0001:00003890  2580 0001:0000389A  2582 0001:000038AA
  2585 0001:000038DC  2586 0001:000038FC  2587 0001:00003903  2588 0001:0000390E
  2591 0001:00003930  2592 0001:00003933  2594 0001:00003939  2596 0001:00003941
  2599 0001:00003944  2600 0001:0000394A  2601 0001:00003950  2602 0001:00003957
  2603 0001:00003971  2604 0001:0000397B  2607 0001:00003A38  2608 0001:00003A4A
  2612 0001:00003A53  2615 0001:00003A70  2619 0001:00003A7B  2620 0001:00003A87
  2630 0001:00003A98  2631 0001:00003AB4  2632 0001:00003AD3  2635 0001:00003AF8
  2636 0001:00003B14  2637 0001:00003B33  2640 0001:00003B58  2641 0001:00003B74
  2642 0001:00003B95  2645 0001:00003BB8  2646 0001:00003BD4  2647 0001:00003BF5
  2650 0001:00003C18  2651 0001:00003C34  2652 0001:00003C53  2655 0001:00003C78
  2656 0001:00003C94  2657 0001:00003CB5  2660 0001:00003CD8  2661 0001:00003CF4
  2662 0001:00003D13  2665 0001:00003D38  2666 0001:00003D54  2667 0001:00003D73
  2670 0001:00003D98  2671 0001:00003DB4  2672 0001:00003DD3  2675 0001:00003DF8
  2676 0001:00003E4A  2677 0001:00003E8D  2680 0001:00003EC8  2681 0001:00003EF9
  2682 0001:00003F25  2685 0001:00003F54  2686 0001:00003F70  2687 0001:00003F8E
  2690 0001:00003FB4  2691 0001:00003FD0  2692 0001:00003FEF  2695 0001:00004014
  2696 0001:00004030  2697 0001:00004051  2700 0001:00004074  2701 0001:00004090
  2702 0001:000040B1  2705 0001:000040D4  2706 0001:000040EA  2707 0001:00004102
  2710 0001:00004124  2711 0001:00004140  2712 0001:00004161  2716 0001:00004184
  2717 0001:000041A6  2718 0001:000041CB  2721 0001:000041F4  2722 0001:00004213
  2723 0001:00004233  2740 0001:00004258  2741 0001:0000426E  2742 0001:0000428A
  2745 0001:000042BC  2746 0001:000042D7  2747 0001:00004300  2758 0001:0000433C
  2759 0001:00004344  2764 0001:00004348  2765 0001:0000435E  2767 0001:00004364
  2768 0001:0000436E  2770 0001:0000437E  2773 0001:000043B0  2774 0001:000043D0
  2775 0001:000043D7  2776 0001:000043E2  2779 0001:00004404  2780 0001:00004407
  2782 0001:0000440D  2784 0001:00004415  2787 0001:00004418  2788 0001:0000441E
  2789 0001:00004424  2790 0001:0000442B  2791 0001:00004445  2792 0001:0000444F
  2795 0001:0000450C  2796 0001:0000451E  2800 0001:00004527  2803 0001:00004544
  2807 0001:0000454F  2808 0001:0000455B  2818 0001:0000456C  2819 0001:00004585
  2820 0001:0000459E  2823 0001:000045C0  2824 0001:000045D9  2825 0001:000045F2
  2828 0001:00004614  2829 0001:0000462D  2830 0001:0000464D  2847 0001:00004670
  2848 0001:00004686  2849 0001:000046A2  2852 0001:000046D4  2853 0001:000046EF
  2854 0001:00004718  2865 0001:00004754  2866 0001:0000475C  2871 0001:00004760
  2872 0001:00004776  2874 0001:0000477C  2875 0001:00004786  2877 0001:00004796
  2880 0001:000047C8  2881 0001:000047E8  2882 0001:000047EF  2883 0001:000047FA
  2886 0001:0000481C  2887 0001:0000481F  2889 0001:00004825  2891 0001:0000482D
  2894 0001:00004830  2895 0001:00004836  2896 0001:0000483C  2897 0001:00004843
  2898 0001:0000485D  2899 0001:00004867  2902 0001:00004924  2903 0001:00004936
  2907 0001:0000493F  2910 0001:0000495C  2914 0001:00004967  2915 0001:00004973
  2925 0001:00004984  2926 0001:000049A0  2927 0001:000049C3  2930 0001:000049E8
  2931 0001:000049FE  2932 0001:00004A1C  2935 0001:00004A40  2936 0001:00004A5C
  2937 0001:00004A7F  2940 0001:00004AA4  2941 0001:00004ABA  2942 0001:00004AD8
  2945 0001:00004AFC  2946 0001:00004B18  2947 0001:00004B3B  2950 0001:00004B60
  2951 0001:00004B76  2952 0001:00004B94  2955 0001:00004BB8  2956 0001:00004BD1
  2957 0001:00004BF1  2965 0001:00004C14  2966 0001:00004C32  2967 0001:00004C47
  2968 0001:00004C5B  2971 0001:00004C98  2972 0001:00004CB4  2973 0001:00004CD7
  2976 0001:00004CFC  2977 0001:00004D12  2978 0001:00004D30  2981 0001:00004D54
  2982 0001:00004D70  2983 0001:00004D8F  2986 0001:00004DB4  2987 0001:00004DCD
  2988 0001:00004DE6  2991 0001:00004E08  2992 0001:00004E24  2993 0001:00004E43
  2996 0001:00004E68  2997 0001:00004E81  2998 0001:00004E9A  3001 0001:00004EBC
  3002 0001:00004ED8  3003 0001:00004EF7  3006 0001:00004F1C  3007 0001:00004F35
  3008 0001:00004F4E  3011 0001:00004F70  3012 0001:00004F89  3013 0001:00004FA9
  3016 0001:00004FCC  3017 0001:00004FE8  3018 0001:00005007  3021 0001:0000502C
  3022 0001:00005048  3023 0001:00005067  3026 0001:0000508C  3027 0001:000050A8
  3028 0001:000050C7  3031 0001:000050EC  3032 0001:00005108  3033 0001:0000512A
  3036 0001:00005150  3037 0001:00005169  3038 0001:00005185  3041 0001:000051A8
  3042 0001:000051C4  3043 0001:000051EA  3046 0001:00005210  3047 0001:00005226
  3048 0001:00005247  3051 0001:0000526C  3052 0001:00005288  3053 0001:000052AE
  3056 0001:000052D4  3057 0001:000052EA  3058 0001:0000530B  3061 0001:00005330
  3062 0001:00005349  3063 0001:00005375  3066 0001:0000539C  3067 0001:000053B2
  3068 0001:000053CA  3072 0001:000053EC  3073 0001:00005408  3074 0001:00005432
  3077 0001:00005458  3078 0001:00005474  3079 0001:00005493  3082 0001:000054B8
  3083 0001:000054D1  3084 0001:000054F1  3087 0001:00005514  3088 0001:0000552D
  3089 0001:00005550  3092 0001:00005574  3093 0001:0000558D  3094 0001:000055B0
  3247 0001:000055D4  3248 0001:000055EA  3249 0001:00005606  3252 0001:00005638
  3253 0001:00005653  3254 0001:0000567C  3265 0001:000056B8  3266 0001:000056C0
  3271 0001:000056C4  3272 0001:000056DA  3274 0001:000056E0  3275 0001:000056EA
  3277 0001:000056FA  3280 0001:0000572C  3281 0001:0000574C  3282 0001:00005753
  3283 0001:0000575E  3286 0001:00005780  3287 0001:00005783  3289 0001:00005789
  3291 0001:00005791  3294 0001:00005794  3295 0001:0000579A  3296 0001:000057A0
  3297 0001:000057A7  3298 0001:000057C1  3299 0001:000057CB  3302 0001:00005888
  3303 0001:0000589A  3307 0001:000058A3  3310 0001:000058C0  3314 0001:000058CB
  3315 0001:000058D7  3325 0001:000058E8  3326 0001:00005904  3327 0001:00005923
  3330 0001:00005948  3331 0001:00005961  3332 0001:00005981  3335 0001:000059A4
  3336 0001:000059C0  3337 0001:000059DF  3340 0001:00005A04  3341 0001:00005A20
  3342 0001:00005A3F  3345 0001:00005A64  3346 0001:00005A80  3347 0001:00005AA1
  3374 0001:00005AC4  3375 0001:00005ADA  3376 0001:00005AF6  3379 0001:00005B28
  3380 0001:00005B43  3381 0001:00005B6C  3392 0001:00005BA8  3393 0001:00005BB0
  3398 0001:00005BB4  3399 0001:00005BCA  3401 0001:00005BD0  3402 0001:00005BDA
  3404 0001:00005BEA  3407 0001:00005C1C  3408 0001:00005C3C  3409 0001:00005C43
  3410 0001:00005C4E  3413 0001:00005C70  3414 0001:00005C73  3416 0001:00005C79
  3418 0001:00005C81  3421 0001:00005C84  3422 0001:00005C8A  3423 0001:00005C90
  3424 0001:00005C97  3425 0001:00005CB1  3426 0001:00005CBB  3429 0001:00005D78
  3430 0001:00005D8A  3434 0001:00005D93  3437 0001:00005DB0  3441 0001:00005DBB
  3442 0001:00005DC7  3452 0001:00005DD8  3453 0001:00005DF4  3454 0001:00005E13
  3457 0001:00005E38  3458 0001:00005E54  3459 0001:00005E73  3462 0001:00005E98
  3463 0001:00005EB1  3464 0001:00005ED1  3467 0001:00005EF4  3468 0001:00005F10
  3469 0001:00005F2F  3474 0001:00005F54  3475 0001:00005F96  3476 0001:00005FAB
  3477 0001:00005FCE  3480 0001:00006010  3481 0001:00006029  3482 0001:00006049
  3485 0001:0000606C  3486 0001:00006088  3487 0001:000060A7  3490 0001:000060CC
  3491 0001:000060E8  3492 0001:00006107  3495 0001:0000612C  3496 0001:00006145
  3497 0001:00006165  3500 0001:00006188  3501 0001:000061A4  3502 0001:000061C3
  3505 0001:000061E8  3506 0001:00006201  3507 0001:0000621A  3510 0001:0000623C
  3511 0001:00006258  3512 0001:00006277  3515 0001:0000629C  3516 0001:000062B5
  3517 0001:000062CE  3520 0001:000062F0  3521 0001:0000630C  3522 0001:0000632B
  3525 0001:00006350  3526 0001:00006369  3527 0001:00006382  3530 0001:000063A4
  3531 0001:000063C0  3532 0001:000063DF  3535 0001:00006404  3536 0001:0000641D
  3537 0001:00006436  3540 0001:00006458  3541 0001:00006474  3542 0001:00006495
  3647 0001:000064B8  3648 0001:000064CE  3649 0001:000064EA  3652 0001:0000651C
  3653 0001:00006537  3654 0001:00006560  3665 0001:0000659C  3666 0001:000065A4
  3671 0001:000065A8  3672 0001:000065BE  3674 0001:000065C4  3675 0001:000065CE
  3677 0001:000065DE  3680 0001:00006610  3681 0001:00006630  3682 0001:00006637
  3683 0001:00006642  3686 0001:00006664  3687 0001:00006667  3689 0001:0000666D
  3691 0001:00006675  3694 0001:00006678  3695 0001:0000667E  3696 0001:00006684
  3697 0001:0000668B  3698 0001:000066A5  3699 0001:000066AF  3702 0001:0000676C
  3703 0001:0000677E  3707 0001:00006787  3710 0001:000067A4  3714 0001:000067AF
  3715 0001:000067BB  3725 0001:000067CC  3726 0001:000067E5  3727 0001:00006805
  3735 0001:00006828  3736 0001:00006846  3737 0001:0000685B  3738 0001:0000686F
  3741 0001:000068A8  3742 0001:000068C1  3743 0001:000068E1  3751 0001:00006904
  3752 0001:00006922  3753 0001:00006937  3754 0001:0000694B  3757 0001:00006988
  3758 0001:000069A4  3759 0001:000069C7  3762 0001:000069EC  3763 0001:00006A02
  3764 0001:00006A20  3767 0001:00006A44  3768 0001:00006A60  3769 0001:00006A83
  3772 0001:00006AA8  3773 0001:00006ABE  3774 0001:00006ADC  3777 0001:00006B00
  3778 0001:00006B1C  3779 0001:00006B3F  3782 0001:00006B64  3783 0001:00006B7A
  3784 0001:00006B98  3787 0001:00006BBC  3788 0001:00006BD8  3789 0001:00006BF7
  3792 0001:00006C1C  3793 0001:00006C35  3794 0001:00006C4E  3797 0001:00006C70
  3798 0001:00006C89  3799 0001:00006CA9  3807 0001:00006CCC  3808 0001:00006CEA
  3809 0001:00006CFF  3810 0001:00006D13  3813 0001:00006D4C  3814 0001:00006D68
  3815 0001:00006D8B  3818 0001:00006DB0  3819 0001:00006DC6  3820 0001:00006DE4
  3823 0001:00006E08  3824 0001:00006E24  3825 0001:00006E47  3828 0001:00006E6C
  3829 0001:00006E82  3830 0001:00006EA0  3833 0001:00006EC4  3834 0001:00006EE0
  3835 0001:00006F03  3838 0001:00006F28  3839 0001:00006F3E  3840 0001:00006F5C
  3843 0001:00006F80  3844 0001:00006F9C  3845 0001:00006FBF  3848 0001:00006FE4
  3849 0001:00006FFA  3850 0001:00007018  3853 0001:0000703C  3854 0001:00007058
  3855 0001:0000707B  3858 0001:000070A0  3859 0001:000070B6  3860 0001:000070D4
  3863 0001:000070F8  3864 0001:00007114  3865 0001:0000713A  3868 0001:00007160
  3869 0001:00007176  3870 0001:00007197  3873 0001:000071BC  3874 0001:000071D8
  3875 0001:000071FE  3878 0001:00007224  3879 0001:0000723A  3880 0001:0000725B
  3883 0001:00007280  3884 0001:0000729C  3885 0001:000072C2  3888 0001:000072E8
  3889 0001:000072FE  3890 0001:0000731F  3893 0001:00007344  3894 0001:00007360
  3895 0001:00007386  3898 0001:000073AC  3899 0001:000073C2  3900 0001:000073E3
  3903 0001:00007408  3904 0001:00007424  3905 0001:0000744A  3908 0001:00007470
  3909 0001:00007486  3910 0001:000074A7  3913 0001:000074CC  3914 0001:000074E5
  3915 0001:00007508  3923 0001:0000752C  3924 0001:0000754A  3925 0001:0000755F
  3926 0001:00007573  3929 0001:000075AC  3930 0001:000075C8  3931 0001:000075EE
  3934 0001:00007614  3935 0001:00007630  3936 0001:00007656  3939 0001:0000767C
  3940 0001:00007698  3941 0001:000076BA  3944 0001:000076E0  3945 0001:000076FC
  3946 0001:0000771E  3949 0001:00007744  3950 0001:00007760  3951 0001:00007786
  3954 0001:000077AC  3955 0001:000077C8  3956 0001:000077EE  3959 0001:00007814
  3960 0001:00007830  3961 0001:00007852  3964 0001:00007878  3965 0001:00007891
  3966 0001:000078B6  3969 0001:000078DC  3970 0001:000078F5  3971 0001:00007918
  3976 0001:0000793C  3977 0001:00007958  3978 0001:00007987  4234 0001:000079AC
  4235 0001:000079C2  4236 0001:000079DE  4239 0001:00007A10  4240 0001:00007A2B
  4241 0001:00007A54  4252 0001:00007A90  4253 0001:00007A98  4258 0001:00007A9C
  4259 0001:00007AB2  4261 0001:00007AB8  4262 0001:00007AC2  4264 0001:00007AD2
  4267 0001:00007B04  4268 0001:00007B24  4269 0001:00007B2B  4270 0001:00007B36
  4273 0001:00007B58  4274 0001:00007B5B  4276 0001:00007B61  4278 0001:00007B69
  4281 0001:00007B6C  4282 0001:00007B72  4283 0001:00007B78  4284 0001:00007B7F
  4285 0001:00007B99  4286 0001:00007BA3  4289 0001:00007C60  4290 0001:00007C72
  4294 0001:00007C7B  4297 0001:00007C98  4301 0001:00007CA3  4302 0001:00007CAF
  4312 0001:00007CC0  4313 0001:00007CD9  4314 0001:00007CF9  4322 0001:00007D1C
  4323 0001:00007D3A  4324 0001:00007D4F  4325 0001:00007D63  4328 0001:00007D9C
  4329 0001:00007DB8  4330 0001:00007DDB  4333 0001:00007E00  4334 0001:00007E16
  4335 0001:00007E34  4338 0001:00007E58  4339 0001:00007E74  4340 0001:00007E97
  4343 0001:00007EBC  4344 0001:00007ED2  4345 0001:00007EF0  4348 0001:00007F14
  4349 0001:00007F30  4350 0001:00007F53  4353 0001:00007F78  4354 0001:00007F8E
  4355 0001:00007FAC  4358 0001:00007FD0  4359 0001:00007FEC  4360 0001:0000800F
  4363 0001:00008034  4364 0001:0000804A  4365 0001:00008068  4368 0001:0000808C
  4369 0001:000080A8  4370 0001:000080CB  4373 0001:000080F0  4374 0001:00008106
  4375 0001:00008124  4378 0001:00008148  4379 0001:00008164  4380 0001:00008187
  4383 0001:000081AC  4384 0001:000081C2  4385 0001:000081E0  4388 0001:00008204
  4389 0001:00008220  4390 0001:00008243  4393 0001:00008268  4394 0001:0000827E
  4395 0001:0000829C  4398 0001:000082C0  4399 0001:000082DC  4400 0001:000082FB
  4403 0001:00008320  4404 0001:00008339  4405 0001:00008352  4408 0001:00008374
  4409 0001:0000838D  4410 0001:000083AD  4418 0001:000083D0  4419 0001:000083EE
  4420 0001:00008403  4421 0001:00008417  4424 0001:00008454  4425 0001:00008470
  4426 0001:00008493  4429 0001:000084B8  4430 0001:000084CE  4431 0001:000084EC
  4434 0001:00008510  4435 0001:0000852C  4436 0001:0000854F  4439 0001:00008574
  4440 0001:0000858A  4441 0001:000085AB  4444 0001:000085D0  4445 0001:000085EC
  4446 0001:00008612  4449 0001:00008638  4450 0001:0000864E  4451 0001:0000866F
  4454 0001:00008694  4455 0001:000086B0  4456 0001:000086D2  4459 0001:000086F8
  4460 0001:00008711  4461 0001:0000872D  4464 0001:00008750  4465 0001:0000876C
  4466 0001:0000878E  4469 0001:000087B4  4470 0001:000087CD  4471 0001:000087E9
  4474 0001:0000880C  4475 0001:00008825  4476 0001:00008848  4484 0001:0000886C
  4485 0001:0000888A  4486 0001:0000889F  4487 0001:000088B3  4490 0001:000088EC
  4491 0001:00008908  4492 0001:0000892E  4495 0001:00008954  4496 0001:00008970
  4497 0001:00008996  4500 0001:000089BC  4501 0001:000089D5  4502 0001:000089FA
  4505 0001:00008A20  4506 0001:00008A39  4507 0001:00008A5E  4712 0001:00008A84
  4713 0001:00008A9A  4714 0001:00008AB6  4717 0001:00008AE8  4718 0001:00008B03
  4719 0001:00008B2C  4730 0001:00008B68  4731 0001:00008B70  4736 0001:00008B74
  4737 0001:00008B8A  4739 0001:00008B90  4740 0001:00008B9A  4742 0001:00008BAA
  4745 0001:00008BDC  4746 0001:00008BFC  4747 0001:00008C03  4748 0001:00008C0E
  4751 0001:00008C30  4752 0001:00008C33  4754 0001:00008C39  4756 0001:00008C41
  4759 0001:00008C44  4760 0001:00008C4A  4761 0001:00008C50  4762 0001:00008C57
  4763 0001:00008C71  4764 0001:00008C7B  4767 0001:00008D38  4768 0001:00008D4A
  4772 0001:00008D53  4775 0001:00008D70  4779 0001:00008D7B  4780 0001:00008D87
  4790 0001:00008D98  4791 0001:00008DB4  4792 0001:00008DD3  4795 0001:00008DF8
  4796 0001:00008E11  4797 0001:00008E2A  4800 0001:00008E4C  4801 0001:00008E68
  4802 0001:00008E87  4805 0001:00008EAC  4806 0001:00008EC5  4807 0001:00008EDE
  4810 0001:00008F00  4811 0001:00008F1C  4812 0001:00008F3F  4815 0001:00008F64
  4816 0001:00008F7A  4817 0001:00008F98  4820 0001:00008FBC  4821 0001:00008FD8
  4822 0001:00008FF8  4825 0001:0000901C  4826 0001:00009035  4827 0001:0000904E
  4830 0001:00009070  4831 0001:0000908C  4832 0001:000090AC  4835 0001:000090D0
  4836 0001:000090E9  4837 0001:00009102  4840 0001:00009124  4841 0001:00009140
  4842 0001:00009160  4845 0001:00009184  4846 0001:0000919D  4847 0001:000091B6
  4850 0001:000091D8  4851 0001:000091F4  4852 0001:00009214  4855 0001:00009238
  4856 0001:00009251  4857 0001:0000926A  4860 0001:0000928C  4861 0001:000092A8
  4862 0001:000092C8  4865 0001:000092EC  4866 0001:00009305  4867 0001:0000931E
  4870 0001:00009340  4871 0001:0000935C  4872 0001:0000937B  4875 0001:000093A0
  4876 0001:000093B9  4877 0001:000093D2  4880 0001:000093F4  4881 0001:00009410
  4882 0001:00009432  4885 0001:00009458  4886 0001:00009474  4887 0001:00009496
  4890 0001:000094BC  4891 0001:000094D8  4892 0001:000094FE  4895 0001:00009524
  4896 0001:00009540  4897 0001:00009566  4900 0001:0000958C  4901 0001:000095A8
  4902 0001:000095CA  4905 0001:000095F0  4906 0001:00009609  4907 0001:00009625
  4910 0001:00009648  4911 0001:00009661  4912 0001:00009681  4915 0001:000096A4
  4916 0001:000096D5  4917 0001:00009701  4920 0001:00009730  4921 0001:00009749
  4922 0001:00009769  4925 0001:0000978C  4926 0001:000097BD  4927 0001:000097E9
  4930 0001:00009818  4931 0001:0000982E  4932 0001:00009846  4935 0001:00009868
  4936 0001:0000987E  4937 0001:00009896  4940 0001:000098B8  4941 0001:000098D4
  4942 0001:000098F5  4945 0001:00009918  4946 0001:00009931  4947 0001:00009954
  5084 0001:00009978  5085 0001:00009994  5086 0001:000099B7  5088 0001:00009A1C

Line numbers for GWXLib_TLB(smhttping.bpl\GWXLib_TLB.pas) segment .itext

  5090 0002:0000015C

Line numbers for MiTeC_ToolHelp32(MiTeC_ToolHelp32.pas) segment .text

   438 0001:00000000

Line numbers for IpRtrMib(objects.bpl\IPHlpApi\Pas\IpRtrMib.pas) segment .text

  1062 0001:00000000

Line numbers for IpExport(objects.bpl\IPHlpApi\Pas\IpExport.pas) segment .text

   343 0001:00000000

Line numbers for IpTypes(objects.bpl\IPHlpApi\Pas\IpTypes.pas) segment .text

   228 0001:00000000

Line numbers for IpHlpApi(objects.bpl\IPHlpApi\Pas\IpHlpApi.pas) segment .text

   752 0001:00000000

Line numbers for BisHttpServerIngitMapFrm(smhttping.bpl\BisHttpServerIngitMapFrm.pas) segment .text

    57 0001:0000A0A8    58 0001:0000A0BA    59 0001:0000A0C3    60 0001:0000A0CB
    61 0001:0000A0D3    66 0001:0000A0F0    67 0001:0000A0F7    68 0001:0000A105
    69 0001:0000A111    70 0001:0000A11D    71 0001:0000A126    74 0001:0000A130
    75 0001:0000A136    76 0001:0000A13F    81 0001:0000A144    82 0001:0000A15F
    83 0001:0000A169    84 0001:0000A177    85 0001:0000A191    86 0001:0000A19B
    87 0001:0000A1AB    88 0001:0000A1C3    91 0001:0000A1F3    93 0001:0000A20A
    96 0001:0000A22C    97 0001:0000A237    98 0001:0000A241    99 0001:0000A24D
   100 0001:0000A258   101 0001:0000A264   104 0001:0000A274   105 0001:0000A293
   106 0001:0000A2A4   107 0001:0000A2B4   108 0001:0000A2C9   109 0001:0000A2D7
   111 0001:0000A319   112 0001:0000A31B   113 0001:0000A328   117 0001:0000A341
   118 0001:0000A34E   121 0001:0000A374   122 0001:0000A37A   123 0001:0000A385
   124 0001:0000A392   126 0001:0000A399   131 0001:0000A39C   132 0001:0000A3A6
   133 0001:0000A3B0   136 0001:0000A3B4   137 0001:0000A3B8   138 0001:0000A3D9
   143 0001:0000A3DC   144 0001:0000A3E5   145 0001:0000A3ED   146 0001:0000A3F8
   147 0001:0000A407   148 0001:0000A415   149 0001:0000A429   150 0001:0000A43D
   152 0001:0000A458   155 0001:0000A468   164 0001:0000A474   165 0001:0000A4A0
   166 0001:0000A4A8   167 0001:0000A4BF   168 0001:0000A4DF   169 0001:0000A4E9
   171 0001:0000A4F7   172 0001:0000A509   174 0001:0000A514   175 0001:0000A518
   176 0001:0000A521   177 0001:0000A529   178 0001:0000A532   180 0001:0000A539
   181 0001:0000A567   182 0001:0000A595   171 0001:0000A596   184 0001:0000A59F
   185 0001:0000A5B7   189 0001:0000A5D0

Line numbers for BisHttpServerIngitMapFrm(smhttping.bpl\BisHttpServerIngitMapFrm.pas) segment .itext

   192 0002:0000034C

Line numbers for BisHttpServerHandlerIngitMapConsts(smhttping.bpl\BisHttpServerHandlerIngitMapConsts.pas) segment .itext

    12 0002:00000354

Line numbers for BisHttpServerHandlerIngitMapWm(smhttping.bpl\BisHttpServerHandlerIngitMapWm.pas) segment .text

    46 0001:0000A85C    47 0001:0000A86E    48 0001:0000A877    49 0001:0000A887
    50 0001:0000A897    57 0001:0000A910    58 0001:0000A936    59 0001:0000A966
    60 0001:0000A996    61 0001:0000A9A2    63 0001:0000A9E4    64 0001:0000AA10
    65 0001:0000AA12    66 0001:0000AA39    67 0001:0000AA5F    68 0001:0000AA86
    69 0001:0000AAAD    70 0001:0000AAD4    72 0001:0000AAD6    75 0001:0000AB44
    76 0001:0000AB48    77 0001:0000AB52    78 0001:0000AB60    79 0001:0000AB65
    80 0001:0000AB73    82 0001:0000ABAA    84 0001:0000ABBC    87 0001:0000ABC4
    88 0001:0000ABDA    89 0001:0000ABF2    92 0001:0000AC14    93 0001:0000AC3E
    94 0001:0000AC6C   102 0001:0000AC94   103 0001:0000ACD7   104 0001:0000ACDB
   105 0001:0000ACEB   106 0001:0000ACF9   107 0001:0000AD08   108 0001:0000AD16
   109 0001:0000AD49   111 0001:0000AD55   112 0001:0000AD5D   113 0001:0000AD65
   114 0001:0000AD6D   116 0001:0000AD75   118 0001:0000AD8B   120 0001:0000AE21
   121 0001:0000AE25   123 0001:0000AE44   125 0001:0000AE81   126 0001:0000AE8A
   127 0001:0000AE93   132 0001:0000AEA4   136 0001:0000AECF   140 0001:0000AEE0
   144 0001:0000AF28   145 0001:0000AF31   146 0001:0000AF42   153 0001:0000AF48
   154 0001:0000AF6B   156 0001:0000AF75

Line numbers for BisHttpServerHandlerIngitMapWm(smhttping.bpl\BisHttpServerHandlerIngitMapWm.pas) segment .itext

   148 0002:0000035C   149 0002:00000365   150 0002:00000376   152 0002:00000389

Line numbers for BisHttpServerHandlerIngitMap(smhttping.bpl\BisHttpServerHandlerIngitMap.pas) segment .text

    35 0001:0000B0A8    36 0001:0000B0AB    37 0001:0000B0B9    42 0001:0000B0C0
    43 0001:0000B0D7    44 0001:0000B0E0    45 0001:0000B0F3    46 0001:0000B0F9
    49 0001:0000B118    50 0001:0000B123    51 0001:0000B12B    52 0001:0000B137
    57 0001:0000B148    58 0001:0000B160    59 0001:0000B167    60 0001:0000B185
    61 0001:0000B195    62 0001:0000B1A4    64 0001:0000B1B0    67 0001:0000B1D8
    68 0001:0000B1DA    72 0001:0000B1DF    73 0001:0000B1F0    76 0001:0000B1F4
    77 0001:0000B1F7    78 0001:0000B1FE    81 0001:0000B200

Line numbers for BisHttpServerHandlerIngitMap(smhttping.bpl\BisHttpServerHandlerIngitMap.pas) segment .itext

    83 0002:0000038C

Line numbers for .smhttping(smhttping.dpk) segment .itext

    38 0002:00000394

Bound resource files

BisHttpServerIngitMapFrm.dfm
BisHttpServerHandlerIngitMapWm.dfm
smhttping.res
smhttping.drf


Program entry point at 0002:00000394
