
 Start         Length     Name                   Class
 0001:30401000 0003675CH .text                   CODE
 0002:30438000 00000128H .itext                  ICODE
 0003:30439000 000003ECH .data                   DATA
 0004:3043A000 00000064H .bss                    BSS
 0005:00000000 00000000H .tls                    TLS


Detailed map of segments

 0001:00000000 00000366 C=CODE     S=.text    G=(none)   M=System   ACBP=A9
 0001:00000368 000001C3 C=CODE     S=.text    G=(none)   M=SysInit  ACBP=A9
 0001:0000052C 00000518 C=CODE     S=.text    G=(none)   M=Windows  ACBP=A9
 0001:00000A44 00000076 C=CODE     S=.text    G=(none)   M=SysUtils ACBP=A9
 0001:00000ABC 000003A6 C=CODE     S=.text    G=(none)   M=Classes  ACBP=A9
 0001:00000E64 00000076 C=CODE     S=.text    G=(none)   M=ActiveX  ACBP=A9
 0001:00000EDC 0000000E C=CODE     S=.text    G=(none)   M=TypInfo  ACBP=A9
 0001:00000EEC 00000006 C=CODE     S=.text    G=(none)   M=Variants ACBP=A9
 0001:00000EF4 00000006 C=CODE     S=.text    G=(none)   M=VarUtils ACBP=A9
 0001:00000EFC 000001AE C=CODE     S=.text    G=(none)   M=Graphics ACBP=A9
 0001:000010AC 00000006 C=CODE     S=.text    G=(none)   M=Registry ACBP=A9
 0001:000010B4 00000006 C=CODE     S=.text    G=(none)   M=IniFiles ACBP=A9
 0001:000010BC 000004D6 C=CODE     S=.text    G=(none)   M=Controls ACBP=A9
 0001:00001594 0000000E C=CODE     S=.text    G=(none)   M=ActnList ACBP=A9
 0001:000015A4 0000002E C=CODE     S=.text    G=(none)   M=Math     ACBP=A9
 0001:000015D4 0000006E C=CODE     S=.text    G=(none)   M=ImgList  ACBP=A9
 0001:00001644 00000020 C=CODE     S=.text    G=(none)   M=CommCtrl ACBP=A9
 0001:00001664 00000036 C=CODE     S=.text    G=(none)   M=Themes   ACBP=A9
 0001:0000169C 00000096 C=CODE     S=.text    G=(none)   M=Menus    ACBP=A9
 0001:00001734 00000006 C=CODE     S=.text    G=(none)   M=UxTheme  ACBP=A9
 0001:0000173C 00000006 C=CODE     S=.text    G=(none)   M=MultiMon ACBP=A9
 0001:00001744 00000006 C=CODE     S=.text    G=(none)   M=DwmApi   ACBP=A9
 0001:0000174C 0000007E C=CODE     S=.text    G=(none)   M=Forms    ACBP=A9
 0001:000017CC 00000006 C=CODE     S=.text    G=(none)   M=HelpIntfs ACBP=A9
 0001:000017D4 00000006 C=CODE     S=.text    G=(none)   M=Dialogs  ACBP=A9
 0001:000017DC 0000008E C=CODE     S=.text    G=(none)   M=StdCtrls ACBP=A9
 0001:0000186C 00000036 C=CODE     S=.text    G=(none)   M=Printers ACBP=A9
 0001:000018A4 00000006 C=CODE     S=.text    G=(none)   M=ExtCtrls ACBP=A9
 0001:000018AC 00000006 C=CODE     S=.text    G=(none)   M=GraphUtil ACBP=A9
 0001:000018B4 00000006 C=CODE     S=.text    G=(none)   M=Clipbrd  ACBP=A9
 0001:000018BC 00000006 C=CODE     S=.text    G=(none)   M=FlatSB   ACBP=A9
 0001:000018C4 0000000E C=CODE     S=.text    G=(none)   M=AxCtrls  ACBP=A9
 0001:000018D4 00000006 C=CODE     S=.text    G=(none)   M=ComObj   ACBP=A9
 0001:000018DC 00000016 C=CODE     S=.text    G=(none)   M=MMSystem ACBP=A9
 0001:000018F4 00034679 C=CODE     S=.text    G=(none)   M=VirtualTrees ACBP=A9
 0001:00035F70 000005EA C=CODE     S=.text    G=(none)   M=VTHeaderPopup ACBP=A9
 0001:0003655C 000001FF C=CODE     S=.text    G=(none)   M=.VirtualTreesD10 ACBP=A9
 0002:00000000 00000006 C=ICODE    S=.itext   G=(none)   M=System   ACBP=A9
 0002:00000008 00000011 C=ICODE    S=.itext   G=(none)   M=Windows  ACBP=A9
 0002:0000001C 00000006 C=ICODE    S=.itext   G=(none)   M=SysUtils ACBP=A9
 0002:00000024 00000006 C=ICODE    S=.itext   G=(none)   M=Classes  ACBP=A9
 0002:0000002C 00000006 C=ICODE    S=.itext   G=(none)   M=TypInfo  ACBP=A9
 0002:00000034 00000006 C=ICODE    S=.itext   G=(none)   M=Variants ACBP=A9
 0002:0000003C 00000006 C=ICODE    S=.itext   G=(none)   M=VarUtils ACBP=A9
 0002:00000044 00000006 C=ICODE    S=.itext   G=(none)   M=Graphics ACBP=A9
 0002:0000004C 00000006 C=ICODE    S=.itext   G=(none)   M=Registry ACBP=A9
 0002:00000054 00000006 C=ICODE    S=.itext   G=(none)   M=IniFiles ACBP=A9
 0002:0000005C 00000006 C=ICODE    S=.itext   G=(none)   M=Controls ACBP=A9
 0002:00000064 00000006 C=ICODE    S=.itext   G=(none)   M=ActnList ACBP=A9
 0002:0000006C 00000006 C=ICODE    S=.itext   G=(none)   M=Themes   ACBP=A9
 0002:00000074 00000006 C=ICODE    S=.itext   G=(none)   M=Menus    ACBP=A9
 0002:0000007C 00000006 C=ICODE    S=.itext   G=(none)   M=UxTheme  ACBP=A9
 0002:00000084 00000006 C=ICODE    S=.itext   G=(none)   M=MultiMon ACBP=A9
 0002:0000008C 00000006 C=ICODE    S=.itext   G=(none)   M=DwmApi   ACBP=A9
 0002:00000094 00000006 C=ICODE    S=.itext   G=(none)   M=Forms    ACBP=A9
 0002:0000009C 00000006 C=ICODE    S=.itext   G=(none)   M=HelpIntfs ACBP=A9
 0002:000000A4 00000006 C=ICODE    S=.itext   G=(none)   M=Dialogs  ACBP=A9
 0002:000000AC 00000006 C=ICODE    S=.itext   G=(none)   M=Printers ACBP=A9
 0002:000000B4 00000006 C=ICODE    S=.itext   G=(none)   M=ExtCtrls ACBP=A9
 0002:000000BC 00000006 C=ICODE    S=.itext   G=(none)   M=GraphUtil ACBP=A9
 0002:000000C4 00000006 C=ICODE    S=.itext   G=(none)   M=Clipbrd  ACBP=A9
 0002:000000CC 00000006 C=ICODE    S=.itext   G=(none)   M=FlatSB   ACBP=A9
 0002:000000D4 00000006 C=ICODE    S=.itext   G=(none)   M=AxCtrls  ACBP=A9
 0002:000000DC 00000006 C=ICODE    S=.itext   G=(none)   M=ComObj   ACBP=A9
 0002:000000E4 00000033 C=ICODE    S=.itext   G=(none)   M=VirtualTrees ACBP=A9
 0002:00000118 00000008 C=ICODE    S=.itext   G=(none)   M=VTHeaderPopup ACBP=A9
 0002:00000120 00000005 C=ICODE    S=.itext   G=(none)   M=.VirtualTreesD10 ACBP=A9
 0003:00000000 00000030 C=DATA     S=.data    G=DGROUP   M=SysInit  ACBP=A9
 0003:00000030 0000039C C=DATA     S=.data    G=DGROUP   M=VirtualTrees ACBP=A9
 0004:00000000 0000000C C=BSS      S=.bss     G=DGROUP   M=SysInit  ACBP=A9
 0004:0000000C 00000008 C=BSS      S=.bss     G=DGROUP   M=Windows  ACBP=A9
 0004:00000014 0000004C C=BSS      S=.bss     G=DGROUP   M=VirtualTrees ACBP=A9
 0004:00000060 00000004 C=BSS      S=.bss     G=DGROUP   M=VTHeaderPopup ACBP=A9


  Address             Publics by Name

 0002:00000120       .VirtualTreesD10..VirtualTreesD10
 0001:0003673C       .VirtualTreesD10.@GetPackageInfoTable
 0001:00036744       .VirtualTreesD10.@PackageLoad
 0001:00036750       .VirtualTreesD10.@PackageUnload
 0001:00001644       CommCtrl.ImageList_Create
 0001:00001658       CommCtrl.ImageList_DragShowNolock
 0001:00001650       CommCtrl.ImageList_DrawEx
 0001:0000164C       CommCtrl.IndexToOverlayMask
 0001:00001660       CommCtrl.IndexToStateImageMask
 0001:000018DC       MMSystem.timeBeginPeriod
 0001:000018E4       MMSystem.timeEndPeriod
 0001:000018EC       MMSystem.timeGetTime
 0001:000004B0       SysInit.@InitPkg
 0001:00000514       SysInit.@PackageLoad
 0001:00000520       SysInit.@PackageUnload
 0001:000003A0       SysInit.AllocTlsBuffer
 0001:0000045C       SysInit.ExitProcessTLS
 0001:00000424       SysInit.ExitThreadTLS
 0001:00000368       SysInit.FreeLibrary
 0001:000003AC       SysInit.GetTlsSize
 0004:00000004       SysInit.HInstance
 0001:00000480       SysInit.InitializeModule
 0001:000003F8       SysInit.InitProcessTLS
 0001:000003B4       SysInit.InitThreadTLS
 0001:00000370       SysInit.LocalAlloc
 0001:00000378       SysInit.LocalFree
 0003:00000008       SysInit.Module
 0004:00000000       SysInit.ModuleIsLib
 0004:00000001       SysInit.ModuleIsPackage
 0003:00000004       SysInit.PtrToNil
 0001:00000380       SysInit.TlsAlloc
 0004:00000008       SysInit.tlsBuffer
 0001:00000388       SysInit.TlsFree
 0001:00000390       SysInit.TlsGetValue
 0003:00000000       SysInit.TlsIndex
 0005:00000000       SysInit.TlsLast
 0003:00000020       SysInit.TlsProc
 0001:00000398       SysInit.TlsSetValue
 0001:0000048C       SysInit.UninitializeModule
 0004:00000024       VirtualTrees..13
 0001:000018F4       VirtualTrees..EVirtualTreeError
 0001:00006EE8       VirtualTrees..TBaseVirtualTree
 0001:0000C8DC       VirtualTrees..TBufferedString
 0001:0000C9C8       VirtualTrees..TClipboardFormatList
 0001:00004EB4       VirtualTrees..TClipboardFormats
 0001:0000C818       VirtualTrees..TCriticalSection
 0001:00007594       VirtualTrees..TCustomStringTreeOptions
 0001:0000A48C       VirtualTrees..TCustomVirtualDrawTree
 0001:00007F0C       VirtualTrees..TCustomVirtualStringTree
 0001:00002758       VirtualTrees..TCustomVirtualTreeOptions
 0001:00002AF8       VirtualTrees..TEnumFormatEtc
 0001:0002F4A8       VirtualTrees..TOLEMemoryStream
 0001:0000465C       VirtualTrees..TScrollBarOptions
 0001:00007A60       VirtualTrees..TStringEditLink
 0001:00007644       VirtualTrees..TStringTreeOptions
 0001:0000A910       VirtualTrees..TVirtualDrawTree
 0001:000083C8       VirtualTrees..TVirtualStringTree
 0001:000034C0       VirtualTrees..TVirtualTreeColumn
 0001:00003844       VirtualTrees..TVirtualTreeColumns
 0001:000030BC       VirtualTrees..TVirtualTreeHintWindow
 0001:00002808       VirtualTrees..TVirtualTreeOptions
 0001:000047D0       VirtualTrees..TVTColors
 0001:00002D44       VirtualTrees..TVTDataObject
 0001:00003384       VirtualTrees..TVTDragImage
 0001:00002F88       VirtualTrees..TVTDragManager
 0001:000077D8       VirtualTrees..TVTEdit
 0001:00003BD8       VirtualTrees..TVTHeader
 0001:0000C938       VirtualTrees..TWideBufferedString
 0001:0000C878       VirtualTrees..TWorkerThread
 0001:0000E378       VirtualTrees.AddNodeImages
 0001:0000E464       VirtualTrees.AddSystemImage
 0001:0000EE6C       VirtualTrees.AddThreadReference
 0001:000127E0       VirtualTrees.AdjustColumnIndex
 0003:000000AC       VirtualTrees.AlignmentToDrawFlag
 0001:0000DF04       VirtualTrees.AlphaBlend
 0001:0000DCC0       VirtualTrees.AlphaBlendLineConstant
 0001:0000DDA4       VirtualTrees.AlphaBlendLineMaster
 0001:0000DE28       VirtualTrees.AlphaBlendLineMasterAndColor
 0001:0000DD34       VirtualTrees.AlphaBlendLinePerPixel
 0001:0001A64C       VirtualTrees.AlphaBlendSelection
 0001:0000DECC       VirtualTrees.CalculateScanline
 0004:0000001E       VirtualTrees.CF_CSV
 0004:0000001C       VirtualTrees.CF_HTML
 0004:00000014       VirtualTrees.CF_VIRTUALTREE
 0004:00000018       VirtualTrees.CF_VRTF
 0004:0000001A       VirtualTrees.CF_VRTFNOOBJS
 0004:00000016       VirtualTrees.CF_VTREFERENCE
 0003:00000224       VirtualTrees.CheckStateToCheckImage
 0003:000000B8       VirtualTrees.ClipboardDescriptions
 0003:00000060       VirtualTrees.CLSID_DragDropHelper
 0001:0002511C       VirtualTrees.CodePageFromLocale
 0001:0000E1A8       VirtualTrees.ConvertImageList
 0001:00013704       VirtualTrees.ConvertOptions
 0001:00033258       VirtualTrees.ConvertSurrogate
 0003:00000080       VirtualTrees.Copyright
 0001:000286EC       VirtualTrees.CreateClipRegion
 0001:0000E59C       VirtualTrees.CreateSystemImageSet
 0003:00000374       VirtualTrees.Ctl3DStyles
 0004:00000038       VirtualTrees.DarkCheckImages
 0004:00000040       VirtualTrees.DarkTickImages
 0001:00010928       VirtualTrees.DoShadowBlend
 0001:00030114       VirtualTrees.DoSort
 0001:00010968       VirtualTrees.DrawHintShadow
 0001:0000D3B8       VirtualTrees.DrawTextW
 0003:00000364       VirtualTrees.EdgeStyles
 0001:0000DE7C       VirtualTrees.EMMS
 0001:0000D054       VirtualTrees.EnumerateVTClipboardFormats
 0001:0000D020       VirtualTrees.EnumerateVTClipboardFormats
 0001:0001C268       VirtualTrees.EraseLine
 0001:0000D7D0       VirtualTrees.FillDragRectangles
 0001:00035EE4       VirtualTrees.Finalization
 0001:0000ECFC       VirtualTrees.FinalizeGlobalStructures
 0003:000003C0       VirtualTrees.FirstByteMark
 0004:00000044       VirtualTrees.FlatImages
 0001:0000DE80       VirtualTrees.GetBitmapBitsFromDeviceContext
 0001:0002193C       VirtualTrees.GetDragOperations
 0001:000290C0       VirtualTrees.GetRandomRgn
 0001:0001F9E4       VirtualTrees.GetRealScrollPosition
 0001:0001D85C       VirtualTrees.GetRealScrollPosition
 0001:0000E188       VirtualTrees.GetRGBColor
 0001:0000D088       VirtualTrees.GetVTClipboardFormatDescription
 0003:00000138       VirtualTrees.Grays
 0001:0000E6F0       VirtualTrees.HasMMX
 0003:0000015C       VirtualTrees.HintWindowDestroyed
 0003:00000040       VirtualTrees.IID_IDragSourceHelper
 0003:00000050       VirtualTrees.IID_IDropTarget
 0003:00000030       VirtualTrees.IID_IDropTargetHelper
 0003:000003B4       VirtualTrees.ImageKind
 0001:0002C73C       VirtualTrees.IncludeThisNode
 0004:00000058       VirtualTrees.Initialized
 0001:0000E800       VirtualTrees.InitializeGlobalStructures
 0003:00000344       VirtualTrees.InnerStyles
 0004:0000005C       VirtualTrees.InternalClipboardFormats
 0004:00000022       VirtualTrees.IsWin2K
 0004:00000021       VirtualTrees.IsWinNT
 0004:00000023       VirtualTrees.IsWinXP
 0001:00025190       VirtualTrees.KeyUnicode
 0004:00000034       VirtualTrees.LightCheckImages
 0004:0000003C       VirtualTrees.LightTickImages
 0003:00000170       VirtualTrees.LineBitsDotted
 0003:00000184       VirtualTrees.LineBitsSolid
 0003:00000098       VirtualTrees.MagicID
 0001:00032D80       VirtualTrees.MakeFragment
 0003:00000158       VirtualTrees.MaskColor
 0003:000003B8       VirtualTrees.MaximumUCS4
 0001:0002FE38       VirtualTrees.MergeAscending
 0001:0002FEB0       VirtualTrees.MergeDescending
 0001:0002FF28       VirtualTrees.MergeSortAscending
 0001:0002FF80       VirtualTrees.MergeSortDescending
 0004:00000020       VirtualTrees.MMXAvailable
 0004:00000059       VirtualTrees.NeedToUnitialize
 0003:00000194       VirtualTrees.OptionMap
 0001:0000D314       VirtualTrees.OrderRect
 0003:00000354       VirtualTrees.OuterStyles
 0003:00000384       VirtualTrees.PanningWindowClass
 0003:00000070       VirtualTrees.PressedState
 0001:0000E724       VirtualTrees.PrtStretchDrawDIB
 0001:0000D350       VirtualTrees.QuickSort
 0001:0000CA9C       VirtualTrees.QuickSort
 0001:0000D0C4       VirtualTrees.RegisterVTClipboardFormat
 0001:0000D1DC       VirtualTrees.RegisterVTClipboardFormat
 0001:0000EEB4       VirtualTrees.ReleaseThreadReference
 0003:000003BC       VirtualTrees.ReplacementCharacter
 0003:000000A4       VirtualTrees.RTLFlag
 0003:00000214       VirtualTrees.ScrollBar
 0003:000003AC       VirtualTrees.ScrollMasks
 0001:00034768       VirtualTrees.SelectColor
 0001:00034684       VirtualTrees.SelectFont
 0001:00024E00       VirtualTrees.SetupNavigation
 0001:0000D630       VirtualTrees.ShortenString
 0001:0000D284       VirtualTrees.ShowError
 0003:00000160       VirtualTrees.SortGlyphs
 0003:00000084       VirtualTrees.StandardOLEFormat
 0003:0000037C       VirtualTrees.Style
 0003:00000148       VirtualTrees.SysGrays
 0004:00000050       VirtualTrees.SystemCheckImages
 0004:00000054       VirtualTrees.SystemFlatCheckImages
 0001:000295CC       VirtualTrees.TBaseVirtualTree.AbsoluteIndex
 0001:00029618       VirtualTrees.TBaseVirtualTree.AddChild
 0001:00029808       VirtualTrees.TBaseVirtualTree.AddFromStream
 0001:0001FBD4       VirtualTrees.TBaseVirtualTree.AddToSelection
 0001:0001FB88       VirtualTrees.TBaseVirtualTree.AddToSelection
 0001:000183E0       VirtualTrees.TBaseVirtualTree.AdjustCoordinatesByIndent
 0001:0001840C       VirtualTrees.TBaseVirtualTree.AdjustImageBorder
 0001:0001FC3C       VirtualTrees.TBaseVirtualTree.AdjustPaintCellRect
 0001:0001FC5C       VirtualTrees.TBaseVirtualTree.AdjustPanningCursor
 0001:00018458       VirtualTrees.TBaseVirtualTree.AdjustTotalCount
 0001:0001847C       VirtualTrees.TBaseVirtualTree.AdjustTotalHeight
 0001:0001FF68       VirtualTrees.TBaseVirtualTree.AdviseChangeEvent
 0001:00029A10       VirtualTrees.TBaseVirtualTree.AfterConstruction
 0001:00020024       VirtualTrees.TBaseVirtualTree.AllocateInternalDataArea
 0001:00020048       VirtualTrees.TBaseVirtualTree.Animate
 0001:00029A30       VirtualTrees.TBaseVirtualTree.Assign
 0001:00029D4C       VirtualTrees.TBaseVirtualTree.BeginDrag
 0001:00029E20       VirtualTrees.TBaseVirtualTree.BeginSynch
 0001:00029F40       VirtualTrees.TBaseVirtualTree.BeginUpdate
 0001:000184CC       VirtualTrees.TBaseVirtualTree.CalculateCacheEntryCount
 0001:00020200       VirtualTrees.TBaseVirtualTree.CalculateSelectionRect
 0001:00018504       VirtualTrees.TBaseVirtualTree.CalculateVerticalAlignments
 0001:000202D8       VirtualTrees.TBaseVirtualTree.CanAutoScroll
 0001:00029FA4       VirtualTrees.TBaseVirtualTree.CancelCutOrCopy
 0001:0002A02C       VirtualTrees.TBaseVirtualTree.CancelEditNode
 0001:00020404       VirtualTrees.TBaseVirtualTree.CanEdit
 0001:0002A090       VirtualTrees.TBaseVirtualTree.CanFocus
 0001:00020454       VirtualTrees.TBaseVirtualTree.CanShowDragImage
 0001:00020460       VirtualTrees.TBaseVirtualTree.Change
 0001:00018618       VirtualTrees.TBaseVirtualTree.ChangeCheckState
 0001:000204BC       VirtualTrees.TBaseVirtualTree.ChangeScale
 0001:00020520       VirtualTrees.TBaseVirtualTree.CheckParentCheckState
 0001:0002A0CC       VirtualTrees.TBaseVirtualTree.Clear
 0001:0002A248       VirtualTrees.TBaseVirtualTree.ClearChecked
 0001:00019100       VirtualTrees.TBaseVirtualTree.ClearNodeBackground
 0001:0002A27C       VirtualTrees.TBaseVirtualTree.ClearSelection
 0001:00020654       VirtualTrees.TBaseVirtualTree.ClearTempCache
 0001:0001C488       VirtualTrees.TBaseVirtualTree.CMColorChange
 0001:0001C4B4       VirtualTrees.TBaseVirtualTree.CMCtl3DChanged
 0001:0001C4D0       VirtualTrees.TBaseVirtualTree.CMDenySubclassing
 0001:0001C4D8       VirtualTrees.TBaseVirtualTree.CMDrag
 0001:0001C7C4       VirtualTrees.TBaseVirtualTree.CMEnabledChanged
 0001:0001C7EC       VirtualTrees.TBaseVirtualTree.CMFontChanged
 0001:0001C84C       VirtualTrees.TBaseVirtualTree.CMHintShow
 0001:0001CEF0       VirtualTrees.TBaseVirtualTree.CMHintShowPause
 0001:0001CF6C       VirtualTrees.TBaseVirtualTree.CMMouseLeave
 0001:0001D0D0       VirtualTrees.TBaseVirtualTree.CMMouseWheel
 0001:0001D1E0       VirtualTrees.TBaseVirtualTree.CMSysColorChange
 0001:000188EC       VirtualTrees.TBaseVirtualTree.CollectSelectedNodesLTR
 0001:00018CF0       VirtualTrees.TBaseVirtualTree.CollectSelectedNodesRTL
 0001:00020674       VirtualTrees.TBaseVirtualTree.ColumnIsEmpty
 0001:00019320       VirtualTrees.TBaseVirtualTree.CompareNodePositions
 0001:0002A36C       VirtualTrees.TBaseVirtualTree.CopyTo
 0001:0002A38C       VirtualTrees.TBaseVirtualTree.CopyTo
 0001:0002A5D0       VirtualTrees.TBaseVirtualTree.CopyToClipBoard
 0001:000206A4       VirtualTrees.TBaseVirtualTree.CountLevelDifference
 0001:000206D8       VirtualTrees.TBaseVirtualTree.CountVisibleChildren
 0001:00017FD8       VirtualTrees.TBaseVirtualTree.Create
 0001:00020710       VirtualTrees.TBaseVirtualTree.CreateParams
 0001:000207A0       VirtualTrees.TBaseVirtualTree.CreateWnd
 0001:0002A690       VirtualTrees.TBaseVirtualTree.CutToClipBoard
 0001:000208F8       VirtualTrees.TBaseVirtualTree.DefineProperties
 0001:0002A75C       VirtualTrees.TBaseVirtualTree.DeleteChildren
 0001:0002A9CC       VirtualTrees.TBaseVirtualTree.DeleteNode
 0001:0002AB78       VirtualTrees.TBaseVirtualTree.DeleteSelectedNodes
 0001:000182D4       VirtualTrees.TBaseVirtualTree.Destroy
 0001:0002099C       VirtualTrees.TBaseVirtualTree.DetermineHiddenChildrenFlag
 0001:000209E4       VirtualTrees.TBaseVirtualTree.DetermineHiddenChildrenFlagAllNodes
 0001:00020A14       VirtualTrees.TBaseVirtualTree.DetermineHitPositionLTR
 0001:00020C88       VirtualTrees.TBaseVirtualTree.DetermineHitPositionRTL
 0001:00020EFC       VirtualTrees.TBaseVirtualTree.DetermineNextCheckState
 0001:00020F20       VirtualTrees.TBaseVirtualTree.DetermineScrollDirections
 0001:000210FC       VirtualTrees.TBaseVirtualTree.DoAdvancedHeaderDraw
 0001:0002112C       VirtualTrees.TBaseVirtualTree.DoAfterCellPaint
 0001:00021170       VirtualTrees.TBaseVirtualTree.DoAfterItemErase
 0001:000211B0       VirtualTrees.TBaseVirtualTree.DoAfterItemPaint
 0001:000211F0       VirtualTrees.TBaseVirtualTree.DoAfterPaint
 0001:00021210       VirtualTrees.TBaseVirtualTree.DoAutoScroll
 0001:00021378       VirtualTrees.TBaseVirtualTree.DoBeforeCellPaint
 0001:00021348       VirtualTrees.TBaseVirtualTree.DoBeforeDrag
 0001:000213BC       VirtualTrees.TBaseVirtualTree.DoBeforeItemErase
 0001:00021404       VirtualTrees.TBaseVirtualTree.DoBeforeItemPaint
 0001:00021450       VirtualTrees.TBaseVirtualTree.DoBeforePaint
 0001:00021470       VirtualTrees.TBaseVirtualTree.DoCancelEdit
 0001:0002151C       VirtualTrees.TBaseVirtualTree.DoCanEdit
 0001:00021548       VirtualTrees.TBaseVirtualTree.DoChange
 0001:000215A4       VirtualTrees.TBaseVirtualTree.DoCheckClick
 0001:000215CC       VirtualTrees.TBaseVirtualTree.DoChecked
 0001:000215EC       VirtualTrees.TBaseVirtualTree.DoChecking
 0001:00021630       VirtualTrees.TBaseVirtualTree.DoCollapsed
 0001:00021650       VirtualTrees.TBaseVirtualTree.DoCollapsing
 0001:0002167C       VirtualTrees.TBaseVirtualTree.DoColumnClick
 0001:000216A8       VirtualTrees.TBaseVirtualTree.DoColumnDblClick
 0001:000216D4       VirtualTrees.TBaseVirtualTree.DoColumnResize
 0001:000217F0       VirtualTrees.TBaseVirtualTree.DoCompare
 0001:00021828       VirtualTrees.TBaseVirtualTree.DoCreateDataObject
 0001:0002185C       VirtualTrees.TBaseVirtualTree.DoCreateDragManager
 0001:00021890       VirtualTrees.TBaseVirtualTree.DoCreateEditor
 0001:00021E30       VirtualTrees.TBaseVirtualTree.DoDragDrop
 0001:00021CD4       VirtualTrees.TBaseVirtualTree.DoDragExpand
 0001:0002199C       VirtualTrees.TBaseVirtualTree.DoDragging
 0001:00021DD4       VirtualTrees.TBaseVirtualTree.DoDragOver
 0001:00021ED0       VirtualTrees.TBaseVirtualTree.DoEdit
 0001:00022094       VirtualTrees.TBaseVirtualTree.DoEndDrag
 0001:000220B4       VirtualTrees.TBaseVirtualTree.DoEndEdit
 0001:00022168       VirtualTrees.TBaseVirtualTree.DoExpanded
 0001:00022188       VirtualTrees.TBaseVirtualTree.DoExpanding
 0001:000221B4       VirtualTrees.TBaseVirtualTree.DoFocusChange
 0001:000221D4       VirtualTrees.TBaseVirtualTree.DoFocusChanging
 0001:00022210       VirtualTrees.TBaseVirtualTree.DoFocusNode
 0001:000223D4       VirtualTrees.TBaseVirtualTree.DoFreeNode
 0001:00022430       VirtualTrees.TBaseVirtualTree.DoGetAnimationType
 0001:00022498       VirtualTrees.TBaseVirtualTree.DoGetCursor
 0001:000224B8       VirtualTrees.TBaseVirtualTree.DoGetHeaderCursor
 0001:000224DC       VirtualTrees.TBaseVirtualTree.DoGetImageIndex
 0001:00022548       VirtualTrees.TBaseVirtualTree.DoGetLineStyle
 0001:00022568       VirtualTrees.TBaseVirtualTree.DoGetNodeHint
 0001:00022588       VirtualTrees.TBaseVirtualTree.DoGetNodeTooltip
 0001:000225A8       VirtualTrees.TBaseVirtualTree.DoGetNodeWidth
 0001:000225B4       VirtualTrees.TBaseVirtualTree.DoGetPopupMenu
 0001:00022648       VirtualTrees.TBaseVirtualTree.DoGetUserClipboardFormats
 0001:00022668       VirtualTrees.TBaseVirtualTree.DoHeaderClick
 0001:000226A4       VirtualTrees.TBaseVirtualTree.DoHeaderDblClick
 0001:000226E0       VirtualTrees.TBaseVirtualTree.DoHeaderDragged
 0001:00022708       VirtualTrees.TBaseVirtualTree.DoHeaderDraggedOut
 0001:0002273C       VirtualTrees.TBaseVirtualTree.DoHeaderDragging
 0001:0002276C       VirtualTrees.TBaseVirtualTree.DoHeaderDraw
 0001:000227BC       VirtualTrees.TBaseVirtualTree.DoHeaderDrawQueryElements
 0001:000227E0       VirtualTrees.TBaseVirtualTree.DoHeaderMouseDown
 0001:0002281C       VirtualTrees.TBaseVirtualTree.DoHeaderMouseMove
 0001:00022854       VirtualTrees.TBaseVirtualTree.DoHeaderMouseUp
 0001:00022890       VirtualTrees.TBaseVirtualTree.DoHotChange
 0001:000228B0       VirtualTrees.TBaseVirtualTree.DoIncrementalSearch
 0001:000228E0       VirtualTrees.TBaseVirtualTree.DoInitChildren
 0001:00022900       VirtualTrees.TBaseVirtualTree.DoInitNode
 0001:0002292C       VirtualTrees.TBaseVirtualTree.DoKeyAction
 0001:0002295C       VirtualTrees.TBaseVirtualTree.DoLoadUserData
 0001:0002299C       VirtualTrees.TBaseVirtualTree.DoMeasureItem
 0001:000229C8       VirtualTrees.TBaseVirtualTree.DoNodeCopied
 0001:000229E8       VirtualTrees.TBaseVirtualTree.DoNodeCopying
 0001:00022A18       VirtualTrees.TBaseVirtualTree.DoNodeMoved
 0001:00022A38       VirtualTrees.TBaseVirtualTree.DoNodeMoving
 0001:00022A68       VirtualTrees.TBaseVirtualTree.DoPaintBackground
 0001:00022AB0       VirtualTrees.TBaseVirtualTree.DoPaintDropMark
 0001:00022CD8       VirtualTrees.TBaseVirtualTree.DoPaintNode
 0001:00022CDC       VirtualTrees.TBaseVirtualTree.DoPopupMenu
 0001:00022D60       VirtualTrees.TBaseVirtualTree.DoRenderOLEData
 0001:00022D9C       VirtualTrees.TBaseVirtualTree.DoReset
 0001:00022DBC       VirtualTrees.TBaseVirtualTree.DoSaveUserData
 0001:00022DFC       VirtualTrees.TBaseVirtualTree.DoScroll
 0001:00022E1C       VirtualTrees.TBaseVirtualTree.DoSetOffsetXY
 0001:000231CC       VirtualTrees.TBaseVirtualTree.DoShowScrollbar
 0001:0002320C       VirtualTrees.TBaseVirtualTree.DoStartDrag
 0001:00023248       VirtualTrees.TBaseVirtualTree.DoStateChange
 0001:0002337C       VirtualTrees.TBaseVirtualTree.DoStructureChange
 0001:000233E4       VirtualTrees.TBaseVirtualTree.DoTimerScroll
 0001:000238B0       VirtualTrees.TBaseVirtualTree.DoUpdating
 0001:000238D0       VirtualTrees.TBaseVirtualTree.DoValidateCache
 0001:00023A84       VirtualTrees.TBaseVirtualTree.DragCanceled
 0001:00023A9C       VirtualTrees.TBaseVirtualTree.DragDrop
 0001:00023D48       VirtualTrees.TBaseVirtualTree.DragEnter
 0001:00023F5C       VirtualTrees.TBaseVirtualTree.DragFinished
 0001:0002AC74       VirtualTrees.TBaseVirtualTree.Dragging
 0001:00024008       VirtualTrees.TBaseVirtualTree.DragLeave
 0001:0002411C       VirtualTrees.TBaseVirtualTree.DragOver
 0001:000247A0       VirtualTrees.TBaseVirtualTree.DrawDottedHLine
 0001:00024808       VirtualTrees.TBaseVirtualTree.DrawDottedVLine
 0001:000193B0       VirtualTrees.TBaseVirtualTree.DrawLineImage
 0001:0002ACD0       VirtualTrees.TBaseVirtualTree.EditNode
 0001:0002AD64       VirtualTrees.TBaseVirtualTree.EndEditNode
 0001:0002ADBC       VirtualTrees.TBaseVirtualTree.EndSynch
 0001:0002AE20       VirtualTrees.TBaseVirtualTree.EndUpdate
 0001:0002AF9C       VirtualTrees.TBaseVirtualTree.ExecuteAction
 0001:000195E0       VirtualTrees.TBaseVirtualTree.FindInPositionCache
 0001:00019650       VirtualTrees.TBaseVirtualTree.FindInPositionCache
 0001:00024870       VirtualTrees.TBaseVirtualTree.FindNodeInSelection
 0001:000248E0       VirtualTrees.TBaseVirtualTree.FinishChunkHeader
 0001:0002B078       VirtualTrees.TBaseVirtualTree.FinishCutOrCopy
 0001:0002B0DC       VirtualTrees.TBaseVirtualTree.FlushClipboard
 0001:00024928       VirtualTrees.TBaseVirtualTree.FontChanged
 0001:0002B164       VirtualTrees.TBaseVirtualTree.FullCollapse
 0001:0002B268       VirtualTrees.TBaseVirtualTree.FullExpand
 0001:00024940       VirtualTrees.TBaseVirtualTree.GetBorderDimensions
 0001:000249B0       VirtualTrees.TBaseVirtualTree.GetCheckImage
 0001:00024A1C       VirtualTrees.TBaseVirtualTree.GetCheckImageListFor
 0001:000196A8       VirtualTrees.TBaseVirtualTree.GetCheckState
 0001:000196B0       VirtualTrees.TBaseVirtualTree.GetCheckType
 0001:000196B8       VirtualTrees.TBaseVirtualTree.GetChildCount
 0001:000196D4       VirtualTrees.TBaseVirtualTree.GetChildrenInitialized
 0001:00024A84       VirtualTrees.TBaseVirtualTree.GetColumnClass
 0001:0002B36C       VirtualTrees.TBaseVirtualTree.GetControlsAlignment
 0001:000196E8       VirtualTrees.TBaseVirtualTree.GetDisabled
 0001:0002B374       VirtualTrees.TBaseVirtualTree.GetDisplayRect
 0001:000196F8       VirtualTrees.TBaseVirtualTree.GetDragManager
 0001:00019790       VirtualTrees.TBaseVirtualTree.GetExpanded
 0001:0002B750       VirtualTrees.TBaseVirtualTree.GetFirst
 0001:0002B774       VirtualTrees.TBaseVirtualTree.GetFirstChecked
 0001:0002B780       VirtualTrees.TBaseVirtualTree.GetFirstChild
 0001:0002B7EC       VirtualTrees.TBaseVirtualTree.GetFirstCutCopy
 0001:0002B7F4       VirtualTrees.TBaseVirtualTree.GetFirstInitialized
 0001:0002B814       VirtualTrees.TBaseVirtualTree.GetFirstNoInit
 0001:0002B820       VirtualTrees.TBaseVirtualTree.GetFirstSelected
 0001:0002B828       VirtualTrees.TBaseVirtualTree.GetFirstVisible
 0001:0002B8A4       VirtualTrees.TBaseVirtualTree.GetFirstVisibleChild
 0001:0002B8C4       VirtualTrees.TBaseVirtualTree.GetFirstVisibleChildNoInit
 0001:0002B8E8       VirtualTrees.TBaseVirtualTree.GetFirstVisibleNoInit
 0001:000197A0       VirtualTrees.TBaseVirtualTree.GetFullyVisible
 0001:000197C0       VirtualTrees.TBaseVirtualTree.GetHasChildren
 0001:00024A8C       VirtualTrees.TBaseVirtualTree.GetHeaderClass
 0001:00024A94       VirtualTrees.TBaseVirtualTree.GetHintWindowClass
 0001:0002B934       VirtualTrees.TBaseVirtualTree.GetHitTestInfoAt
 0001:00024A9C       VirtualTrees.TBaseVirtualTree.GetImageIndex
 0001:0002BC10       VirtualTrees.TBaseVirtualTree.GetLast
 0001:0002BC90       VirtualTrees.TBaseVirtualTree.GetLastChild
 0001:0002BCFC       VirtualTrees.TBaseVirtualTree.GetLastChildNoInit
 0001:0002BC40       VirtualTrees.TBaseVirtualTree.GetLastInitialized
 0001:0002BC60       VirtualTrees.TBaseVirtualTree.GetLastNoInit
 0001:0002BD20       VirtualTrees.TBaseVirtualTree.GetLastVisible
 0001:0002BD50       VirtualTrees.TBaseVirtualTree.GetLastVisibleChild
 0001:0002BDC8       VirtualTrees.TBaseVirtualTree.GetLastVisibleChildNoInit
 0001:0002BE20       VirtualTrees.TBaseVirtualTree.GetLastVisibleNoInit
 0001:0002BE50       VirtualTrees.TBaseVirtualTree.GetMaxColumnWidth
 0001:00024B1C       VirtualTrees.TBaseVirtualTree.GetMaxRightExtend
 0001:000197DC       VirtualTrees.TBaseVirtualTree.GetMultiline
 0001:00024C9C       VirtualTrees.TBaseVirtualTree.GetNativeClipboardFormats
 0001:0002C044       VirtualTrees.TBaseVirtualTree.GetNext
 0001:0002C0A8       VirtualTrees.TBaseVirtualTree.GetNextChecked
 0001:0002C104       VirtualTrees.TBaseVirtualTree.GetNextCutCopy
 0001:0002C1A8       VirtualTrees.TBaseVirtualTree.GetNextInitialized
 0001:0002C1C4       VirtualTrees.TBaseVirtualTree.GetNextNoInit
 0001:0002C1F4       VirtualTrees.TBaseVirtualTree.GetNextSelected
 0001:0002C258       VirtualTrees.TBaseVirtualTree.GetNextSibling
 0001:0002C280       VirtualTrees.TBaseVirtualTree.GetNextVisible
 0001:0002C338       VirtualTrees.TBaseVirtualTree.GetNextVisibleNoInit
 0001:0002C3A0       VirtualTrees.TBaseVirtualTree.GetNextVisibleSibling
 0001:0002C3BC       VirtualTrees.TBaseVirtualTree.GetNextVisibleSiblingNoInit
 0001:0002C3CC       VirtualTrees.TBaseVirtualTree.GetNodeAt
 0001:0002C3E0       VirtualTrees.TBaseVirtualTree.GetNodeAt
 0001:0002C4EC       VirtualTrees.TBaseVirtualTree.GetNodeData
 0001:000197F4       VirtualTrees.TBaseVirtualTree.GetNodeHeight
 0001:0002C510       VirtualTrees.TBaseVirtualTree.GetNodeLevel
 0001:00019828       VirtualTrees.TBaseVirtualTree.GetNodeParent
 0001:00019840       VirtualTrees.TBaseVirtualTree.GetOffsetXY
 0001:00024CD0       VirtualTrees.TBaseVirtualTree.GetOptionsClass
 0001:0002C534       VirtualTrees.TBaseVirtualTree.GetPrevious
 0001:0002C58C       VirtualTrees.TBaseVirtualTree.GetPreviousInitialized
 0001:0002C5A8       VirtualTrees.TBaseVirtualTree.GetPreviousNoInit
 0001:0002C5DC       VirtualTrees.TBaseVirtualTree.GetPreviousSibling
 0001:0002C604       VirtualTrees.TBaseVirtualTree.GetPreviousVisible
 0001:0002C6A0       VirtualTrees.TBaseVirtualTree.GetPreviousVisibleNoInit
 0001:0002C710       VirtualTrees.TBaseVirtualTree.GetPreviousVisibleSibling
 0001:0002C72C       VirtualTrees.TBaseVirtualTree.GetPreviousVisibleSiblingNoInit
 0001:0001985C       VirtualTrees.TBaseVirtualTree.GetRootNodeCount
 0001:00019868       VirtualTrees.TBaseVirtualTree.GetSelected
 0001:0002C7A8       VirtualTrees.TBaseVirtualTree.GetSortedCutCopySet
 0001:0002C858       VirtualTrees.TBaseVirtualTree.GetSortedSelection
 0001:0002C934       VirtualTrees.TBaseVirtualTree.GetTextInfo
 0001:00019878       VirtualTrees.TBaseVirtualTree.GetTopNode
 0001:0001988C       VirtualTrees.TBaseVirtualTree.GetTotalCount
 0001:00024CD8       VirtualTrees.TBaseVirtualTree.GetTreeFromDataObject
 0001:0002C978       VirtualTrees.TBaseVirtualTree.GetTreeRect
 0001:000198EC       VirtualTrees.TBaseVirtualTree.GetVerticalAlignment
 0001:000198F4       VirtualTrees.TBaseVirtualTree.GetVisible
 0001:0002C9C0       VirtualTrees.TBaseVirtualTree.GetVisibleParent
 0001:0001991C       VirtualTrees.TBaseVirtualTree.GetVisiblePath
 0001:00019940       VirtualTrees.TBaseVirtualTree.HandleClickSelection
 0001:00019A6C       VirtualTrees.TBaseVirtualTree.HandleDrawSelection
 0001:00024D38       VirtualTrees.TBaseVirtualTree.HandleHotTrack
 0001:000251C4       VirtualTrees.TBaseVirtualTree.HandleIncrementalSearch
 0001:000254EC       VirtualTrees.TBaseVirtualTree.HandleMouseDblClick
 0001:000256B4       VirtualTrees.TBaseVirtualTree.HandleMouseDown
 0001:00025E70       VirtualTrees.TBaseVirtualTree.HandleMouseUp
 0001:0002CA0C       VirtualTrees.TBaseVirtualTree.HasAsParent
 0001:00026090       VirtualTrees.TBaseVirtualTree.HasImage
 0001:000260CC       VirtualTrees.TBaseVirtualTree.HasPopupMenu
 0001:00019C0C       VirtualTrees.TBaseVirtualTree.HasVisibleNextSibling
 0001:00019C2C       VirtualTrees.TBaseVirtualTree.ImageListChange
 0001:00026114       VirtualTrees.TBaseVirtualTree.InitChildren
 0001:00019C3C       VirtualTrees.TBaseVirtualTree.InitializeFirstColumnValues
 0001:00019C94       VirtualTrees.TBaseVirtualTree.InitializeLineImageAndSelectLevel
 0001:0002616C       VirtualTrees.TBaseVirtualTree.InitNode
 0001:00019E20       VirtualTrees.TBaseVirtualTree.InitRootNode
 0001:0002CA40       VirtualTrees.TBaseVirtualTree.InsertNode
 0001:0002623C       VirtualTrees.TBaseVirtualTree.InternalAddFromStream
 0001:00026394       VirtualTrees.TBaseVirtualTree.InternalAddToSelection
 0001:00026378       VirtualTrees.TBaseVirtualTree.InternalAddToSelection
 0001:00026618       VirtualTrees.TBaseVirtualTree.InternalCacheNode
 0001:00026680       VirtualTrees.TBaseVirtualTree.InternalClearSelection
 0001:00026730       VirtualTrees.TBaseVirtualTree.InternalConnectNode
 0001:00026A10       VirtualTrees.TBaseVirtualTree.InternalData
 0001:00026A14       VirtualTrees.TBaseVirtualTree.InternalDisconnectNode
 0001:00026B98       VirtualTrees.TBaseVirtualTree.InternalRemoveFromSelection
 0001:00019EB8       VirtualTrees.TBaseVirtualTree.InterruptValidation
 0001:00026BD0       VirtualTrees.TBaseVirtualTree.InvalidateCache
 0001:0002CC0C       VirtualTrees.TBaseVirtualTree.InvalidateChildren
 0001:0002CC98       VirtualTrees.TBaseVirtualTree.InvalidateColumn
 0001:0002CCFC       VirtualTrees.TBaseVirtualTree.InvalidateNode
 0001:0002CD40       VirtualTrees.TBaseVirtualTree.InvalidateToBottom
 0001:0002CDCC       VirtualTrees.TBaseVirtualTree.InvertSelection
 0001:0002CED0       VirtualTrees.TBaseVirtualTree.IsEditing
 0001:00019F84       VirtualTrees.TBaseVirtualTree.IsFirstVisibleChild
 0001:00019FA4       VirtualTrees.TBaseVirtualTree.IsLastVisibleChild
 0001:0002CEDC       VirtualTrees.TBaseVirtualTree.IsMouseSelecting
 0001:0002CEF4       VirtualTrees.TBaseVirtualTree.IterateSubtree
 0001:00019FC4       VirtualTrees.TBaseVirtualTree.LimitPaintingToArea
 0001:00026C88       VirtualTrees.TBaseVirtualTree.Loaded
 0001:0002D0CC       VirtualTrees.TBaseVirtualTree.LoadFromFile
 0001:0002D124       VirtualTrees.TBaseVirtualTree.LoadFromStream
 0001:00026DD0       VirtualTrees.TBaseVirtualTree.MainColumnChanged
 0001:0001A024       VirtualTrees.TBaseVirtualTree.MakeNewNode
 0001:00026BFC       VirtualTrees.TBaseVirtualTree.MarkCutCopyNodes
 0001:0002D35C       VirtualTrees.TBaseVirtualTree.MeasureItemHeight
 0001:00026DDC       VirtualTrees.TBaseVirtualTree.MouseMove
 0001:0002D3A4       VirtualTrees.TBaseVirtualTree.MoveTo
 0001:0002D3C4       VirtualTrees.TBaseVirtualTree.MoveTo
 0001:00027114       VirtualTrees.TBaseVirtualTree.Notification
 0001:000271EC       VirtualTrees.TBaseVirtualTree.OriginalWMNCPaint
 0001:0001A098       VirtualTrees.TBaseVirtualTree.PackArray
 0001:00027388       VirtualTrees.TBaseVirtualTree.Paint
 0001:000274C8       VirtualTrees.TBaseVirtualTree.PaintCheckImage
 0001:00027654       VirtualTrees.TBaseVirtualTree.PaintImage
 0001:000278D0       VirtualTrees.TBaseVirtualTree.PaintNodeButton
 0001:00027B7C       VirtualTrees.TBaseVirtualTree.PaintSelectionRectangle
 0001:0002D890       VirtualTrees.TBaseVirtualTree.PaintTree
 0001:00027934       VirtualTrees.TBaseVirtualTree.PaintTreeLines
 0001:00027CD0       VirtualTrees.TBaseVirtualTree.PanningWindowProc
 0001:0002EB08       VirtualTrees.TBaseVirtualTree.PasteFromClipboard
 0001:0001A0D4       VirtualTrees.TBaseVirtualTree.PrepareBitmaps
 0001:0001A6E0       VirtualTrees.TBaseVirtualTree.PrepareCell
 0001:0002EC4C       VirtualTrees.TBaseVirtualTree.PrepareDragImage
 0001:0002EE4C       VirtualTrees.TBaseVirtualTree.Print
 0001:0002F360       VirtualTrees.TBaseVirtualTree.ProcessDrop
 0001:0002F53C       VirtualTrees.TBaseVirtualTree.ProcessOLEData
 0001:00027DAC       VirtualTrees.TBaseVirtualTree.ReadChunk
 0001:00028004       VirtualTrees.TBaseVirtualTree.ReadNode
 0001:0001AD18       VirtualTrees.TBaseVirtualTree.ReadOldOptions
 0001:00028148       VirtualTrees.TBaseVirtualTree.RedirectFontChangeEvent
 0001:0002F8D8       VirtualTrees.TBaseVirtualTree.ReinitChildren
 0001:0002F930       VirtualTrees.TBaseVirtualTree.ReinitNode
 0001:0002817C       VirtualTrees.TBaseVirtualTree.RemoveFromSelection
 0001:000282D8       VirtualTrees.TBaseVirtualTree.RenderOLEData
 0001:0002F97C       VirtualTrees.TBaseVirtualTree.RepaintNode
 0001:0002F9C8       VirtualTrees.TBaseVirtualTree.ResetNode
 0001:00028464       VirtualTrees.TBaseVirtualTree.ResetRangeAnchor
 0001:0002847C       VirtualTrees.TBaseVirtualTree.RestoreFontChangeEvent
 0001:0002FA34       VirtualTrees.TBaseVirtualTree.SaveToFile
 0001:0002FA94       VirtualTrees.TBaseVirtualTree.SaveToStream
 0001:0002FB1C       VirtualTrees.TBaseVirtualTree.ScrollIntoView
 0001:0002FD88       VirtualTrees.TBaseVirtualTree.SelectAll
 0001:000284A0       VirtualTrees.TBaseVirtualTree.SelectNodes
 0001:0001AF50       VirtualTrees.TBaseVirtualTree.SetAlignment
 0001:0001AF74       VirtualTrees.TBaseVirtualTree.SetAnimationDuration
 0001:0001AF9C       VirtualTrees.TBaseVirtualTree.SetBackground
 0001:0001AFB8       VirtualTrees.TBaseVirtualTree.SetBackgroundOffset
 0001:000285A0       VirtualTrees.TBaseVirtualTree.SetBiDiMode
 0001:0001AFF8       VirtualTrees.TBaseVirtualTree.SetBorderStyle
 0001:0001B00C       VirtualTrees.TBaseVirtualTree.SetButtonFillMode
 0001:0001B048       VirtualTrees.TBaseVirtualTree.SetButtonStyle
 0001:0001B084       VirtualTrees.TBaseVirtualTree.SetCheckImageKind
 0001:0001B0EC       VirtualTrees.TBaseVirtualTree.SetCheckState
 0001:0001B130       VirtualTrees.TBaseVirtualTree.SetCheckType
 0001:0001B1BC       VirtualTrees.TBaseVirtualTree.SetChildCount
 0001:0001B380       VirtualTrees.TBaseVirtualTree.SetClipboardFormats
 0001:0001B408       VirtualTrees.TBaseVirtualTree.SetColors
 0001:0001B414       VirtualTrees.TBaseVirtualTree.SetCustomCheckImages
 0001:0001B49C       VirtualTrees.TBaseVirtualTree.SetDefaultNodeHeight
 0001:0001B568       VirtualTrees.TBaseVirtualTree.SetDisabled
 0001:0001B5B0       VirtualTrees.TBaseVirtualTree.SetExpanded
 0001:0001B5D4       VirtualTrees.TBaseVirtualTree.SetFocusedColumn
 0001:0001B68C       VirtualTrees.TBaseVirtualTree.SetFocusedNode
 0001:000285B4       VirtualTrees.TBaseVirtualTree.SetFocusedNodeAndColumn
 0001:0001B6D4       VirtualTrees.TBaseVirtualTree.SetFullyVisible
 0001:0001B720       VirtualTrees.TBaseVirtualTree.SetHasChildren
 0001:0001B754       VirtualTrees.TBaseVirtualTree.SetHeader
 0001:0001B764       VirtualTrees.TBaseVirtualTree.SetImages
 0001:0001B7C8       VirtualTrees.TBaseVirtualTree.SetIndent
 0001:0001B80C       VirtualTrees.TBaseVirtualTree.SetLineMode
 0001:0001B83C       VirtualTrees.TBaseVirtualTree.SetLineStyle
 0001:0001B878       VirtualTrees.TBaseVirtualTree.SetMargin
 0001:0001B8A8       VirtualTrees.TBaseVirtualTree.SetMultiline
 0001:0001B8FC       VirtualTrees.TBaseVirtualTree.SetNodeAlignment
 0001:0001B92C       VirtualTrees.TBaseVirtualTree.SetNodeDataSize
 0001:0001B974       VirtualTrees.TBaseVirtualTree.SetNodeHeight
 0001:0001BA0C       VirtualTrees.TBaseVirtualTree.SetNodeParent
 0001:0001BA24       VirtualTrees.TBaseVirtualTree.SetOffsetX
 0001:0001BA60       VirtualTrees.TBaseVirtualTree.SetOffsetXY
 0001:0001BA84       VirtualTrees.TBaseVirtualTree.SetOffsetY
 0001:0001BAC0       VirtualTrees.TBaseVirtualTree.SetOptions
 0001:0001BACC       VirtualTrees.TBaseVirtualTree.SetRootNodeCount
 0001:0001BB3C       VirtualTrees.TBaseVirtualTree.SetScrollBarOptions
 0001:0001BB48       VirtualTrees.TBaseVirtualTree.SetSearchOption
 0001:0001BB80       VirtualTrees.TBaseVirtualTree.SetSelected
 0001:0001BCAC       VirtualTrees.TBaseVirtualTree.SetSelectionCurveRadius
 0001:0001BCDC       VirtualTrees.TBaseVirtualTree.SetStateImages
 0001:0001BD4C       VirtualTrees.TBaseVirtualTree.SetTextMargin
 0001:0001BD70       VirtualTrees.TBaseVirtualTree.SetTopNode
 0001:0001BDD4       VirtualTrees.TBaseVirtualTree.SetUpdateState
 0001:0001BE08       VirtualTrees.TBaseVirtualTree.SetVerticalAlignment
 0001:0001BE4C       VirtualTrees.TBaseVirtualTree.SetVisible
 0001:0001BF60       VirtualTrees.TBaseVirtualTree.SetVisiblePath
 0001:00028634       VirtualTrees.TBaseVirtualTree.SkipNode
 0001:0002FFD8       VirtualTrees.TBaseVirtualTree.Sort
 0001:00030184       VirtualTrees.TBaseVirtualTree.SortTree
 0001:000287F4       VirtualTrees.TBaseVirtualTree.StartWheelPanning
 0001:0001BF8C       VirtualTrees.TBaseVirtualTree.StaticBackground
 0001:0001C120       VirtualTrees.TBaseVirtualTree.StopTimer
 0001:00028A3C       VirtualTrees.TBaseVirtualTree.StopWheelPanning
 0001:00028B20       VirtualTrees.TBaseVirtualTree.StructureChange
 0001:00028B88       VirtualTrees.TBaseVirtualTree.SuggestDropEffect
 0001:0001C144       VirtualTrees.TBaseVirtualTree.TileBackground
 0001:0001C344       VirtualTrees.TBaseVirtualTree.ToggleCallback
 0001:0003021C       VirtualTrees.TBaseVirtualTree.ToggleNode
 0001:00028C20       VirtualTrees.TBaseVirtualTree.ToggleSelection
 0001:0001D2F0       VirtualTrees.TBaseVirtualTree.TVMGetItem
 0001:0001D4BC       VirtualTrees.TBaseVirtualTree.TVMGetItemRect
 0001:0001D510       VirtualTrees.TBaseVirtualTree.TVMGetNextItem
 0001:00028DA0       VirtualTrees.TBaseVirtualTree.UnselectNodes
 0001:000307C8       VirtualTrees.TBaseVirtualTree.UpdateAction
 0001:00028E60       VirtualTrees.TBaseVirtualTree.UpdateDesigner
 0001:00028F94       VirtualTrees.TBaseVirtualTree.UpdateEditBounds
 0001:00028E8C       VirtualTrees.TBaseVirtualTree.UpdateHeaderRect
 0001:000308CC       VirtualTrees.TBaseVirtualTree.UpdateHorizontalScrollBar
 0001:00030A58       VirtualTrees.TBaseVirtualTree.UpdateScrollBars
 0001:00030A80       VirtualTrees.TBaseVirtualTree.UpdateVerticalScrollBar
 0001:000290C8       VirtualTrees.TBaseVirtualTree.UpdateWindowAndDragImage
 0001:00030BFC       VirtualTrees.TBaseVirtualTree.UseRightToLeftReading
 0001:000292A8       VirtualTrees.TBaseVirtualTree.ValidateCache
 0001:00030C04       VirtualTrees.TBaseVirtualTree.ValidateChildren
 0001:00030C50       VirtualTrees.TBaseVirtualTree.ValidateNode
 0001:000292DC       VirtualTrees.TBaseVirtualTree.ValidateNodeDataSize
 0001:0001D624       VirtualTrees.TBaseVirtualTree.WMCancelMode
 0001:0001D6AC       VirtualTrees.TBaseVirtualTree.WMChangeState
 0001:0001D76C       VirtualTrees.TBaseVirtualTree.WMChar
 0001:0001D7BC       VirtualTrees.TBaseVirtualTree.WMContextMenu
 0001:0001D800       VirtualTrees.TBaseVirtualTree.WMCopy
 0001:0001D80C       VirtualTrees.TBaseVirtualTree.WMCut
 0001:0001D818       VirtualTrees.TBaseVirtualTree.WMEnable
 0001:0001D83C       VirtualTrees.TBaseVirtualTree.WMEraseBkgnd
 0001:0001D844       VirtualTrees.TBaseVirtualTree.WMGetDlgCode
 0001:0001D894       VirtualTrees.TBaseVirtualTree.WMHScroll
 0001:0001D9E4       VirtualTrees.TBaseVirtualTree.WMKeyDown
 0001:0001EACC       VirtualTrees.TBaseVirtualTree.WMKeyUp
 0001:0001EB58       VirtualTrees.TBaseVirtualTree.WMKillFocus
 0001:0001ECC4       VirtualTrees.TBaseVirtualTree.WMLButtonDblClk
 0001:0001ED00       VirtualTrees.TBaseVirtualTree.WMLButtonDown
 0001:0001ED64       VirtualTrees.TBaseVirtualTree.WMLButtonUp
 0001:0001EDC8       VirtualTrees.TBaseVirtualTree.WMMButtonDblClk
 0001:0001EE10       VirtualTrees.TBaseVirtualTree.WMMButtonDown
 0001:0001EF3C       VirtualTrees.TBaseVirtualTree.WMMButtonUp
 0001:0001F030       VirtualTrees.TBaseVirtualTree.WMNCCalcSize
 0001:0001F05C       VirtualTrees.TBaseVirtualTree.WMNCDestroy
 0001:0001F0D0       VirtualTrees.TBaseVirtualTree.WMNCHitTest
 0001:0001F12C       VirtualTrees.TBaseVirtualTree.WMNCPaint
 0001:0001F288       VirtualTrees.TBaseVirtualTree.WMPaint
 0001:0001F2FC       VirtualTrees.TBaseVirtualTree.WMPaste
 0001:0001F308       VirtualTrees.TBaseVirtualTree.WMPrint
 0001:0001F354       VirtualTrees.TBaseVirtualTree.WMPrintClient
 0001:0001F420       VirtualTrees.TBaseVirtualTree.WMRButtonDblClk
 0001:0001F468       VirtualTrees.TBaseVirtualTree.WMRButtonDown
 0001:0001F4EC       VirtualTrees.TBaseVirtualTree.WMRButtonUp
 0001:0001F5EC       VirtualTrees.TBaseVirtualTree.WMSetCursor
 0001:0001F6F4       VirtualTrees.TBaseVirtualTree.WMSetFocus
 0001:0001F720       VirtualTrees.TBaseVirtualTree.WMSize
 0001:0001F848       VirtualTrees.TBaseVirtualTree.WMThemeChanged
 0001:0001F8C0       VirtualTrees.TBaseVirtualTree.WMTimer
 0001:0001FA1C       VirtualTrees.TBaseVirtualTree.WMVScroll
 0001:00029300       VirtualTrees.TBaseVirtualTree.WndProc
 0001:000293F8       VirtualTrees.TBaseVirtualTree.WriteChunks
 0001:00029538       VirtualTrees.TBaseVirtualTree.WriteNode
 0001:0000F238       VirtualTrees.TBufferedString.Add
 0001:0000F2A8       VirtualTrees.TBufferedString.AddNewLine
 0001:0000F1F0       VirtualTrees.TBufferedString.Destroy
 0001:0000F220       VirtualTrees.TBufferedString.GetAsString
 0001:0000CBA0       VirtualTrees.TClipboardFormatList.Add
 0001:0000CC3C       VirtualTrees.TClipboardFormatList.Clear
 0001:0000CA2C       VirtualTrees.TClipboardFormatList.Create
 0001:0000CA68       VirtualTrees.TClipboardFormatList.Destroy
 0001:0000CC74       VirtualTrees.TClipboardFormatList.EnumerateFormats
 0001:0000CD34       VirtualTrees.TClipboardFormatList.EnumerateFormats
 0001:0000CD84       VirtualTrees.TClipboardFormatList.FindFormat
 0001:0000CE18       VirtualTrees.TClipboardFormatList.FindFormat
 0001:0000CB7C       VirtualTrees.TClipboardFormatList.Sort
 0001:00017F50       VirtualTrees.TClipboardFormats.Add
 0001:00017F14       VirtualTrees.TClipboardFormats.Create
 0001:00017F94       VirtualTrees.TClipboardFormats.Insert
 0001:0000EDE4       VirtualTrees.TCriticalSection.Create
 0001:0000EE24       VirtualTrees.TCriticalSection.Destroy
 0001:0000EE54       VirtualTrees.TCriticalSection.Enter
 0001:0000EE60       VirtualTrees.TCriticalSection.Leave
 0001:00030D54       VirtualTrees.TCustomStringTreeOptions.AssignTo
 0001:00030CB8       VirtualTrees.TCustomStringTreeOptions.Create
 0001:00030CFC       VirtualTrees.TCustomStringTreeOptions.SetStringOptions
 0001:00035DD0       VirtualTrees.TCustomVirtualDrawTree.DoDrawHint
 0001:00035E14       VirtualTrees.TCustomVirtualDrawTree.DoGetHintSize
 0001:00035E40       VirtualTrees.TCustomVirtualDrawTree.DoGetNodeWidth
 0001:00035E8C       VirtualTrees.TCustomVirtualDrawTree.DoPaintNode
 0001:00032000       VirtualTrees.TCustomVirtualStringTree.AdjustPaintCellRect
 0001:000320A4       VirtualTrees.TCustomVirtualStringTree.CalculateTextWidth
 0001:00032144       VirtualTrees.TCustomVirtualStringTree.ColumnIsEmpty
 0001:00032BE8       VirtualTrees.TCustomVirtualStringTree.ComputeNodeHeight
 0001:00033078       VirtualTrees.TCustomVirtualStringTree.ContentToClipboard
 0001:000336FC       VirtualTrees.TCustomVirtualStringTree.ContentToHTML
 0001:00034AAC       VirtualTrees.TCustomVirtualStringTree.ContentToRTF
 0001:00035274       VirtualTrees.TCustomVirtualStringTree.ContentToText
 0001:000356FC       VirtualTrees.TCustomVirtualStringTree.ContentToUnicode
 0001:000317A0       VirtualTrees.TCustomVirtualStringTree.Create
 0001:000321BC       VirtualTrees.TCustomVirtualStringTree.DefineProperties
 0001:00032254       VirtualTrees.TCustomVirtualStringTree.DoCreateEditor
 0001:0003229C       VirtualTrees.TCustomVirtualStringTree.DoGetNodeHint
 0001:000322E8       VirtualTrees.TCustomVirtualStringTree.DoGetNodeTooltip
 0001:00032344       VirtualTrees.TCustomVirtualStringTree.DoGetNodeWidth
 0001:00032454       VirtualTrees.TCustomVirtualStringTree.DoGetText
 0001:00032484       VirtualTrees.TCustomVirtualStringTree.DoIncrementalSearch
 0001:0003251C       VirtualTrees.TCustomVirtualStringTree.DoNewText
 0001:00032594       VirtualTrees.TCustomVirtualStringTree.DoPaintNode
 0001:00032690       VirtualTrees.TCustomVirtualStringTree.DoPaintText
 0001:000326C0       VirtualTrees.TCustomVirtualStringTree.DoShortenString
 0001:00032738       VirtualTrees.TCustomVirtualStringTree.DoTextDrawing
 0001:000327E8       VirtualTrees.TCustomVirtualStringTree.DoTextMeasuring
 0001:000318A0       VirtualTrees.TCustomVirtualStringTree.GetOptions
 0001:00032854       VirtualTrees.TCustomVirtualStringTree.GetOptionsClass
 0001:0003180C       VirtualTrees.TCustomVirtualStringTree.GetRenderStartValues
 0001:000318B8       VirtualTrees.TCustomVirtualStringTree.GetText
 0001:00035B24       VirtualTrees.TCustomVirtualStringTree.GetTextInfo
 0001:00031904       VirtualTrees.TCustomVirtualStringTree.InitializeTextProperties
 0001:0003285C       VirtualTrees.TCustomVirtualStringTree.InternalData
 0001:00035C84       VirtualTrees.TCustomVirtualStringTree.InvalidateNode
 0001:00032874       VirtualTrees.TCustomVirtualStringTree.MainColumnChanged
 0001:000319E8       VirtualTrees.TCustomVirtualStringTree.PaintNormalText
 0001:00031C50       VirtualTrees.TCustomVirtualStringTree.PaintStaticText
 0001:00035CB8       VirtualTrees.TCustomVirtualStringTree.Path
 0001:000328B4       VirtualTrees.TCustomVirtualStringTree.ReadChunk
 0001:000329C4       VirtualTrees.TCustomVirtualStringTree.ReadOldStringOptions
 0001:00031E04       VirtualTrees.TCustomVirtualStringTree.ReadText
 0001:00035D74       VirtualTrees.TCustomVirtualStringTree.ReinitNode
 0001:00032A88       VirtualTrees.TCustomVirtualStringTree.RenderOLEData
 0001:00031E98       VirtualTrees.TCustomVirtualStringTree.SetDefaultText
 0001:00031ED0       VirtualTrees.TCustomVirtualStringTree.SetOptions
 0001:00031EDC       VirtualTrees.TCustomVirtualStringTree.SetText
 0001:00031F28       VirtualTrees.TCustomVirtualStringTree.WMSetFont
 0001:00032B24       VirtualTrees.TCustomVirtualStringTree.WriteChunks
 0001:00031F18       VirtualTrees.TCustomVirtualStringTree.WriteText
 0001:0000F7D8       VirtualTrees.TCustomVirtualTreeOptions.AssignTo
 0001:0000F470       VirtualTrees.TCustomVirtualTreeOptions.Create
 0001:0000F4D8       VirtualTrees.TCustomVirtualTreeOptions.SetAnimationOptions
 0001:0000F4E8       VirtualTrees.TCustomVirtualTreeOptions.SetAutoOptions
 0001:0000F544       VirtualTrees.TCustomVirtualTreeOptions.SetMiscOptions
 0001:0000F650       VirtualTrees.TCustomVirtualTreeOptions.SetPaintOptions
 0001:0000F720       VirtualTrees.TCustomVirtualTreeOptions.SetSelectionOptions
 0001:0000F918       VirtualTrees.TEnumFormatEtc.Clone
 0001:0000F844       VirtualTrees.TEnumFormatEtc.Create
 0001:0000F9A0       VirtualTrees.TEnumFormatEtc.Next
 0001:0000FA08       VirtualTrees.TEnumFormatEtc.Reset
 0001:0000FA1C       VirtualTrees.TEnumFormatEtc.Skip
 0001:00034844       VirtualTrees.TextPlusFont
 0001:0002F524       VirtualTrees.TOLEMemoryStream.Write
 0001:0000D2F8       VirtualTrees.TreeFromNode
 0001:00017D68       VirtualTrees.TScrollBarOptions.Assign
 0001:00017CAC       VirtualTrees.TScrollBarOptions.Create
 0001:00017D64       VirtualTrees.TScrollBarOptions.GetOwner
 0001:00017D00       VirtualTrees.TScrollBarOptions.SetAlwaysVisible
 0001:00017D2C       VirtualTrees.TScrollBarOptions.SetScrollBars
 0001:00017D58       VirtualTrees.TScrollBarOptions.SetScrollBarStyle
 0001:000313B8       VirtualTrees.TStringEditLink.BeginEdit
 0001:00031408       VirtualTrees.TStringEditLink.CancelEdit
 0001:00031320       VirtualTrees.TStringEditLink.Create
 0001:00031388       VirtualTrees.TStringEditLink.Destroy
 0001:00031450       VirtualTrees.TStringEditLink.EndEdit
 0001:00031548       VirtualTrees.TStringEditLink.GetBounds
 0001:00031560       VirtualTrees.TStringEditLink.PrepareEdit
 0001:000316B4       VirtualTrees.TStringEditLink.ProcessMessage
 0001:000316CC       VirtualTrees.TStringEditLink.SetBounds
 0001:000313F0       VirtualTrees.TStringEditLink.SetEdit
 0001:00035EAC       VirtualTrees.TVirtualDrawTree.GetOptions
 0001:00035ED0       VirtualTrees.TVirtualDrawTree.GetOptionsClass
 0001:00035EC4       VirtualTrees.TVirtualDrawTree.SetOptions
 0001:00035DA4       VirtualTrees.TVirtualStringTree.GetOptions
 0001:00035DC8       VirtualTrees.TVirtualStringTree.GetOptionsClass
 0001:00035DBC       VirtualTrees.TVirtualStringTree.SetOptions
 0001:00013538       VirtualTrees.TVirtualTreeColumn.Assign
 0001:00012D18       VirtualTrees.TVirtualTreeColumn.ComputeHeaderLayout
 0001:0001272C       VirtualTrees.TVirtualTreeColumn.Create
 0001:000132DC       VirtualTrees.TVirtualTreeColumn.DefineProperties
 0001:00012814       VirtualTrees.TVirtualTreeColumn.Destroy
 0001:0001362C       VirtualTrees.TVirtualTreeColumn.Equals
 0001:00013364       VirtualTrees.TVirtualTreeColumn.GetAbsoluteBounds
 0001:00013374       VirtualTrees.TVirtualTreeColumn.GetDisplayName
 0001:000128F0       VirtualTrees.TVirtualTreeColumn.GetLeft
 0001:000133F4       VirtualTrees.TVirtualTreeColumn.GetOwner
 0001:000136D0       VirtualTrees.TVirtualTreeColumn.GetRect
 0001:0001292C       VirtualTrees.TVirtualTreeColumn.IsBiDiModeStored
 0001:00012938       VirtualTrees.TVirtualTreeColumn.IsColorStored
 0001:0001374C       VirtualTrees.TVirtualTreeColumn.LoadFromStream
 0001:0001393C       VirtualTrees.TVirtualTreeColumn.ParentBiDiModeChanged
 0001:00013978       VirtualTrees.TVirtualTreeColumn.ParentColorChanged
 0001:0001349C       VirtualTrees.TVirtualTreeColumn.ReadHint
 0001:00013408       VirtualTrees.TVirtualTreeColumn.ReadText
 0001:000139B4       VirtualTrees.TVirtualTreeColumn.RestoreLastWidth
 0001:000139D4       VirtualTrees.TVirtualTreeColumn.SaveToStream
 0001:00012944       VirtualTrees.TVirtualTreeColumn.SetAlignment
 0001:00012970       VirtualTrees.TVirtualTreeColumn.SetBiDiMode
 0001:000129A0       VirtualTrees.TVirtualTreeColumn.SetColor
 0001:000129D0       VirtualTrees.TVirtualTreeColumn.SetImageIndex
 0001:000129E0       VirtualTrees.TVirtualTreeColumn.SetLayout
 0001:000129F0       VirtualTrees.TVirtualTreeColumn.SetMargin
 0001:00012A0C       VirtualTrees.TVirtualTreeColumn.SetMaxWidth
 0001:00012A38       VirtualTrees.TVirtualTreeColumn.SetMinWidth
 0001:00012A54       VirtualTrees.TVirtualTreeColumn.SetOptions
 0001:00012B28       VirtualTrees.TVirtualTreeColumn.SetPosition
 0001:00012C40       VirtualTrees.TVirtualTreeColumn.SetSpacing
 0001:00012C50       VirtualTrees.TVirtualTreeColumn.SetStyle
 0001:00012C60       VirtualTrees.TVirtualTreeColumn.SetText
 0001:00012C88       VirtualTrees.TVirtualTreeColumn.SetWidth
 0001:00013B24       VirtualTrees.TVirtualTreeColumn.UseRightToLeftReading
 0001:00013520       VirtualTrees.TVirtualTreeColumn.WriteHint
 0001:0001352C       VirtualTrees.TVirtualTreeColumn.WriteText
 0001:00014A0C       VirtualTrees.TVirtualTreeColumns.Add
 0001:00013C7C       VirtualTrees.TVirtualTreeColumns.AdjustAutoSize
 0001:00013D98       VirtualTrees.TVirtualTreeColumns.AdjustDownColumn
 0001:00013E28       VirtualTrees.TVirtualTreeColumns.AdjustHoverColumn
 0001:00013E44       VirtualTrees.TVirtualTreeColumns.AdjustPosition
 0001:00014A18       VirtualTrees.TVirtualTreeColumns.AnimatedResize
 0001:00014C18       VirtualTrees.TVirtualTreeColumns.Assign
 0001:00014C64       VirtualTrees.TVirtualTreeColumns.Clear
 0001:00014CF0       VirtualTrees.TVirtualTreeColumns.ColumnFromPosition
 0001:00014DA8       VirtualTrees.TVirtualTreeColumns.ColumnFromPosition
 0001:00013B2C       VirtualTrees.TVirtualTreeColumns.Create
 0001:00013BB8       VirtualTrees.TVirtualTreeColumns.Destroy
 0001:00013EA4       VirtualTrees.TVirtualTreeColumns.DrawButtonText
 0001:000140D4       VirtualTrees.TVirtualTreeColumns.DrawXPButton
 0001:00014DCC       VirtualTrees.TVirtualTreeColumns.Equals
 0001:00014570       VirtualTrees.TVirtualTreeColumns.FixPositions
 0001:000145B0       VirtualTrees.TVirtualTreeColumns.GetColumnAndBounds
 0001:00014E54       VirtualTrees.TVirtualTreeColumns.GetColumnBounds
 0001:00014EA8       VirtualTrees.TVirtualTreeColumns.GetFirstVisibleColumn
 0001:00013BE8       VirtualTrees.TVirtualTreeColumns.GetItem
 0001:00014EEC       VirtualTrees.TVirtualTreeColumns.GetLastVisibleColumn
 0001:00013BFC       VirtualTrees.TVirtualTreeColumns.GetNewIndex
 0001:00014F2C       VirtualTrees.TVirtualTreeColumns.GetNextColumn
 0001:00014F68       VirtualTrees.TVirtualTreeColumns.GetNextVisibleColumn
 0001:0001465C       VirtualTrees.TVirtualTreeColumns.GetOwner
 0001:00014F94       VirtualTrees.TVirtualTreeColumns.GetPreviousColumn
 0001:00014FC8       VirtualTrees.TVirtualTreeColumns.GetPreviousVisibleColumn
 0001:00014FF4       VirtualTrees.TVirtualTreeColumns.GetVisibleColumns
 0001:0001507C       VirtualTrees.TVirtualTreeColumns.GetVisibleFixedWidth
 0001:00014660       VirtualTrees.TVirtualTreeColumns.HandleClick
 0001:0001473C       VirtualTrees.TVirtualTreeColumns.IndexChanged
 0001:00014844       VirtualTrees.TVirtualTreeColumns.InitializePositionArray
 0001:000150D0       VirtualTrees.TVirtualTreeColumns.IsValidColumn
 0001:000150F0       VirtualTrees.TVirtualTreeColumns.LoadFromStream
 0001:000151B4       VirtualTrees.TVirtualTreeColumns.PaintHeader
 0001:00015B78       VirtualTrees.TVirtualTreeColumns.SaveToStream
 0001:00013C74       VirtualTrees.TVirtualTreeColumns.SetItem
 0001:00015BE8       VirtualTrees.TVirtualTreeColumns.TotalWidth
 0001:000148EC       VirtualTrees.TVirtualTreeColumns.Update
 0001:000149BC       VirtualTrees.TVirtualTreeColumns.UpdatePositions
 0001:0001109C       VirtualTrees.TVirtualTreeHintWindow.ActivateHint
 0001:000108B8       VirtualTrees.TVirtualTreeHintWindow.AnimationCallback
 0001:00011414       VirtualTrees.TVirtualTreeHintWindow.CalcHintRect
 0001:00011028       VirtualTrees.TVirtualTreeHintWindow.CMTextChanged
 0001:000107C4       VirtualTrees.TVirtualTreeHintWindow.Create
 0001:00011074       VirtualTrees.TVirtualTreeHintWindow.CreateParams
 0001:00010868       VirtualTrees.TVirtualTreeHintWindow.Destroy
 0001:00010AC4       VirtualTrees.TVirtualTreeHintWindow.InternalPaint
 0001:00011894       VirtualTrees.TVirtualTreeHintWindow.IsHintMsg
 0001:00011090       VirtualTrees.TVirtualTreeHintWindow.Paint
 0001:0001102C       VirtualTrees.TVirtualTreeHintWindow.WMEraseBkgnd
 0001:00011034       VirtualTrees.TVirtualTreeHintWindow.WMNCPaint
 0001:0001103C       VirtualTrees.TVirtualTreeHintWindow.WMShowWindow
 0001:00017ECC       VirtualTrees.TVTColors.Assign
 0001:00017DC4       VirtualTrees.TVTColors.Create
 0001:00017E50       VirtualTrees.TVTColors.GetColor
 0001:00017E58       VirtualTrees.TVTColors.SetColor
 0001:0000FB28       VirtualTrees.TVTDataObject.CanonicalIUnknown
 0001:0000FA4C       VirtualTrees.TVTDataObject.Create
 0001:0000FF70       VirtualTrees.TVTDataObject.DAdvise
 0001:0000FAA4       VirtualTrees.TVTDataObject.Destroy
 0001:00010010       VirtualTrees.TVTDataObject.DUnadvise
 0001:00010034       VirtualTrees.TVTDataObject.EnumDAdvise
 0001:0001006C       VirtualTrees.TVTDataObject.EnumFormatEtc
 0001:0000FBB8       VirtualTrees.TVTDataObject.EqualFormatEtc
 0001:0000FC14       VirtualTrees.TVTDataObject.FindFormatEtc
 0001:0000FC6C       VirtualTrees.TVTDataObject.FindInternalStgMedium
 0001:000100E4       VirtualTrees.TVTDataObject.GetCanonicalFormatEtc
 0001:000100F0       VirtualTrees.TVTDataObject.GetData
 0001:00010230       VirtualTrees.TVTDataObject.GetDataHere
 0001:0000FCB8       VirtualTrees.TVTDataObject.HGlobalClone
 0001:0001023C       VirtualTrees.TVTDataObject.QueryGetData
 0001:0000FD5C       VirtualTrees.TVTDataObject.RenderInternalOLEData
 0001:000102CC       VirtualTrees.TVTDataObject.SetData
 0001:0000FE00       VirtualTrees.TVTDataObject.StgMediumIncRef
 0001:00011940       VirtualTrees.TVTDragImage.Create
 0001:00011980       VirtualTrees.TVTDragImage.Destroy
 0001:00011C48       VirtualTrees.TVTDragImage.DragTo
 0001:00012078       VirtualTrees.TVTDragImage.EndDrag
 0001:000120C0       VirtualTrees.TVTDragImage.GetDragImageRect
 0001:000119AC       VirtualTrees.TVTDragImage.GetVisible
 0001:0001210C       VirtualTrees.TVTDragImage.HideDragImage
 0001:000119D0       VirtualTrees.TVTDragImage.InternalShowDragImage
 0001:00011AD0       VirtualTrees.TVTDragImage.MakeAlphaChannel
 0001:0001219C       VirtualTrees.TVTDragImage.PrepareDrag
 0001:00012414       VirtualTrees.TVTDragImage.RecaptureBackground
 0001:00012618       VirtualTrees.TVTDragImage.ShowDragImage
 0001:000126CC       VirtualTrees.TVTDragImage.WillMove
 0001:000104D4       VirtualTrees.TVTDragManager.Create
 0001:0001052C       VirtualTrees.TVTDragManager.Destroy
 0001:000105FC       VirtualTrees.TVTDragManager.DragEnter
 0001:00010684       VirtualTrees.TVTDragManager.DragLeave
 0001:000106C4       VirtualTrees.TVTDragManager.DragOver
 0001:0001070C       VirtualTrees.TVTDragManager.Drop
 0001:00010764       VirtualTrees.TVTDragManager.ForceDragLeave
 0001:0001055C       VirtualTrees.TVTDragManager.GetDataObject
 0001:000105C8       VirtualTrees.TVTDragManager.GetDragSource
 0001:000105D8       VirtualTrees.TVTDragManager.GetDropTargetHelperSupported
 0001:000105EC       VirtualTrees.TVTDragManager.GetIsDropTarget
 0001:00010784       VirtualTrees.TVTDragManager.GiveFeedback
 0001:00010790       VirtualTrees.TVTDragManager.QueryContinueDrag
 0001:000310A8       VirtualTrees.TVTEdit.AutoAdjustSize
 0001:00030DF8       VirtualTrees.TVTEdit.CMAutoAdjust
 0001:00030E00       VirtualTrees.TVTEdit.CMExit
 0001:00030E3C       VirtualTrees.TVTEdit.CMRelease
 0001:00030E44       VirtualTrees.TVTEdit.CNCommand
 0001:00030D90       VirtualTrees.TVTEdit.Create
 0001:0003128C       VirtualTrees.TVTEdit.CreateParams
 0001:000312F8       VirtualTrees.TVTEdit.Release
 0001:00030EA4       VirtualTrees.TVTEdit.WMChar
 0001:00030EBC       VirtualTrees.TVTEdit.WMDestroy
 0001:00030F78       VirtualTrees.TVTEdit.WMGetDlgCode
 0001:00030F94       VirtualTrees.TVTEdit.WMKeyDown
 0001:0001752C       VirtualTrees.TVTHeader.Assign
 0001:000175E4       VirtualTrees.TVTHeader.AutoFitColumns
 0001:000160D0       VirtualTrees.TVTHeader.CanWriteColumns
 0001:000160D4       VirtualTrees.TVTHeader.ChangeScale
 0001:00015C44       VirtualTrees.TVTHeader.Create
 0001:00015D2C       VirtualTrees.TVTHeader.Destroy
 0001:00016100       VirtualTrees.TVTHeader.DetermineSplitterIndex
 0001:000161A4       VirtualTrees.TVTHeader.DragTo
 0001:00015D7C       VirtualTrees.TVTHeader.FontChanged
 0001:00016298       VirtualTrees.TVTHeader.GetColumnsClass
 0001:00015D88       VirtualTrees.TVTHeader.GetMainColumn
 0001:000162A0       VirtualTrees.TVTHeader.GetOwner
 0001:000162A4       VirtualTrees.TVTHeader.GetShiftState
 0001:00015DA4       VirtualTrees.TVTHeader.GetUseColumns
 0001:000162E4       VirtualTrees.TVTHeader.HandleHeaderMouseMove
 0001:00016494       VirtualTrees.TVTHeader.HandleMessage
 0001:00017030       VirtualTrees.TVTHeader.ImageListChange
 0001:000176BC       VirtualTrees.TVTHeader.InHeader
 0001:0001773C       VirtualTrees.TVTHeader.Invalidate
 0001:00017810       VirtualTrees.TVTHeader.LoadFromStream
 0001:00017044       VirtualTrees.TVTHeader.PrepareDrag
 0001:00017238       VirtualTrees.TVTHeader.ReadColumns
 0001:00017264       VirtualTrees.TVTHeader.RecalculateHeader
 0001:00017A84       VirtualTrees.TVTHeader.RestoreColumns
 0001:00017AD8       VirtualTrees.TVTHeader.SaveToStream
 0001:00015DB8       VirtualTrees.TVTHeader.SetAutoSizeIndex
 0001:00015DD8       VirtualTrees.TVTHeader.SetBackground
 0001:00015DEC       VirtualTrees.TVTHeader.SetColumns
 0001:00015DF8       VirtualTrees.TVTHeader.SetFont
 0001:00015E0C       VirtualTrees.TVTHeader.SetHeight
 0001:00015E2C       VirtualTrees.TVTHeader.SetImages
 0001:00015E84       VirtualTrees.TVTHeader.SetMainColumn
 0001:00015EF8       VirtualTrees.TVTHeader.SetOptions
 0001:00015FAC       VirtualTrees.TVTHeader.SetParentFont
 0001:00015FD0       VirtualTrees.TVTHeader.SetSortColumn
 0001:00016074       VirtualTrees.TVTHeader.SetSortDirection
 0001:000160B4       VirtualTrees.TVTHeader.SetStyle
 0001:000172A0       VirtualTrees.TVTHeader.UpdateMainColumn
 0001:000172CC       VirtualTrees.TVTHeader.UpdateSpringColumns
 0001:00017494       VirtualTrees.TVTHeader.WriteColumns
 0001:0000F350       VirtualTrees.TWideBufferedString.Add
 0001:0000F3E8       VirtualTrees.TWideBufferedString.AddNewLine
 0001:0000F304       VirtualTrees.TWideBufferedString.Destroy
 0001:0000F334       VirtualTrees.TWideBufferedString.GetAsString
 0001:0000F11C       VirtualTrees.TWorkerThread.AddTree
 0001:0000EF7C       VirtualTrees.TWorkerThread.ChangeTreeStates
 0001:0000EF08       VirtualTrees.TWorkerThread.Create
 0001:0000EF4C       VirtualTrees.TWorkerThread.Destroy
 0001:0000EFC0       VirtualTrees.TWorkerThread.Execute
 0001:0000F1A0       VirtualTrees.TWorkerThread.RemoveTree
 0003:00000078       VirtualTrees.UnpressedState
 0001:0003326C       VirtualTrees.UTF16ToUTF8
 0004:0000004C       VirtualTrees.UtilityImages
 0002:000000E4       VirtualTrees.VirtualTrees
 0004:00000030       VirtualTrees.Watcher
 0003:000003C8       VirtualTrees.WideCRLF
 0004:00000028       VirtualTrees.WorkerThread
 0004:0000002C       VirtualTrees.WorkEvent
 0001:000333F8       VirtualTrees.WriteColorAsHex
 0001:00028238       VirtualTrees.WriteNodes
 0001:000334CC       VirtualTrees.WriteStyle
 0004:00000048       VirtualTrees.XPImages
 0004:00000060       VTHeaderPopup..2
 0001:00036110       VTHeaderPopup..TVTHeaderPopupMenu
 0001:0003652C       VTHeaderPopup.Finalization
 0001:00036268       VTHeaderPopup.TVTHeaderPopupMenu.DoAddHeaderPopupItem
 0001:00036290       VTHeaderPopup.TVTHeaderPopupMenu.DoColumnChange
 0001:000362B4       VTHeaderPopup.TVTHeaderPopupMenu.OnMenuItemClick
 0001:00036334       VTHeaderPopup.TVTHeaderPopupMenu.Popup
 0002:00000118       VTHeaderPopup.VTHeaderPopup
 0004:0000000C       Windows..3
 0001:00000728       Windows.BeginDeferWindowPos
 0001:00000730       Windows.BeginPaint
 0001:000005D8       Windows.BitBlt
 0001:00000540       Windows.CloseHandle
 0001:000005E0       Windows.CombineRgn
 0001:00000738       Windows.CopyImage
 0001:000005E8       Windows.CreateBitmap
 0001:000005F0       Windows.CreateCompatibleDC
 0001:00000548       Windows.CreateEvent
 0001:000005F8       Windows.CreateFontIndirect
 0001:00000600       Windows.CreatePatternBrush
 0001:00000608       Windows.CreatePen
 0001:00000610       Windows.CreateRectRgn
 0001:00000618       Windows.CreateRectRgnIndirect
 0001:00000620       Windows.CreateSolidBrush
 0001:000009A8       Windows.CreateWindowEx
 0001:00000748       Windows.DeferWindowPos
 0001:00000740       Windows.DefWindowProc
 0001:00000550       Windows.DeleteCriticalSection
 0001:00000628       Windows.DeleteDC
 0001:00000630       Windows.DeleteObject
 0001:00000750       Windows.DestroyWindow
 0001:00000758       Windows.DispatchMessage
 0001:00000760       Windows.DrawEdge
 0001:00000768       Windows.DrawFocusRect
 0001:00000770       Windows.DrawFrameControl
 0001:00000778       Windows.DrawTextW
 0001:00000780       Windows.EndDeferWindowPos
 0001:00000788       Windows.EndPaint
 0001:00000558       Windows.EnterCriticalSection
 0001:00000638       Windows.ExcludeClipRect
 0001:00000640       Windows.ExtTextOutW
 0001:00000790       Windows.FillRect
 0001:00000A00       Windows.Finalization
 0001:00000560       Windows.FreeLibrary
 0001:00000648       Windows.GdiFlush
 0001:00000568       Windows.GetACP
 0001:00000650       Windows.GetBkColor
 0001:00000798       Windows.GetCapture
 0001:000007A0       Windows.GetClassInfo
 0001:000007A8       Windows.GetClipboardFormatName
 0001:00000658       Windows.GetCurrentObject
 0001:00000570       Windows.GetCurrentProcessId
 0001:000007B0       Windows.GetCursorPos
 0001:000007B8       Windows.GetDC
 0001:000007C0       Windows.GetDCEx
 0001:000007D0       Windows.GetKeyboardLayout
 0001:000007D8       Windows.GetKeyboardState
 0001:000007C8       Windows.GetKeyState
 0001:00000578       Windows.GetLocaleInfo
 0001:00000660       Windows.GetMapMode
 0001:000007E0       Windows.GetMessagePos
 0001:00000668       Windows.GetObject
 0001:000007E8       Windows.GetScrollInfo
 0001:000007F0       Windows.GetScrollPos
 0001:000007F8       Windows.GetSystemMetrics
 0001:00000670       Windows.GetTextAlign
 0001:00000678       Windows.GetTextColor
 0001:00000680       Windows.GetTextExtentPoint32
 0001:00000688       Windows.GetTextExtentPoint32W
 0001:00000690       Windows.GetTextMetrics
 0001:00000800       Windows.GetUpdateRect
 0001:00000808       Windows.GetWindowDC
 0001:00000810       Windows.GetWindowLong
 0001:00000818       Windows.GetWindowRect
 0001:00000580       Windows.GlobalAlloc
 0001:00000588       Windows.GlobalLock
 0001:00000590       Windows.GlobalSize
 0001:00000598       Windows.GlobalUnlock
 0004:00000010       Windows.HtmlHelpModule
 0001:00000820       Windows.InflateRect
 0001:000005A0       Windows.InitializeCriticalSection
 0001:00000698       Windows.IntersectClipRect
 0001:00000828       Windows.IntersectRect
 0001:00000830       Windows.InvalidateRect
 0001:00000838       Windows.IsRectEmpty
 0001:00000840       Windows.IsWindowVisible
 0001:00000848       Windows.KillTimer
 0001:000005A8       Windows.LeaveCriticalSection
 0001:000006A8       Windows.LineTo
 0001:00000850       Windows.LoadBitmap
 0001:00000858       Windows.LoadCursor
 0001:00000860       Windows.LockWindowUpdate
 0001:000006A0       Windows.LPtoDP
 0001:000005D0       Windows.lstrlenW
 0001:00000968       Windows.MakeROP4
 0001:00000868       Windows.MapWindowPoints
 0001:000006B0       Windows.MaskBlt
 0001:000006B8       Windows.MoveToEx
 0001:000005B0       Windows.MulDiv
 0001:000005B8       Windows.MultiByteToWideChar
 0001:00000870       Windows.OffsetRect
 0001:000006C0       Windows.OffsetRgn
 0001:00000878       Windows.PeekMessage
 0001:00000988       Windows.PointToSmallPoint
 0001:00000880       Windows.PostMessage
 0001:00000888       Windows.PtInRect
 0001:00000890       Windows.RedrawWindow
 0001:00000898       Windows.RegisterClass
 0001:000008A0       Windows.RegisterClipboardFormat
 0001:000008A8       Windows.ReleaseCapture
 0001:000008B0       Windows.ReleaseDC
 0001:000006C8       Windows.RestoreDC
 0001:000006D0       Windows.SaveDC
 0001:000008B8       Windows.ScrollDC
 0001:000008C0       Windows.ScrollWindow
 0001:000006D8       Windows.SelectClipRgn
 0001:000006E0       Windows.SelectObject
 0001:000008C8       Windows.SendMessage
 0001:000006E8       Windows.SetBkColor
 0001:000006F0       Windows.SetBkMode
 0001:000006F8       Windows.SetBrushOrgEx
 0001:000008D0       Windows.SetCapture
 0001:000008D8       Windows.SetCursor
 0001:000005C0       Windows.SetEvent
 0001:000008E0       Windows.SetFocus
 0001:00000700       Windows.SetMapMode
 0001:000008E8       Windows.SetScrollInfo
 0001:00000708       Windows.SetTextAlign
 0001:00000710       Windows.SetTextColor
 0001:000008F0       Windows.SetTimer
 0001:000008F8       Windows.SetWindowLong
 0001:00000718       Windows.SetWindowOrgEx
 0001:00000900       Windows.SetWindowPos
 0001:00000908       Windows.SetWindowRgn
 0001:00000910       Windows.ShowScrollBar
 0001:00000918       Windows.ShowWindow
 0001:00000974       Windows.SmallPointToPoint
 0001:00000720       Windows.StretchDIBits
 0001:00000920       Windows.SubtractRect
 0001:00000928       Windows.SystemParametersInfo
 0001:00000930       Windows.ToAscii
 0001:00000938       Windows.TranslateMessage
 0001:00000940       Windows.UnionRect
 0001:00000948       Windows.UnregisterClass
 0001:00000950       Windows.UpdateWindow
 0001:00000958       Windows.ValidateRect
 0001:000005C8       Windows.WaitForSingleObject
 0002:00000008       Windows.Windows
 0001:00000960       Windows.ZeroMemory
 0001:000009A0       Windows._CreateWindowEx


  Address             Publics by Value

 0001:00000368       SysInit.FreeLibrary
 0001:00000370       SysInit.LocalAlloc
 0001:00000378       SysInit.LocalFree
 0001:00000380       SysInit.TlsAlloc
 0001:00000388       SysInit.TlsFree
 0001:00000390       SysInit.TlsGetValue
 0001:00000398       SysInit.TlsSetValue
 0001:000003A0       SysInit.AllocTlsBuffer
 0001:000003AC       SysInit.GetTlsSize
 0001:000003B4       SysInit.InitThreadTLS
 0001:000003F8       SysInit.InitProcessTLS
 0001:00000424       SysInit.ExitThreadTLS
 0001:0000045C       SysInit.ExitProcessTLS
 0001:00000480       SysInit.InitializeModule
 0001:0000048C       SysInit.UninitializeModule
 0001:000004B0       SysInit.@InitPkg
 0001:00000514       SysInit.@PackageLoad
 0001:00000520       SysInit.@PackageUnload
 0001:00000540       Windows.CloseHandle
 0001:00000548       Windows.CreateEvent
 0001:00000550       Windows.DeleteCriticalSection
 0001:00000558       Windows.EnterCriticalSection
 0001:00000560       Windows.FreeLibrary
 0001:00000568       Windows.GetACP
 0001:00000570       Windows.GetCurrentProcessId
 0001:00000578       Windows.GetLocaleInfo
 0001:00000580       Windows.GlobalAlloc
 0001:00000588       Windows.GlobalLock
 0001:00000590       Windows.GlobalSize
 0001:00000598       Windows.GlobalUnlock
 0001:000005A0       Windows.InitializeCriticalSection
 0001:000005A8       Windows.LeaveCriticalSection
 0001:000005B0       Windows.MulDiv
 0001:000005B8       Windows.MultiByteToWideChar
 0001:000005C0       Windows.SetEvent
 0001:000005C8       Windows.WaitForSingleObject
 0001:000005D0       Windows.lstrlenW
 0001:000005D8       Windows.BitBlt
 0001:000005E0       Windows.CombineRgn
 0001:000005E8       Windows.CreateBitmap
 0001:000005F0       Windows.CreateCompatibleDC
 0001:000005F8       Windows.CreateFontIndirect
 0001:00000600       Windows.CreatePatternBrush
 0001:00000608       Windows.CreatePen
 0001:00000610       Windows.CreateRectRgn
 0001:00000618       Windows.CreateRectRgnIndirect
 0001:00000620       Windows.CreateSolidBrush
 0001:00000628       Windows.DeleteDC
 0001:00000630       Windows.DeleteObject
 0001:00000638       Windows.ExcludeClipRect
 0001:00000640       Windows.ExtTextOutW
 0001:00000648       Windows.GdiFlush
 0001:00000650       Windows.GetBkColor
 0001:00000658       Windows.GetCurrentObject
 0001:00000660       Windows.GetMapMode
 0001:00000668       Windows.GetObject
 0001:00000670       Windows.GetTextAlign
 0001:00000678       Windows.GetTextColor
 0001:00000680       Windows.GetTextExtentPoint32
 0001:00000688       Windows.GetTextExtentPoint32W
 0001:00000690       Windows.GetTextMetrics
 0001:00000698       Windows.IntersectClipRect
 0001:000006A0       Windows.LPtoDP
 0001:000006A8       Windows.LineTo
 0001:000006B0       Windows.MaskBlt
 0001:000006B8       Windows.MoveToEx
 0001:000006C0       Windows.OffsetRgn
 0001:000006C8       Windows.RestoreDC
 0001:000006D0       Windows.SaveDC
 0001:000006D8       Windows.SelectClipRgn
 0001:000006E0       Windows.SelectObject
 0001:000006E8       Windows.SetBkColor
 0001:000006F0       Windows.SetBkMode
 0001:000006F8       Windows.SetBrushOrgEx
 0001:00000700       Windows.SetMapMode
 0001:00000708       Windows.SetTextAlign
 0001:00000710       Windows.SetTextColor
 0001:00000718       Windows.SetWindowOrgEx
 0001:00000720       Windows.StretchDIBits
 0001:00000728       Windows.BeginDeferWindowPos
 0001:00000730       Windows.BeginPaint
 0001:00000738       Windows.CopyImage
 0001:00000740       Windows.DefWindowProc
 0001:00000748       Windows.DeferWindowPos
 0001:00000750       Windows.DestroyWindow
 0001:00000758       Windows.DispatchMessage
 0001:00000760       Windows.DrawEdge
 0001:00000768       Windows.DrawFocusRect
 0001:00000770       Windows.DrawFrameControl
 0001:00000778       Windows.DrawTextW
 0001:00000780       Windows.EndDeferWindowPos
 0001:00000788       Windows.EndPaint
 0001:00000790       Windows.FillRect
 0001:00000798       Windows.GetCapture
 0001:000007A0       Windows.GetClassInfo
 0001:000007A8       Windows.GetClipboardFormatName
 0001:000007B0       Windows.GetCursorPos
 0001:000007B8       Windows.GetDC
 0001:000007C0       Windows.GetDCEx
 0001:000007C8       Windows.GetKeyState
 0001:000007D0       Windows.GetKeyboardLayout
 0001:000007D8       Windows.GetKeyboardState
 0001:000007E0       Windows.GetMessagePos
 0001:000007E8       Windows.GetScrollInfo
 0001:000007F0       Windows.GetScrollPos
 0001:000007F8       Windows.GetSystemMetrics
 0001:00000800       Windows.GetUpdateRect
 0001:00000808       Windows.GetWindowDC
 0001:00000810       Windows.GetWindowLong
 0001:00000818       Windows.GetWindowRect
 0001:00000820       Windows.InflateRect
 0001:00000828       Windows.IntersectRect
 0001:00000830       Windows.InvalidateRect
 0001:00000838       Windows.IsRectEmpty
 0001:00000840       Windows.IsWindowVisible
 0001:00000848       Windows.KillTimer
 0001:00000850       Windows.LoadBitmap
 0001:00000858       Windows.LoadCursor
 0001:00000860       Windows.LockWindowUpdate
 0001:00000868       Windows.MapWindowPoints
 0001:00000870       Windows.OffsetRect
 0001:00000878       Windows.PeekMessage
 0001:00000880       Windows.PostMessage
 0001:00000888       Windows.PtInRect
 0001:00000890       Windows.RedrawWindow
 0001:00000898       Windows.RegisterClass
 0001:000008A0       Windows.RegisterClipboardFormat
 0001:000008A8       Windows.ReleaseCapture
 0001:000008B0       Windows.ReleaseDC
 0001:000008B8       Windows.ScrollDC
 0001:000008C0       Windows.ScrollWindow
 0001:000008C8       Windows.SendMessage
 0001:000008D0       Windows.SetCapture
 0001:000008D8       Windows.SetCursor
 0001:000008E0       Windows.SetFocus
 0001:000008E8       Windows.SetScrollInfo
 0001:000008F0       Windows.SetTimer
 0001:000008F8       Windows.SetWindowLong
 0001:00000900       Windows.SetWindowPos
 0001:00000908       Windows.SetWindowRgn
 0001:00000910       Windows.ShowScrollBar
 0001:00000918       Windows.ShowWindow
 0001:00000920       Windows.SubtractRect
 0001:00000928       Windows.SystemParametersInfo
 0001:00000930       Windows.ToAscii
 0001:00000938       Windows.TranslateMessage
 0001:00000940       Windows.UnionRect
 0001:00000948       Windows.UnregisterClass
 0001:00000950       Windows.UpdateWindow
 0001:00000958       Windows.ValidateRect
 0001:00000960       Windows.ZeroMemory
 0001:00000968       Windows.MakeROP4
 0001:00000974       Windows.SmallPointToPoint
 0001:00000988       Windows.PointToSmallPoint
 0001:000009A0       Windows._CreateWindowEx
 0001:000009A8       Windows.CreateWindowEx
 0001:00000A00       Windows.Finalization
 0001:00001644       CommCtrl.ImageList_Create
 0001:0000164C       CommCtrl.IndexToOverlayMask
 0001:00001650       CommCtrl.ImageList_DrawEx
 0001:00001658       CommCtrl.ImageList_DragShowNolock
 0001:00001660       CommCtrl.IndexToStateImageMask
 0001:000018DC       MMSystem.timeBeginPeriod
 0001:000018E4       MMSystem.timeEndPeriod
 0001:000018EC       MMSystem.timeGetTime
 0001:000018F4       VirtualTrees..EVirtualTreeError
 0001:00002758       VirtualTrees..TCustomVirtualTreeOptions
 0001:00002808       VirtualTrees..TVirtualTreeOptions
 0001:00002AF8       VirtualTrees..TEnumFormatEtc
 0001:00002D44       VirtualTrees..TVTDataObject
 0001:00002F88       VirtualTrees..TVTDragManager
 0001:000030BC       VirtualTrees..TVirtualTreeHintWindow
[...]
 0001:000284A0       VirtualTrees.TBaseVirtualTree.SelectNodes
 0001:000285A0       VirtualTrees.TBaseVirtualTree.SetBiDiMode
 0001:000285B4       VirtualTrees.TBaseVirtualTree.SetFocusedNodeAndColumn
 0001:00028634       VirtualTrees.TBaseVirtualTree.SkipNode
 0001:000286EC       VirtualTrees.CreateClipRegion
 0001:000287F4       VirtualTrees.TBaseVirtualTree.StartWheelPanning
 0001:00028A3C       VirtualTrees.TBaseVirtualTree.StopWheelPanning
 0001:00028B20       VirtualTrees.TBaseVirtualTree.StructureChange
 0001:00028B88       VirtualTrees.TBaseVirtualTree.SuggestDropEffect
 0001:00028C20       VirtualTrees.TBaseVirtualTree.ToggleSelection
 0001:00028DA0       VirtualTrees.TBaseVirtualTree.UnselectNodes
 0001:00028E60       VirtualTrees.TBaseVirtualTree.UpdateDesigner
 0001:00028E8C       VirtualTrees.TBaseVirtualTree.UpdateHeaderRect
 0001:00028F94       VirtualTrees.TBaseVirtualTree.UpdateEditBounds
 0001:000290C0       VirtualTrees.GetRandomRgn
 0001:000290C8       VirtualTrees.TBaseVirtualTree.UpdateWindowAndDragImage
 0001:000292A8       VirtualTrees.TBaseVirtualTree.ValidateCache
 0001:000292DC       VirtualTrees.TBaseVirtualTree.ValidateNodeDataSize
 0001:00029300       VirtualTrees.TBaseVirtualTree.WndProc
 0001:000293F8       VirtualTrees.TBaseVirtualTree.WriteChunks
 0001:00029538       VirtualTrees.TBaseVirtualTree.WriteNode
 0001:000295CC       VirtualTrees.TBaseVirtualTree.AbsoluteIndex
 0001:00029618       VirtualTrees.TBaseVirtualTree.AddChild
 0001:00029808       VirtualTrees.TBaseVirtualTree.AddFromStream
 0001:00029A10       VirtualTrees.TBaseVirtualTree.AfterConstruction
 0001:00029A30       VirtualTrees.TBaseVirtualTree.Assign
 0001:00029D4C       VirtualTrees.TBaseVirtualTree.BeginDrag
 0001:00029E20       VirtualTrees.TBaseVirtualTree.BeginSynch
 0001:00029F40       VirtualTrees.TBaseVirtualTree.BeginUpdate
 0001:00029FA4       VirtualTrees.TBaseVirtualTree.CancelCutOrCopy
 0001:0002A02C       VirtualTrees.TBaseVirtualTree.CancelEditNode
 0001:0002A090       VirtualTrees.TBaseVirtualTree.CanFocus
 0001:0002A0CC       VirtualTrees.TBaseVirtualTree.Clear
 0001:0002A248       VirtualTrees.TBaseVirtualTree.ClearChecked
 0001:0002A27C       VirtualTrees.TBaseVirtualTree.ClearSelection
 0001:0002A36C       VirtualTrees.TBaseVirtualTree.CopyTo
 0001:0002A38C       VirtualTrees.TBaseVirtualTree.CopyTo
 0001:0002A5D0       VirtualTrees.TBaseVirtualTree.CopyToClipBoard
 0001:0002A690       VirtualTrees.TBaseVirtualTree.CutToClipBoard
 0001:0002A75C       VirtualTrees.TBaseVirtualTree.DeleteChildren
 0001:0002A9CC       VirtualTrees.TBaseVirtualTree.DeleteNode
 0001:0002AB78       VirtualTrees.TBaseVirtualTree.DeleteSelectedNodes
 0001:0002AC74       VirtualTrees.TBaseVirtualTree.Dragging
 0001:0002ACD0       VirtualTrees.TBaseVirtualTree.EditNode
 0001:0002AD64       VirtualTrees.TBaseVirtualTree.EndEditNode
 0001:0002ADBC       VirtualTrees.TBaseVirtualTree.EndSynch
 0001:0002AE20       VirtualTrees.TBaseVirtualTree.EndUpdate
 0001:0002AF9C       VirtualTrees.TBaseVirtualTree.ExecuteAction
 0001:0002B078       VirtualTrees.TBaseVirtualTree.FinishCutOrCopy
 0001:0002B0DC       VirtualTrees.TBaseVirtualTree.FlushClipboard
 0001:0002B164       VirtualTrees.TBaseVirtualTree.FullCollapse
 0001:0002B268       VirtualTrees.TBaseVirtualTree.FullExpand
 0001:0002B36C       VirtualTrees.TBaseVirtualTree.GetControlsAlignment
 0001:0002B374       VirtualTrees.TBaseVirtualTree.GetDisplayRect
 0001:0002B750       VirtualTrees.TBaseVirtualTree.GetFirst
 0001:0002B774       VirtualTrees.TBaseVirtualTree.GetFirstChecked
 0001:0002B780       VirtualTrees.TBaseVirtualTree.GetFirstChild
 0001:0002B7EC       VirtualTrees.TBaseVirtualTree.GetFirstCutCopy
 0001:0002B7F4       VirtualTrees.TBaseVirtualTree.GetFirstInitialized
 0001:0002B814       VirtualTrees.TBaseVirtualTree.GetFirstNoInit
 0001:0002B820       VirtualTrees.TBaseVirtualTree.GetFirstSelected
 0001:0002B828       VirtualTrees.TBaseVirtualTree.GetFirstVisible
 0001:0002B8A4       VirtualTrees.TBaseVirtualTree.GetFirstVisibleChild
 0001:0002B8C4       VirtualTrees.TBaseVirtualTree.GetFirstVisibleChildNoInit
 0001:0002B8E8       VirtualTrees.TBaseVirtualTree.GetFirstVisibleNoInit
 0001:0002B934       VirtualTrees.TBaseVirtualTree.GetHitTestInfoAt
 0001:0002BC10       VirtualTrees.TBaseVirtualTree.GetLast
 0001:0002BC40       VirtualTrees.TBaseVirtualTree.GetLastInitialized
 0001:0002BC60       VirtualTrees.TBaseVirtualTree.GetLastNoInit
 0001:0002BC90       VirtualTrees.TBaseVirtualTree.GetLastChild
 0001:0002BCFC       VirtualTrees.TBaseVirtualTree.GetLastChildNoInit
 0001:0002BD20       VirtualTrees.TBaseVirtualTree.GetLastVisible
 0001:0002BD50       VirtualTrees.TBaseVirtualTree.GetLastVisibleChild
 0001:0002BDC8       VirtualTrees.TBaseVirtualTree.GetLastVisibleChildNoInit
 0001:0002BE20       VirtualTrees.TBaseVirtualTree.GetLastVisibleNoInit
 0001:0002BE50       VirtualTrees.TBaseVirtualTree.GetMaxColumnWidth
 0001:0002C044       VirtualTrees.TBaseVirtualTree.GetNext
 0001:0002C0A8       VirtualTrees.TBaseVirtualTree.GetNextChecked
 0001:0002C104       VirtualTrees.TBaseVirtualTree.GetNextCutCopy
 0001:0002C1A8       VirtualTrees.TBaseVirtualTree.GetNextInitialized
 0001:0002C1C4       VirtualTrees.TBaseVirtualTree.GetNextNoInit
 0001:0002C1F4       VirtualTrees.TBaseVirtualTree.GetNextSelected
 0001:0002C258       VirtualTrees.TBaseVirtualTree.GetNextSibling
 0001:0002C280       VirtualTrees.TBaseVirtualTree.GetNextVisible
 0001:0002C338       VirtualTrees.TBaseVirtualTree.GetNextVisibleNoInit
 0001:0002C3A0       VirtualTrees.TBaseVirtualTree.GetNextVisibleSibling
 0001:0002C3BC       VirtualTrees.TBaseVirtualTree.GetNextVisibleSiblingNoInit
 0001:0002C3CC       VirtualTrees.TBaseVirtualTree.GetNodeAt
 0001:0002C3E0       VirtualTrees.TBaseVirtualTree.GetNodeAt
 0001:0002C4EC       VirtualTrees.TBaseVirtualTree.GetNodeData
 0001:0002C510       VirtualTrees.TBaseVirtualTree.GetNodeLevel
 0001:0002C534       VirtualTrees.TBaseVirtualTree.GetPrevious
 0001:0002C58C       VirtualTrees.TBaseVirtualTree.GetPreviousInitialized
 0001:0002C5A8       VirtualTrees.TBaseVirtualTree.GetPreviousNoInit
 0001:0002C5DC       VirtualTrees.TBaseVirtualTree.GetPreviousSibling
 0001:0002C604       VirtualTrees.TBaseVirtualTree.GetPreviousVisible
 0001:0002C6A0       VirtualTrees.TBaseVirtualTree.GetPreviousVisibleNoInit
 0001:0002C710       VirtualTrees.TBaseVirtualTree.GetPreviousVisibleSibling
 0001:0002C72C       VirtualTrees.TBaseVirtualTree.GetPreviousVisibleSiblingNoInit
 0001:0002C73C       VirtualTrees.IncludeThisNode
 0001:0002C7A8       VirtualTrees.TBaseVirtualTree.GetSortedCutCopySet
 0001:0002C858       VirtualTrees.TBaseVirtualTree.GetSortedSelection
 0001:0002C934       VirtualTrees.TBaseVirtualTree.GetTextInfo
 0001:0002C978       VirtualTrees.TBaseVirtualTree.GetTreeRect
 0001:0002C9C0       VirtualTrees.TBaseVirtualTree.GetVisibleParent
 0001:0002CA0C       VirtualTrees.TBaseVirtualTree.HasAsParent
 0001:0002CA40       VirtualTrees.TBaseVirtualTree.InsertNode
 0001:0002CC0C       VirtualTrees.TBaseVirtualTree.InvalidateChildren
 0001:0002CC98       VirtualTrees.TBaseVirtualTree.InvalidateColumn
 0001:0002CCFC       VirtualTrees.TBaseVirtualTree.InvalidateNode
 0001:0002CD40       VirtualTrees.TBaseVirtualTree.InvalidateToBottom
 0001:0002CDCC       VirtualTrees.TBaseVirtualTree.InvertSelection
 0001:0002CED0       VirtualTrees.TBaseVirtualTree.IsEditing
 0001:0002CEDC       VirtualTrees.TBaseVirtualTree.IsMouseSelecting
 0001:0002CEF4       VirtualTrees.TBaseVirtualTree.IterateSubtree
 0001:0002D0CC       VirtualTrees.TBaseVirtualTree.LoadFromFile
 0001:0002D124       VirtualTrees.TBaseVirtualTree.LoadFromStream
 0001:0002D35C       VirtualTrees.TBaseVirtualTree.MeasureItemHeight
 0001:0002D3A4       VirtualTrees.TBaseVirtualTree.MoveTo
 0001:0002D3C4       VirtualTrees.TBaseVirtualTree.MoveTo
 0001:0002D890       VirtualTrees.TBaseVirtualTree.PaintTree
 0001:0002EB08       VirtualTrees.TBaseVirtualTree.PasteFromClipboard
 0001:0002EC4C       VirtualTrees.TBaseVirtualTree.PrepareDragImage
 0001:0002EE4C       VirtualTrees.TBaseVirtualTree.Print
 0001:0002F360       VirtualTrees.TBaseVirtualTree.ProcessDrop
 0001:0002F4A8       VirtualTrees..TOLEMemoryStream
 0001:0002F524       VirtualTrees.TOLEMemoryStream.Write
 0001:0002F53C       VirtualTrees.TBaseVirtualTree.ProcessOLEData
 0001:0002F8D8       VirtualTrees.TBaseVirtualTree.ReinitChildren
 0001:0002F930       VirtualTrees.TBaseVirtualTree.ReinitNode
 0001:0002F97C       VirtualTrees.TBaseVirtualTree.RepaintNode
 0001:0002F9C8       VirtualTrees.TBaseVirtualTree.ResetNode
 0001:0002FA34       VirtualTrees.TBaseVirtualTree.SaveToFile
 0001:0002FA94       VirtualTrees.TBaseVirtualTree.SaveToStream
 0001:0002FB1C       VirtualTrees.TBaseVirtualTree.ScrollIntoView
 0001:0002FD88       VirtualTrees.TBaseVirtualTree.SelectAll
 0001:0002FE38       VirtualTrees.MergeAscending
 0001:0002FEB0       VirtualTrees.MergeDescending
 0001:0002FF28       VirtualTrees.MergeSortAscending
 0001:0002FF80       VirtualTrees.MergeSortDescending
 0001:0002FFD8       VirtualTrees.TBaseVirtualTree.Sort
 0001:00030114       VirtualTrees.DoSort
 0001:00030184       VirtualTrees.TBaseVirtualTree.SortTree
 0001:0003021C       VirtualTrees.TBaseVirtualTree.ToggleNode
 0001:000307C8       VirtualTrees.TBaseVirtualTree.UpdateAction
 0001:000308CC       VirtualTrees.TBaseVirtualTree.UpdateHorizontalScrollBar
 0001:00030A58       VirtualTrees.TBaseVirtualTree.UpdateScrollBars
 0001:00030A80       VirtualTrees.TBaseVirtualTree.UpdateVerticalScrollBar
 0001:00030BFC       VirtualTrees.TBaseVirtualTree.UseRightToLeftReading
 0001:00030C04       VirtualTrees.TBaseVirtualTree.ValidateChildren
 0001:00030C50       VirtualTrees.TBaseVirtualTree.ValidateNode
 0001:00030CB8       VirtualTrees.TCustomStringTreeOptions.Create
 0001:00030CFC       VirtualTrees.TCustomStringTreeOptions.SetStringOptions
 0001:00030D54       VirtualTrees.TCustomStringTreeOptions.AssignTo
 0001:00030D90       VirtualTrees.TVTEdit.Create
 0001:00030DF8       VirtualTrees.TVTEdit.CMAutoAdjust
 0001:00030E00       VirtualTrees.TVTEdit.CMExit
 0001:00030E3C       VirtualTrees.TVTEdit.CMRelease
 0001:00030E44       VirtualTrees.TVTEdit.CNCommand
 0001:00030EA4       VirtualTrees.TVTEdit.WMChar
 0001:00030EBC       VirtualTrees.TVTEdit.WMDestroy
 0001:00030F78       VirtualTrees.TVTEdit.WMGetDlgCode
 0001:00030F94       VirtualTrees.TVTEdit.WMKeyDown
 0001:000310A8       VirtualTrees.TVTEdit.AutoAdjustSize
 0001:0003128C       VirtualTrees.TVTEdit.CreateParams
 0001:000312F8       VirtualTrees.TVTEdit.Release
 0001:00031320       VirtualTrees.TStringEditLink.Create
 0001:00031388       VirtualTrees.TStringEditLink.Destroy
 0001:000313B8       VirtualTrees.TStringEditLink.BeginEdit
 0001:000313F0       VirtualTrees.TStringEditLink.SetEdit
 0001:00031408       VirtualTrees.TStringEditLink.CancelEdit
 0001:00031450       VirtualTrees.TStringEditLink.EndEdit
 0001:00031548       VirtualTrees.TStringEditLink.GetBounds
 0001:00031560       VirtualTrees.TStringEditLink.PrepareEdit
 0001:000316B4       VirtualTrees.TStringEditLink.ProcessMessage
 0001:000316CC       VirtualTrees.TStringEditLink.SetBounds
 0001:000317A0       VirtualTrees.TCustomVirtualStringTree.Create
 0001:0003180C       VirtualTrees.TCustomVirtualStringTree.GetRenderStartValues
 0001:000318A0       VirtualTrees.TCustomVirtualStringTree.GetOptions
 0001:000318B8       VirtualTrees.TCustomVirtualStringTree.GetText
 0001:00031904       VirtualTrees.TCustomVirtualStringTree.InitializeTextProperties
 0001:000319E8       VirtualTrees.TCustomVirtualStringTree.PaintNormalText
 0001:00031C50       VirtualTrees.TCustomVirtualStringTree.PaintStaticText
 0001:00031E04       VirtualTrees.TCustomVirtualStringTree.ReadText
 0001:00031E98       VirtualTrees.TCustomVirtualStringTree.SetDefaultText
 0001:00031ED0       VirtualTrees.TCustomVirtualStringTree.SetOptions
 0001:00031EDC       VirtualTrees.TCustomVirtualStringTree.SetText
 0001:00031F18       VirtualTrees.TCustomVirtualStringTree.WriteText
 0001:00031F28       VirtualTrees.TCustomVirtualStringTree.WMSetFont
 0001:00032000       VirtualTrees.TCustomVirtualStringTree.AdjustPaintCellRect
 0001:000320A4       VirtualTrees.TCustomVirtualStringTree.CalculateTextWidth
 0001:00032144       VirtualTrees.TCustomVirtualStringTree.ColumnIsEmpty
 0001:000321BC       VirtualTrees.TCustomVirtualStringTree.DefineProperties
 0001:00032254       VirtualTrees.TCustomVirtualStringTree.DoCreateEditor
 0001:0003229C       VirtualTrees.TCustomVirtualStringTree.DoGetNodeHint
 0001:000322E8       VirtualTrees.TCustomVirtualStringTree.DoGetNodeTooltip
 0001:00032344       VirtualTrees.TCustomVirtualStringTree.DoGetNodeWidth
 0001:00032454       VirtualTrees.TCustomVirtualStringTree.DoGetText
 0001:00032484       VirtualTrees.TCustomVirtualStringTree.DoIncrementalSearch
 0001:0003251C       VirtualTrees.TCustomVirtualStringTree.DoNewText
 0001:00032594       VirtualTrees.TCustomVirtualStringTree.DoPaintNode
 0001:00032690       VirtualTrees.TCustomVirtualStringTree.DoPaintText
 0001:000326C0       VirtualTrees.TCustomVirtualStringTree.DoShortenString
 0001:00032738       VirtualTrees.TCustomVirtualStringTree.DoTextDrawing
 0001:000327E8       VirtualTrees.TCustomVirtualStringTree.DoTextMeasuring
 0001:00032854       VirtualTrees.TCustomVirtualStringTree.GetOptionsClass
 0001:0003285C       VirtualTrees.TCustomVirtualStringTree.InternalData
 0001:00032874       VirtualTrees.TCustomVirtualStringTree.MainColumnChanged
 0001:000328B4       VirtualTrees.TCustomVirtualStringTree.ReadChunk
 0001:000329C4       VirtualTrees.TCustomVirtualStringTree.ReadOldStringOptions
 0001:00032A88       VirtualTrees.TCustomVirtualStringTree.RenderOLEData
 0001:00032B24       VirtualTrees.TCustomVirtualStringTree.WriteChunks
 0001:00032BE8       VirtualTrees.TCustomVirtualStringTree.ComputeNodeHeight
 0001:00032D80       VirtualTrees.MakeFragment
 0001:00033078       VirtualTrees.TCustomVirtualStringTree.ContentToClipboard
 0001:00033258       VirtualTrees.ConvertSurrogate
 0001:0003326C       VirtualTrees.UTF16ToUTF8
 0001:000333F8       VirtualTrees.WriteColorAsHex
 0001:000334CC       VirtualTrees.WriteStyle
 0001:000336FC       VirtualTrees.TCustomVirtualStringTree.ContentToHTML
 0001:00034684       VirtualTrees.SelectFont
 0001:00034768       VirtualTrees.SelectColor
 0001:00034844       VirtualTrees.TextPlusFont
 0001:00034AAC       VirtualTrees.TCustomVirtualStringTree.ContentToRTF
 0001:00035274       VirtualTrees.TCustomVirtualStringTree.ContentToText
 0001:000356FC       VirtualTrees.TCustomVirtualStringTree.ContentToUnicode
 0001:00035B24       VirtualTrees.TCustomVirtualStringTree.GetTextInfo
 0001:00035C84       VirtualTrees.TCustomVirtualStringTree.InvalidateNode
 0001:00035CB8       VirtualTrees.TCustomVirtualStringTree.Path
 0001:00035D74       VirtualTrees.TCustomVirtualStringTree.ReinitNode
 0001:00035DA4       VirtualTrees.TVirtualStringTree.GetOptions
 0001:00035DBC       VirtualTrees.TVirtualStringTree.SetOptions
 0001:00035DC8       VirtualTrees.TVirtualStringTree.GetOptionsClass
 0001:00035DD0       VirtualTrees.TCustomVirtualDrawTree.DoDrawHint
 0001:00035E14       VirtualTrees.TCustomVirtualDrawTree.DoGetHintSize
 0001:00035E40       VirtualTrees.TCustomVirtualDrawTree.DoGetNodeWidth
 0001:00035E8C       VirtualTrees.TCustomVirtualDrawTree.DoPaintNode
 0001:00035EAC       VirtualTrees.TVirtualDrawTree.GetOptions
 0001:00035EC4       VirtualTrees.TVirtualDrawTree.SetOptions
 0001:00035ED0       VirtualTrees.TVirtualDrawTree.GetOptionsClass
 0001:00035EE4       VirtualTrees.Finalization
 0001:00036110       VTHeaderPopup..TVTHeaderPopupMenu
 0001:00036268       VTHeaderPopup.TVTHeaderPopupMenu.DoAddHeaderPopupItem
 0001:00036290       VTHeaderPopup.TVTHeaderPopupMenu.DoColumnChange
 0001:000362B4       VTHeaderPopup.TVTHeaderPopupMenu.OnMenuItemClick
 0001:00036334       VTHeaderPopup.TVTHeaderPopupMenu.Popup
 0001:0003652C       VTHeaderPopup.Finalization
 0001:0003673C       .VirtualTreesD10.@GetPackageInfoTable
 0001:00036744       .VirtualTreesD10.@PackageLoad
 0001:00036750       .VirtualTreesD10.@PackageUnload
 0002:00000008       Windows.Windows
 0002:000000E4       VirtualTrees.VirtualTrees
 0002:00000118       VTHeaderPopup.VTHeaderPopup
 0002:00000120       .VirtualTreesD10..VirtualTreesD10
 0003:00000000       SysInit.TlsIndex
 0003:00000004       SysInit.PtrToNil
 0003:00000008       SysInit.Module
 0003:00000020       SysInit.TlsProc
 0003:00000030       VirtualTrees.IID_IDropTargetHelper
 0003:00000040       VirtualTrees.IID_IDragSourceHelper
 0003:00000050       VirtualTrees.IID_IDropTarget
 0003:00000060       VirtualTrees.CLSID_DragDropHelper
 0003:00000070       VirtualTrees.PressedState
 0003:00000078       VirtualTrees.UnpressedState
 0003:00000080       VirtualTrees.Copyright
 0003:00000084       VirtualTrees.StandardOLEFormat
 0003:00000098       VirtualTrees.MagicID
 0003:000000A4       VirtualTrees.RTLFlag
 0003:000000AC       VirtualTrees.AlignmentToDrawFlag
 0003:000000B8       VirtualTrees.ClipboardDescriptions
 0003:00000138       VirtualTrees.Grays
 0003:00000148       VirtualTrees.SysGrays
 0003:00000158       VirtualTrees.MaskColor
 0003:0000015C       VirtualTrees.HintWindowDestroyed
 0003:00000160       VirtualTrees.SortGlyphs
 0003:00000170       VirtualTrees.LineBitsDotted
 0003:00000184       VirtualTrees.LineBitsSolid
 0003:00000194       VirtualTrees.OptionMap
 0003:00000214       VirtualTrees.ScrollBar
 0003:00000224       VirtualTrees.CheckStateToCheckImage
 0003:00000344       VirtualTrees.InnerStyles
 0003:00000354       VirtualTrees.OuterStyles
 0003:00000364       VirtualTrees.EdgeStyles
 0003:00000374       VirtualTrees.Ctl3DStyles
 0003:0000037C       VirtualTrees.Style
 0003:00000384       VirtualTrees.PanningWindowClass
 0003:000003AC       VirtualTrees.ScrollMasks
 0003:000003B4       VirtualTrees.ImageKind
 0003:000003B8       VirtualTrees.MaximumUCS4
 0003:000003BC       VirtualTrees.ReplacementCharacter
 0003:000003C0       VirtualTrees.FirstByteMark
 0003:000003C8       VirtualTrees.WideCRLF
 0004:00000000       SysInit.ModuleIsLib
 0004:00000001       SysInit.ModuleIsPackage
 0004:00000004       SysInit.HInstance
 0004:00000008       SysInit.tlsBuffer
 0004:0000000C       Windows..3
 0004:00000010       Windows.HtmlHelpModule
 0004:00000014       VirtualTrees.CF_VIRTUALTREE
 0004:00000016       VirtualTrees.CF_VTREFERENCE
 0004:00000018       VirtualTrees.CF_VRTF
 0004:0000001A       VirtualTrees.CF_VRTFNOOBJS
 0004:0000001C       VirtualTrees.CF_HTML
 0004:0000001E       VirtualTrees.CF_CSV
 0004:00000020       VirtualTrees.MMXAvailable
 0004:00000021       VirtualTrees.IsWinNT
 0004:00000022       VirtualTrees.IsWin2K
 0004:00000023       VirtualTrees.IsWinXP
 0004:00000024       VirtualTrees..13
 0004:00000028       VirtualTrees.WorkerThread
 0004:0000002C       VirtualTrees.WorkEvent
 0004:00000030       VirtualTrees.Watcher
 0004:00000034       VirtualTrees.LightCheckImages
 0004:00000038       VirtualTrees.DarkCheckImages
 0004:0000003C       VirtualTrees.LightTickImages
 0004:00000040       VirtualTrees.DarkTickImages
 0004:00000044       VirtualTrees.FlatImages
 0004:00000048       VirtualTrees.XPImages
 0004:0000004C       VirtualTrees.UtilityImages
 0004:00000050       VirtualTrees.SystemCheckImages
 0004:00000054       VirtualTrees.SystemFlatCheckImages
 0004:00000058       VirtualTrees.Initialized
 0004:00000059       VirtualTrees.NeedToUnitialize
 0004:0000005C       VirtualTrees.InternalClipboardFormats
 0004:00000060       VTHeaderPopup..2
 0005:00000000       SysInit.TlsLast


Bound resource files

E:\Downloads\delphi\TreeView\trend203\VirtualTreeView\Source\VirtualTrees.res
VirtualTreesD10.res
VirtualTreesD10.drf


Program entry point at 0002:00000120
