
 Start         Length     Name                   Class
 0001:00401000 000029BCH .text                   CODE
 0002:00404000 0000035CH .itext                  ICODE
 0003:00405000 0000002CH .data                   DATA
 0004:00406000 0000001CH .bss                    BSS
 0005:00000000 00000000H .tls                    TLS


Detailed map of segments

 0001:00000000 000000E6 C=CODE     S=.text    G=(none)   M=System   ACBP=A9
 0001:000000E8 000001C3 C=CODE     S=.text    G=(none)   M=SysInit  ACBP=A9
 0001:000002AC 00000096 C=CODE     S=.text    G=(none)   M=Classes  ACBP=A9
 0001:00000344 0000004C C=CODE     S=.text    G=(none)   M=Windows  ACBP=A9
 0001:00000390 00000006 C=CODE     S=.text    G=(none)   M=TypInfo  ACBP=A9
 0001:00000398 0000000E C=CODE     S=.text    G=(none)   M=SysUtils ACBP=A9
 0001:000003A8 0000000E C=CODE     S=.text    G=(none)   M=Variants ACBP=A9
 0001:000003B8 00000006 C=CODE     S=.text    G=(none)   M=VarUtils ACBP=A9
 0001:000003C0 0000001E C=CODE     S=.text    G=(none)   M=BisObject ACBP=A9
 0001:000003E0 00000006 C=CODE     S=.text    G=(none)   M=Contnrs  ACBP=A9
 0001:000003E8 00000036 C=CODE     S=.text    G=(none)   M=BisCoreObjects ACBP=A9
 0001:00000420 00000006 C=CODE     S=.text    G=(none)   M=IniFiles ACBP=A9
 0001:00000428 00000006 C=CODE     S=.text    G=(none)   M=BisFm    ACBP=A9
 0001:00000430 00000006 C=CODE     S=.text    G=(none)   M=DECUtil  ACBP=A9
 0001:00000438 00000006 C=CODE     S=.text    G=(none)   M=Hash     ACBP=A9
 0001:00000440 00000006 C=CODE     S=.text    G=(none)   M=Cipher   ACBP=A9
 0001:00000448 00000006 C=CODE     S=.text    G=(none)   M=Cipher1  ACBP=A9
 0001:00000450 00000006 C=CODE     S=.text    G=(none)   M=Menus    ACBP=A9
 0001:00000458 00000006 C=CODE     S=.text    G=(none)   M=ActnList ACBP=A9
 0001:00000460 00000006 C=CODE     S=.text    G=(none)   M=Graphics ACBP=A9
 0001:00000468 00000006 C=CODE     S=.text    G=(none)   M=Registry ACBP=A9
 0001:00000470 00000006 C=CODE     S=.text    G=(none)   M=Themes   ACBP=A9
 0001:00000478 00000006 C=CODE     S=.text    G=(none)   M=Controls ACBP=A9
 0001:00000480 00000006 C=CODE     S=.text    G=(none)   M=UxTheme  ACBP=A9
 0001:00000488 00000006 C=CODE     S=.text    G=(none)   M=MultiMon ACBP=A9
 0001:00000490 00000006 C=CODE     S=.text    G=(none)   M=DwmApi   ACBP=A9
 0001:00000498 00000006 C=CODE     S=.text    G=(none)   M=Forms    ACBP=A9
 0001:000004A0 00000006 C=CODE     S=.text    G=(none)   M=HelpIntfs ACBP=A9
 0001:000004A8 00000006 C=CODE     S=.text    G=(none)   M=Dialogs  ACBP=A9
 0001:000004B0 00000006 C=CODE     S=.text    G=(none)   M=Printers ACBP=A9
 0001:000004B8 00000006 C=CODE     S=.text    G=(none)   M=ExtCtrls ACBP=A9
 0001:000004C0 00000006 C=CODE     S=.text    G=(none)   M=GraphUtil ACBP=A9
 0001:000004C8 00000006 C=CODE     S=.text    G=(none)   M=Clipbrd  ACBP=A9
 0001:000004D0 00000006 C=CODE     S=.text    G=(none)   M=FlatSB   ACBP=A9
 0001:000004D8 0000004E C=CODE     S=.text    G=(none)   M=DB       ACBP=A9
 0001:00000528 00000006 C=CODE     S=.text    G=(none)   M=WideStrings ACBP=A9
 0001:00000530 00000006 C=CODE     S=.text    G=(none)   M=FMTBcd   ACBP=A9
 0001:00000538 00000006 C=CODE     S=.text    G=(none)   M=SqlTimSt ACBP=A9
 0001:00000540 00000006 C=CODE     S=.text    G=(none)   M=ComObj   ACBP=A9
 0001:00000548 00000006 C=CODE     S=.text    G=(none)   M=DBCtrls  ACBP=A9
 0001:00000550 00000006 C=CODE     S=.text    G=(none)   M=ComCtrls ACBP=A9
 0001:00000558 00000006 C=CODE     S=.text    G=(none)   M=ExtActns ACBP=A9
 0001:00000560 00000006 C=CODE     S=.text    G=(none)   M=ExtDlgs  ACBP=A9
 0001:00000568 00000006 C=CODE     S=.text    G=(none)   M=Buttons  ACBP=A9
 0001:00000570 00000006 C=CODE     S=.text    G=(none)   M=Mapi     ACBP=A9
 0001:00000578 00000006 C=CODE     S=.text    G=(none)   M=DBPWDlg  ACBP=A9
 0001:00000580 00000006 C=CODE     S=.text    G=(none)   M=DBLogDlg ACBP=A9
 0001:00000588 00000006 C=CODE     S=.text    G=(none)   M=rxToolEdit ACBP=A9
 0001:00000590 00000006 C=CODE     S=.text    G=(none)   M=rxDateUtil ACBP=A9
 0001:00000598 00000006 C=CODE     S=.text    G=(none)   M=RXCtrls  ACBP=A9
 0001:000005A0 00000006 C=CODE     S=.text    G=(none)   M=RxHook   ACBP=A9
 0001:000005A8 00000006 C=CODE     S=.text    G=(none)   M=RXConst  ACBP=A9
 0001:000005B0 00000006 C=CODE     S=.text    G=(none)   M=rxVclutils ACBP=A9
 0001:000005B8 00000006 C=CODE     S=.text    G=(none)   M=RXProps  ACBP=A9
 0001:000005C0 00000006 C=CODE     S=.text    G=(none)   M=rxAppUtils ACBP=A9
 0001:000005C8 00000006 C=CODE     S=.text    G=(none)   M=RxPrgrss ACBP=A9
 0001:000005D0 00000006 C=CODE     S=.text    G=(none)   M=rxCurrEdit ACBP=A9
 0001:000005D8 00000006 C=CODE     S=.text    G=(none)   M=ThemedDBGrid ACBP=A9
 0001:000005E0 00000006 C=CODE     S=.text    G=(none)   M=RxRichEd ACBP=A9
 0001:000005E8 00000006 C=CODE     S=.text    G=(none)   M=OleCtnrs ACBP=A9
 0001:000005F0 00000006 C=CODE     S=.text    G=(none)   M=CheckLst ACBP=A9
 0001:000005F8 0000000E C=CODE     S=.text    G=(none)   M=BisUtils ACBP=A9
 0001:00000608 0000000E C=CODE     S=.text    G=(none)   M=BisDataSet ACBP=A9
 0001:00000618 00000006 C=CODE     S=.text    G=(none)   M=GIFImage ACBP=A9
 0001:00000620 00000006 C=CODE     S=.text    G=(none)   M=jpeg     ACBP=A9
 0001:00000628 00000006 C=CODE     S=.text    G=(none)   M=BisCore  ACBP=A9
 0001:00000630 00000006 C=CODE     S=.text    G=(none)   M=kbmMemTable ACBP=A9
 0001:00000638 00000006 C=CODE     S=.text    G=(none)   M=OleServer ACBP=A9
 0001:00000640 00000006 C=CODE     S=.text    G=(none)   M=OleCtrls ACBP=A9
 0001:00000648 00000006 C=CODE     S=.text    G=(none)   M=AxCtrls  ACBP=A9
 0001:00000650 00000006 C=CODE     S=.text    G=(none)   M=ActnMan  ACBP=A9
 0001:00000658 00000006 C=CODE     S=.text    G=(none)   M=ActnMenus ACBP=A9
 0001:00000660 00000006 C=CODE     S=.text    G=(none)   M=XPStyleActnCtrls ACBP=A9
 0001:00000668 00000006 C=CODE     S=.text    G=(none)   M=BisTimedMsgFm ACBP=A9
 0001:00000670 0000007E C=CODE     S=.text    G=(none)   M=BisConnections ACBP=A9
 0001:000006F0 00000006 C=CODE     S=.text    G=(none)   M=MiTeC_Routines ACBP=A9
 0001:000006F8 00000006 C=CODE     S=.text    G=(none)   M=MSI_Processes ACBP=A9
 0001:00000700 00000006 C=CODE     S=.text    G=(none)   M=MiTeC_PSAPI ACBP=A9
 0001:00000708 00000006 C=CODE     S=.text    G=(none)   M=MSI_Devices ACBP=A9
 0001:00000710 00000006 C=CODE     S=.text    G=(none)   M=MSI_CPU  ACBP=A9
 0001:00000718 00000006 C=CODE     S=.text    G=(none)   M=JclDebug ACBP=A9
 0001:00000720 00000006 C=CODE     S=.text    G=(none)   M=JclSysInfo ACBP=A9
 0001:00000728 00000006 C=CODE     S=.text    G=(none)   M=JclStrings ACBP=A9
 0001:00000730 00000006 C=CODE     S=.text    G=(none)   M=JclSysUtils ACBP=A9
 0001:00000738 00000006 C=CODE     S=.text    G=(none)   M=JclWideStrings ACBP=A9
 0001:00000740 00000006 C=CODE     S=.text    G=(none)   M=JclShell ACBP=A9
 0001:00000748 00000006 C=CODE     S=.text    G=(none)   M=JclRegistry ACBP=A9
 0001:00000750 00000006 C=CODE     S=.text    G=(none)   M=JclHookExcept ACBP=A9
 0001:00000758 00000006 C=CODE     S=.text    G=(none)   M=BisServiceApplication ACBP=A9
 0001:00000760 00000006 C=CODE     S=.text    G=(none)   M=BisSvcMgr ACBP=A9
 0001:00000768 00000006 C=CODE     S=.text    G=(none)   M=BisCryptUtils ACBP=A9
 0001:00000770 00000006 C=CODE     S=.text    G=(none)   M=SvcMgr   ACBP=A9
 0001:00000778 00000126 C=CODE     S=.text    G=(none)   M=BisCmxConnection ACBP=A9
 0001:000008A0 00000006 C=CODE     S=.text    G=(none)   M=DBXCommon ACBP=A9
 0001:000008A8 00000006 C=CODE     S=.text    G=(none)   M=ClassRegistry ACBP=A9
 0001:000008B0 0000000E C=CODE     S=.text    G=(none)   M=SqlExpr  ACBP=A9
 0001:000008C0 00000006 C=CODE     S=.text    G=(none)   M=DBXSybaseASEReadOnlyMetaData ACBP=A9
 0001:000008C8 00000006 C=CODE     S=.text    G=(none)   M=DBXSybaseASAReadOnlyMetaData ACBP=A9
 0001:000008D0 00000006 C=CODE     S=.text    G=(none)   M=DBXOracleReadOnlyMetaData ACBP=A9
 0001:000008D8 00000006 C=CODE     S=.text    G=(none)   M=DBXMySqlReadOnlyMetaData ACBP=A9
 0001:000008E0 00000006 C=CODE     S=.text    G=(none)   M=DBXMsSqlReadOnlyMetaData ACBP=A9
 0001:000008E8 00000006 C=CODE     S=.text    G=(none)   M=DBXDb2ReadOnlyMetaData ACBP=A9
 0001:000008F0 00000006 C=CODE     S=.text    G=(none)   M=DBXInterbaseReadOnlyMetaData ACBP=A9
 0001:000008F8 00000006 C=CODE     S=.text    G=(none)   M=DBXInformixReadOnlyMetaData ACBP=A9
 0001:00000900 00000006 C=CODE     S=.text    G=(none)   M=DBXDynalink ACBP=A9
 0001:00000908 00000006 C=CODE     S=.text    G=(none)   M=DBXClient ACBP=A9
 0001:00000910 00000006 C=CODE     S=.text    G=(none)   M=DBXJSonStreamWriter ACBP=A9
 0001:00000918 00000006 C=CODE     S=.text    G=(none)   M=DBXDataStoreReadOnlyMetaData ACBP=A9
 0001:00000920 00000006 C=CODE     S=.text    G=(none)   M=DBXPool  ACBP=A9
 0001:00000928 00000006 C=CODE     S=.text    G=(none)   M=DBXTrace ACBP=A9
 0001:00000930 0000147A C=CODE     S=.text    G=(none)   M=BisCmxIBaseConnection ACBP=A9
 0001:00001DAC 00000046 C=CODE     S=.text    G=(none)   M=BisCmxIBase ACBP=A9
 0001:00001DF4 00000BC7 C=CODE     S=.text    G=(none)   M=.cmxibase ACBP=A9
 0002:00000000 00000006 C=ICODE    S=.itext   G=(none)   M=System   ACBP=A9
 0002:00000008 00000006 C=ICODE    S=.itext   G=(none)   M=Classes  ACBP=A9
 0002:00000010 00000011 C=ICODE    S=.itext   G=(none)   M=Windows  ACBP=A9
 0002:00000024 00000006 C=ICODE    S=.itext   G=(none)   M=TypInfo  ACBP=A9
 0002:0000002C 00000006 C=ICODE    S=.itext   G=(none)   M=SysUtils ACBP=A9
 0002:00000034 00000006 C=ICODE    S=.itext   G=(none)   M=Variants ACBP=A9
 0002:0000003C 00000006 C=ICODE    S=.itext   G=(none)   M=VarUtils ACBP=A9
 0002:00000044 00000006 C=ICODE    S=.itext   G=(none)   M=IniFiles ACBP=A9
 0002:0000004C 00000006 C=ICODE    S=.itext   G=(none)   M=BisFm    ACBP=A9
 0002:00000054 00000006 C=ICODE    S=.itext   G=(none)   M=DECUtil  ACBP=A9
 0002:0000005C 00000006 C=ICODE    S=.itext   G=(none)   M=Hash     ACBP=A9
 0002:00000064 00000006 C=ICODE    S=.itext   G=(none)   M=Cipher   ACBP=A9
 0002:0000006C 00000006 C=ICODE    S=.itext   G=(none)   M=Cipher1  ACBP=A9
 0002:00000074 00000006 C=ICODE    S=.itext   G=(none)   M=Menus    ACBP=A9
 0002:0000007C 00000006 C=ICODE    S=.itext   G=(none)   M=ActnList ACBP=A9
 0002:00000084 00000006 C=ICODE    S=.itext   G=(none)   M=Graphics ACBP=A9
 0002:0000008C 00000006 C=ICODE    S=.itext   G=(none)   M=Registry ACBP=A9
 0002:00000094 00000006 C=ICODE    S=.itext   G=(none)   M=Themes   ACBP=A9
 0002:0000009C 00000006 C=ICODE    S=.itext   G=(none)   M=Controls ACBP=A9
 0002:000000A4 00000006 C=ICODE    S=.itext   G=(none)   M=UxTheme  ACBP=A9
 0002:000000AC 00000006 C=ICODE    S=.itext   G=(none)   M=MultiMon ACBP=A9
 0002:000000B4 00000006 C=ICODE    S=.itext   G=(none)   M=DwmApi   ACBP=A9
 0002:000000BC 00000006 C=ICODE    S=.itext   G=(none)   M=Forms    ACBP=A9
 0002:000000C4 00000006 C=ICODE    S=.itext   G=(none)   M=HelpIntfs ACBP=A9
 0002:000000CC 00000006 C=ICODE    S=.itext   G=(none)   M=Dialogs  ACBP=A9
 0002:000000D4 00000006 C=ICODE    S=.itext   G=(none)   M=Printers ACBP=A9
 0002:000000DC 00000006 C=ICODE    S=.itext   G=(none)   M=ExtCtrls ACBP=A9
 0002:000000E4 00000006 C=ICODE    S=.itext   G=(none)   M=GraphUtil ACBP=A9
 0002:000000EC 00000006 C=ICODE    S=.itext   G=(none)   M=Clipbrd  ACBP=A9
 0002:000000F4 00000006 C=ICODE    S=.itext   G=(none)   M=FlatSB   ACBP=A9
 0002:000000FC 00000006 C=ICODE    S=.itext   G=(none)   M=DB       ACBP=A9
 0002:00000104 00000006 C=ICODE    S=.itext   G=(none)   M=WideStrings ACBP=A9
 0002:0000010C 00000006 C=ICODE    S=.itext   G=(none)   M=FMTBcd   ACBP=A9
 0002:00000114 00000006 C=ICODE    S=.itext   G=(none)   M=SqlTimSt ACBP=A9
 0002:0000011C 00000006 C=ICODE    S=.itext   G=(none)   M=ComObj   ACBP=A9
 0002:00000124 00000006 C=ICODE    S=.itext   G=(none)   M=DBCtrls  ACBP=A9
 0002:0000012C 00000006 C=ICODE    S=.itext   G=(none)   M=ComCtrls ACBP=A9
 0002:00000134 00000006 C=ICODE    S=.itext   G=(none)   M=ExtActns ACBP=A9
 0002:0000013C 00000006 C=ICODE    S=.itext   G=(none)   M=ExtDlgs  ACBP=A9
 0002:00000144 00000006 C=ICODE    S=.itext   G=(none)   M=Buttons  ACBP=A9
 0002:0000014C 00000006 C=ICODE    S=.itext   G=(none)   M=Mapi     ACBP=A9
 0002:00000154 00000006 C=ICODE    S=.itext   G=(none)   M=DBPWDlg  ACBP=A9
 0002:0000015C 00000006 C=ICODE    S=.itext   G=(none)   M=DBLogDlg ACBP=A9
 0002:00000164 00000006 C=ICODE    S=.itext   G=(none)   M=rxToolEdit ACBP=A9
 0002:0000016C 00000006 C=ICODE    S=.itext   G=(none)   M=rxDateUtil ACBP=A9
 0002:00000174 00000006 C=ICODE    S=.itext   G=(none)   M=RXCtrls  ACBP=A9
 0002:0000017C 00000006 C=ICODE    S=.itext   G=(none)   M=RxHook   ACBP=A9
 0002:00000184 00000006 C=ICODE    S=.itext   G=(none)   M=RXConst  ACBP=A9
 0002:0000018C 00000006 C=ICODE    S=.itext   G=(none)   M=rxVclutils ACBP=A9
 0002:00000194 00000006 C=ICODE    S=.itext   G=(none)   M=RXProps  ACBP=A9
 0002:0000019C 00000006 C=ICODE    S=.itext   G=(none)   M=rxAppUtils ACBP=A9
 0002:000001A4 00000006 C=ICODE    S=.itext   G=(none)   M=RxPrgrss ACBP=A9
 0002:000001AC 00000006 C=ICODE    S=.itext   G=(none)   M=rxCurrEdit ACBP=A9
 0002:000001B4 00000006 C=ICODE    S=.itext   G=(none)   M=ThemedDBGrid ACBP=A9
 0002:000001BC 00000006 C=ICODE    S=.itext   G=(none)   M=RxRichEd ACBP=A9
 0002:000001C4 00000006 C=ICODE    S=.itext   G=(none)   M=OleCtnrs ACBP=A9
 0002:000001CC 00000006 C=ICODE    S=.itext   G=(none)   M=CheckLst ACBP=A9
 0002:000001D4 00000006 C=ICODE    S=.itext   G=(none)   M=BisUtils ACBP=A9
 0002:000001DC 00000006 C=ICODE    S=.itext   G=(none)   M=GIFImage ACBP=A9
 0002:000001E4 00000006 C=ICODE    S=.itext   G=(none)   M=jpeg     ACBP=A9
 0002:000001EC 00000006 C=ICODE    S=.itext   G=(none)   M=BisCore  ACBP=A9
 0002:000001F4 00000006 C=ICODE    S=.itext   G=(none)   M=kbmMemTable ACBP=A9
 0002:000001FC 00000006 C=ICODE    S=.itext   G=(none)   M=OleServer ACBP=A9
 0002:00000204 00000006 C=ICODE    S=.itext   G=(none)   M=OleCtrls ACBP=A9
 0002:0000020C 00000006 C=ICODE    S=.itext   G=(none)   M=AxCtrls  ACBP=A9
 0002:00000214 00000006 C=ICODE    S=.itext   G=(none)   M=ActnMan  ACBP=A9
 0002:0000021C 00000006 C=ICODE    S=.itext   G=(none)   M=ActnMenus ACBP=A9
 0002:00000224 00000006 C=ICODE    S=.itext   G=(none)   M=XPStyleActnCtrls ACBP=A9
 0002:0000022C 00000006 C=ICODE    S=.itext   G=(none)   M=BisTimedMsgFm ACBP=A9
 0002:00000234 00000006 C=ICODE    S=.itext   G=(none)   M=MiTeC_Routines ACBP=A9
 0002:0000023C 00000006 C=ICODE    S=.itext   G=(none)   M=MSI_Processes ACBP=A9
 0002:00000244 00000006 C=ICODE    S=.itext   G=(none)   M=MiTeC_PSAPI ACBP=A9
 0002:0000024C 00000006 C=ICODE    S=.itext   G=(none)   M=MSI_Devices ACBP=A9
 0002:00000254 00000006 C=ICODE    S=.itext   G=(none)   M=MSI_CPU  ACBP=A9
 0002:0000025C 00000006 C=ICODE    S=.itext   G=(none)   M=JclDebug ACBP=A9
 0002:00000264 00000006 C=ICODE    S=.itext   G=(none)   M=JclSysInfo ACBP=A9
 0002:0000026C 00000006 C=ICODE    S=.itext   G=(none)   M=JclStrings ACBP=A9
 0002:00000274 00000006 C=ICODE    S=.itext   G=(none)   M=JclSysUtils ACBP=A9
 0002:0000027C 00000006 C=ICODE    S=.itext   G=(none)   M=JclWideStrings ACBP=A9
 0002:00000284 00000006 C=ICODE    S=.itext   G=(none)   M=JclShell ACBP=A9
 0002:0000028C 00000006 C=ICODE    S=.itext   G=(none)   M=JclRegistry ACBP=A9
 0002:00000294 00000006 C=ICODE    S=.itext   G=(none)   M=JclHookExcept ACBP=A9
 0002:0000029C 00000006 C=ICODE    S=.itext   G=(none)   M=BisServiceApplication ACBP=A9
 0002:000002A4 00000006 C=ICODE    S=.itext   G=(none)   M=BisSvcMgr ACBP=A9
 0002:000002AC 00000006 C=ICODE    S=.itext   G=(none)   M=BisCryptUtils ACBP=A9
 0002:000002B4 00000006 C=ICODE    S=.itext   G=(none)   M=SvcMgr   ACBP=A9
 0002:000002BC 00000006 C=ICODE    S=.itext   G=(none)   M=DBXCommon ACBP=A9
 0002:000002C4 00000006 C=ICODE    S=.itext   G=(none)   M=ClassRegistry ACBP=A9
 0002:000002CC 00000006 C=ICODE    S=.itext   G=(none)   M=SqlExpr  ACBP=A9
 0002:000002D4 00000006 C=ICODE    S=.itext   G=(none)   M=DBXSybaseASEReadOnlyMetaData ACBP=A9
 0002:000002DC 00000006 C=ICODE    S=.itext   G=(none)   M=DBXSybaseASAReadOnlyMetaData ACBP=A9
 0002:000002E4 00000006 C=ICODE    S=.itext   G=(none)   M=DBXOracleReadOnlyMetaData ACBP=A9
 0002:000002EC 00000006 C=ICODE    S=.itext   G=(none)   M=DBXMySqlReadOnlyMetaData ACBP=A9
 0002:000002F4 00000006 C=ICODE    S=.itext   G=(none)   M=DBXMsSqlReadOnlyMetaData ACBP=A9
 0002:000002FC 00000006 C=ICODE    S=.itext   G=(none)   M=DBXDb2ReadOnlyMetaData ACBP=A9
 0002:00000304 00000006 C=ICODE    S=.itext   G=(none)   M=DBXInterbaseReadOnlyMetaData ACBP=A9
 0002:0000030C 00000006 C=ICODE    S=.itext   G=(none)   M=DBXInformixReadOnlyMetaData ACBP=A9
 0002:00000314 00000006 C=ICODE    S=.itext   G=(none)   M=DBXDynalink ACBP=A9
 0002:0000031C 00000006 C=ICODE    S=.itext   G=(none)   M=DBXClient ACBP=A9
 0002:00000324 00000006 C=ICODE    S=.itext   G=(none)   M=DBXJSonStreamWriter ACBP=A9
 0002:0000032C 00000006 C=ICODE    S=.itext   G=(none)   M=DBXDataStoreReadOnlyMetaData ACBP=A9
 0002:00000334 00000006 C=ICODE    S=.itext   G=(none)   M=DBXPool  ACBP=A9
 0002:0000033C 00000006 C=ICODE    S=.itext   G=(none)   M=DBXTrace ACBP=A9
 0002:00000344 00000008 C=ICODE    S=.itext   G=(none)   M=BisCmxIBaseConnection ACBP=A9
 0002:0000034C 00000008 C=ICODE    S=.itext   G=(none)   M=BisCmxIBase ACBP=A9
 0002:00000354 00000005 C=ICODE    S=.itext   G=(none)   M=.cmxibase ACBP=A9
 0003:00000000 0000002C C=DATA     S=.data    G=DGROUP   M=SysInit  ACBP=A9
 0004:00000000 0000000C C=BSS      S=.bss     G=DGROUP   M=SysInit  ACBP=A9
 0004:0000000C 00000008 C=BSS      S=.bss     G=DGROUP   M=Windows  ACBP=A9
 0004:00000014 00000004 C=BSS      S=.bss     G=DGROUP   M=BisCmxIBaseConnection ACBP=A9
 0004:00000018 00000004 C=BSS      S=.bss     G=DGROUP   M=BisCmxIBase ACBP=A9


  Address             Publics by Name

 0002:00000354       .cmxibase..cmxibase
 0001:0000299C       .cmxibase.@GetPackageInfoTable
 0001:000029A4       .cmxibase.@PackageLoad
 0001:000029B0       .cmxibase.@PackageUnload
 0004:00000018       BisCmxIBase..1
 0002:0000034C       BisCmxIBase.BisCmxIBase
 0001:00001DC4       BisCmxIBase.Finalization
 0001:00001DAC       BisCmxIBase.InitConnectionModule
 0004:00000014       BisCmxIBaseConnection..4
 0001:00000AEC       BisCmxIBaseConnection..TBisCmxIBaseConnection
 0001:00000930       BisCmxIBaseConnection..TBisCmxIBaseSession
 0001:00000A34       BisCmxIBaseConnection..TBisCmxIBaseSessions
 0002:00000344       BisCmxIBaseConnection.BisCmxIBaseConnection
 0001:00001D7C       BisCmxIBaseConnection.Finalization
 0001:00001A9C       BisCmxIBaseConnection.TBisCmxIBaseConnection.Create
 0001:00001D74       BisCmxIBaseConnection.TBisCmxIBaseConnection.GetSessionsClass
 0001:00000C80       BisCmxIBaseConnection.TBisCmxIBaseSession.Create
 0001:00001770       BisCmxIBaseConnection.TBisCmxIBaseSession.ExecuteOpen
 0001:00001A4C       BisCmxIBaseConnection.TBisCmxIBaseSessions.Create
 0001:00001A94       BisCmxIBaseConnection.TBisCmxIBaseSessions.GetSessionClass
 0001:00000230       SysInit.@InitPkg
 0001:00000294       SysInit.@PackageLoad
 0001:000002A0       SysInit.@PackageUnload
 0001:00000120       SysInit.AllocTlsBuffer
 0001:000001DC       SysInit.ExitProcessTLS
 0001:000001A4       SysInit.ExitThreadTLS
 0001:000000E8       SysInit.FreeLibrary
 0001:0000012C       SysInit.GetTlsSize
 0004:00000004       SysInit.HInstance
 0001:00000200       SysInit.InitializeModule
 0001:00000178       SysInit.InitProcessTLS
 0001:00000134       SysInit.InitThreadTLS
 0001:000000F0       SysInit.LocalAlloc
 0001:000000F8       SysInit.LocalFree
 0003:00000004       SysInit.Module
 0004:00000000       SysInit.ModuleIsLib
 0004:00000001       SysInit.ModuleIsPackage
 0001:00000100       SysInit.TlsAlloc
 0004:00000008       SysInit.tlsBuffer
 0001:00000108       SysInit.TlsFree
 0001:00000110       SysInit.TlsGetValue
 0003:00000000       SysInit.TlsIndex
 0005:00000000       SysInit.TlsLast
 0003:0000001C       SysInit.TlsProc
 0001:00000118       SysInit.TlsSetValue
 0001:0000020C       SysInit.UninitializeModule
 0004:0000000C       Windows..3
 0001:0000034C       Windows.Finalization
 0001:00000344       Windows.FreeLibrary
 0004:00000010       Windows.HtmlHelpModule
 0002:00000010       Windows.Windows


  Address             Publics by Value

 0001:000000E8       SysInit.FreeLibrary
 0001:000000F0       SysInit.LocalAlloc
 0001:000000F8       SysInit.LocalFree
 0001:00000100       SysInit.TlsAlloc
 0001:00000108       SysInit.TlsFree
 0001:00000110       SysInit.TlsGetValue
 0001:00000118       SysInit.TlsSetValue
 0001:00000120       SysInit.AllocTlsBuffer
 0001:0000012C       SysInit.GetTlsSize
 0001:00000134       SysInit.InitThreadTLS
 0001:00000178       SysInit.InitProcessTLS
 0001:000001A4       SysInit.ExitThreadTLS
 0001:000001DC       SysInit.ExitProcessTLS
 0001:00000200       SysInit.InitializeModule
 0001:0000020C       SysInit.UninitializeModule
 0001:00000230       SysInit.@InitPkg
 0001:00000294       SysInit.@PackageLoad
 0001:000002A0       SysInit.@PackageUnload
 0001:00000344       Windows.FreeLibrary
 0001:0000034C       Windows.Finalization
 0001:00000930       BisCmxIBaseConnection..TBisCmxIBaseSession
 0001:00000A34       BisCmxIBaseConnection..TBisCmxIBaseSessions
 0001:00000AEC       BisCmxIBaseConnection..TBisCmxIBaseConnection
 0001:00000C80       BisCmxIBaseConnection.TBisCmxIBaseSession.Create
 0001:00001770       BisCmxIBaseConnection.TBisCmxIBaseSession.ExecuteOpen
 0001:00001A4C       BisCmxIBaseConnection.TBisCmxIBaseSessions.Create
 0001:00001A94       BisCmxIBaseConnection.TBisCmxIBaseSessions.GetSessionClass
 0001:00001A9C       BisCmxIBaseConnection.TBisCmxIBaseConnection.Create
 0001:00001D74       BisCmxIBaseConnection.TBisCmxIBaseConnection.GetSessionsClass
 0001:00001D7C       BisCmxIBaseConnection.Finalization
 0001:00001DAC       BisCmxIBase.InitConnectionModule
 0001:00001DC4       BisCmxIBase.Finalization
 0001:0000299C       .cmxibase.@GetPackageInfoTable
 0001:000029A4       .cmxibase.@PackageLoad
 0001:000029B0       .cmxibase.@PackageUnload
 0002:00000010       Windows.Windows
 0002:00000344       BisCmxIBaseConnection.BisCmxIBaseConnection
 0002:0000034C       BisCmxIBase.BisCmxIBase
 0002:00000354       .cmxibase..cmxibase
 0003:00000000       SysInit.TlsIndex
 0003:00000004       SysInit.Module
 0003:0000001C       SysInit.TlsProc
 0004:00000000       SysInit.ModuleIsLib
 0004:00000001       SysInit.ModuleIsPackage
 0004:00000004       SysInit.HInstance
 0004:00000008       SysInit.tlsBuffer
 0004:0000000C       Windows..3
 0004:00000010       Windows.HtmlHelpModule
 0004:00000014       BisCmxIBaseConnection..4
 0004:00000018       BisCmxIBase..1
 0005:00000000       SysInit.TlsLast


Line numbers for IpRtrMib(objects.bpl\IPHlpApi\Pas\IpRtrMib.pas) segment .text

  1062 0001:00000000

Line numbers for IpExport(objects.bpl\IPHlpApi\Pas\IpExport.pas) segment .text

   343 0001:00000000

Line numbers for IpTypes(objects.bpl\IPHlpApi\Pas\IpTypes.pas) segment .text

   228 0001:00000000

Line numbers for IpHlpApi(objects.bpl\IPHlpApi\Pas\IpHlpApi.pas) segment .text

   752 0001:00000000

Line numbers for MiTeC_ToolHelp32(MiTeC_ToolHelp32.pas) segment .text

   438 0001:00000000

Line numbers for BisCmxIBaseConnection(cmxibase.bpl\BisCmxIBaseConnection.pas) segment .text

    38 0001:00000C80    39 0001:00000C92    40 0001:00000C9B    41 0001:00000CAB
    42 0001:00000CBB    44 0001:00000CCB    45 0001:00000CDB    46 0001:00000CEB
    49 0001:00000CFB    53 0001:00000D0B    54 0001:00000D1B    55 0001:00000D2B
    56 0001:00000D3B    68 0001:00000D4B    69 0001:00000D5B    70 0001:00000D6B
    79 0001:00000D7B    80 0001:00000D8B    81 0001:00000D9B    82 0001:00000DAB
    83 0001:00000DB6    93 0001:00001770    94 0001:00001799    95 0001:0000179C
    96 0001:000017A4    97 0001:000017B5    98 0001:000017C3    99 0001:000017D4
   100 0001:000017DE   101 0001:000017E2   102 0001:000017EA   103 0001:00001809
   104 0001:00001819   106 0001:0000182C   107 0001:0000183C   108 0001:00001847
   109 0001:0000185B   110 0001:0000186B   112 0001:0000187B   113 0001:00001881
   114 0001:0000189C   115 0001:000018A2   117 0001:000018D3   102 0001:000018D6
   118 0001:000018DF   119 0001:000018F0   120 0001:0000190A   122 0001:00001914
   123 0001:0000195D   124 0001:00001965   125 0001:00001971   126 0001:0000197C
   127 0001:00001987   130 0001:0000199A   133 0001:000019AA   138 0001:00001A4C
   139 0001:00001A5E   140 0001:00001A67   141 0001:00001A6F   142 0001:00001A77
   146 0001:00001A94   147 0001:00001A99   152 0001:00001A9C   153 0001:00001AAE
   154 0001:00001AB7   156 0001:00001AC7   161 0001:00001AD7   162 0001:00001AE7
   163 0001:00001AF7   164 0001:00001B07   165 0001:00001B17   166 0001:00001B27
   167 0001:00001B37   171 0001:00001D74   172 0001:00001D79

Line numbers for BisCmxIBaseConnection(cmxibase.bpl\BisCmxIBaseConnection.pas) segment .itext

   175 0002:00000344

Line numbers for BisCmxIBase(cmxibase.bpl\BisCmxIBase.pas) segment .text

    17 0001:00001DAC    18 0001:00001DAF    19 0001:00001DBD

Line numbers for BisCmxIBase(cmxibase.bpl\BisCmxIBase.pas) segment .itext

    21 0002:0000034C

Line numbers for .cmxibase(cmxibase.dpk) segment .itext

    35 0002:00000354

Bound resource files

cmxibase.res
cmxibase.drf


Program entry point at 0002:00000354
