
 Start         Length     Name                   Class
 0001:00401000 0000545CH .text                   CODE
 0002:00407000 000002ECH .itext                  ICODE
 0003:00408000 0000009CH .data                   DATA
 0004:00409000 00000024H .bss                    BSS
 0005:00000000 00000000H .tls                    TLS


Detailed map of segments

 0001:00000000 000000E6 C=CODE     S=.text    G=(none)   M=System   ACBP=A9
 0001:000000E8 000001C3 C=CODE     S=.text    G=(none)   M=SysInit  ACBP=A9
 0001:000002AC 000000FE C=CODE     S=.text    G=(none)   M=Classes  ACBP=A9
 0001:000003AC 0000004C C=CODE     S=.text    G=(none)   M=Windows  ACBP=A9
 0001:000003F8 00000006 C=CODE     S=.text    G=(none)   M=TypInfo  ACBP=A9
 0001:00000400 0000000E C=CODE     S=.text    G=(none)   M=SysUtils ACBP=A9
 0001:00000410 00000026 C=CODE     S=.text    G=(none)   M=Variants ACBP=A9
 0001:00000438 00000006 C=CODE     S=.text    G=(none)   M=VarUtils ACBP=A9
 0001:00000440 00000026 C=CODE     S=.text    G=(none)   M=HTTPApp  ACBP=A9
 0001:00000468 00000006 C=CODE     S=.text    G=(none)   M=BisObjects ACBP=A9
 0001:00000470 0000000E C=CODE     S=.text    G=(none)   M=BisObject ACBP=A9
 0001:00000480 00000036 C=CODE     S=.text    G=(none)   M=BisCoreObjects ACBP=A9
 0001:000004B8 00000016 C=CODE     S=.text    G=(none)   M=BisConfig ACBP=A9
 0001:000004D0 00000006 C=CODE     S=.text    G=(none)   M=IniFiles ACBP=A9
 0001:000004D8 00000006 C=CODE     S=.text    G=(none)   M=BisFm    ACBP=A9
 0001:000004E0 00000006 C=CODE     S=.text    G=(none)   M=DECUtil  ACBP=A9
 0001:000004E8 00000006 C=CODE     S=.text    G=(none)   M=Hash     ACBP=A9
 0001:000004F0 00000006 C=CODE     S=.text    G=(none)   M=Cipher   ACBP=A9
 0001:000004F8 00000006 C=CODE     S=.text    G=(none)   M=Cipher1  ACBP=A9
 0001:00000500 00000026 C=CODE     S=.text    G=(none)   M=BisParams ACBP=A9
 0001:00000528 00000006 C=CODE     S=.text    G=(none)   M=Menus    ACBP=A9
 0001:00000530 00000006 C=CODE     S=.text    G=(none)   M=ActnList ACBP=A9
 0001:00000538 00000006 C=CODE     S=.text    G=(none)   M=Graphics ACBP=A9
 0001:00000540 00000006 C=CODE     S=.text    G=(none)   M=Registry ACBP=A9
 0001:00000548 00000006 C=CODE     S=.text    G=(none)   M=Themes   ACBP=A9
 0001:00000550 00000006 C=CODE     S=.text    G=(none)   M=Controls ACBP=A9
 0001:00000558 00000006 C=CODE     S=.text    G=(none)   M=UxTheme  ACBP=A9
 0001:00000560 00000006 C=CODE     S=.text    G=(none)   M=MultiMon ACBP=A9
 0001:00000568 00000006 C=CODE     S=.text    G=(none)   M=DwmApi   ACBP=A9
 0001:00000570 00000006 C=CODE     S=.text    G=(none)   M=Forms    ACBP=A9
 0001:00000578 00000006 C=CODE     S=.text    G=(none)   M=HelpIntfs ACBP=A9
 0001:00000580 00000006 C=CODE     S=.text    G=(none)   M=Dialogs  ACBP=A9
 0001:00000588 00000006 C=CODE     S=.text    G=(none)   M=Printers ACBP=A9
 0001:00000590 00000006 C=CODE     S=.text    G=(none)   M=ExtCtrls ACBP=A9
 0001:00000598 00000006 C=CODE     S=.text    G=(none)   M=GraphUtil ACBP=A9
 0001:000005A0 00000006 C=CODE     S=.text    G=(none)   M=Clipbrd  ACBP=A9
 0001:000005A8 00000006 C=CODE     S=.text    G=(none)   M=FlatSB   ACBP=A9
 0001:000005B0 0000004E C=CODE     S=.text    G=(none)   M=DB       ACBP=A9
 0001:00000600 00000006 C=CODE     S=.text    G=(none)   M=WideStrings ACBP=A9
 0001:00000608 00000006 C=CODE     S=.text    G=(none)   M=FMTBcd   ACBP=A9
 0001:00000610 00000006 C=CODE     S=.text    G=(none)   M=SqlTimSt ACBP=A9
 0001:00000618 00000006 C=CODE     S=.text    G=(none)   M=ComObj   ACBP=A9
 0001:00000620 00000006 C=CODE     S=.text    G=(none)   M=DBCtrls  ACBP=A9
 0001:00000628 00000006 C=CODE     S=.text    G=(none)   M=ComCtrls ACBP=A9
 0001:00000630 00000006 C=CODE     S=.text    G=(none)   M=ExtActns ACBP=A9
 0001:00000638 00000006 C=CODE     S=.text    G=(none)   M=ExtDlgs  ACBP=A9
 0001:00000640 00000006 C=CODE     S=.text    G=(none)   M=Buttons  ACBP=A9
 0001:00000648 00000006 C=CODE     S=.text    G=(none)   M=Mapi     ACBP=A9
 0001:00000650 00000006 C=CODE     S=.text    G=(none)   M=DBPWDlg  ACBP=A9
 0001:00000658 00000006 C=CODE     S=.text    G=(none)   M=DBLogDlg ACBP=A9
 0001:00000660 00000006 C=CODE     S=.text    G=(none)   M=rxToolEdit ACBP=A9
 0001:00000668 00000006 C=CODE     S=.text    G=(none)   M=rxDateUtil ACBP=A9
 0001:00000670 00000006 C=CODE     S=.text    G=(none)   M=RXCtrls  ACBP=A9
 0001:00000678 00000006 C=CODE     S=.text    G=(none)   M=RxHook   ACBP=A9
 0001:00000680 00000006 C=CODE     S=.text    G=(none)   M=RXConst  ACBP=A9
 0001:00000688 00000006 C=CODE     S=.text    G=(none)   M=rxVclutils ACBP=A9
 0001:00000690 00000006 C=CODE     S=.text    G=(none)   M=RXProps  ACBP=A9
 0001:00000698 00000006 C=CODE     S=.text    G=(none)   M=rxAppUtils ACBP=A9
 0001:000006A0 00000006 C=CODE     S=.text    G=(none)   M=RxPrgrss ACBP=A9
 0001:000006A8 00000006 C=CODE     S=.text    G=(none)   M=rxCurrEdit ACBP=A9
 0001:000006B0 00000006 C=CODE     S=.text    G=(none)   M=ThemedDBGrid ACBP=A9
 0001:000006B8 00000006 C=CODE     S=.text    G=(none)   M=RxRichEd ACBP=A9
 0001:000006C0 00000006 C=CODE     S=.text    G=(none)   M=OleCtnrs ACBP=A9
 0001:000006C8 00000006 C=CODE     S=.text    G=(none)   M=CheckLst ACBP=A9
 0001:000006D0 00000016 C=CODE     S=.text    G=(none)   M=BisUtils ACBP=A9
 0001:000006E8 00000006 C=CODE     S=.text    G=(none)   M=BisFilterGroups ACBP=A9
 0001:000006F0 0000000E C=CODE     S=.text    G=(none)   M=BisDataSet ACBP=A9
 0001:00000700 00000006 C=CODE     S=.text    G=(none)   M=GIFImage ACBP=A9
 0001:00000708 00000006 C=CODE     S=.text    G=(none)   M=jpeg     ACBP=A9
 0001:00000710 00000006 C=CODE     S=.text    G=(none)   M=BisOrders ACBP=A9
 0001:00000718 0000000E C=CODE     S=.text    G=(none)   M=BisCore  ACBP=A9
 0001:00000728 00000006 C=CODE     S=.text    G=(none)   M=BisFieldNames ACBP=A9
 0001:00000730 0000000E C=CODE     S=.text    G=(none)   M=kbmMemTable ACBP=A9
 0001:00000740 00000006 C=CODE     S=.text    G=(none)   M=OleServer ACBP=A9
 0001:00000748 00000006 C=CODE     S=.text    G=(none)   M=OleCtrls ACBP=A9
 0001:00000750 00000006 C=CODE     S=.text    G=(none)   M=AxCtrls  ACBP=A9
 0001:00000758 00000006 C=CODE     S=.text    G=(none)   M=ActnMan  ACBP=A9
 0001:00000760 00000006 C=CODE     S=.text    G=(none)   M=ActnMenus ACBP=A9
 0001:00000768 00000006 C=CODE     S=.text    G=(none)   M=XPStyleActnCtrls ACBP=A9
 0001:00000770 00000006 C=CODE     S=.text    G=(none)   M=BisTimedMsgFm ACBP=A9
 0001:00000778 00000016 C=CODE     S=.text    G=(none)   M=BisConnections ACBP=A9
 0001:00000790 0000000E C=CODE     S=.text    G=(none)   M=BisMenus ACBP=A9
 0001:000007A0 00000006 C=CODE     S=.text    G=(none)   M=BisInterfaces ACBP=A9
 0001:000007A8 00000006 C=CODE     S=.text    G=(none)   M=MiTeC_Routines ACBP=A9
 0001:000007B0 00000006 C=CODE     S=.text    G=(none)   M=MSI_Processes ACBP=A9
 0001:000007B8 00000006 C=CODE     S=.text    G=(none)   M=MiTeC_PSAPI ACBP=A9
 0001:000007C0 00000006 C=CODE     S=.text    G=(none)   M=MSI_Devices ACBP=A9
 0001:000007C8 00000006 C=CODE     S=.text    G=(none)   M=MSI_CPU  ACBP=A9
 0001:000007D0 00000006 C=CODE     S=.text    G=(none)   M=JclDebug ACBP=A9
 0001:000007D8 00000006 C=CODE     S=.text    G=(none)   M=JclSysInfo ACBP=A9
 0001:000007E0 00000006 C=CODE     S=.text    G=(none)   M=JclStrings ACBP=A9
 0001:000007E8 00000006 C=CODE     S=.text    G=(none)   M=JclSysUtils ACBP=A9
 0001:000007F0 00000006 C=CODE     S=.text    G=(none)   M=JclWideStrings ACBP=A9
 0001:000007F8 00000006 C=CODE     S=.text    G=(none)   M=JclShell ACBP=A9
 0001:00000800 00000006 C=CODE     S=.text    G=(none)   M=JclRegistry ACBP=A9
 0001:00000808 00000006 C=CODE     S=.text    G=(none)   M=JclHookExcept ACBP=A9
 0001:00000810 00000006 C=CODE     S=.text    G=(none)   M=BisProviderModules ACBP=A9
 0001:00000818 00000006 C=CODE     S=.text    G=(none)   M=BisServiceApplication ACBP=A9
 0001:00000820 00000006 C=CODE     S=.text    G=(none)   M=BisSvcMgr ACBP=A9
 0001:00000828 00000006 C=CODE     S=.text    G=(none)   M=BisCryptUtils ACBP=A9
 0001:00000830 00000006 C=CODE     S=.text    G=(none)   M=SvcMgr   ACBP=A9
 0001:00000838 0000001E C=CODE     S=.text    G=(none)   M=BisHttpServerHandlers ACBP=A9
 0001:00000858 00000006 C=CODE     S=.text    G=(none)   M=AsyncCalls ACBP=A9
 0001:00000860 000000F6 C=CODE     S=.text    G=(none)   M=BisHttpServerHandlerDefaultConsts ACBP=A9
 0001:00000958 00003EFE C=CODE     S=.text    G=(none)   M=BisHttpServerHandlerDefaultWm ACBP=A9
 0001:00004858 000001FA C=CODE     S=.text    G=(none)   M=BisHttpServerHandlerDefault ACBP=A9
 0001:00004A54 00000A07 C=CODE     S=.text    G=(none)   M=.smhttphd ACBP=A9
 0002:00000000 00000006 C=ICODE    S=.itext   G=(none)   M=System   ACBP=A9
 0002:00000008 00000006 C=ICODE    S=.itext   G=(none)   M=Classes  ACBP=A9
 0002:00000010 00000011 C=ICODE    S=.itext   G=(none)   M=Windows  ACBP=A9
 0002:00000024 00000006 C=ICODE    S=.itext   G=(none)   M=TypInfo  ACBP=A9
 0002:0000002C 00000006 C=ICODE    S=.itext   G=(none)   M=SysUtils ACBP=A9
 0002:00000034 00000006 C=ICODE    S=.itext   G=(none)   M=Variants ACBP=A9
 0002:0000003C 00000006 C=ICODE    S=.itext   G=(none)   M=VarUtils ACBP=A9
 0002:00000044 00000006 C=ICODE    S=.itext   G=(none)   M=HTTPApp  ACBP=A9
 0002:0000004C 00000006 C=ICODE    S=.itext   G=(none)   M=IniFiles ACBP=A9
 0002:00000054 00000006 C=ICODE    S=.itext   G=(none)   M=BisFm    ACBP=A9
 0002:0000005C 00000006 C=ICODE    S=.itext   G=(none)   M=DECUtil  ACBP=A9
 0002:00000064 00000006 C=ICODE    S=.itext   G=(none)   M=Hash     ACBP=A9
 0002:0000006C 00000006 C=ICODE    S=.itext   G=(none)   M=Cipher   ACBP=A9
 0002:00000074 00000006 C=ICODE    S=.itext   G=(none)   M=Cipher1  ACBP=A9
 0002:0000007C 00000006 C=ICODE    S=.itext   G=(none)   M=Menus    ACBP=A9
 0002:00000084 00000006 C=ICODE    S=.itext   G=(none)   M=ActnList ACBP=A9
 0002:0000008C 00000006 C=ICODE    S=.itext   G=(none)   M=Graphics ACBP=A9
 0002:00000094 00000006 C=ICODE    S=.itext   G=(none)   M=Registry ACBP=A9
 0002:0000009C 00000006 C=ICODE    S=.itext   G=(none)   M=Themes   ACBP=A9
 0002:000000A4 00000006 C=ICODE    S=.itext   G=(none)   M=Controls ACBP=A9
 0002:000000AC 00000006 C=ICODE    S=.itext   G=(none)   M=UxTheme  ACBP=A9
 0002:000000B4 00000006 C=ICODE    S=.itext   G=(none)   M=MultiMon ACBP=A9
 0002:000000BC 00000006 C=ICODE    S=.itext   G=(none)   M=DwmApi   ACBP=A9
 0002:000000C4 00000006 C=ICODE    S=.itext   G=(none)   M=Forms    ACBP=A9
 0002:000000CC 00000006 C=ICODE    S=.itext   G=(none)   M=HelpIntfs ACBP=A9
 0002:000000D4 00000006 C=ICODE    S=.itext   G=(none)   M=Dialogs  ACBP=A9
 0002:000000DC 00000006 C=ICODE    S=.itext   G=(none)   M=Printers ACBP=A9
 0002:000000E4 00000006 C=ICODE    S=.itext   G=(none)   M=ExtCtrls ACBP=A9
 0002:000000EC 00000006 C=ICODE    S=.itext   G=(none)   M=GraphUtil ACBP=A9
 0002:000000F4 00000006 C=ICODE    S=.itext   G=(none)   M=Clipbrd  ACBP=A9
 0002:000000FC 00000006 C=ICODE    S=.itext   G=(none)   M=FlatSB   ACBP=A9
 0002:00000104 00000006 C=ICODE    S=.itext   G=(none)   M=DB       ACBP=A9
 0002:0000010C 00000006 C=ICODE    S=.itext   G=(none)   M=WideStrings ACBP=A9
 0002:00000114 00000006 C=ICODE    S=.itext   G=(none)   M=FMTBcd   ACBP=A9
 0002:0000011C 00000006 C=ICODE    S=.itext   G=(none)   M=SqlTimSt ACBP=A9
 0002:00000124 00000006 C=ICODE    S=.itext   G=(none)   M=ComObj   ACBP=A9
 0002:0000012C 00000006 C=ICODE    S=.itext   G=(none)   M=DBCtrls  ACBP=A9
 0002:00000134 00000006 C=ICODE    S=.itext   G=(none)   M=ComCtrls ACBP=A9
 0002:0000013C 00000006 C=ICODE    S=.itext   G=(none)   M=ExtActns ACBP=A9
 0002:00000144 00000006 C=ICODE    S=.itext   G=(none)   M=ExtDlgs  ACBP=A9
 0002:0000014C 00000006 C=ICODE    S=.itext   G=(none)   M=Buttons  ACBP=A9
 0002:00000154 00000006 C=ICODE    S=.itext   G=(none)   M=Mapi     ACBP=A9
 0002:0000015C 00000006 C=ICODE    S=.itext   G=(none)   M=DBPWDlg  ACBP=A9
 0002:00000164 00000006 C=ICODE    S=.itext   G=(none)   M=DBLogDlg ACBP=A9
 0002:0000016C 00000006 C=ICODE    S=.itext   G=(none)   M=rxToolEdit ACBP=A9
 0002:00000174 00000006 C=ICODE    S=.itext   G=(none)   M=rxDateUtil ACBP=A9
 0002:0000017C 00000006 C=ICODE    S=.itext   G=(none)   M=RXCtrls  ACBP=A9
 0002:00000184 00000006 C=ICODE    S=.itext   G=(none)   M=RxHook   ACBP=A9
 0002:0000018C 00000006 C=ICODE    S=.itext   G=(none)   M=RXConst  ACBP=A9
 0002:00000194 00000006 C=ICODE    S=.itext   G=(none)   M=rxVclutils ACBP=A9
 0002:0000019C 00000006 C=ICODE    S=.itext   G=(none)   M=RXProps  ACBP=A9
 0002:000001A4 00000006 C=ICODE    S=.itext   G=(none)   M=rxAppUtils ACBP=A9
 0002:000001AC 00000006 C=ICODE    S=.itext   G=(none)   M=RxPrgrss ACBP=A9
 0002:000001B4 00000006 C=ICODE    S=.itext   G=(none)   M=rxCurrEdit ACBP=A9
 0002:000001BC 00000006 C=ICODE    S=.itext   G=(none)   M=ThemedDBGrid ACBP=A9
 0002:000001C4 00000006 C=ICODE    S=.itext   G=(none)   M=RxRichEd ACBP=A9
 0002:000001CC 00000006 C=ICODE    S=.itext   G=(none)   M=OleCtnrs ACBP=A9
 0002:000001D4 00000006 C=ICODE    S=.itext   G=(none)   M=CheckLst ACBP=A9
 0002:000001DC 00000006 C=ICODE    S=.itext   G=(none)   M=BisUtils ACBP=A9
 0002:000001E4 00000006 C=ICODE    S=.itext   G=(none)   M=GIFImage ACBP=A9
 0002:000001EC 00000006 C=ICODE    S=.itext   G=(none)   M=jpeg     ACBP=A9
 0002:000001F4 00000006 C=ICODE    S=.itext   G=(none)   M=BisCore  ACBP=A9
 0002:000001FC 00000006 C=ICODE    S=.itext   G=(none)   M=kbmMemTable ACBP=A9
 0002:00000204 00000006 C=ICODE    S=.itext   G=(none)   M=OleServer ACBP=A9
 0002:0000020C 00000006 C=ICODE    S=.itext   G=(none)   M=OleCtrls ACBP=A9
 0002:00000214 00000006 C=ICODE    S=.itext   G=(none)   M=AxCtrls  ACBP=A9
 0002:0000021C 00000006 C=ICODE    S=.itext   G=(none)   M=ActnMan  ACBP=A9
 0002:00000224 00000006 C=ICODE    S=.itext   G=(none)   M=ActnMenus ACBP=A9
 0002:0000022C 00000006 C=ICODE    S=.itext   G=(none)   M=XPStyleActnCtrls ACBP=A9
 0002:00000234 00000006 C=ICODE    S=.itext   G=(none)   M=BisTimedMsgFm ACBP=A9
 0002:0000023C 00000006 C=ICODE    S=.itext   G=(none)   M=MiTeC_Routines ACBP=A9
 0002:00000244 00000006 C=ICODE    S=.itext   G=(none)   M=MSI_Processes ACBP=A9
 0002:0000024C 00000006 C=ICODE    S=.itext   G=(none)   M=MiTeC_PSAPI ACBP=A9
 0002:00000254 00000006 C=ICODE    S=.itext   G=(none)   M=MSI_Devices ACBP=A9
 0002:0000025C 00000006 C=ICODE    S=.itext   G=(none)   M=MSI_CPU  ACBP=A9
 0002:00000264 00000006 C=ICODE    S=.itext   G=(none)   M=JclDebug ACBP=A9
 0002:0000026C 00000006 C=ICODE    S=.itext   G=(none)   M=JclSysInfo ACBP=A9
 0002:00000274 00000006 C=ICODE    S=.itext   G=(none)   M=JclStrings ACBP=A9
 0002:0000027C 00000006 C=ICODE    S=.itext   G=(none)   M=JclSysUtils ACBP=A9
 0002:00000284 00000006 C=ICODE    S=.itext   G=(none)   M=JclWideStrings ACBP=A9
 0002:0000028C 00000006 C=ICODE    S=.itext   G=(none)   M=JclShell ACBP=A9
 0002:00000294 00000006 C=ICODE    S=.itext   G=(none)   M=JclRegistry ACBP=A9
 0002:0000029C 00000006 C=ICODE    S=.itext   G=(none)   M=JclHookExcept ACBP=A9
 0002:000002A4 00000006 C=ICODE    S=.itext   G=(none)   M=BisServiceApplication ACBP=A9
 0002:000002AC 00000006 C=ICODE    S=.itext   G=(none)   M=BisSvcMgr ACBP=A9
 0002:000002B4 00000006 C=ICODE    S=.itext   G=(none)   M=BisCryptUtils ACBP=A9
 0002:000002BC 00000006 C=ICODE    S=.itext   G=(none)   M=SvcMgr   ACBP=A9
 0002:000002C4 00000006 C=ICODE    S=.itext   G=(none)   M=AsyncCalls ACBP=A9
 0002:000002CC 00000008 C=ICODE    S=.itext   G=(none)   M=BisHttpServerHandlerDefaultConsts ACBP=A9
 0002:000002D4 00000008 C=ICODE    S=.itext   G=(none)   M=BisHttpServerHandlerDefaultWm ACBP=A9
 0002:000002DC 00000008 C=ICODE    S=.itext   G=(none)   M=BisHttpServerHandlerDefault ACBP=A9
 0002:000002E4 00000005 C=ICODE    S=.itext   G=(none)   M=.smhttphd ACBP=A9
 0003:00000000 0000002C C=DATA     S=.data    G=DGROUP   M=SysInit  ACBP=A9
 0004:00000000 0000000C C=BSS      S=.bss     G=DGROUP   M=SysInit  ACBP=A9
 0004:0000000C 00000008 C=BSS      S=.bss     G=DGROUP   M=Windows  ACBP=A9
 0004:00000014 00000004 C=BSS      S=.bss     G=DGROUP   M=BisHttpServerHandlerDefaultConsts ACBP=A9
 0004:00000018 00000008 C=BSS      S=.bss     G=DGROUP   M=BisHttpServerHandlerDefaultWm ACBP=A9
 0004:00000020 00000004 C=BSS      S=.bss     G=DGROUP   M=BisHttpServerHandlerDefault ACBP=A9


  Address             Publics by Name

 0002:000002E4       .smhttphd..smhttphd
 0001:0000543C       .smhttphd.@GetPackageInfoTable
 0001:00005444       .smhttphd.@PackageLoad
 0001:00005450       .smhttphd.@PackageUnload
 0004:00000020       BisHttpServerHandlerDefault..2
 0001:00004858       BisHttpServerHandlerDefault..TBisHttpServerHandlerDefault
 0002:000002DC       BisHttpServerHandlerDefault.BisHttpServerHandlerDefault
 0001:00004A24       BisHttpServerHandlerDefault.Finalization
 0001:00004970       BisHttpServerHandlerDefault.InitServerHttpHandlerModule
 0001:00004988       BisHttpServerHandlerDefault.TBisHttpServerHandlerDefault.Create
 0001:000049E0       BisHttpServerHandlerDefault.TBisHttpServerHandlerDefault.Destroy
 0001:00004A10       BisHttpServerHandlerDefault.TBisHttpServerHandlerDefault.HandleRequest
 0004:00000014       BisHttpServerHandlerDefaultConsts..1
 0002:000002CC       BisHttpServerHandlerDefaultConsts.BisHttpServerHandlerDefaultConsts
 0001:00000928       BisHttpServerHandlerDefaultConsts.Finalization
 0004:0000001C       BisHttpServerHandlerDefaultWm..2
 0001:00000AE0       BisHttpServerHandlerDefaultWm..TBisHttpServerHandlerDefaultWebModule
 0004:00000018       BisHttpServerHandlerDefaultWm.BisHttpServerHandlerDefaultWebModule
 0002:000002D4       BisHttpServerHandlerDefaultWm.BisHttpServerHandlerDefaultWm
 0001:00004828       BisHttpServerHandlerDefaultWm.Finalization
 0001:0000425C       BisHttpServerHandlerDefaultWm.LocalExecute
 0001:000047DC       BisHttpServerHandlerDefaultWm.TBisHttpServerHandlerDefaultWebModule.BisHttpServerHandlerDefaultWebModuleDefaultAction
 0001:00001A90       BisHttpServerHandlerDefaultWm.TBisHttpServerHandlerDefaultWebModule.Check
 0001:00000C50       BisHttpServerHandlerDefaultWm.TBisHttpServerHandlerDefaultWebModule.CheckParams
 0001:00000D64       BisHttpServerHandlerDefaultWm.TBisHttpServerHandlerDefaultWebModule.Connect
 0001:00000D78       BisHttpServerHandlerDefaultWm.TBisHttpServerHandlerDefaultWebModule.Disconnect
 0001:00002D7C       BisHttpServerHandlerDefaultWm.TBisHttpServerHandlerDefaultWebModule.Execute
 0001:00000D8C       BisHttpServerHandlerDefaultWm.TBisHttpServerHandlerDefaultWebModule.Export
 0001:00000C20       BisHttpServerHandlerDefaultWm.TBisHttpServerHandlerDefaultWebModule.GetConnection
 0001:000024C8       BisHttpServerHandlerDefaultWm.TBisHttpServerHandlerDefaultWebModule.GetRecords
 0001:00001260       BisHttpServerHandlerDefaultWm.TBisHttpServerHandlerDefaultWebModule.GetServerDate
 0001:00001054       BisHttpServerHandlerDefaultWm.TBisHttpServerHandlerDefaultWebModule.Import
 0001:00003F94       BisHttpServerHandlerDefaultWm.TBisHttpServerHandlerDefaultWebModule.LoadDocument
 0001:00002264       BisHttpServerHandlerDefaultWm.TBisHttpServerHandlerDefaultWebModule.LoadInterfaces
 0001:000037A0       BisHttpServerHandlerDefaultWm.TBisHttpServerHandlerDefaultWebModule.LoadMenus
 0001:00001C74       BisHttpServerHandlerDefaultWm.TBisHttpServerHandlerDefaultWebModule.LoadProfile
 0001:00003CCC       BisHttpServerHandlerDefaultWm.TBisHttpServerHandlerDefaultWebModule.LoadReport
 0001:00003A04       BisHttpServerHandlerDefaultWm.TBisHttpServerHandlerDefaultWebModule.LoadScript
 0001:000013A4       BisHttpServerHandlerDefaultWm.TBisHttpServerHandlerDefaultWebModule.Login
 0001:00001960       BisHttpServerHandlerDefaultWm.TBisHttpServerHandlerDefaultWebModule.Logout
 0001:00002134       BisHttpServerHandlerDefaultWm.TBisHttpServerHandlerDefaultWebModule.RefreshPermissions
 0001:00001ED8       BisHttpServerHandlerDefaultWm.TBisHttpServerHandlerDefaultWebModule.SaveProfile
 0001:00000230       SysInit.@InitPkg
 0001:00000294       SysInit.@PackageLoad
 0001:000002A0       SysInit.@PackageUnload
 0001:00000120       SysInit.AllocTlsBuffer
 0001:000001DC       SysInit.ExitProcessTLS
 0001:000001A4       SysInit.ExitThreadTLS
 0001:000000E8       SysInit.FreeLibrary
 0001:0000012C       SysInit.GetTlsSize
 0004:00000004       SysInit.HInstance
 0001:00000200       SysInit.InitializeModule
 0001:00000178       SysInit.InitProcessTLS
 0001:00000134       SysInit.InitThreadTLS
 0001:000000F0       SysInit.LocalAlloc
 0001:000000F8       SysInit.LocalFree
 0003:00000004       SysInit.Module
 0004:00000000       SysInit.ModuleIsLib
 0004:00000001       SysInit.ModuleIsPackage
 0001:00000100       SysInit.TlsAlloc
 0004:00000008       SysInit.tlsBuffer
 0001:00000108       SysInit.TlsFree
 0001:00000110       SysInit.TlsGetValue
 0003:00000000       SysInit.TlsIndex
 0005:00000000       SysInit.TlsLast
 0003:0000001C       SysInit.TlsProc
 0001:00000118       SysInit.TlsSetValue
 0001:0000020C       SysInit.UninitializeModule
 0004:0000000C       Windows..3
 0001:000003B4       Windows.Finalization
 0001:000003AC       Windows.FreeLibrary
 0004:00000010       Windows.HtmlHelpModule
 0002:00000010       Windows.Windows


  Address             Publics by Value

 0001:000000E8       SysInit.FreeLibrary
 0001:000000F0       SysInit.LocalAlloc
 0001:000000F8       SysInit.LocalFree
 0001:00000100       SysInit.TlsAlloc
 0001:00000108       SysInit.TlsFree
 0001:00000110       SysInit.TlsGetValue
 0001:00000118       SysInit.TlsSetValue
 0001:00000120       SysInit.AllocTlsBuffer
 0001:0000012C       SysInit.GetTlsSize
 0001:00000134       SysInit.InitThreadTLS
 0001:00000178       SysInit.InitProcessTLS
 0001:000001A4       SysInit.ExitThreadTLS
 0001:000001DC       SysInit.ExitProcessTLS
 0001:00000200       SysInit.InitializeModule
 0001:0000020C       SysInit.UninitializeModule
 0001:00000230       SysInit.@InitPkg
 0001:00000294       SysInit.@PackageLoad
 0001:000002A0       SysInit.@PackageUnload
 0001:000003AC       Windows.FreeLibrary
 0001:000003B4       Windows.Finalization
 0001:00000928       BisHttpServerHandlerDefaultConsts.Finalization
 0001:00000AE0       BisHttpServerHandlerDefaultWm..TBisHttpServerHandlerDefaultWebModule
 0001:00000C20       BisHttpServerHandlerDefaultWm.TBisHttpServerHandlerDefaultWebModule.GetConnection
 0001:00000C50       BisHttpServerHandlerDefaultWm.TBisHttpServerHandlerDefaultWebModule.CheckParams
 0001:00000D64       BisHttpServerHandlerDefaultWm.TBisHttpServerHandlerDefaultWebModule.Connect
 0001:00000D78       BisHttpServerHandlerDefaultWm.TBisHttpServerHandlerDefaultWebModule.Disconnect
 0001:00000D8C       BisHttpServerHandlerDefaultWm.TBisHttpServerHandlerDefaultWebModule.Export
 0001:00001054       BisHttpServerHandlerDefaultWm.TBisHttpServerHandlerDefaultWebModule.Import
 0001:00001260       BisHttpServerHandlerDefaultWm.TBisHttpServerHandlerDefaultWebModule.GetServerDate
 0001:000013A4       BisHttpServerHandlerDefaultWm.TBisHttpServerHandlerDefaultWebModule.Login
 0001:00001960       BisHttpServerHandlerDefaultWm.TBisHttpServerHandlerDefaultWebModule.Logout
 0001:00001A90       BisHttpServerHandlerDefaultWm.TBisHttpServerHandlerDefaultWebModule.Check
 0001:00001C74       BisHttpServerHandlerDefaultWm.TBisHttpServerHandlerDefaultWebModule.LoadProfile
 0001:00001ED8       BisHttpServerHandlerDefaultWm.TBisHttpServerHandlerDefaultWebModule.SaveProfile
 0001:00002134       BisHttpServerHandlerDefaultWm.TBisHttpServerHandlerDefaultWebModule.RefreshPermissions
 0001:00002264       BisHttpServerHandlerDefaultWm.TBisHttpServerHandlerDefaultWebModule.LoadInterfaces
 0001:000024C8       BisHttpServerHandlerDefaultWm.TBisHttpServerHandlerDefaultWebModule.GetRecords
 0001:00002D7C       BisHttpServerHandlerDefaultWm.TBisHttpServerHandlerDefaultWebModule.Execute
 0001:000037A0       BisHttpServerHandlerDefaultWm.TBisHttpServerHandlerDefaultWebModule.LoadMenus
 0001:00003A04       BisHttpServerHandlerDefaultWm.TBisHttpServerHandlerDefaultWebModule.LoadScript
 0001:00003CCC       BisHttpServerHandlerDefaultWm.TBisHttpServerHandlerDefaultWebModule.LoadReport
 0001:00003F94       BisHttpServerHandlerDefaultWm.TBisHttpServerHandlerDefaultWebModule.LoadDocument
 0001:0000425C       BisHttpServerHandlerDefaultWm.LocalExecute
 0001:000047DC       BisHttpServerHandlerDefaultWm.TBisHttpServerHandlerDefaultWebModule.BisHttpServerHandlerDefaultWebModuleDefaultAction
 0001:00004828       BisHttpServerHandlerDefaultWm.Finalization
 0001:00004858       BisHttpServerHandlerDefault..TBisHttpServerHandlerDefault
 0001:00004970       BisHttpServerHandlerDefault.InitServerHttpHandlerModule
 0001:00004988       BisHttpServerHandlerDefault.TBisHttpServerHandlerDefault.Create
 0001:000049E0       BisHttpServerHandlerDefault.TBisHttpServerHandlerDefault.Destroy
 0001:00004A10       BisHttpServerHandlerDefault.TBisHttpServerHandlerDefault.HandleRequest
 0001:00004A24       BisHttpServerHandlerDefault.Finalization
 0001:0000543C       .smhttphd.@GetPackageInfoTable
 0001:00005444       .smhttphd.@PackageLoad
 0001:00005450       .smhttphd.@PackageUnload
 0002:00000010       Windows.Windows
 0002:000002CC       BisHttpServerHandlerDefaultConsts.BisHttpServerHandlerDefaultConsts
 0002:000002D4       BisHttpServerHandlerDefaultWm.BisHttpServerHandlerDefaultWm
 0002:000002DC       BisHttpServerHandlerDefault.BisHttpServerHandlerDefault
 0002:000002E4       .smhttphd..smhttphd
 0003:00000000       SysInit.TlsIndex
 0003:00000004       SysInit.Module
 0003:0000001C       SysInit.TlsProc
 0004:00000000       SysInit.ModuleIsLib
 0004:00000001       SysInit.ModuleIsPackage
 0004:00000004       SysInit.HInstance
 0004:00000008       SysInit.tlsBuffer
 0004:0000000C       Windows..3
 0004:00000010       Windows.HtmlHelpModule
 0004:00000014       BisHttpServerHandlerDefaultConsts..1
 0004:00000018       BisHttpServerHandlerDefaultWm.BisHttpServerHandlerDefaultWebModule
 0004:0000001C       BisHttpServerHandlerDefaultWm..2
 0004:00000020       BisHttpServerHandlerDefault..2
 0005:00000000       SysInit.TlsLast


Line numbers for IpRtrMib(objects.bpl\IPHlpApi\Pas\IpRtrMib.pas) segment .text

  1062 0001:00000000

Line numbers for IpExport(objects.bpl\IPHlpApi\Pas\IpExport.pas) segment .text

   343 0001:00000000

Line numbers for IpTypes(objects.bpl\IPHlpApi\Pas\IpTypes.pas) segment .text

   228 0001:00000000

Line numbers for IpHlpApi(objects.bpl\IPHlpApi\Pas\IpHlpApi.pas) segment .text

   752 0001:00000000

Line numbers for MiTeC_ToolHelp32(MiTeC_ToolHelp32.pas) segment .text

   438 0001:00000000

Line numbers for BisHttpServerHandlerDefaultConsts(smhttphd.bpl\BisHttpServerHandlerDefaultConsts.pas) segment .itext

    36 0002:000002CC

Line numbers for BisHttpServerHandlerDefaultWm(smhttphd.bpl\BisHttpServerHandlerDefaultWm.pas) segment .text

    62 0001:00000C20    63 0001:00000C21    64 0001:00000C23    65 0001:00000C3D
    66 0001:00000C4B    69 0001:00000C50    70 0001:00000C6D    71 0001:00000C6F
    72 0001:00000C95    76 0001:00000D15    82 0001:00000D64    83 0001:00000D69
    84 0001:00000D6D    85 0001:00000D75    91 0001:00000D78    92 0001:00000D7D
    93 0001:00000D81    94 0001:00000D89   102 0001:00000D8C   103 0001:00000DB1
   104 0001:00000DBA   105 0001:00000DE2   106 0001:00000DF1   107 0001:00000DFF
   108 0001:00000E03   109 0001:00000E46   110 0001:00000E7D   113 0001:00000E84
   114 0001:00000E8C   115 0001:00000ECF   116 0001:00000EF9   119 0001:00000F00
   121 0001:00000F15   122 0001:00000F58   123 0001:00000F5F   124 0001:00000F89
   128 0001:00000FA0   131 0001:00000FB0   138 0001:00001054   139 0001:00001078
   140 0001:00001081   141 0001:000010A9   142 0001:000010B8   143 0001:000010C6
   144 0001:000010CA   145 0001:0000110D   146 0001:00001144   149 0001:0000114B
   150 0001:0000118E   151 0001:000011B8   154 0001:000011BF   157 0001:000011DD
   160 0001:000011ED   166 0001:00001260   167 0001:00001284   168 0001:0000128D
   170 0001:000012B6   172 0001:000012C4   173 0001:00001308   174 0001:00001310
   175 0001:0000134B   178 0001:00001356   190 0001:000013A4   191 0001:000013C9
   192 0001:000013D3   194 0001:000013FC   195 0001:0000140B   196 0001:0000141A
   197 0001:00001428   198 0001:00001430   199 0001:00001473   200 0001:0000149D
   203 0001:000014A4   204 0001:000014AC   205 0001:000014EF   206 0001:00001519
   209 0001:00001520   210 0001:00001528   211 0001:0000156B   212 0001:00001595
   215 0001:0000159C   216 0001:000015F5   217 0001:000015FD   218 0001:00001633
   219 0001:0000163F   220 0001:0000164A   221 0001:0000165E   222 0001:0000166F
   225 0001:0000167D   227 0001:00001699   228 0001:000016EE   229 0001:000016F9
   230 0001:00001704   231 0001:0000170C   232 0001:00001717   233 0001:00001723
   234 0001:0000172A   235 0001:00001760   238 0001:0000176A   239 0001:000017BF
   240 0001:000017C6   241 0001:000017FF   245 0001:00001816   246 0001:0000181E
   249 0001:0000182E   255 0001:00001960   256 0001:00001984   257 0001:0000198D
   259 0001:000019B6   260 0001:000019BE   261 0001:00001A02   262 0001:00001A2D
   265 0001:00001A35   267 0001:00001A42   274 0001:00001A90   275 0001:00001AB5
   276 0001:00001ABE   278 0001:00001AE6   279 0001:00001AEE   280 0001:00001B31
   281 0001:00001B5B   284 0001:00001B62   286 0001:00001B72   287 0001:00001BB5
   288 0001:00001BBC   289 0001:00001BF7   293 0001:00001C01   301 0001:00001C74
   302 0001:00001C99   303 0001:00001CA2   305 0001:00001CCA   306 0001:00001CDB
   307 0001:00001CE9   308 0001:00001CF1   309 0001:00001D34   310 0001:00001D5E
   313 0001:00001D65   315 0001:00001D75   316 0001:00001DBC   317 0001:00001DCB
   318 0001:00001DD9   319 0001:00001DE4   320 0001:00001DF0   321 0001:00001DF7
   322 0001:00001E21   324 0001:00001E38   329 0001:00001E55   332 0001:00001E65
   340 0001:00001ED8   341 0001:00001EFB   342 0001:00001F05   344 0001:00001F30
   345 0001:00001F41   346 0001:00001F4F   347 0001:00001F57   348 0001:00001F9A
   349 0001:00001FC4   352 0001:00001FCB   353 0001:00002012   354 0001:00002021
   355 0001:0000202F   356 0001:00002059   357 0001:00002065   358 0001:00002070
   360 0001:00002084   364 0001:00002094   367 0001:000020B2   370 0001:000020C2
   376 0001:00002134   377 0001:00002158   378 0001:00002161   380 0001:0000218A
   381 0001:00002192   382 0001:000021D6   383 0001:00002201   386 0001:00002209
   388 0001:00002216   396 0001:00002264   397 0001:00002289   398 0001:00002292
   400 0001:000022BA   401 0001:000022CB   402 0001:000022D9   403 0001:000022E1
   404 0001:00002324   405 0001:0000234E   408 0001:00002355   410 0001:00002365
   411 0001:000023AC   412 0001:000023BB   413 0001:000023C9   414 0001:000023D4
   415 0001:000023E0   416 0001:000023E7   417 0001:00002411   419 0001:00002428
   423 0001:00002445   426 0001:00002455   435 0001:000024C8   436 0001:000024EC
   438 0001:0000250B   439 0001:0000251C   440 0001:0000252B   441 0001:00002539
   443 0001:00002543   444 0001:0000254B   445 0001:0000258E   446 0001:000025B8
   449 0001:000025BF   450 0001:000025CC   451 0001:0000260F   452 0001:00002649
   455 0001:00002650   456 0001:0000265B   457 0001:0000269E   458 0001:000026DB
   461 0001:000026E2   462 0001:00002737   463 0001:0000273F   464 0001:00002775
   465 0001:00002781   466 0001:00002792   469 0001:00002799   470 0001:000027EE
   471 0001:000027F6   472 0001:0000282C   473 0001:00002838   474 0001:00002849
   477 0001:00002850   478 0001:000028A5   479 0001:000028AD   480 0001:000028E3
   481 0001:000028EF   482 0001:00002900   485 0001:00002907   486 0001:0000295C
   487 0001:00002964   488 0001:0000299A   489 0001:000029A6   490 0001:000029B7
   493 0001:000029BE   495 0001:000029D6   496 0001:000029DA   497 0001:000029E3
   498 0001:000029F2   500 0001:00002A04   502 0001:00002A0F   503 0001:00002A64
   504 0001:00002A6C   505 0001:00002A77   506 0001:00002A83   507 0001:00002A8A
   508 0001:00002AC0   511 0001:00002ACA   512 0001:00002B1F   513 0001:00002B26
   514 0001:00002B7A   518 0001:00002B91   519 0001:00002B99   522 0001:00002BA9
   532 0001:00002D7C   533 0001:00002DA1   535 0001:00002DC0   536 0001:00002DD1
   537 0001:00002DE0   538 0001:00002DEE   540 0001:00002DF8   541 0001:00002E00
   542 0001:00002E43   543 0001:00002E6D   546 0001:00002E74   547 0001:00002E81
   548 0001:00002EC4   549 0001:00002EFE   552 0001:00002F05   553 0001:00002F10
   554 0001:00002F53   555 0001:00002F96   558 0001:00002F9D   559 0001:00002FA7
   560 0001:00002FFC   561 0001:0000304B   564 0001:00003052   565 0001:000030A7
   566 0001:000030AF   567 0001:000030E5   568 0001:000030F1   569 0001:00003102
   572 0001:00003109   573 0001:0000315E   574 0001:00003166   575 0001:0000319C
   576 0001:000031A8   577 0001:000031B5   580 0001:000031BD   581 0001:00003212
   582 0001:0000321A   583 0001:00003250   584 0001:0000325C   585 0001:00003269
   586 0001:00003271   589 0001:00003278   591 0001:00003290   592 0001:00003294
   593 0001:0000329D   594 0001:000032AC   596 0001:000032BE   598 0001:000032C9
   599 0001:0000331E   600 0001:0000332A   601 0001:00003332   602 0001:0000333D
   603 0001:00003349   604 0001:00003350   605 0001:00003386   609 0001:00003390
   610 0001:000033E5   611 0001:000033EC   612 0001:00003440   615 0001:0000344A
   616 0001:000034A3   617 0001:000034B2   618 0001:000034C0   619 0001:000034DF
   620 0001:000034E7   621 0001:000034F2   622 0001:000034FE   623 0001:00003505
   624 0001:0000353B   626 0001:00003552   631 0001:0000356F   632 0001:00003577
   635 0001:00003587   643 0001:000037A0   644 0001:000037C5   645 0001:000037CE
   647 0001:000037F6   648 0001:00003807   649 0001:00003815   650 0001:0000381D
   651 0001:00003860   652 0001:0000388A   655 0001:00003891   657 0001:000038A1
   658 0001:000038E8   659 0001:000038F7   660 0001:00003905   661 0001:00003910
   662 0001:0000391C   663 0001:00003923   664 0001:0000394D   666 0001:00003964
   670 0001:00003981   673 0001:00003991   681 0001:00003A04   682 0001:00003A29
   683 0001:00003A32   685 0001:00003A5A   686 0001:00003A69   687 0001:00003A77
   688 0001:00003A7F   689 0001:00003AC2   690 0001:00003AEC   693 0001:00003AF3
   694 0001:00003AFB   695 0001:00003B3E   696 0001:00003B68   699 0001:00003B6F
   701 0001:00003B83   702 0001:00003BC6   703 0001:00003BD2   704 0001:00003BD9
   705 0001:00003C03   709 0001:00003C1A   712 0001:00003C2A   720 0001:00003CCC
   721 0001:00003CF1   722 0001:00003CFA   724 0001:00003D22   725 0001:00003D31
   726 0001:00003D3F   727 0001:00003D47   728 0001:00003D8A   729 0001:00003DB4
   732 0001:00003DBB   733 0001:00003DC3   734 0001:00003E06   735 0001:00003E30
   738 0001:00003E37   740 0001:00003E4B   741 0001:00003E8E   742 0001:00003E9A
   743 0001:00003EA1   744 0001:00003ECB   748 0001:00003EE2   751 0001:00003EF2
   759 0001:00003F94   760 0001:00003FB9   761 0001:00003FC2   763 0001:00003FEA
   764 0001:00003FF9   765 0001:00004007   766 0001:0000400F   767 0001:00004052
   768 0001:0000407C   771 0001:00004083   772 0001:0000408B   773 0001:000040CE
   774 0001:000040F8   777 0001:000040FF   779 0001:00004113   780 0001:00004156
   781 0001:00004162   782 0001:00004169   783 0001:00004193   787 0001:000041AA
   790 0001:000041BA   808 0001:0000425C   809 0001:00004276   810 0001:00004288
   811 0001:0000429A   812 0001:000042AE   813 0001:000042BC   814 0001:000042F8
   816 0001:00004307   818 0001:00004327   819 0001:00004344   820 0001:00004352
   821 0001:00004363   823 0001:00004374   824 0001:00004382   826 0001:000043A3
   829 0001:000043B6   830 0001:000043C9   831 0001:000043E3   834 0001:000043F2
   835 0001:0000440A   836 0001:0000441B   839 0001:00004426   840 0001:0000442D
   841 0001:0000443B   842 0001:0000449A   843 0001:000044AA   844 0001:000044BA
   845 0001:000044D0   846 0001:000044E6   847 0001:000044FC   848 0001:00004512
   849 0001:00004528   850 0001:0000453E   851 0001:00004554   852 0001:0000456A
   853 0001:00004580   854 0001:00004593   855 0001:000045A6   856 0001:000045B9
   857 0001:000045CC   858 0001:000045DF   859 0001:000045F2   861 0001:00004603
   863 0001:00004625   864 0001:00004627   867 0001:0000463A   868 0001:00004645
   869 0001:00004654   870 0001:0000465F   873 0001:00004670   876 0001:0000467F
   877 0001:00004690   878 0001:000046AC   879 0001:000046BA   880 0001:000046CC
   881 0001:000046DD   882 0001:000046F3   884 0001:00004717   888 0001:0000472A
   889 0001:00004742   890 0001:00004762   893 0001:00004774   896 0001:0000478A
   897 0001:00004795   898 0001:000047A0   900 0001:000047B3   901 0001:000047DC
   911 0001:000047FC   912 0001:00004803

Line numbers for BisHttpServerHandlerDefaultWm(smhttphd.bpl\BisHttpServerHandlerDefaultWm.pas) segment .itext

   914 0002:000002D4

Line numbers for BisHttpServerHandlerDefault(smhttphd.bpl\BisHttpServerHandlerDefault.pas) segment .text

    32 0001:00004970    33 0001:00004973    34 0001:00004981    39 0001:00004988
    40 0001:0000499F    41 0001:000049A8    42 0001:000049BB    43 0001:000049C1
    46 0001:000049E0    47 0001:000049EB    48 0001:000049F3    49 0001:000049FF
    52 0001:00004A10    53 0001:00004A11    54 0001:00004A22

Line numbers for BisHttpServerHandlerDefault(smhttphd.bpl\BisHttpServerHandlerDefault.pas) segment .itext

    56 0002:000002DC

Line numbers for .smhttphd(smhttphd.dpk) segment .itext

    36 0002:000002E4

Bound resource files

BisHttpServerHandlerDefaultWm.dfm
smhttphd.res
smhttphd.drf


Program entry point at 0002:000002E4
