
 Start         Length     Name                   Class
 0001:00401000 0003E690H .text                   CODE
 0002:00440000 00000774H .itext                  ICODE
 0003:00441000 00000110H .data                   DATA
 0004:00442000 00000238H .bss                    BSS
 0005:00000000 00000000H .tls                    TLS


Detailed map of segments

 0001:00000000 0000019E C=CODE     S=.text    G=(none)   M=System   ACBP=A9
 0001:000001A0 000001C3 C=CODE     S=.text    G=(none)   M=SysInit  ACBP=A9
 0001:00000364 000000EE C=CODE     S=.text    G=(none)   M=Classes  ACBP=A9
 0001:00000454 0000000E C=CODE     S=.text    G=(none)   M=ActiveX  ACBP=A9
 0001:00000464 0000004C C=CODE     S=.text    G=(none)   M=Windows  ACBP=A9
 0001:000004B0 0000000E C=CODE     S=.text    G=(none)   M=TypInfo  ACBP=A9
 0001:000004C0 000000E6 C=CODE     S=.text    G=(none)   M=SysUtils ACBP=A9
 0001:000005A8 000000A6 C=CODE     S=.text    G=(none)   M=Variants ACBP=A9
 0001:00000650 00000006 C=CODE     S=.text    G=(none)   M=VarUtils ACBP=A9
 0001:00000658 0000000E C=CODE     S=.text    G=(none)   M=BisObject ACBP=A9
 0001:00000668 0000002E C=CODE     S=.text    G=(none)   M=Contnrs  ACBP=A9
 0001:00000698 0000003E C=CODE     S=.text    G=(none)   M=BisCoreObjects ACBP=A9
 0001:000006D8 00000006 C=CODE     S=.text    G=(none)   M=BisConfig ACBP=A9
 0001:000006E0 00000006 C=CODE     S=.text    G=(none)   M=IniFiles ACBP=A9
 0001:000006E8 0000003E C=CODE     S=.text    G=(none)   M=Graphics ACBP=A9
 0001:00000728 00000006 C=CODE     S=.text    G=(none)   M=Registry ACBP=A9
 0001:00000730 00000056 C=CODE     S=.text    G=(none)   M=BisUtils ACBP=A9
 0001:00000788 0000000E C=CODE     S=.text    G=(none)   M=BisVariants ACBP=A9
 0001:00000798 0000002E C=CODE     S=.text    G=(none)   M=BisCore  ACBP=A9
 0001:000007C8 00000066 C=CODE     S=.text    G=(none)   M=BisDataFm ACBP=A9
 0001:00000830 00000006 C=CODE     S=.text    G=(none)   M=BisLogger ACBP=A9
 0001:00000838 00000006 C=CODE     S=.text    G=(none)   M=DECUtil  ACBP=A9
 0001:00000840 00000006 C=CODE     S=.text    G=(none)   M=Hash     ACBP=A9
 0001:00000848 00000006 C=CODE     S=.text    G=(none)   M=Cipher   ACBP=A9
 0001:00000850 00000006 C=CODE     S=.text    G=(none)   M=Cipher1  ACBP=A9
 0001:00000858 00000006 C=CODE     S=.text    G=(none)   M=BisCryptUtils ACBP=A9
 0001:00000860 000000AE C=CODE     S=.text    G=(none)   M=DB       ACBP=A9
 0001:00000910 00000006 C=CODE     S=.text    G=(none)   M=WideStrings ACBP=A9
 0001:00000918 00000006 C=CODE     S=.text    G=(none)   M=FMTBcd   ACBP=A9
 0001:00000920 00000006 C=CODE     S=.text    G=(none)   M=SqlTimSt ACBP=A9
 0001:00000928 0000001E C=CODE     S=.text    G=(none)   M=DateUtils ACBP=A9
 0001:00000948 0000000E C=CODE     S=.text    G=(none)   M=ComObj   ACBP=A9
 0001:00000958 00000036 C=CODE     S=.text    G=(none)   M=kbmMemTable ACBP=A9
 0001:00000990 00000006 C=CODE     S=.text    G=(none)   M=StrUtils ACBP=A9
 0001:00000998 0000018E C=CODE     S=.text    G=(none)   M=Forms    ACBP=A9
 0001:00000B28 00000006 C=CODE     S=.text    G=(none)   M=HelpIntfs ACBP=A9
 0001:00000B30 00000006 C=CODE     S=.text    G=(none)   M=MultiMon ACBP=A9
 0001:00000B38 00000036 C=CODE     S=.text    G=(none)   M=ActnList ACBP=A9
 0001:00000B70 00000006 C=CODE     S=.text    G=(none)   M=Themes   ACBP=A9
 0001:00000B78 0000020E C=CODE     S=.text    G=(none)   M=Controls ACBP=A9
 0001:00000D88 0000000E C=CODE     S=.text    G=(none)   M=Menus    ACBP=A9
 0001:00000D98 00000006 C=CODE     S=.text    G=(none)   M=UxTheme  ACBP=A9
 0001:00000DA0 00000006 C=CODE     S=.text    G=(none)   M=DwmApi   ACBP=A9
 0001:00000DA8 00000016 C=CODE     S=.text    G=(none)   M=Dialogs  ACBP=A9
 0001:00000DC0 00000006 C=CODE     S=.text    G=(none)   M=ShellAPI ACBP=A9
 0001:00000DC8 000000AE C=CODE     S=.text    G=(none)   M=StdCtrls ACBP=A9
 0001:00000E78 00000006 C=CODE     S=.text    G=(none)   M=Printers ACBP=A9
 0001:00000E80 0000003E C=CODE     S=.text    G=(none)   M=ExtCtrls ACBP=A9
 0001:00000EC0 00000006 C=CODE     S=.text    G=(none)   M=GraphUtil ACBP=A9
 0001:00000EC8 00000006 C=CODE     S=.text    G=(none)   M=Clipbrd  ACBP=A9
 0001:00000ED0 00000006 C=CODE     S=.text    G=(none)   M=FlatSB   ACBP=A9
 0001:00000ED8 00000056 C=CODE     S=.text    G=(none)   M=BisDataSet ACBP=A9
 0001:00000F30 00000036 C=CODE     S=.text    G=(none)   M=BisParam ACBP=A9
 0001:00000F68 0000001E C=CODE     S=.text    G=(none)   M=BisFilterGroups ACBP=A9
 0001:00000F88 000000BE C=CODE     S=.text    G=(none)   M=BisParams ACBP=A9
 0001:00001048 00000006 C=CODE     S=.text    G=(none)   M=GIFImage ACBP=A9
 0001:00001050 00000006 C=CODE     S=.text    G=(none)   M=jpeg     ACBP=A9
 0001:00001058 00000036 C=CODE     S=.text    G=(none)   M=BisControls ACBP=A9
 0001:00001090 0000001E C=CODE     S=.text    G=(none)   M=Mask     ACBP=A9
 0001:000010B0 00000006 C=CODE     S=.text    G=(none)   M=RxRichEd ACBP=A9
 0001:000010B8 0000006E C=CODE     S=.text    G=(none)   M=ComCtrls ACBP=A9
 0001:00001128 00000006 C=CODE     S=.text    G=(none)   M=ExtActns ACBP=A9
 0001:00001130 00000006 C=CODE     S=.text    G=(none)   M=ExtDlgs  ACBP=A9
 0001:00001138 00000006 C=CODE     S=.text    G=(none)   M=Buttons  ACBP=A9
 0001:00001140 00000006 C=CODE     S=.text    G=(none)   M=Mapi     ACBP=A9
 0001:00001148 00000006 C=CODE     S=.text    G=(none)   M=OleCtnrs ACBP=A9
 0001:00001150 000000C6 C=CODE     S=.text    G=(none)   M=rxToolEdit ACBP=A9
 0001:00001218 00000006 C=CODE     S=.text    G=(none)   M=rxDateUtil ACBP=A9
 0001:00001220 00000006 C=CODE     S=.text    G=(none)   M=RXCtrls  ACBP=A9
 0001:00001228 00000006 C=CODE     S=.text    G=(none)   M=RxHook   ACBP=A9
 0001:00001230 00000006 C=CODE     S=.text    G=(none)   M=RXConst  ACBP=A9
 0001:00001238 00000006 C=CODE     S=.text    G=(none)   M=rxVclutils ACBP=A9
 0001:00001240 00000006 C=CODE     S=.text    G=(none)   M=RXProps  ACBP=A9
 0001:00001248 00000006 C=CODE     S=.text    G=(none)   M=rxAppUtils ACBP=A9
 0001:00001250 00000006 C=CODE     S=.text    G=(none)   M=RxPrgrss ACBP=A9
 0001:00001258 00000016 C=CODE     S=.text    G=(none)   M=DBCtrls  ACBP=A9
 0001:00001270 00000006 C=CODE     S=.text    G=(none)   M=DBPWDlg  ACBP=A9
 0001:00001278 00000006 C=CODE     S=.text    G=(none)   M=DBLogDlg ACBP=A9
 0001:00001280 00000006 C=CODE     S=.text    G=(none)   M=BisOrders ACBP=A9
 0001:00001288 0000004E C=CODE     S=.text    G=(none)   M=BisFieldNames ACBP=A9
 0001:000012D8 00000006 C=CODE     S=.text    G=(none)   M=BisIfaces ACBP=A9
 0001:000012E0 0000000E C=CODE     S=.text    G=(none)   M=BisPermissions ACBP=A9
 0001:000012F0 0000008E C=CODE     S=.text    G=(none)   M=BisDataEditFm ACBP=A9
 0001:00001380 000000EE C=CODE     S=.text    G=(none)   M=BisFm    ACBP=A9
 0001:00001470 000000FE C=CODE     S=.text    G=(none)   M=BisDataFrm ACBP=A9
 0001:00001570 0000004E C=CODE     S=.text    G=(none)   M=BisFrm   ACBP=A9
 0001:000015C0 00000016 C=CODE     S=.text    G=(none)   M=ActnMan  ACBP=A9
 0001:000015D8 00000006 C=CODE     S=.text    G=(none)   M=ActnMenus ACBP=A9
 0001:000015E0 00000006 C=CODE     S=.text    G=(none)   M=XPStyleActnCtrls ACBP=A9
 0001:000015E8 0000003E C=CODE     S=.text    G=(none)   M=DBGrids  ACBP=A9
 0001:00001628 00000016 C=CODE     S=.text    G=(none)   M=BisDialogs ACBP=A9
 0001:00001640 00000006 C=CODE     S=.text    G=(none)   M=SHDocVw  ACBP=A9
 0001:00001648 00000006 C=CODE     S=.text    G=(none)   M=OleServer ACBP=A9
 0001:00001650 0000000E C=CODE     S=.text    G=(none)   M=OleCtrls ACBP=A9
 0001:00001660 00000006 C=CODE     S=.text    G=(none)   M=AxCtrls  ACBP=A9
 0001:00001668 00000006 C=CODE     S=.text    G=(none)   M=BisFastReportClasses ACBP=A9
 0001:00001670 00000006 C=CODE     S=.text    G=(none)   M=frxClass ACBP=A9
 0001:00001678 00000006 C=CODE     S=.text    G=(none)   M=fs_iinterpreter ACBP=A9
 0001:00001680 00000006 C=CODE     S=.text    G=(none)   M=fs_iconst ACBP=A9
 0001:00001688 00000006 C=CODE     S=.text    G=(none)   M=fs_itools ACBP=A9
 0001:00001690 00000006 C=CODE     S=.text    G=(none)   M=frxRes   ACBP=A9
 0001:00001698 00000006 C=CODE     S=.text    G=(none)   M=frxDMPClass ACBP=A9
 0001:000016A0 00000006 C=CODE     S=.text    G=(none)   M=frxDsgnIntf ACBP=A9
 0001:000016A8 00000006 C=CODE     S=.text    G=(none)   M=fs_iinirtti ACBP=A9
 0001:000016B0 00000006 C=CODE     S=.text    G=(none)   M=fs_idialogsrtti ACBP=A9
 0001:000016B8 00000006 C=CODE     S=.text    G=(none)   M=fs_iclassesrtti ACBP=A9
 0001:000016C0 00000006 C=CODE     S=.text    G=(none)   M=fs_iformsrtti ACBP=A9
 0001:000016C8 00000006 C=CODE     S=.text    G=(none)   M=fs_igraphicsrtti ACBP=A9
 0001:000016D0 00000006 C=CODE     S=.text    G=(none)   M=fs_ijs   ACBP=A9
 0001:000016D8 00000006 C=CODE     S=.text    G=(none)   M=fs_ibasic ACBP=A9
 0001:000016E0 00000006 C=CODE     S=.text    G=(none)   M=fs_icpp  ACBP=A9
 0001:000016E8 00000006 C=CODE     S=.text    G=(none)   M=fs_ipascal ACBP=A9
 0001:000016F0 00000006 C=CODE     S=.text    G=(none)   M=frxClassRTTI ACBP=A9
 0001:000016F8 00000006 C=CODE     S=.text    G=(none)   M=frxPrinter ACBP=A9
 0001:00001700 00000006 C=CODE     S=.text    G=(none)   M=frxPreview ACBP=A9
 0001:00001708 00000006 C=CODE     S=.text    G=(none)   M=frxSearchDialog ACBP=A9
 0001:00001710 00000006 C=CODE     S=.text    G=(none)   M=frxrcClass ACBP=A9
 0001:00001718 00000006 C=CODE     S=.text    G=(none)   M=frxGraphicUtils ACBP=A9
 0001:00001720 00000006 C=CODE     S=.text    G=(none)   M=frxChm   ACBP=A9
 0001:00001728 00000006 C=CODE     S=.text    G=(none)   M=frxDesgn ACBP=A9
 0001:00001730 00000006 C=CODE     S=.text    G=(none)   M=Tabs     ACBP=A9
 0001:00001738 00000006 C=CODE     S=.text    G=(none)   M=frxDataTree ACBP=A9
 0001:00001740 00000006 C=CODE     S=.text    G=(none)   M=frxrcInsp ACBP=A9
 0001:00001748 00000006 C=CODE     S=.text    G=(none)   M=frxUnicodeCtrls ACBP=A9
 0001:00001750 00000006 C=CODE     S=.text    G=(none)   M=frxrcDesgn ACBP=A9
 0001:00001758 00000006 C=CODE     S=.text    G=(none)   M=frxStdWizard ACBP=A9
 0001:00001760 00000006 C=CODE     S=.text    G=(none)   M=CheckLst ACBP=A9
 0001:00001768 00000006 C=CODE     S=.text    G=(none)   M=frxDesgnEditors ACBP=A9
 0001:00001770 00000006 C=CODE     S=.text    G=(none)   M=frxEditFormat ACBP=A9
 0001:00001778 00000006 C=CODE     S=.text    G=(none)   M=BisFastReportControls ACBP=A9
 0001:00001780 00000006 C=CODE     S=.text    G=(none)   M=JclDebug ACBP=A9
 0001:00001788 00000006 C=CODE     S=.text    G=(none)   M=JclSysInfo ACBP=A9
 0001:00001790 00000006 C=CODE     S=.text    G=(none)   M=JclStrings ACBP=A9
 0001:00001798 00000006 C=CODE     S=.text    G=(none)   M=JclSysUtils ACBP=A9
 0001:000017A0 00000006 C=CODE     S=.text    G=(none)   M=JclWideStrings ACBP=A9
 0001:000017A8 00000006 C=CODE     S=.text    G=(none)   M=JclShell ACBP=A9
 0001:000017B0 00000006 C=CODE     S=.text    G=(none)   M=JclRegistry ACBP=A9
 0001:000017B8 00000006 C=CODE     S=.text    G=(none)   M=JclHookExcept ACBP=A9
 0001:000017C0 00000006 C=CODE     S=.text    G=(none)   M=BisTimedMsgFm ACBP=A9
 0001:000017C8 00000006 C=CODE     S=.text    G=(none)   M=BisServiceApplication ACBP=A9
 0001:000017D0 00000006 C=CODE     S=.text    G=(none)   M=BisSvcMgr ACBP=A9
 0001:000017D8 00000006 C=CODE     S=.text    G=(none)   M=SvcMgr   ACBP=A9
 0001:000017E0 00000006 C=CODE     S=.text    G=(none)   M=BisFastReportComponents ACBP=A9
 0001:000017E8 00000006 C=CODE     S=.text    G=(none)   M=frxCustomDB ACBP=A9
 0001:000017F0 00000006 C=CODE     S=.text    G=(none)   M=frxCustomDBRTTI ACBP=A9
 0001:000017F8 00000006 C=CODE     S=.text    G=(none)   M=fs_idbrtti ACBP=A9
 0001:00001800 00000006 C=CODE     S=.text    G=(none)   M=frxCustomDBEditor ACBP=A9
 0001:00001808 00000006 C=CODE     S=.text    G=(none)   M=frxConnWizard ACBP=A9
 0001:00001810 00000006 C=CODE     S=.text    G=(none)   M=frxrcExports ACBP=A9
 0001:00001818 00000006 C=CODE     S=.text    G=(none)   M=frxExportTXT ACBP=A9
 0001:00001820 00000006 C=CODE     S=.text    G=(none)   M=frxExportODF ACBP=A9
 0001:00001828 00000006 C=CODE     S=.text    G=(none)   M=frxNetUtils ACBP=A9
 0001:00001830 00000006 C=CODE     S=.text    G=(none)   M=frxGradient ACBP=A9
 0001:00001838 00000006 C=CODE     S=.text    G=(none)   M=frxGradientRTTI ACBP=A9
 0001:00001840 00000006 C=CODE     S=.text    G=(none)   M=frxDCtrl ACBP=A9
 0001:00001848 00000006 C=CODE     S=.text    G=(none)   M=frxDCtrlRTTI ACBP=A9
 0001:00001850 00000006 C=CODE     S=.text    G=(none)   M=frxBarcode ACBP=A9
 0001:00001858 00000006 C=CODE     S=.text    G=(none)   M=frxBarcod ACBP=A9
 0001:00001860 00000006 C=CODE     S=.text    G=(none)   M=frxBarcodeRTTI ACBP=A9
 0001:00001868 00000006 C=CODE     S=.text    G=(none)   M=frxBarcodeEditor ACBP=A9
 0001:00001870 00000006 C=CODE     S=.text    G=(none)   M=frxOLE   ACBP=A9
 0001:00001878 00000006 C=CODE     S=.text    G=(none)   M=frxOLEEditor ACBP=A9
 0001:00001880 00000006 C=CODE     S=.text    G=(none)   M=frxOLERTTI ACBP=A9
 0001:00001888 00000006 C=CODE     S=.text    G=(none)   M=frxRich  ACBP=A9
 0001:00001890 00000006 C=CODE     S=.text    G=(none)   M=frxRichEdit ACBP=A9
 0001:00001898 00000006 C=CODE     S=.text    G=(none)   M=frxRichEditor ACBP=A9
 0001:000018A0 00000006 C=CODE     S=.text    G=(none)   M=frxRichRTTI ACBP=A9
 0001:000018A8 00000006 C=CODE     S=.text    G=(none)   M=frxCross ACBP=A9
 0001:000018B0 00000006 C=CODE     S=.text    G=(none)   M=frxCrossRTTI ACBP=A9
 0001:000018B8 00000006 C=CODE     S=.text    G=(none)   M=frxCrossEditor ACBP=A9
 0001:000018C0 00000006 C=CODE     S=.text    G=(none)   M=frxChBox ACBP=A9
 0001:000018C8 00000006 C=CODE     S=.text    G=(none)   M=frxChBoxRTTI ACBP=A9
 0001:000018D0 00000006 C=CODE     S=.text    G=(none)   M=frxChart ACBP=A9
 0001:000018D8 00000006 C=CODE     S=.text    G=(none)   M=TeCanvas ACBP=A9
 0001:000018E0 00000006 C=CODE     S=.text    G=(none)   M=TeeConst ACBP=A9
 0001:000018E8 00000006 C=CODE     S=.text    G=(none)   M=TeeHtml  ACBP=A9
 0001:000018F0 00000006 C=CODE     S=.text    G=(none)   M=TeeProcs ACBP=A9
 0001:000018F8 00000006 C=CODE     S=.text    G=(none)   M=Chart    ACBP=A9
 0001:00001900 00000006 C=CODE     S=.text    G=(none)   M=TeEngine ACBP=A9
 0001:00001908 00000006 C=CODE     S=.text    G=(none)   M=frxChartEditor ACBP=A9
 0001:00001910 00000006 C=CODE     S=.text    G=(none)   M=TeeGally ACBP=A9
 0001:00001918 00000006 C=CODE     S=.text    G=(none)   M=TeeGalleryPanel ACBP=A9
 0001:00001920 00000006 C=CODE     S=.text    G=(none)   M=frxChartHelpers ACBP=A9
 0001:00001928 00000006 C=CODE     S=.text    G=(none)   M=ArrowCha ACBP=A9
 0001:00001930 00000006 C=CODE     S=.text    G=(none)   M=BubbleCh ACBP=A9
 0001:00001938 00000006 C=CODE     S=.text    G=(none)   M=TeeShape ACBP=A9
 0001:00001940 00000006 C=CODE     S=.text    G=(none)   M=GanttCh  ACBP=A9
 0001:00001948 00000006 C=CODE     S=.text    G=(none)   M=frxChartRTTI ACBP=A9
 0001:00001950 00000006 C=CODE     S=.text    G=(none)   M=fs_ichartrtti ACBP=A9
 0001:00001958 00000006 C=CODE     S=.text    G=(none)   M=AppEvnts ACBP=A9
 0001:00001960 00000006 C=CODE     S=.text    G=(none)   M=CustomizeDlg ACBP=A9
 0001:00001968 0000004E C=CODE     S=.text    G=(none)   M=BisMDIMainFm ACBP=A9
 0001:000019B8 00000056 C=CODE     S=.text    G=(none)   M=BisCallcConsts ACBP=A9
 0001:00001A10 00000686 C=CODE     S=.text    G=(none)   M=BisCallcMainFm ACBP=A9
 0001:00002098 0000001E C=CODE     S=.text    G=(none)   M=BisDataGridFm ACBP=A9
 0001:000020B8 0000007E C=CODE     S=.text    G=(none)   M=BisDataGridFrm ACBP=A9
 0001:00002138 0000001E C=CODE     S=.text    G=(none)   M=BisDBTree ACBP=A9
 0001:00002158 0000001E C=CODE     S=.text    G=(none)   M=VirtualTrees ACBP=A9
 0001:00002178 00000006 C=CODE     S=.text    G=(none)   M=VTAccessibilityFactory ACBP=A9
 0001:00002180 00000A7E C=CODE     S=.text    G=(none)   M=BisCallcHbookCurrencyEditFm ACBP=A9
 0001:00002C00 000004BE C=CODE     S=.text    G=(none)   M=BisCallcHbookCurrencyFm ACBP=A9
 0001:000030C0 00000B52 C=CODE     S=.text    G=(none)   M=BisCallcHbookVariantEditFm ACBP=A9
 0001:00003C14 000005F2 C=CODE     S=.text    G=(none)   M=BisCallcHbookVariantsFm ACBP=A9
 0001:00004208 00000026 C=CODE     S=.text    G=(none)   M=BisDataTreeFm ACBP=A9
 0001:00004230 0000122A C=CODE     S=.text    G=(none)   M=BisCallcHbookAgreementEditFm ACBP=A9
 0001:0000545C 000005E6 C=CODE     S=.text    G=(none)   M=BisCallcHbookAgreementsFm ACBP=A9
 0001:00005A44 00000B3A C=CODE     S=.text    G=(none)   M=BisCallcHbookAccountFirmEditFm ACBP=A9
 0001:00006580 000004EE C=CODE     S=.text    G=(none)   M=BisCallcHbookAccountFirmsFm ACBP=A9
 0001:00006A70 00000D1E C=CODE     S=.text    G=(none)   M=BisCallcHbookPatternEditFm ACBP=A9
 0001:00007790 000004BA C=CODE     S=.text    G=(none)   M=BisCallcHbookPatternsFm ACBP=A9
 0001:00007C4C 00000B7A C=CODE     S=.text    G=(none)   M=BisCallcHbookGroupEditFm ACBP=A9
 0001:000087C8 000005CE C=CODE     S=.text    G=(none)   M=BisCallcHbookGroupsFm ACBP=A9
 0001:00008D98 00000BBA C=CODE     S=.text    G=(none)   M=BisCallcHbookAccountGroupEditFm ACBP=A9
 0001:00009954 0000053E C=CODE     S=.text    G=(none)   M=BisCallcHbookAccountGroupsFm ACBP=A9
 0001:00009E94 00000BB2 C=CODE     S=.text    G=(none)   M=BisCallcHbookActionEditFm ACBP=A9
 0001:0000AA48 00000596 C=CODE     S=.text    G=(none)   M=BisCallcHbookActionsFm ACBP=A9
 0001:0000AFE0 00000BE2 C=CODE     S=.text    G=(none)   M=BisCallcHbookAccountActionEditFm ACBP=A9
 0001:0000BBC4 00000546 C=CODE     S=.text    G=(none)   M=BisCallcHbookAccountActionsFm ACBP=A9
 0001:0000C10C 00000C66 C=CODE     S=.text    G=(none)   M=BisCallcHbookResultEditFm ACBP=A9
 0001:0000CD74 0000056E C=CODE     S=.text    G=(none)   M=BisCallcHbookResultsFm ACBP=A9
 0001:0000D2E4 00000B7E C=CODE     S=.text    G=(none)   M=BisCallcHbookActionResultEditFm ACBP=A9
 0001:0000DE64 0000053A C=CODE     S=.text    G=(none)   M=BisCallcHbookActionResultsFm ACBP=A9
 0001:0000E3A0 00000B6A C=CODE     S=.text    G=(none)   M=BisCallcHbookStatusEditFm ACBP=A9
 0001:0000EF0C 000004FE C=CODE     S=.text    G=(none)   M=BisCallcHbookStatusesFm ACBP=A9
 0001:0000F40C 0000302E C=CODE     S=.text    G=(none)   M=BisCallcBiasFIO ACBP=A9
 0001:0001243C 0000166A C=CODE     S=.text    G=(none)   M=BisCallcHbookCaseEditFm ACBP=A9
 0001:00013AA8 0000069A C=CODE     S=.text    G=(none)   M=BisCallcHbookCasesFm ACBP=A9
 0001:00014144 00000FAA C=CODE     S=.text    G=(none)   M=BisCallcHbookDebtorHistoriesFm ACBP=A9
 0001:000150F0 00001C2A C=CODE     S=.text    G=(none)   M=BisCallcHbookDebtorEditFm ACBP=A9
 0001:00016D1C 00000986 C=CODE     S=.text    G=(none)   M=BisCallcHbookDebtorsFm ACBP=A9
 0001:000176A4 000009B2 C=CODE     S=.text    G=(none)   M=BisCallcHbookPlanEditFm ACBP=A9
 0001:00018058 00000486 C=CODE     S=.text    G=(none)   M=BisCallcHbookPlansFm ACBP=A9
 0001:000184E0 0000125A C=CODE     S=.text    G=(none)   M=BisCallcHbookDealEditFm ACBP=A9
 0001:0001973C 000006EE C=CODE     S=.text    G=(none)   M=BisCallcHbookDealsFm ACBP=A9
 0001:00019E2C 000015FE C=CODE     S=.text    G=(none)   M=BisCallcHbookPaymentEditFm ACBP=A9
 0001:0001B42C 0000074E C=CODE     S=.text    G=(none)   M=BisCallcHbookPaymentsFm ACBP=A9
 0001:0001BB7C 000011CE C=CODE     S=.text    G=(none)   M=BisCallcHbookTaskEditFm ACBP=A9
 0001:0001CD4C 00000772 C=CODE     S=.text    G=(none)   M=BisCallcHbookTasksFm ACBP=A9
 0001:0001D4C0 0000172A C=CODE     S=.text    G=(none)   M=BisCallcHbookTaskDocumentEditFm ACBP=A9
 0001:0001EBEC 0000075A C=CODE     S=.text    G=(none)   M=BisCallcHbookTaskDocumentsFm ACBP=A9
 0001:0001F348 00000616 C=CODE     S=.text    G=(none)   M=BisCallcTaskFrm ACBP=A9
 0001:0001F960 0000023A C=CODE     S=.text    G=(none)   M=BisCallcReadinessFm ACBP=A9
 0001:0001FB9C 00000306 C=CODE     S=.text    G=(none)   M=BisCallcTaskExecuteInfoFm ACBP=A9
 0001:0001FEA4 00002D96 C=CODE     S=.text    G=(none)   M=BisCallcTaskFm ACBP=A9
 0001:00022C3C 0000004E C=CODE     S=.text    G=(none)   M=BisTapi  ACBP=A9
 0001:00022C8C 00000006 C=CODE     S=.text    G=(none)   M=TAPISystem ACBP=A9
 0001:00022C94 0000099A C=CODE     S=.text    G=(none)   M=BisCallcDealFrameTasksFrm ACBP=A9
 0001:00023630 0000102E C=CODE     S=.text    G=(none)   M=BisCallcDealFramePaymentsFrm ACBP=A9
 0001:00024660 00001312 C=CODE     S=.text    G=(none)   M=BisCallcDealFrameDocumentsFrm ACBP=A9
 0001:00025974 0000000E C=CODE     S=.text    G=(none)   M=BisCodec ACBP=A9
 0001:00025984 00000006 C=CODE     S=.text    G=(none)   M=ACS_Classes ACBP=A9
 0001:0002598C 00000006 C=CODE     S=.text    G=(none)   M=ACS_Tags ACBP=A9
 0001:00025994 00006622 C=CODE     S=.text    G=(none)   M=BisCallcDealFrm ACBP=A9
 0001:0002BFB8 000004D6 C=CODE     S=.text    G=(none)   M=BisCallcTaskOperatorFm ACBP=A9
 0001:0002C490 00000772 C=CODE     S=.text    G=(none)   M=BisCallcDealsFrameTasksFilterFm ACBP=A9
 0001:0002CC04 00000622 C=CODE     S=.text    G=(none)   M=BisCallcDealEditFm ACBP=A9
 0001:0002D228 00002DE2 C=CODE     S=.text    G=(none)   M=BisCallcDealsFrameTasksFrm ACBP=A9
 0001:0003000C 00000FAA C=CODE     S=.text    G=(none)   M=BisCallcDealsFrm ACBP=A9
 0001:00030FB8 0000040A C=CODE     S=.text    G=(none)   M=BisCallcTaskLeaderFm ACBP=A9
 0001:000313C4 00000402 C=CODE     S=.text    G=(none)   M=BisCallcTaskClerkFm ACBP=A9
 0001:000317C8 00000412 C=CODE     S=.text    G=(none)   M=BisCallcTaskManagerFm ACBP=A9
 0001:00031BDC 00000BB6 C=CODE     S=.text    G=(none)   M=BisCallcHbookPlanActionEditFm ACBP=A9
 0001:00032794 00000552 C=CODE     S=.text    G=(none)   M=BisCallcHbookPlanActionsFm ACBP=A9
 0001:00032CE8 00000036 C=CODE     S=.text    G=(none)   M=BisXmlDocument ACBP=A9
 0001:00032D20 00000006 C=CODE     S=.text    G=(none)   M=ALfcnString ACBP=A9
 0001:00032D28 00000006 C=CODE     S=.text    G=(none)   M=ALCPUID  ACBP=A9
 0001:00032D30 00000006 C=CODE     S=.text    G=(none)   M=ALFcnHTML ACBP=A9
 0001:00032D38 0000518E C=CODE     S=.text    G=(none)   M=BisCallcImportFm ACBP=A9
 0001:00037EC8 00000BD6 C=CODE     S=.text    G=(none)   M=BisCallcHbookActionReportEditFm ACBP=A9
 0001:00038AA0 00000536 C=CODE     S=.text    G=(none)   M=BisCallcHbookActionReportsFm ACBP=A9
 0001:00038FD8 0000099E C=CODE     S=.text    G=(none)   M=BisCallcTakeBellFilterFm ACBP=A9
 0001:00039978 000034EE C=CODE     S=.text    G=(none)   M=BisCallcTakeBellFrm ACBP=A9
 0001:0003CE68 00000582 C=CODE     S=.text    G=(none)   M=BisCallcTakeBellFm ACBP=A9
 0001:0003D3EC 000001B2 C=CODE     S=.text    G=(none)   M=BisCallc ACBP=A9
 0001:0003D5A0 000010EF C=CODE     S=.text    G=(none)   M=.imcallc ACBP=A9
 0002:00000000 00000006 C=ICODE    S=.itext   G=(none)   M=System   ACBP=A9
 0002:00000008 00000006 C=ICODE    S=.itext   G=(none)   M=Classes  ACBP=A9
 0002:00000010 00000011 C=ICODE    S=.itext   G=(none)   M=Windows  ACBP=A9
 0002:00000024 00000006 C=ICODE    S=.itext   G=(none)   M=TypInfo  ACBP=A9
 0002:0000002C 00000006 C=ICODE    S=.itext   G=(none)   M=SysUtils ACBP=A9
 0002:00000034 00000006 C=ICODE    S=.itext   G=(none)   M=Variants ACBP=A9
 0002:0000003C 00000006 C=ICODE    S=.itext   G=(none)   M=VarUtils ACBP=A9
 0002:00000044 00000006 C=ICODE    S=.itext   G=(none)   M=IniFiles ACBP=A9
 0002:0000004C 00000006 C=ICODE    S=.itext   G=(none)   M=Graphics ACBP=A9
 0002:00000054 00000006 C=ICODE    S=.itext   G=(none)   M=Registry ACBP=A9
 0002:0000005C 00000006 C=ICODE    S=.itext   G=(none)   M=BisUtils ACBP=A9
 0002:00000064 00000006 C=ICODE    S=.itext   G=(none)   M=BisCore  ACBP=A9
 0002:0000006C 00000006 C=ICODE    S=.itext   G=(none)   M=DECUtil  ACBP=A9
 0002:00000074 00000006 C=ICODE    S=.itext   G=(none)   M=Hash     ACBP=A9
 0002:0000007C 00000006 C=ICODE    S=.itext   G=(none)   M=Cipher   ACBP=A9
 0002:00000084 00000006 C=ICODE    S=.itext   G=(none)   M=Cipher1  ACBP=A9
 0002:0000008C 00000006 C=ICODE    S=.itext   G=(none)   M=BisCryptUtils ACBP=A9
 0002:00000094 00000006 C=ICODE    S=.itext   G=(none)   M=DB       ACBP=A9
 0002:0000009C 00000006 C=ICODE    S=.itext   G=(none)   M=WideStrings ACBP=A9
 0002:000000A4 00000006 C=ICODE    S=.itext   G=(none)   M=FMTBcd   ACBP=A9
 0002:000000AC 00000006 C=ICODE    S=.itext   G=(none)   M=SqlTimSt ACBP=A9
 0002:000000B4 00000006 C=ICODE    S=.itext   G=(none)   M=ComObj   ACBP=A9
 0002:000000BC 00000006 C=ICODE    S=.itext   G=(none)   M=kbmMemTable ACBP=A9
 0002:000000C4 00000006 C=ICODE    S=.itext   G=(none)   M=Forms    ACBP=A9
 0002:000000CC 00000006 C=ICODE    S=.itext   G=(none)   M=HelpIntfs ACBP=A9
 0002:000000D4 00000006 C=ICODE    S=.itext   G=(none)   M=MultiMon ACBP=A9
 0002:000000DC 00000006 C=ICODE    S=.itext   G=(none)   M=ActnList ACBP=A9
 0002:000000E4 00000006 C=ICODE    S=.itext   G=(none)   M=Themes   ACBP=A9
 0002:000000EC 00000006 C=ICODE    S=.itext   G=(none)   M=Controls ACBP=A9
 0002:000000F4 00000006 C=ICODE    S=.itext   G=(none)   M=Menus    ACBP=A9
 0002:000000FC 00000006 C=ICODE    S=.itext   G=(none)   M=UxTheme  ACBP=A9
 0002:00000104 00000006 C=ICODE    S=.itext   G=(none)   M=DwmApi   ACBP=A9
 0002:0000010C 00000006 C=ICODE    S=.itext   G=(none)   M=Dialogs  ACBP=A9
 0002:00000114 00000006 C=ICODE    S=.itext   G=(none)   M=Printers ACBP=A9
 0002:0000011C 00000006 C=ICODE    S=.itext   G=(none)   M=ExtCtrls ACBP=A9
 0002:00000124 00000006 C=ICODE    S=.itext   G=(none)   M=GraphUtil ACBP=A9
 0002:0000012C 00000006 C=ICODE    S=.itext   G=(none)   M=Clipbrd  ACBP=A9
 0002:00000134 00000006 C=ICODE    S=.itext   G=(none)   M=FlatSB   ACBP=A9
 0002:0000013C 00000006 C=ICODE    S=.itext   G=(none)   M=GIFImage ACBP=A9
 0002:00000144 00000006 C=ICODE    S=.itext   G=(none)   M=jpeg     ACBP=A9
 0002:0000014C 00000006 C=ICODE    S=.itext   G=(none)   M=RxRichEd ACBP=A9
 0002:00000154 00000006 C=ICODE    S=.itext   G=(none)   M=ComCtrls ACBP=A9
 0002:0000015C 00000006 C=ICODE    S=.itext   G=(none)   M=ExtActns ACBP=A9
 0002:00000164 00000006 C=ICODE    S=.itext   G=(none)   M=ExtDlgs  ACBP=A9
 0002:0000016C 00000006 C=ICODE    S=.itext   G=(none)   M=Buttons  ACBP=A9
 0002:00000174 00000006 C=ICODE    S=.itext   G=(none)   M=Mapi     ACBP=A9
 0002:0000017C 00000006 C=ICODE    S=.itext   G=(none)   M=OleCtnrs ACBP=A9
 0002:00000184 00000006 C=ICODE    S=.itext   G=(none)   M=rxToolEdit ACBP=A9
 0002:0000018C 00000006 C=ICODE    S=.itext   G=(none)   M=rxDateUtil ACBP=A9
 0002:00000194 00000006 C=ICODE    S=.itext   G=(none)   M=RXCtrls  ACBP=A9
 0002:0000019C 00000006 C=ICODE    S=.itext   G=(none)   M=RxHook   ACBP=A9
 0002:000001A4 00000006 C=ICODE    S=.itext   G=(none)   M=RXConst  ACBP=A9
 0002:000001AC 00000006 C=ICODE    S=.itext   G=(none)   M=rxVclutils ACBP=A9
 0002:000001B4 00000006 C=ICODE    S=.itext   G=(none)   M=RXProps  ACBP=A9
 0002:000001BC 00000006 C=ICODE    S=.itext   G=(none)   M=rxAppUtils ACBP=A9
 0002:000001C4 00000006 C=ICODE    S=.itext   G=(none)   M=RxPrgrss ACBP=A9
 0002:000001CC 00000006 C=ICODE    S=.itext   G=(none)   M=DBCtrls  ACBP=A9
 0002:000001D4 00000006 C=ICODE    S=.itext   G=(none)   M=DBPWDlg  ACBP=A9
 0002:000001DC 00000006 C=ICODE    S=.itext   G=(none)   M=DBLogDlg ACBP=A9
 0002:000001E4 00000006 C=ICODE    S=.itext   G=(none)   M=ActnMan  ACBP=A9
 0002:000001EC 00000006 C=ICODE    S=.itext   G=(none)   M=ActnMenus ACBP=A9
 0002:000001F4 00000006 C=ICODE    S=.itext   G=(none)   M=XPStyleActnCtrls ACBP=A9
 0002:000001FC 00000006 C=ICODE    S=.itext   G=(none)   M=OleServer ACBP=A9
 0002:00000204 00000006 C=ICODE    S=.itext   G=(none)   M=OleCtrls ACBP=A9
 0002:0000020C 00000006 C=ICODE    S=.itext   G=(none)   M=AxCtrls  ACBP=A9
 0002:00000214 00000006 C=ICODE    S=.itext   G=(none)   M=BisFastReportClasses ACBP=A9
 0002:0000021C 00000006 C=ICODE    S=.itext   G=(none)   M=frxClass ACBP=A9
 0002:00000224 00000006 C=ICODE    S=.itext   G=(none)   M=fs_iinterpreter ACBP=A9
 0002:0000022C 00000006 C=ICODE    S=.itext   G=(none)   M=fs_iconst ACBP=A9
 0002:00000234 00000006 C=ICODE    S=.itext   G=(none)   M=fs_itools ACBP=A9
 0002:0000023C 00000006 C=ICODE    S=.itext   G=(none)   M=frxRes   ACBP=A9
 0002:00000244 00000006 C=ICODE    S=.itext   G=(none)   M=frxDMPClass ACBP=A9
 0002:0000024C 00000006 C=ICODE    S=.itext   G=(none)   M=frxDsgnIntf ACBP=A9
 0002:00000254 00000006 C=ICODE    S=.itext   G=(none)   M=fs_iinirtti ACBP=A9
 0002:0000025C 00000006 C=ICODE    S=.itext   G=(none)   M=fs_idialogsrtti ACBP=A9
 0002:00000264 00000006 C=ICODE    S=.itext   G=(none)   M=fs_iclassesrtti ACBP=A9
 0002:0000026C 00000006 C=ICODE    S=.itext   G=(none)   M=fs_iformsrtti ACBP=A9
 0002:00000274 00000006 C=ICODE    S=.itext   G=(none)   M=fs_igraphicsrtti ACBP=A9
 0002:0000027C 00000006 C=ICODE    S=.itext   G=(none)   M=fs_ijs   ACBP=A9
 0002:00000284 00000006 C=ICODE    S=.itext   G=(none)   M=fs_ibasic ACBP=A9
 0002:0000028C 00000006 C=ICODE    S=.itext   G=(none)   M=fs_icpp  ACBP=A9
 0002:00000294 00000006 C=ICODE    S=.itext   G=(none)   M=fs_ipascal ACBP=A9
 0002:0000029C 00000006 C=ICODE    S=.itext   G=(none)   M=frxClassRTTI ACBP=A9
 0002:000002A4 00000006 C=ICODE    S=.itext   G=(none)   M=frxPrinter ACBP=A9
 0002:000002AC 00000006 C=ICODE    S=.itext   G=(none)   M=frxPreview ACBP=A9
 0002:000002B4 00000006 C=ICODE    S=.itext   G=(none)   M=frxSearchDialog ACBP=A9
 0002:000002BC 00000006 C=ICODE    S=.itext   G=(none)   M=frxrcClass ACBP=A9
 0002:000002C4 00000006 C=ICODE    S=.itext   G=(none)   M=frxGraphicUtils ACBP=A9
 0002:000002CC 00000006 C=ICODE    S=.itext   G=(none)   M=frxChm   ACBP=A9
 0002:000002D4 00000006 C=ICODE    S=.itext   G=(none)   M=frxDesgn ACBP=A9
 0002:000002DC 00000006 C=ICODE    S=.itext   G=(none)   M=Tabs     ACBP=A9
 0002:000002E4 00000006 C=ICODE    S=.itext   G=(none)   M=frxDataTree ACBP=A9
 0002:000002EC 00000006 C=ICODE    S=.itext   G=(none)   M=frxrcInsp ACBP=A9
 0002:000002F4 00000006 C=ICODE    S=.itext   G=(none)   M=frxUnicodeCtrls ACBP=A9
 0002:000002FC 00000006 C=ICODE    S=.itext   G=(none)   M=frxrcDesgn ACBP=A9
 0002:00000304 00000006 C=ICODE    S=.itext   G=(none)   M=frxStdWizard ACBP=A9
 0002:0000030C 00000006 C=ICODE    S=.itext   G=(none)   M=CheckLst ACBP=A9
 0002:00000314 00000006 C=ICODE    S=.itext   G=(none)   M=frxDesgnEditors ACBP=A9
 0002:0000031C 00000006 C=ICODE    S=.itext   G=(none)   M=frxEditFormat ACBP=A9
 0002:00000324 00000006 C=ICODE    S=.itext   G=(none)   M=BisFastReportControls ACBP=A9
 0002:0000032C 00000006 C=ICODE    S=.itext   G=(none)   M=JclDebug ACBP=A9
 0002:00000334 00000006 C=ICODE    S=.itext   G=(none)   M=JclSysInfo ACBP=A9
 0002:0000033C 00000006 C=ICODE    S=.itext   G=(none)   M=JclStrings ACBP=A9
 0002:00000344 00000006 C=ICODE    S=.itext   G=(none)   M=JclSysUtils ACBP=A9
 0002:0000034C 00000006 C=ICODE    S=.itext   G=(none)   M=JclWideStrings ACBP=A9
 0002:00000354 00000006 C=ICODE    S=.itext   G=(none)   M=JclShell ACBP=A9
 0002:0000035C 00000006 C=ICODE    S=.itext   G=(none)   M=JclRegistry ACBP=A9
 0002:00000364 00000006 C=ICODE    S=.itext   G=(none)   M=JclHookExcept ACBP=A9
 0002:0000036C 00000006 C=ICODE    S=.itext   G=(none)   M=BisTimedMsgFm ACBP=A9
 0002:00000374 00000006 C=ICODE    S=.itext   G=(none)   M=BisServiceApplication ACBP=A9
 0002:0000037C 00000006 C=ICODE    S=.itext   G=(none)   M=BisSvcMgr ACBP=A9
 0002:00000384 00000006 C=ICODE    S=.itext   G=(none)   M=SvcMgr   ACBP=A9
 0002:0000038C 00000006 C=ICODE    S=.itext   G=(none)   M=BisFastReportComponents ACBP=A9
 0002:00000394 00000006 C=ICODE    S=.itext   G=(none)   M=frxCustomDB ACBP=A9
 0002:0000039C 00000006 C=ICODE    S=.itext   G=(none)   M=frxCustomDBRTTI ACBP=A9
 0002:000003A4 00000006 C=ICODE    S=.itext   G=(none)   M=fs_idbrtti ACBP=A9
 0002:000003AC 00000006 C=ICODE    S=.itext   G=(none)   M=frxCustomDBEditor ACBP=A9
 0002:000003B4 00000006 C=ICODE    S=.itext   G=(none)   M=frxConnWizard ACBP=A9
 0002:000003BC 00000006 C=ICODE    S=.itext   G=(none)   M=frxrcExports ACBP=A9
 0002:000003C4 00000006 C=ICODE    S=.itext   G=(none)   M=frxExportTXT ACBP=A9
 0002:000003CC 00000006 C=ICODE    S=.itext   G=(none)   M=frxExportODF ACBP=A9
 0002:000003D4 00000006 C=ICODE    S=.itext   G=(none)   M=frxNetUtils ACBP=A9
 0002:000003DC 00000006 C=ICODE    S=.itext   G=(none)   M=frxGradient ACBP=A9
 0002:000003E4 00000006 C=ICODE    S=.itext   G=(none)   M=frxGradientRTTI ACBP=A9
 0002:000003EC 00000006 C=ICODE    S=.itext   G=(none)   M=frxDCtrl ACBP=A9
 0002:000003F4 00000006 C=ICODE    S=.itext   G=(none)   M=frxDCtrlRTTI ACBP=A9
 0002:000003FC 00000006 C=ICODE    S=.itext   G=(none)   M=frxBarcode ACBP=A9
 0002:00000404 00000006 C=ICODE    S=.itext   G=(none)   M=frxBarcod ACBP=A9
 0002:0000040C 00000006 C=ICODE    S=.itext   G=(none)   M=frxBarcodeRTTI ACBP=A9
 0002:00000414 00000006 C=ICODE    S=.itext   G=(none)   M=frxBarcodeEditor ACBP=A9
 0002:0000041C 00000006 C=ICODE    S=.itext   G=(none)   M=frxOLE   ACBP=A9
 0002:00000424 00000006 C=ICODE    S=.itext   G=(none)   M=frxOLEEditor ACBP=A9
 0002:0000042C 00000006 C=ICODE    S=.itext   G=(none)   M=frxOLERTTI ACBP=A9
 0002:00000434 00000006 C=ICODE    S=.itext   G=(none)   M=frxRich  ACBP=A9
 0002:0000043C 00000006 C=ICODE    S=.itext   G=(none)   M=frxRichEdit ACBP=A9
 0002:00000444 00000006 C=ICODE    S=.itext   G=(none)   M=frxRichEditor ACBP=A9
 0002:0000044C 00000006 C=ICODE    S=.itext   G=(none)   M=frxRichRTTI ACBP=A9
 0002:00000454 00000006 C=ICODE    S=.itext   G=(none)   M=frxCross ACBP=A9
 0002:0000045C 00000006 C=ICODE    S=.itext   G=(none)   M=frxCrossRTTI ACBP=A9
 0002:00000464 00000006 C=ICODE    S=.itext   G=(none)   M=frxCrossEditor ACBP=A9
 0002:0000046C 00000006 C=ICODE    S=.itext   G=(none)   M=frxChBox ACBP=A9
 0002:00000474 00000006 C=ICODE    S=.itext   G=(none)   M=frxChBoxRTTI ACBP=A9
 0002:0000047C 00000006 C=ICODE    S=.itext   G=(none)   M=frxChart ACBP=A9
 0002:00000484 00000006 C=ICODE    S=.itext   G=(none)   M=TeCanvas ACBP=A9
 0002:0000048C 00000006 C=ICODE    S=.itext   G=(none)   M=TeeConst ACBP=A9
 0002:00000494 00000006 C=ICODE    S=.itext   G=(none)   M=TeeHtml  ACBP=A9
 0002:0000049C 00000006 C=ICODE    S=.itext   G=(none)   M=TeeProcs ACBP=A9
 0002:000004A4 00000006 C=ICODE    S=.itext   G=(none)   M=Chart    ACBP=A9
 0002:000004AC 00000006 C=ICODE    S=.itext   G=(none)   M=TeEngine ACBP=A9
 0002:000004B4 00000006 C=ICODE    S=.itext   G=(none)   M=frxChartEditor ACBP=A9
 0002:000004BC 00000006 C=ICODE    S=.itext   G=(none)   M=TeeGally ACBP=A9
 0002:000004C4 00000006 C=ICODE    S=.itext   G=(none)   M=TeeGalleryPanel ACBP=A9
 0002:000004CC 00000006 C=ICODE    S=.itext   G=(none)   M=frxChartHelpers ACBP=A9
 0002:000004D4 00000006 C=ICODE    S=.itext   G=(none)   M=ArrowCha ACBP=A9
 0002:000004DC 00000006 C=ICODE    S=.itext   G=(none)   M=BubbleCh ACBP=A9
 0002:000004E4 00000006 C=ICODE    S=.itext   G=(none)   M=TeeShape ACBP=A9
 0002:000004EC 00000006 C=ICODE    S=.itext   G=(none)   M=GanttCh  ACBP=A9
 0002:000004F4 00000006 C=ICODE    S=.itext   G=(none)   M=frxChartRTTI ACBP=A9
 0002:000004FC 00000006 C=ICODE    S=.itext   G=(none)   M=fs_ichartrtti ACBP=A9
 0002:00000504 00000006 C=ICODE    S=.itext   G=(none)   M=AppEvnts ACBP=A9
 0002:0000050C 00000006 C=ICODE    S=.itext   G=(none)   M=CustomizeDlg ACBP=A9
 0002:00000514 00000008 C=ICODE    S=.itext   G=(none)   M=BisCallcConsts ACBP=A9
 0002:0000051C 00000008 C=ICODE    S=.itext   G=(none)   M=BisCallcMainFm ACBP=A9
 0002:00000524 00000006 C=ICODE    S=.itext   G=(none)   M=VirtualTrees ACBP=A9
 0002:0000052C 00000006 C=ICODE    S=.itext   G=(none)   M=VTAccessibilityFactory ACBP=A9
 0002:00000534 00000008 C=ICODE    S=.itext   G=(none)   M=BisCallcHbookCurrencyEditFm ACBP=A9
 0002:0000053C 00000008 C=ICODE    S=.itext   G=(none)   M=BisCallcHbookCurrencyFm ACBP=A9
 0002:00000544 00000008 C=ICODE    S=.itext   G=(none)   M=BisCallcHbookVariantEditFm ACBP=A9
 0002:0000054C 00000008 C=ICODE    S=.itext   G=(none)   M=BisCallcHbookVariantsFm ACBP=A9
 0002:00000554 00000008 C=ICODE    S=.itext   G=(none)   M=BisCallcHbookAgreementEditFm ACBP=A9
 0002:0000055C 00000008 C=ICODE    S=.itext   G=(none)   M=BisCallcHbookAgreementsFm ACBP=A9
 0002:00000564 00000008 C=ICODE    S=.itext   G=(none)   M=BisCallcHbookAccountFirmEditFm ACBP=A9
 0002:0000056C 00000008 C=ICODE    S=.itext   G=(none)   M=BisCallcHbookAccountFirmsFm ACBP=A9
 0002:00000574 00000008 C=ICODE    S=.itext   G=(none)   M=BisCallcHbookPatternEditFm ACBP=A9
 0002:0000057C 00000008 C=ICODE    S=.itext   G=(none)   M=BisCallcHbookPatternsFm ACBP=A9
 0002:00000584 00000008 C=ICODE    S=.itext   G=(none)   M=BisCallcHbookGroupEditFm ACBP=A9
 0002:0000058C 00000008 C=ICODE    S=.itext   G=(none)   M=BisCallcHbookGroupsFm ACBP=A9
 0002:00000594 00000008 C=ICODE    S=.itext   G=(none)   M=BisCallcHbookAccountGroupEditFm ACBP=A9
 0002:0000059C 00000008 C=ICODE    S=.itext   G=(none)   M=BisCallcHbookAccountGroupsFm ACBP=A9
 0002:000005A4 00000008 C=ICODE    S=.itext   G=(none)   M=BisCallcHbookActionEditFm ACBP=A9
 0002:000005AC 00000008 C=ICODE    S=.itext   G=(none)   M=BisCallcHbookActionsFm ACBP=A9
 0002:000005B4 00000008 C=ICODE    S=.itext   G=(none)   M=BisCallcHbookAccountActionEditFm ACBP=A9
 0002:000005BC 00000008 C=ICODE    S=.itext   G=(none)   M=BisCallcHbookAccountActionsFm ACBP=A9
 0002:000005C4 00000008 C=ICODE    S=.itext   G=(none)   M=BisCallcHbookResultEditFm ACBP=A9
 0002:000005CC 00000008 C=ICODE    S=.itext   G=(none)   M=BisCallcHbookResultsFm ACBP=A9
 0002:000005D4 00000008 C=ICODE    S=.itext   G=(none)   M=BisCallcHbookActionResultEditFm ACBP=A9
 0002:000005DC 00000008 C=ICODE    S=.itext   G=(none)   M=BisCallcHbookActionResultsFm ACBP=A9
 0002:000005E4 00000008 C=ICODE    S=.itext   G=(none)   M=BisCallcHbookStatusEditFm ACBP=A9
 0002:000005EC 00000008 C=ICODE    S=.itext   G=(none)   M=BisCallcHbookStatusesFm ACBP=A9
 0002:000005F4 00000008 C=ICODE    S=.itext   G=(none)   M=BisCallcBiasFIO ACBP=A9
 0002:000005FC 00000008 C=ICODE    S=.itext   G=(none)   M=BisCallcHbookCaseEditFm ACBP=A9
 0002:00000604 00000008 C=ICODE    S=.itext   G=(none)   M=BisCallcHbookCasesFm ACBP=A9
 0002:0000060C 00000008 C=ICODE    S=.itext   G=(none)   M=BisCallcHbookDebtorHistoriesFm ACBP=A9
 0002:00000614 00000008 C=ICODE    S=.itext   G=(none)   M=BisCallcHbookDebtorEditFm ACBP=A9
 0002:0000061C 00000008 C=ICODE    S=.itext   G=(none)   M=BisCallcHbookDebtorsFm ACBP=A9
 0002:00000624 00000008 C=ICODE    S=.itext   G=(none)   M=BisCallcHbookPlanEditFm ACBP=A9
 0002:0000062C 00000008 C=ICODE    S=.itext   G=(none)   M=BisCallcHbookPlansFm ACBP=A9
 0002:00000634 00000008 C=ICODE    S=.itext   G=(none)   M=BisCallcHbookDealEditFm ACBP=A9
 0002:0000063C 00000008 C=ICODE    S=.itext   G=(none)   M=BisCallcHbookDealsFm ACBP=A9
 0002:00000644 00000008 C=ICODE    S=.itext   G=(none)   M=BisCallcHbookPaymentEditFm ACBP=A9
 0002:0000064C 00000008 C=ICODE    S=.itext   G=(none)   M=BisCallcHbookPaymentsFm ACBP=A9
 0002:00000654 00000008 C=ICODE    S=.itext   G=(none)   M=BisCallcHbookTaskEditFm ACBP=A9
 0002:0000065C 00000008 C=ICODE    S=.itext   G=(none)   M=BisCallcHbookTasksFm ACBP=A9
 0002:00000664 00000008 C=ICODE    S=.itext   G=(none)   M=BisCallcHbookTaskDocumentEditFm ACBP=A9
 0002:0000066C 00000008 C=ICODE    S=.itext   G=(none)   M=BisCallcHbookTaskDocumentsFm ACBP=A9
 0002:00000674 00000008 C=ICODE    S=.itext   G=(none)   M=BisCallcTaskFrm ACBP=A9
 0002:0000067C 00000008 C=ICODE    S=.itext   G=(none)   M=BisCallcReadinessFm ACBP=A9
 0002:00000684 00000008 C=ICODE    S=.itext   G=(none)   M=BisCallcTaskExecuteInfoFm ACBP=A9
 0002:0000068C 00000008 C=ICODE    S=.itext   G=(none)   M=BisCallcTaskFm ACBP=A9
 0002:00000694 00000006 C=ICODE    S=.itext   G=(none)   M=TAPISystem ACBP=A9
 0002:0000069C 00000008 C=ICODE    S=.itext   G=(none)   M=BisCallcDealFrameTasksFrm ACBP=A9
 0002:000006A4 00000008 C=ICODE    S=.itext   G=(none)   M=BisCallcDealFramePaymentsFrm ACBP=A9
 0002:000006AC 00000008 C=ICODE    S=.itext   G=(none)   M=BisCallcDealFrameDocumentsFrm ACBP=A9
 0002:000006B4 00000006 C=ICODE    S=.itext   G=(none)   M=ACS_Classes ACBP=A9
 0002:000006BC 00000006 C=ICODE    S=.itext   G=(none)   M=ACS_Tags ACBP=A9
 0002:000006C4 00000008 C=ICODE    S=.itext   G=(none)   M=BisCallcDealFrm ACBP=A9
 0002:000006CC 00000008 C=ICODE    S=.itext   G=(none)   M=BisCallcTaskOperatorFm ACBP=A9
 0002:000006D4 00000008 C=ICODE    S=.itext   G=(none)   M=BisCallcDealsFrameTasksFilterFm ACBP=A9
 0002:000006DC 00000008 C=ICODE    S=.itext   G=(none)   M=BisCallcDealEditFm ACBP=A9
 0002:000006E4 00000008 C=ICODE    S=.itext   G=(none)   M=BisCallcDealsFrameTasksFrm ACBP=A9
 0002:000006EC 00000008 C=ICODE    S=.itext   G=(none)   M=BisCallcDealsFrm ACBP=A9
 0002:000006F4 00000008 C=ICODE    S=.itext   G=(none)   M=BisCallcTaskLeaderFm ACBP=A9
 0002:000006FC 00000008 C=ICODE    S=.itext   G=(none)   M=BisCallcTaskClerkFm ACBP=A9
 0002:00000704 00000008 C=ICODE    S=.itext   G=(none)   M=BisCallcTaskManagerFm ACBP=A9
 0002:0000070C 00000008 C=ICODE    S=.itext   G=(none)   M=BisCallcHbookPlanActionEditFm ACBP=A9
 0002:00000714 00000008 C=ICODE    S=.itext   G=(none)   M=BisCallcHbookPlanActionsFm ACBP=A9
 0002:0000071C 00000006 C=ICODE    S=.itext   G=(none)   M=ALfcnString ACBP=A9
 0002:00000724 00000006 C=ICODE    S=.itext   G=(none)   M=ALCPUID  ACBP=A9
 0002:0000072C 00000006 C=ICODE    S=.itext   G=(none)   M=ALFcnHTML ACBP=A9
 0002:00000734 00000008 C=ICODE    S=.itext   G=(none)   M=BisCallcImportFm ACBP=A9
 0002:0000073C 00000008 C=ICODE    S=.itext   G=(none)   M=BisCallcHbookActionReportEditFm ACBP=A9
 0002:00000744 00000008 C=ICODE    S=.itext   G=(none)   M=BisCallcHbookActionReportsFm ACBP=A9
 0002:0000074C 00000008 C=ICODE    S=.itext   G=(none)   M=BisCallcTakeBellFilterFm ACBP=A9
 0002:00000754 00000008 C=ICODE    S=.itext   G=(none)   M=BisCallcTakeBellFrm ACBP=A9
 0002:0000075C 00000008 C=ICODE    S=.itext   G=(none)   M=BisCallcTakeBellFm ACBP=A9
 0002:00000764 00000008 C=ICODE    S=.itext   G=(none)   M=BisCallc ACBP=A9
 0002:0000076C 00000005 C=ICODE    S=.itext   G=(none)   M=.imcallc ACBP=A9
 0003:00000000 00000030 C=DATA     S=.data    G=DGROUP   M=SysInit  ACBP=A9
 0003:00000030 00000004 C=DATA     S=.data    G=DGROUP   M=BisCallcMainFm ACBP=A9
 0003:00000034 000000B0 C=DATA     S=.data    G=DGROUP   M=BisCallcBiasFIO ACBP=A9
 0004:00000000 0000000C C=BSS      S=.bss     G=DGROUP   M=SysInit  ACBP=A9
 0004:0000000C 00000008 C=BSS      S=.bss     G=DGROUP   M=Windows  ACBP=A9
 0004:00000014 00000004 C=BSS      S=.bss     G=DGROUP   M=BisCallcConsts ACBP=A9
 0004:00000018 00000008 C=BSS      S=.bss     G=DGROUP   M=BisCallcMainFm ACBP=A9
 0004:00000020 00000008 C=BSS      S=.bss     G=DGROUP   M=BisCallcHbookCurrencyEditFm ACBP=A9
 0004:00000028 00000008 C=BSS      S=.bss     G=DGROUP   M=BisCallcHbookCurrencyFm ACBP=A9
 0004:00000030 00000008 C=BSS      S=.bss     G=DGROUP   M=BisCallcHbookVariantEditFm ACBP=A9
 0004:00000038 00000008 C=BSS      S=.bss     G=DGROUP   M=BisCallcHbookVariantsFm ACBP=A9
 0004:00000040 00000008 C=BSS      S=.bss     G=DGROUP   M=BisCallcHbookAgreementEditFm ACBP=A9
 0004:00000048 00000008 C=BSS      S=.bss     G=DGROUP   M=BisCallcHbookAgreementsFm ACBP=A9
 0004:00000050 00000008 C=BSS      S=.bss     G=DGROUP   M=BisCallcHbookAccountFirmEditFm ACBP=A9
 0004:00000058 00000008 C=BSS      S=.bss     G=DGROUP   M=BisCallcHbookAccountFirmsFm ACBP=A9
 0004:00000060 00000008 C=BSS      S=.bss     G=DGROUP   M=BisCallcHbookPatternEditFm ACBP=A9
 0004:00000068 00000008 C=BSS      S=.bss     G=DGROUP   M=BisCallcHbookPatternsFm ACBP=A9
 0004:00000070 00000008 C=BSS      S=.bss     G=DGROUP   M=BisCallcHbookGroupEditFm ACBP=A9
 0004:00000078 00000008 C=BSS      S=.bss     G=DGROUP   M=BisCallcHbookGroupsFm ACBP=A9
 0004:00000080 00000008 C=BSS      S=.bss     G=DGROUP   M=BisCallcHbookAccountGroupEditFm ACBP=A9
 0004:00000088 00000008 C=BSS      S=.bss     G=DGROUP   M=BisCallcHbookAccountGroupsFm ACBP=A9
 0004:00000090 00000008 C=BSS      S=.bss     G=DGROUP   M=BisCallcHbookActionEditFm ACBP=A9
 0004:00000098 00000008 C=BSS      S=.bss     G=DGROUP   M=BisCallcHbookActionsFm ACBP=A9
 0004:000000A0 00000008 C=BSS      S=.bss     G=DGROUP   M=BisCallcHbookAccountActionEditFm ACBP=A9
 0004:000000A8 00000008 C=BSS      S=.bss     G=DGROUP   M=BisCallcHbookAccountActionsFm ACBP=A9
 0004:000000B0 00000008 C=BSS      S=.bss     G=DGROUP   M=BisCallcHbookResultEditFm ACBP=A9
 0004:000000B8 00000008 C=BSS      S=.bss     G=DGROUP   M=BisCallcHbookResultsFm ACBP=A9
 0004:000000C0 00000008 C=BSS      S=.bss     G=DGROUP   M=BisCallcHbookActionResultEditFm ACBP=A9
 0004:000000C8 00000008 C=BSS      S=.bss     G=DGROUP   M=BisCallcHbookActionResultsFm ACBP=A9
 0004:000000D0 00000008 C=BSS      S=.bss     G=DGROUP   M=BisCallcHbookStatusEditFm ACBP=A9
 0004:000000D8 00000008 C=BSS      S=.bss     G=DGROUP   M=BisCallcHbookStatusesFm ACBP=A9
 0004:000000E0 00000035 C=BSS      S=.bss     G=DGROUP   M=BisCallcBiasFIO ACBP=A9
 0004:00000118 00000008 C=BSS      S=.bss     G=DGROUP   M=BisCallcHbookCaseEditFm ACBP=A9
 0004:00000120 00000008 C=BSS      S=.bss     G=DGROUP   M=BisCallcHbookCasesFm ACBP=A9
 0004:00000128 00000008 C=BSS      S=.bss     G=DGROUP   M=BisCallcHbookDebtorHistoriesFm ACBP=A9
 0004:00000130 00000008 C=BSS      S=.bss     G=DGROUP   M=BisCallcHbookDebtorEditFm ACBP=A9
 0004:00000138 00000008 C=BSS      S=.bss     G=DGROUP   M=BisCallcHbookDebtorsFm ACBP=A9
 0004:00000140 00000008 C=BSS      S=.bss     G=DGROUP   M=BisCallcHbookPlanEditFm ACBP=A9
 0004:00000148 00000008 C=BSS      S=.bss     G=DGROUP   M=BisCallcHbookPlansFm ACBP=A9
 0004:00000150 00000008 C=BSS      S=.bss     G=DGROUP   M=BisCallcHbookDealEditFm ACBP=A9
 0004:00000158 00000008 C=BSS      S=.bss     G=DGROUP   M=BisCallcHbookDealsFm ACBP=A9
 0004:00000160 00000008 C=BSS      S=.bss     G=DGROUP   M=BisCallcHbookPaymentEditFm ACBP=A9
 0004:00000168 00000008 C=BSS      S=.bss     G=DGROUP   M=BisCallcHbookPaymentsFm ACBP=A9
 0004:00000170 00000008 C=BSS      S=.bss     G=DGROUP   M=BisCallcHbookTaskEditFm ACBP=A9
 0004:00000178 00000008 C=BSS      S=.bss     G=DGROUP   M=BisCallcHbookTasksFm ACBP=A9
 0004:00000180 00000008 C=BSS      S=.bss     G=DGROUP   M=BisCallcHbookTaskDocumentEditFm ACBP=A9
 0004:00000188 00000008 C=BSS      S=.bss     G=DGROUP   M=BisCallcHbookTaskDocumentsFm ACBP=A9
 0004:00000190 00000004 C=BSS      S=.bss     G=DGROUP   M=BisCallcTaskFrm ACBP=A9
 0004:00000194 00000008 C=BSS      S=.bss     G=DGROUP   M=BisCallcReadinessFm ACBP=A9
 0004:0000019C 00000008 C=BSS      S=.bss     G=DGROUP   M=BisCallcTaskExecuteInfoFm ACBP=A9
 0004:000001A4 00000008 C=BSS      S=.bss     G=DGROUP   M=BisCallcTaskFm ACBP=A9
 0004:000001AC 00000004 C=BSS      S=.bss     G=DGROUP   M=BisCallcDealFrameTasksFrm ACBP=A9
 0004:000001B0 00000004 C=BSS      S=.bss     G=DGROUP   M=BisCallcDealFramePaymentsFrm ACBP=A9
 0004:000001B4 00000004 C=BSS      S=.bss     G=DGROUP   M=BisCallcDealFrameDocumentsFrm ACBP=A9
 0004:000001B8 00000004 C=BSS      S=.bss     G=DGROUP   M=BisCallcDealFrm ACBP=A9
 0004:000001BC 00000008 C=BSS      S=.bss     G=DGROUP   M=BisCallcTaskOperatorFm ACBP=A9
 0004:000001C4 00000008 C=BSS      S=.bss     G=DGROUP   M=BisCallcDealsFrameTasksFilterFm ACBP=A9
 0004:000001CC 00000008 C=BSS      S=.bss     G=DGROUP   M=BisCallcDealEditFm ACBP=A9
 0004:000001D4 00000004 C=BSS      S=.bss     G=DGROUP   M=BisCallcDealsFrameTasksFrm ACBP=A9
 0004:000001D8 00000008 C=BSS      S=.bss     G=DGROUP   M=BisCallcDealsFrm ACBP=A9
 0004:000001E0 00000008 C=BSS      S=.bss     G=DGROUP   M=BisCallcTaskLeaderFm ACBP=A9
 0004:000001E8 00000008 C=BSS      S=.bss     G=DGROUP   M=BisCallcTaskClerkFm ACBP=A9
 0004:000001F0 00000008 C=BSS      S=.bss     G=DGROUP   M=BisCallcTaskManagerFm ACBP=A9
 0004:000001F8 00000008 C=BSS      S=.bss     G=DGROUP   M=BisCallcHbookPlanActionEditFm ACBP=A9
 0004:00000200 00000008 C=BSS      S=.bss     G=DGROUP   M=BisCallcHbookPlanActionsFm ACBP=A9
 0004:00000208 00000008 C=BSS      S=.bss     G=DGROUP   M=BisCallcImportFm ACBP=A9
 0004:00000210 00000008 C=BSS      S=.bss     G=DGROUP   M=BisCallcHbookActionReportEditFm ACBP=A9
 0004:00000218 00000008 C=BSS      S=.bss     G=DGROUP   M=BisCallcHbookActionReportsFm ACBP=A9
 0004:00000220 00000008 C=BSS      S=.bss     G=DGROUP   M=BisCallcTakeBellFilterFm ACBP=A9
 0004:00000228 00000004 C=BSS      S=.bss     G=DGROUP   M=BisCallcTakeBellFrm ACBP=A9
 0004:0000022C 00000008 C=BSS      S=.bss     G=DGROUP   M=BisCallcTakeBellFm ACBP=A9
 0004:00000234 00000004 C=BSS      S=.bss     G=DGROUP   M=BisCallc ACBP=A9


  Address             Publics by Name

 0002:0000076C       .imcallc..imcallc
 0001:0003E670       .imcallc.@GetPackageInfoTable
 0001:0003E678       .imcallc.@PackageLoad
 0001:0003E684       .imcallc.@PackageUnload
 0004:00000234       BisCallc..1
 0002:00000764       BisCallc.BisCallc
 0001:0003D570       BisCallc.Finalization
 0001:0003D3EC       BisCallc.InitIfaceModule
 0004:000000E0       BisCallcBiasFIO..1
 0001:0000F48C       BisCallcBiasFIO..EDeclenError
 0004:000000E4       BisCallcBiasFIO.aEnd
 0002:000005F4       BisCallcBiasFIO.BisCallcBiasFIO
 0001:0000F718       BisCallcBiasFIO.ClearEndings
 0003:00000054       BisCallcBiasFIO.Consonant
 0001:0000F72C       BisCallcBiasFIO.CountSyllable
 0001:00011BC0       BisCallcBiasFIO.CreateDeclenError
 0003:000000D4       BisCallcBiasFIO.DeclenErrorMap
 0001:0000FD3C       BisCallcBiasFIO.ExtractWord
 0001:000123E0       BisCallcBiasFIO.Finalization
 0004:000000FC       BisCallcBiasFIO.FirstNameMExeptions
 0004:00000110       BisCallcBiasFIO.FirstNameMExeptionsPresent
 0004:0000010C       BisCallcBiasFIO.FirstNameParallelForms
 0004:00000114       BisCallcBiasFIO.FirstNameParallelFormsPresent
 0004:00000100       BisCallcBiasFIO.FirstNameWExeptions
 0004:00000111       BisCallcBiasFIO.FirstNameWExeptionsPresent
 0004:00000108       BisCallcBiasFIO.FirstPartLastNameExeptions
 0004:00000113       BisCallcBiasFIO.FirstPartLastNameExeptionsPresent
 0001:00012334       BisCallcBiasFIO.GetAccusativeCase
 0001:000122D0       BisCallcBiasFIO.GetAccusativeCase
 0001:00012224       BisCallcBiasFIO.GetDativeCase
 0001:000121C0       BisCallcBiasFIO.GetDativeCase
 0001:00011BFC       BisCallcBiasFIO.GetFIO
 0001:0001208C       BisCallcBiasFIO.GetFIOFromStr
 0001:000112B0       BisCallcBiasFIO.GetFirstNameM
 0001:00011664       BisCallcBiasFIO.GetFirstNameW
 0001:00012138       BisCallcBiasFIO.GetGenitiveCase
 0001:0001219C       BisCallcBiasFIO.GetGenitiveCase
 0001:00012248       BisCallcBiasFIO.GetInstrumentalCase
 0001:000122AC       BisCallcBiasFIO.GetInstrumentalCase
 0001:0000FF54       BisCallcBiasFIO.GetLastNameM
 0001:00010C1C       BisCallcBiasFIO.GetLastNameW
 0001:0001193C       BisCallcBiasFIO.GetMiddleNameM
 0001:00011A2C       BisCallcBiasFIO.GetMiddleNameW
 0001:000123BC       BisCallcBiasFIO.GetPrepositionalCase
 0001:00012358       BisCallcBiasFIO.GetPrepositionalCase
 0001:0000F4F8       BisCallcBiasFIO.GetSex
 0003:000000B4       BisCallcBiasFIO.GKX
 0003:00000094       BisCallcBiasFIO.HardSibilant
 0001:0000F5FC       BisCallcBiasFIO.IsFeminine
 0001:0000F5AC       BisCallcBiasFIO.IsMale
 0001:0000F4E8       BisCallcBiasFIO.IsRangeInt
 0004:00000104       BisCallcBiasFIO.LastNameExeptions
 0004:00000112       BisCallcBiasFIO.LastNameExeptionsPresent
 0001:0000F7BC       BisCallcBiasFIO.NameParallelForm
 0001:0000F98C       BisCallcBiasFIO.NonDeclension
 0001:0000F8B8       BisCallcBiasFIO.Proper
 0001:0000FE9C       BisCallcBiasFIO.SeparateFIO
 0001:0000F64C       BisCallcBiasFIO.SetEndings
 0003:00000074       BisCallcBiasFIO.SoftSibilant
 0001:00011FB8       BisCallcBiasFIO.TrimCharForOne
 0003:00000034       BisCallcBiasFIO.Vocalic
 0004:00000014       BisCallcConsts..1
 0002:00000514       BisCallcConsts.BisCallcConsts
 0001:000019E0       BisCallcConsts.Finalization
 0004:000001D0       BisCallcDealEditFm..3
 0001:0002CC04       BisCallcDealEditFm..TBisCallcDealEditForm
 0001:0002CDFC       BisCallcDealEditFm..TBisCallcDealEditFormIface
 0002:000006DC       BisCallcDealEditFm.BisCallcDealEditFm
 0004:000001CC       BisCallcDealEditFm.BisCallcDealEditForm
 0001:0002D1F8       BisCallcDealEditFm.Finalization
 0001:0002D168       BisCallcDealEditFm.TBisCallcDealEditForm.BeforeShow
 0001:0002D1BC       BisCallcDealEditFm.TBisCallcDealEditForm.ChangesArePresent
 0001:0002D1CC       BisCallcDealEditFm.TBisCallcDealEditForm.CheckParams
 0001:0002D07C       BisCallcDealEditFm.TBisCallcDealEditForm.Create
 0001:0002D11C       BisCallcDealEditFm.TBisCallcDealEditForm.Destroy
 0001:0002D1F0       BisCallcDealEditFm.TBisCallcDealEditForm.FrameDebtorParamsChange
 0001:0002D14C       BisCallcDealEditFm.TBisCallcDealEditForm.Init
 0001:0002D1DC       BisCallcDealEditFm.TBisCallcDealEditForm.SaveChanges
 0001:0002CF50       BisCallcDealEditFm.TBisCallcDealEditFormIface.Create
 0001:0002D000       BisCallcDealEditFm.TBisCallcDealEditFormIface.CreateForm
 0001:0002CFF4       BisCallcDealEditFm.TBisCallcDealEditFormIface.GetLastForm
 0004:000001B4       BisCallcDealFrameDocumentsFrm..7
 0001:00024A54       BisCallcDealFrameDocumentsFrm..TBisCallcDealFrameDocumentDeleteFormIface
 0001:00024660       BisCallcDealFrameDocumentsFrm..TBisCallcDealFrameDocumentEditFormIface
 0001:000247AC       BisCallcDealFrameDocumentsFrm..TBisCallcDealFrameDocumentInsertFormIface
 0001:00024D10       BisCallcDealFrameDocumentsFrm..TBisCallcDealFrameDocumentsFrame
 0001:00024900       BisCallcDealFrameDocumentsFrm..TBisCallcDealFrameDocumentUpdateFormIface
 0001:00024BA8       BisCallcDealFrameDocumentsFrm..TBisCallcDealFrameDocumentViewingFormIface
 0002:000006AC       BisCallcDealFrameDocumentsFrm.BisCallcDealFrameDocumentsFrm
 0001:00025944       BisCallcDealFrameDocumentsFrm.Finalization
 0001:000255C0       BisCallcDealFrameDocumentsFrm.TBisCallcDealFrameDocumentDeleteFormIface.Create
 0001:00025454       BisCallcDealFrameDocumentsFrm.TBisCallcDealFrameDocumentEditFormIface.Create
 0001:000254B8       BisCallcDealFrameDocumentsFrm.TBisCallcDealFrameDocumentInsertFormIface.Create
 0001:00024FA8       BisCallcDealFrameDocumentsFrm.TBisCallcDealFrameDocumentsFrame.Create
 0001:000252F8       BisCallcDealFrameDocumentsFrm.TBisCallcDealFrameDocumentsFrame.CreateIface
 0001:00025254       BisCallcDealFrameDocumentsFrm.TBisCallcDealFrameDocumentsFrame.GetDocumentTypeName
 0001:0002553C       BisCallcDealFrameDocumentsFrm.TBisCallcDealFrameDocumentUpdateFormIface.Create
 0001:00025644       BisCallcDealFrameDocumentsFrm.TBisCallcDealFrameDocumentViewingFormIface.Create
 0001:000256A4       BisCallcDealFrameDocumentsFrm.TBisCallcDealFrameDocumentViewingFormIface.Execute
 0004:000001B0       BisCallcDealFramePaymentsFrm..7
 0001:00023A1C       BisCallcDealFramePaymentsFrm..TBisCallcDealFramePaymentDeleteFormIface
 0001:00023630       BisCallcDealFramePaymentsFrm..TBisCallcDealFramePaymentEditFormIface
 0001:0002377C       BisCallcDealFramePaymentsFrm..TBisCallcDealFramePaymentInsertFormIface
 0001:00023CBC       BisCallcDealFramePaymentsFrm..TBisCallcDealFramePaymentsFrame
 0001:000238CC       BisCallcDealFramePaymentsFrm..TBisCallcDealFramePaymentUpdateFormIface
 0001:00023B6C       BisCallcDealFramePaymentsFrm..TBisCallcDealFramePaymentViewingFormIface
 0002:000006A4       BisCallcDealFramePaymentsFrm.BisCallcDealFramePaymentsFrm
 0001:00024630       BisCallcDealFramePaymentsFrm.Finalization
 0001:00024554       BisCallcDealFramePaymentsFrm.TBisCallcDealFramePaymentDeleteFormIface.Create
 0001:000243CC       BisCallcDealFramePaymentsFrm.TBisCallcDealFramePaymentEditFormIface.Create
 0001:0002445C       BisCallcDealFramePaymentsFrm.TBisCallcDealFramePaymentInsertFormIface.Create
 0001:00023F4C       BisCallcDealFramePaymentsFrm.TBisCallcDealFramePaymentsFrame.Create
 0001:00024300       BisCallcDealFramePaymentsFrm.TBisCallcDealFramePaymentsFrame.CreateIface
 0001:00024244       BisCallcDealFramePaymentsFrm.TBisCallcDealFramePaymentsFrame.Destroy
 0001:0002426C       BisCallcDealFramePaymentsFrm.TBisCallcDealFramePaymentsFrame.GetStateName
 0001:000244D8       BisCallcDealFramePaymentsFrm.TBisCallcDealFramePaymentUpdateFormIface.Create
 0001:000245D0       BisCallcDealFramePaymentsFrm.TBisCallcDealFramePaymentViewingFormIface.Create
 0004:000001AC       BisCallcDealFrameTasksFrm..4
 0001:00022DDC       BisCallcDealFrameTasksFrm..TBisCallcDealFrameTaskDeleteFormIface
 0001:00022F24       BisCallcDealFrameTasksFrm..TBisCallcDealFrameTasksFrame
 0001:00022C94       BisCallcDealFrameTasksFrm..TBisCallcDealFrameTaskViewingFormIface
 0002:0000069C       BisCallcDealFrameTasksFrm.BisCallcDealFrameTasksFrm
 0001:00023600       BisCallcDealFrameTasksFrm.Finalization
 0001:000235A0       BisCallcDealFrameTasksFrm.TBisCallcDealFrameTaskDeleteFormIface.Create
 0001:000231C4       BisCallcDealFrameTasksFrm.TBisCallcDealFrameTasksFrame.Create
 0001:00023514       BisCallcDealFrameTasksFrm.TBisCallcDealFrameTasksFrame.Destroy
 0001:0002353C       BisCallcDealFrameTasksFrm.TBisCallcDealFrameTaskViewingFormIface.Create
 0004:000001B8       BisCallcDealFrm..3
 0001:00025A9C       BisCallcDealFrm..TBisCallcDealFrame
 0001:00025994       BisCallcDealFrm..TBisCallcDealFrameTapi
 0001:00029838       BisCallcDealFrm.Add
 0002:000006C4       BisCallcDealFrm.BisCallcDealFrm
 0001:0002AF28       BisCallcDealFrm.CheckDebtorControls
 0001:0002BF88       BisCallcDealFrm.Finalization
 0001:000298E8       BisCallcDealFrm.GetValue
 0001:0002B414       BisCallcDealFrm.SaveDebtor
 0001:0002A32C       BisCallcDealFrm.SearchAndReplace
 0001:000299C8       BisCallcDealFrm.SetCases
 0001:00028268       BisCallcDealFrm.TBisCallcDealFrame.ButtonDebtorClick
 0001:0002816C       BisCallcDealFrm.TBisCallcDealFrame.ButtonFirmClick
 0001:00028FD0       BisCallcDealFrm.TBisCallcDealFrame.ButtonPhoneHomeClick
 0001:0002A454       BisCallcDealFrm.TBisCallcDealFrame.ChangePatternVars
 0001:0002B3D8       BisCallcDealFrm.TBisCallcDealFrame.CheckControls
 0001:000265E0       BisCallcDealFrm.TBisCallcDealFrame.Create
 0001:000271C4       BisCallcDealFrm.TBisCallcDealFrame.DebtorParamsChange
 0001:0002715C       BisCallcDealFrm.TBisCallcDealFrame.Destroy
 0001:00028ADC       BisCallcDealFrm.TBisCallcDealFrame.EditPhoneHomeChange
 0001:00028FA8       BisCallcDealFrm.TBisCallcDealFrame.FramePaymentAfterEditFormExecute
 0001:0002B4D8       BisCallcDealFrm.TBisCallcDealFrame.GenerateJournal
 0001:000285CC       BisCallcDealFrm.TBisCallcDealFrame.GetPhoneControlsByButton
 0001:000286A4       BisCallcDealFrm.TBisCallcDealFrame.Init
 0001:00027F90       BisCallcDealFrm.TBisCallcDealFrame.LabelDebtorClick
 0001:00028300       BisCallcDealFrm.TBisCallcDealFrame.PageControlChange
 0001:000289FC       BisCallcDealFrm.TBisCallcDealFrame.PhoneControlsDisabled
 0001:000286DC       BisCallcDealFrm.TBisCallcDealFrame.PhoneControlsFirstState
 0001:00028A44       BisCallcDealFrm.TBisCallcDealFrame.PreparePhoneNumber
 0001:0002AC94       BisCallcDealFrm.TBisCallcDealFrame.ReadOnlyControls
 0001:00028060       BisCallcDealFrm.TBisCallcDealFrame.RefreshControls
 0001:000271E8       BisCallcDealFrm.TBisCallcDealFrame.RefreshDeal
 0001:00028D04       BisCallcDealFrm.TBisCallcDealFrame.RefreshDebts
 0001:00027DC8       BisCallcDealFrm.TBisCallcDealFrame.RefreshHistories
 0001:0002B4B0       BisCallcDealFrm.TBisCallcDealFrame.SaveChanges
 0001:0002ADB0       BisCallcDealFrm.TBisCallcDealFrame.SetDealNum
 0001:0002AEBC       BisCallcDealFrm.TBisCallcDealFrame.SetDebtorEdited
 0001:00029300       BisCallcDealFrm.TBisCallcDealFrame.TapiAfterRecord
 0001:0002929C       BisCallcDealFrm.TBisCallcDealFrame.TapiConnect
 0001:000292E8       BisCallcDealFrm.TBisCallcDealFrame.TapiDisconnect
 0001:000280B4       BisCallcDealFrm.TBisCallcDealFrame.VisibleControls
 0001:000265C4       BisCallcDealFrm.TBisCallcDealFrameTapi.EmptyControlLinks
 0004:000001C8       BisCallcDealsFrameTasksFilterFm..3
 0001:0002C490       BisCallcDealsFrameTasksFilterFm..TBisCallcDealsFrameTasksFilterForm
 0001:0002C7C4       BisCallcDealsFrameTasksFilterFm..TBisCallcDealsFrameTasksFilterFormIface
 0002:000006D4       BisCallcDealsFrameTasksFilterFm.BisCallcDealsFrameTasksFilterFm
 0004:000001C4       BisCallcDealsFrameTasksFilterFm.BisCallcDealsFrameTasksFilterForm
 0001:0002CBD4       BisCallcDealsFrameTasksFilterFm.Finalization
 0001:0002C914       BisCallcDealsFrameTasksFilterFm.TBisCallcDealsFrameTasksFilterFormIface.Create
 0004:000001D4       BisCallcDealsFrameTasksFrm..3
 0001:0002D4A8       BisCallcDealsFrameTasksFrm..TBisCallcDealsFrameTasksFrame
 0001:0002D228       BisCallcDealsFrameTasksFrm..TBisCallcDealsFrameTasksFrameTasksFrame
 0002:000006E4       BisCallcDealsFrameTasksFrm.BisCallcDealsFrameTasksFrm
 0001:0002FFDC       BisCallcDealsFrameTasksFrm.Finalization
 0001:0002EEE4       BisCallcDealsFrameTasksFrm.TBisCallcDealsFrameTasksFrame.ActionCheckingAllExecute
 0001:0002EEEC       BisCallcDealsFrameTasksFrm.TBisCallcDealsFrameTasksFrame.ActionCheckingAllUpdate
 0001:0002EF08       BisCallcDealsFrameTasksFrm.TBisCallcDealsFrameTasksFrame.ActionCheckingExecute
 0001:0002EF10       BisCallcDealsFrameTasksFrm.TBisCallcDealsFrameTasksFrame.ActionCheckingUpdate
 0001:0002EF2C       BisCallcDealsFrameTasksFrm.TBisCallcDealsFrameTasksFrame.ActionUnCheckingAllExecute
 0001:0002EF34       BisCallcDealsFrameTasksFrm.TBisCallcDealsFrameTasksFrame.ActionUnCheckingAllUpdate
 0001:0002EF50       BisCallcDealsFrameTasksFrm.TBisCallcDealsFrameTasksFrame.ActionUnCheckingExecute
 0001:0002EF58       BisCallcDealsFrameTasksFrm.TBisCallcDealsFrameTasksFrame.ActionUnCheckingUpdate
 0001:0002E514       BisCallcDealsFrameTasksFrm.TBisCallcDealsFrameTasksFrame.BeforeIfaceExecute
 0001:0002EF74       BisCallcDealsFrameTasksFrm.TBisCallcDealsFrameTasksFrame.CanChecking
 0001:0002F01C       BisCallcDealsFrameTasksFrm.TBisCallcDealsFrameTasksFrame.CanCheckingAll
 0001:0002EFC8       BisCallcDealsFrameTasksFrm.TBisCallcDealsFrameTasksFrame.CanUnChecking
 0001:0002F070       BisCallcDealsFrameTasksFrm.TBisCallcDealsFrameTasksFrame.CanUnCheckingAll
 0001:0002EFAC       BisCallcDealsFrameTasksFrm.TBisCallcDealsFrameTasksFrame.Checking
 0001:0002F054       BisCallcDealsFrameTasksFrm.TBisCallcDealsFrameTasksFrame.CheckingAll
 0001:0002F668       BisCallcDealsFrameTasksFrm.TBisCallcDealsFrameTasksFrame.CheckingSelected
 0001:0002DCD4       BisCallcDealsFrameTasksFrm.TBisCallcDealsFrameTasksFrame.Create
 0001:0002E208       BisCallcDealsFrameTasksFrm.TBisCallcDealsFrameTasksFrame.Destroy
 0001:0002E24C       BisCallcDealsFrameTasksFrm.TBisCallcDealsFrameTasksFrame.DoTaskChecked
 0001:0002FAC0       BisCallcDealsFrameTasksFrm.TBisCallcDealsFrameTasksFrame.ExecuteTask
 0001:0002E708       BisCallcDealsFrameTasksFrm.TBisCallcDealsFrameTasksFrame.GetTasksVisible
 0001:0002E720       BisCallcDealsFrameTasksFrm.TBisCallcDealsFrameTasksFrame.GridClick
 0001:0002E8E4       BisCallcDealsFrameTasksFrm.TBisCallcDealsFrameTasksFrame.GridKeyDown
 0001:0002E6D8       BisCallcDealsFrameTasksFrm.TBisCallcDealsFrameTasksFrame.IfaceFilterAfterExecute
 0001:0002E914       BisCallcDealsFrameTasksFrm.TBisCallcDealsFrameTasksFrame.Init
 0001:0002F0C4       BisCallcDealsFrameTasksFrm.TBisCallcDealsFrameTasksFrame.LockTask
 0001:0002E930       BisCallcDealsFrameTasksFrm.TBisCallcDealsFrameTasksFrame.OpenRecords
 0001:0002E26C       BisCallcDealsFrameTasksFrm.TBisCallcDealsFrameTasksFrame.ProviderAfterScroll
 0001:0002E330       BisCallcDealsFrameTasksFrm.TBisCallcDealsFrameTasksFrame.RefreshGroups
 0001:0002E714       BisCallcDealsFrameTasksFrm.TBisCallcDealsFrameTasksFrame.SetTasksVisible
 0001:0002F000       BisCallcDealsFrameTasksFrm.TBisCallcDealsFrameTasksFrame.UnChecking
 0001:0002F0A8       BisCallcDealsFrameTasksFrm.TBisCallcDealsFrameTasksFrame.UnCheckingAll
 0001:0002F2E8       BisCallcDealsFrameTasksFrm.TBisCallcDealsFrameTasksFrame.UnLockTask
 0001:0002F48C       BisCallcDealsFrameTasksFrm.TBisCallcDealsFrameTasksFrame.UnLockTasks
 0001:0002D960       BisCallcDealsFrameTasksFrm.TBisCallcDealsFrameTasksFrameTasksFrame.Create
 0001:0002DCAC       BisCallcDealsFrameTasksFrm.TBisCallcDealsFrameTasksFrameTasksFrame.Destroy
 0004:000001DC       BisCallcDealsFrm..4
 0001:00030164       BisCallcDealsFrm..TBisCallcDealsFrame
 0001:0003000C       BisCallcDealsFrm..TBisCallcDealsFrameSheet
 0001:000300B0       BisCallcDealsFrm..TBisCallcDealsFrameSheets
 0004:000001D8       BisCallcDealsFrm.BisCallcDealsFrame
 0002:000006EC       BisCallcDealsFrm.BisCallcDealsFrm
 0001:00030F88       BisCallcDealsFrm.Finalization
 0001:000304AC       BisCallcDealsFrm.TBisCallcDealsFrame.Create
 0001:00030544       BisCallcDealsFrm.TBisCallcDealsFrame.Destroy
 0001:000305E8       BisCallcDealsFrm.TBisCallcDealsFrame.ExecuteTask
 0001:00030E44       BisCallcDealsFrm.TBisCallcDealsFrame.GetTasksVisible
 0001:000306C0       BisCallcDealsFrm.TBisCallcDealsFrame.Init
 0001:00030AB4       BisCallcDealsFrm.TBisCallcDealsFrame.PageControlChange
 0001:000306DC       BisCallcDealsFrm.TBisCallcDealsFrame.RefreshControls
 0001:000306F0       BisCallcDealsFrm.TBisCallcDealsFrame.RefreshDeals
 0001:000307A0       BisCallcDealsFrm.TBisCallcDealsFrame.RefreshReports
 0001:00030B10       BisCallcDealsFrm.TBisCallcDealsFrame.ReportGetParamValue
 0001:00030E50       BisCallcDealsFrm.TBisCallcDealsFrame.SetTasksVisible
 0001:00030E5C       BisCallcDealsFrm.TBisCallcDealsFrame.TasksFrameTaskChecked
 0001:00030368       BisCallcDealsFrm.TBisCallcDealsFrameSheet.Create
 0001:000303B0       BisCallcDealsFrm.TBisCallcDealsFrameSheet.Destroy
 0001:000303E8       BisCallcDealsFrm.TBisCallcDealsFrameSheets.Add
 0001:00030450       BisCallcDealsFrm.TBisCallcDealsFrameSheets.GetItem
 0001:00030464       BisCallcDealsFrm.TBisCallcDealsFrameSheets.SetEnabled
 0004:000000A4       BisCallcHbookAccountActionEditFm..6
 0001:0000B6B0       BisCallcHbookAccountActionEditFm..TBisCallcHbookAccountActionDeleteFormIface
 0001:0000AFE0       BisCallcHbookAccountActionEditFm..TBisCallcHbookAccountActionEditForm
 0001:0000B2AC       BisCallcHbookAccountActionEditFm..TBisCallcHbookAccountActionEditFormIface
 0001:0000B400       BisCallcHbookAccountActionEditFm..TBisCallcHbookAccountActionInsertFormIface
 0001:0000B558       BisCallcHbookAccountActionEditFm..TBisCallcHbookAccountActionUpdateFormIface
 0002:000005B4       BisCallcHbookAccountActionEditFm.BisCallcHbookAccountActionEditFm
 0004:000000A0       BisCallcHbookAccountActionEditFm.BisCallcHbookAccountActionEditForm
 0001:0000BB94       BisCallcHbookAccountActionEditFm.Finalization
 0001:0000BB34       BisCallcHbookAccountActionEditFm.TBisCallcHbookAccountActionDeleteFormIface.Create
 0001:0000B808       BisCallcHbookAccountActionEditFm.TBisCallcHbookAccountActionEditFormIface.Create
 0001:0000BA74       BisCallcHbookAccountActionEditFm.TBisCallcHbookAccountActionInsertFormIface.Create
 0001:0000BAD4       BisCallcHbookAccountActionEditFm.TBisCallcHbookAccountActionUpdateFormIface.Create
 0004:000000AC       BisCallcHbookAccountActionsFm..3
 0001:0000BBC4       BisCallcHbookAccountActionsFm..TBisCallcHbookAccountActionsForm
 0001:0000BDC8       BisCallcHbookAccountActionsFm..TBisCallcHbookAccountActionsFormIface
 0004:000000A8       BisCallcHbookAccountActionsFm.BiCallcHbookAccountActionsForm
 0002:000005BC       BisCallcHbookAccountActionsFm.BisCallcHbookAccountActionsFm
 0001:0000C0DC       BisCallcHbookAccountActionsFm.Finalization
 0001:0000BF14       BisCallcHbookAccountActionsFm.TBisCallcHbookAccountActionsFormIface.Create
 0004:00000054       BisCallcHbookAccountFirmEditFm..6
 0001:000060D0       BisCallcHbookAccountFirmEditFm..TBisCallcHbookAccountFirmDeleteFormIface
 0001:00005A44       BisCallcHbookAccountFirmEditFm..TBisCallcHbookAccountFirmEditForm
 0001:00005CDC       BisCallcHbookAccountFirmEditFm..TBisCallcHbookAccountFirmEditFormIface
 0001:00005E28       BisCallcHbookAccountFirmEditFm..TBisCallcHbookAccountFirmInsertFormIface
 0001:00005F7C       BisCallcHbookAccountFirmEditFm..TBisCallcHbookAccountFirmUpdateFormIface
 0002:00000564       BisCallcHbookAccountFirmEditFm.BisCallcHbookAccountFirmEditFm
 0004:00000050       BisCallcHbookAccountFirmEditFm.BisCallcHbookAccountFirmEditForm
 0001:00006550       BisCallcHbookAccountFirmEditFm.Finalization
 0001:000064F4       BisCallcHbookAccountFirmEditFm.TBisCallcHbookAccountFirmDeleteFormIface.Create
 0001:00006224       BisCallcHbookAccountFirmEditFm.TBisCallcHbookAccountFirmEditFormIface.Create
 0001:0000643C       BisCallcHbookAccountFirmEditFm.TBisCallcHbookAccountFirmInsertFormIface.Create
 0001:00006498       BisCallcHbookAccountFirmEditFm.TBisCallcHbookAccountFirmUpdateFormIface.Create
 0004:0000005C       BisCallcHbookAccountFirmsFm..3
 0001:00006580       BisCallcHbookAccountFirmsFm..TBisCallcHbookAccountFirmsForm
 0001:0000677C       BisCallcHbookAccountFirmsFm..TBisCallcHbookAccountFirmsFormIface
 0004:00000058       BisCallcHbookAccountFirmsFm.BiCallcHbookAccountFirmsForm
 0002:0000056C       BisCallcHbookAccountFirmsFm.BisCallcHbookAccountFirmsFm
 0001:00006A40       BisCallcHbookAccountFirmsFm.Finalization
 0001:000068C0       BisCallcHbookAccountFirmsFm.TBisCallcHbookAccountFirmsFormIface.Create
 0004:00000084       BisCallcHbookAccountGroupEditFm..6
 0001:00009454       BisCallcHbookAccountGroupEditFm..TBisCallcHbookAccountGroupDeleteFormIface
 0001:00008D98       BisCallcHbookAccountGroupEditFm..TBisCallcHbookAccountGroupEditForm
 0001:0000905C       BisCallcHbookAccountGroupEditFm..TBisCallcHbookAccountGroupEditFormIface
 0001:000091AC       BisCallcHbookAccountGroupEditFm..TBisCallcHbookAccountGroupInsertFormIface
 0001:00009300       BisCallcHbookAccountGroupEditFm..TBisCallcHbookAccountGroupUpdateFormIface
 0002:00000594       BisCallcHbookAccountGroupEditFm.BisCallcHbookAccountGroupEditFm
 0004:00000080       BisCallcHbookAccountGroupEditFm.BisCallcHbookAccountGroupEditForm
 0001:00009924       BisCallcHbookAccountGroupEditFm.Finalization
 0001:000098C8       BisCallcHbookAccountGroupEditFm.TBisCallcHbookAccountGroupDeleteFormIface.Create
 0001:000095A8       BisCallcHbookAccountGroupEditFm.TBisCallcHbookAccountGroupEditFormIface.Create
 0001:00009810       BisCallcHbookAccountGroupEditFm.TBisCallcHbookAccountGroupInsertFormIface.Create
 0001:0000986C       BisCallcHbookAccountGroupEditFm.TBisCallcHbookAccountGroupUpdateFormIface.Create
 0004:0000008C       BisCallcHbookAccountGroupsFm..3
 0001:00009954       BisCallcHbookAccountGroupsFm..TBisCallcHbookAccountGroupsForm
 0001:00009B54       BisCallcHbookAccountGroupsFm..TBisCallcHbookAccountGroupsFormIface
 0004:00000088       BisCallcHbookAccountGroupsFm.BiCallcHbookAccountGroupsForm
 0002:0000059C       BisCallcHbookAccountGroupsFm.BisCallcHbookAccountGroupsFm
 0001:00009E64       BisCallcHbookAccountGroupsFm.Finalization
 0001:00009C9C       BisCallcHbookAccountGroupsFm.TBisCallcHbookAccountGroupsFormIface.Create
 0004:00000094       BisCallcHbookActionEditFm..6
 0001:0000A4EC       BisCallcHbookActionEditFm..TBisCallcHbookActionDeleteFormIface
 0001:00009E94       BisCallcHbookActionEditFm..TBisCallcHbookActionEditForm
 0001:0000A12C       BisCallcHbookActionEditFm..TBisCallcHbookActionEditFormIface
 0001:0000A26C       BisCallcHbookActionEditFm..TBisCallcHbookActionInsertFormIface
 0001:0000A3AC       BisCallcHbookActionEditFm..TBisCallcHbookActionUpdateFormIface
 0002:000005A4       BisCallcHbookActionEditFm.BisCallcHbookActionEditFm
 0004:00000090       BisCallcHbookActionEditFm.BisCallcHbookActionEditForm
 0001:0000AA18       BisCallcHbookActionEditFm.Finalization
 0001:0000A62C       BisCallcHbookActionEditFm.GetPurposeByIndex
 0001:0000A920       BisCallcHbookActionEditFm.TBisCallcHbookActionDeleteFormIface.Create
 0001:0000A978       BisCallcHbookActionEditFm.TBisCallcHbookActionEditForm.Create
 0001:0000A6E0       BisCallcHbookActionEditFm.TBisCallcHbookActionEditFormIface.Create
 0001:0000A870       BisCallcHbookActionEditFm.TBisCallcHbookActionInsertFormIface.Create
 0001:0000A8C8       BisCallcHbookActionEditFm.TBisCallcHbookActionUpdateFormIface.Create
 0004:00000214       BisCallcHbookActionReportEditFm..6
 0001:00038584       BisCallcHbookActionReportEditFm..TBisCallcHbookActionReportDeleteFormIface
 0001:00037EC8       BisCallcHbookActionReportEditFm..TBisCallcHbookActionReportEditForm
 0001:0003818C       BisCallcHbookActionReportEditFm..TBisCallcHbookActionReportEditFormIface
 0001:000382DC       BisCallcHbookActionReportEditFm..TBisCallcHbookActionReportInsertFormIface
 0001:00038430       BisCallcHbookActionReportEditFm..TBisCallcHbookActionReportUpdateFormIface
 0002:0000073C       BisCallcHbookActionReportEditFm.BisCallcHbookActionReportEditFm
 0004:00000210       BisCallcHbookActionReportEditFm.BisCallcHbookActionReportEditForm
 0001:00038A70       BisCallcHbookActionReportEditFm.Finalization
 0001:00038A14       BisCallcHbookActionReportEditFm.TBisCallcHbookActionReportDeleteFormIface.Create
 0001:000386D8       BisCallcHbookActionReportEditFm.TBisCallcHbookActionReportEditFormIface.Create
 0001:0003895C       BisCallcHbookActionReportEditFm.TBisCallcHbookActionReportInsertFormIface.Create
 0001:000389B8       BisCallcHbookActionReportEditFm.TBisCallcHbookActionReportUpdateFormIface.Create
 0004:0000021C       BisCallcHbookActionReportsFm..3
 0001:00038AA0       BisCallcHbookActionReportsFm..TBisCallcHbookActionReportsForm
 0001:00038CA0       BisCallcHbookActionReportsFm..TBisCallcHbookActionReportsFormIface
 0004:00000218       BisCallcHbookActionReportsFm.BiCallcHbookActionReportsForm
 0002:00000744       BisCallcHbookActionReportsFm.BisCallcHbookActionReportsFm
 0001:00038FA8       BisCallcHbookActionReportsFm.Finalization
 0001:00038DE8       BisCallcHbookActionReportsFm.TBisCallcHbookActionReportsFormIface.Create
 0004:000000C4       BisCallcHbookActionResultEditFm..6
 0001:0000D9A0       BisCallcHbookActionResultEditFm..TBisCallcHbookActionResultDeleteFormIface
 0001:0000D2E4       BisCallcHbookActionResultEditFm..TBisCallcHbookActionResultEditForm
 0001:0000D5A8       BisCallcHbookActionResultEditFm..TBisCallcHbookActionResultEditFormIface
 0001:0000D6F8       BisCallcHbookActionResultEditFm..TBisCallcHbookActionResultInsertFormIface
 0001:0000D84C       BisCallcHbookActionResultEditFm..TBisCallcHbookActionResultUpdateFormIface
 0002:000005D4       BisCallcHbookActionResultEditFm.BisCallcHbookActionResultEditFm
 0004:000000C0       BisCallcHbookActionResultEditFm.BisCallcHbookActionResultEditForm
 0001:0000DE34       BisCallcHbookActionResultEditFm.Finalization
 0001:0000DDD8       BisCallcHbookActionResultEditFm.TBisCallcHbookActionResultDeleteFormIface.Create
 0001:0000DAF4       BisCallcHbookActionResultEditFm.TBisCallcHbookActionResultEditFormIface.Create
 0001:0000DD20       BisCallcHbookActionResultEditFm.TBisCallcHbookActionResultInsertFormIface.Create
 0001:0000DD7C       BisCallcHbookActionResultEditFm.TBisCallcHbookActionResultUpdateFormIface.Create
 0004:000000CC       BisCallcHbookActionResultsFm..3
 0001:0000DE64       BisCallcHbookActionResultsFm..TBisCallcHbookActionResultsForm
 0001:0000E064       BisCallcHbookActionResultsFm..TBisCallcHbookActionResultsFormIface
 0004:000000C8       BisCallcHbookActionResultsFm.BiCallcHbookActionResultsForm
 0002:000005DC       BisCallcHbookActionResultsFm.BisCallcHbookActionResultsFm
 0001:0000E370       BisCallcHbookActionResultsFm.Finalization
 0001:0000E1AC       BisCallcHbookActionResultsFm.TBisCallcHbookActionResultsFormIface.Create
 0004:0000009C       BisCallcHbookActionsFm..3
 0001:0000AA48       BisCallcHbookActionsFm..TBisCallcHbookActionsForm
 0001:0000AC38       BisCallcHbookActionsFm..TBisCallcHbookActionsFormIface
 0002:000005AC       BisCallcHbookActionsFm.BisCallcHbookActionsFm
 0004:00000098       BisCallcHbookActionsFm.BisCallcHbookActionsForm
 0001:0000AFB0       BisCallcHbookActionsFm.Finalization
 0001:0000AD6C       BisCallcHbookActionsFm.TBisCallcHbookActionsFormIface.Create
 0001:0000AF18       BisCallcHbookActionsFm.TBisCallcHbookActionsFormIface.GetPurposeName
 0004:00000044       BisCallcHbookAgreementEditFm..7
 0001:00004AA8       BisCallcHbookAgreementEditFm..TBisCallcHbookAgreementDeleteFormIface
 0001:00004230       BisCallcHbookAgreementEditFm..TBisCallcHbookAgreementEditForm
 0001:00004574       BisCallcHbookAgreementEditFm..TBisCallcHbookAgreementEditFormIface
 0001:00004808       BisCallcHbookAgreementEditFm..TBisCallcHbookAgreementInsertChildFormIface
 0001:000046BC       BisCallcHbookAgreementEditFm..TBisCallcHbookAgreementInsertFormIface
 0001:0000495C       BisCallcHbookAgreementEditFm..TBisCallcHbookAgreementUpdateFormIface
 0002:00000554       BisCallcHbookAgreementEditFm.BisCallcHbookAgreementEditFm
 0004:00000040       BisCallcHbookAgreementEditFm.BisCallcHbookAgreementEditForm
 0001:0000542C       BisCallcHbookAgreementEditFm.Finalization
 0001:00005388       BisCallcHbookAgreementEditFm.TBisCallcHbookAgreementDeleteFormIface.Create
 0001:000053E0       BisCallcHbookAgreementEditFm.TBisCallcHbookAgreementEditForm.Create
 0001:00004BF4       BisCallcHbookAgreementEditFm.TBisCallcHbookAgreementEditFormIface.Create
 0001:00005164       BisCallcHbookAgreementEditFm.TBisCallcHbookAgreementInsertChildFormIface.Create
 0001:000051EC       BisCallcHbookAgreementEditFm.TBisCallcHbookAgreementInsertChildFormIface.CreateForm
 0001:00004FC0       BisCallcHbookAgreementEditFm.TBisCallcHbookAgreementInsertFormIface.Create
 0001:00005018       BisCallcHbookAgreementEditFm.TBisCallcHbookAgreementInsertFormIface.CreateForm
 0001:00005330       BisCallcHbookAgreementEditFm.TBisCallcHbookAgreementUpdateFormIface.Create
 0004:0000004C       BisCallcHbookAgreementsFm..3
 0001:0000545C       BisCallcHbookAgreementsFm..TBisCallcHbookAgreementsForm
 0001:00005654       BisCallcHbookAgreementsFm..TBisCallcHbookAgreementsFormIface
 0002:0000055C       BisCallcHbookAgreementsFm.BisCallcHbookAgreementsFm
 0004:00000048       BisCallcHbookAgreementsFm.BisCallcHbookAgreementsForm
 0001:00005A14       BisCallcHbookAgreementsFm.Finalization
 0001:00005794       BisCallcHbookAgreementsFm.TBisCallcHbookAgreementsFormIface.Create
 0004:0000011C       BisCallcHbookCaseEditFm..6
 0001:00012CD0       BisCallcHbookCaseEditFm..TBisCallcHbookCaseDeleteFormIface
 0001:0001243C       BisCallcHbookCaseEditFm..TBisCallcHbookCaseEditForm
 0001:00012920       BisCallcHbookCaseEditFm..TBisCallcHbookCaseEditFormIface
 0001:00012A58       BisCallcHbookCaseEditFm..TBisCallcHbookCaseInsertFormIface
 0001:00012B94       BisCallcHbookCaseEditFm..TBisCallcHbookCaseUpdateFormIface
 0002:000005FC       BisCallcHbookCaseEditFm.BisCallcHbookCaseEditFm
 0004:00000118       BisCallcHbookCaseEditFm.BisCallcHbookCaseEditForm
 0001:00013A78       BisCallcHbookCaseEditFm.Finalization
 0001:000134A8       BisCallcHbookCaseEditFm.TBisCallcHbookCaseDeleteFormIface.Create
 0001:00013A24       BisCallcHbookCaseEditFm.TBisCallcHbookCaseEditForm.ButtonBiasClick
 0001:00013604       BisCallcHbookCaseEditFm.TBisCallcHbookCaseEditForm.ButtonDpClick
 0001:0001391C       BisCallcHbookCaseEditFm.TBisCallcHbookCaseEditForm.ButtonPpClick
 0001:000134FC       BisCallcHbookCaseEditFm.TBisCallcHbookCaseEditForm.ButtonRpClick
 0001:00013814       BisCallcHbookCaseEditFm.TBisCallcHbookCaseEditForm.ButtonTpClick
 0001:0001370C       BisCallcHbookCaseEditFm.TBisCallcHbookCaseEditForm.ButtonVpClick
 0001:00012E0C       BisCallcHbookCaseEditFm.TBisCallcHbookCaseEditFormIface.Create
 0001:00013400       BisCallcHbookCaseEditFm.TBisCallcHbookCaseInsertFormIface.Create
 0001:00013454       BisCallcHbookCaseEditFm.TBisCallcHbookCaseUpdateFormIface.Create
 0004:00000124       BisCallcHbookCasesFm..3
 0001:00013AA8       BisCallcHbookCasesFm..TBiCallcHbookCasesForm
 0001:00013C90       BisCallcHbookCasesFm..TBisCallcHbookCasesFormIface
[...]
   713 0001:00036504   714 0001:0003650E   715 0001:00036513   716 0001:0003653A
   717 0001:0003654F   718 0001:0003655D   719 0001:0003657A   721 0001:0003658B
   722 0001:000365AB   723 0001:000365B9   724 0001:000365C1   725 0001:000365CF
   726 0001:000365ED   728 0001:00036636   729 0001:00036653   730 0001:00036664
   732 0001:00036684   733 0001:000366A1   734 0001:000366B2   735 0001:000366D2
   736 0001:000366E0   738 0001:000366FE   739 0001:0003671B   740 0001:0003672B
   741 0001:00036753   742 0001:00036762   743 0001:00036770   746 0001:000367A2
   749 0001:000367B9   738 0001:000367BC   751 0001:000367C5   753 0001:000367D6
   732 0001:000367D9   756 0001:000367E7   757 0001:00036816   758 0001:00036826
   759 0001:00036834   762 0001:0003686D   766 0001:00036884   728 0001:00036887
   768 0001:00036890   770 0001:000368BC   771 0001:000368BE   772 0001:000368CF
   776 0001:000368E6   779 0001:00036905   780 0001:00036908   718 0001:0003690B
   782 0001:00036921   787 0001:0003694B   788 0001:00036953   789 0001:00036963
   790 0001:00036973   791 0001:0003698A   792 0001:00036998   795 0001:000369B0
   819 0001:00036A90   820 0001:00036ABB   821 0001:00036AD1   822 0001:00036AE3
   823 0001:00036AF3   824 0001:00036AFA   825 0001:00036B08   826 0001:00036B13
   827 0001:00036B31   828 0001:00036B3C   829 0001:00036B62   830 0001:00036B91
   831 0001:00036BD4   832 0001:00036C17   833 0001:00036C3D   834 0001:00036C4D
   835 0001:00036C58   836 0001:00036C99   837 0001:00036CDA   838 0001:00036CEE
   840 0001:00036D14   841 0001:00036D2C   842 0001:00036D3C   843 0001:00036D4E
   844 0001:00036D60   845 0001:00036D6E   846 0001:00036D72   847 0001:00036D80
   849 0001:00036D8E   850 0001:00036D96   851 0001:00036DCC   852 0001:00036DE4
   854 0001:00036DF1   855 0001:00036DFF   857 0001:00036E07   858 0001:00036E15
   859 0001:00036E33   860 0001:00036E8E   861 0001:00036EC0   863 0001:00036EF3
   864 0001:00036EFB   865 0001:00036F16   866 0001:00036F44   867 0001:00036F4D
   868 0001:00036F6B   870 0001:00036F89   871 0001:00036F96   872 0001:00036FA8
   873 0001:00036FB6   874 0001:00036FDC   875 0001:00037032   876 0001:0003708A
   877 0001:0003709E   878 0001:000370E8   881 0001:00037149   884 0001:0003715C
   885 0001:00037183   886 0001:000371AA   887 0001:000371B3   888 0001:000371C0
   889 0001:000371D7   890 0001:00037203   892 0001:00037221   893 0001:0003722E
   894 0001:0003724C   895 0001:0003725D   896 0001:0003726D   897 0001:00037283
   898 0001:00037285   899 0001:00037296   900 0001:000372B5   901 0001:000372E7
   905 0001:0003731B   906 0001:00037324   907 0001:00037342   909 0001:00037360
   910 0001:00037387   911 0001:000373B3   912 0001:00037423   913 0001:0003744A
   864 0001:00037450   914 0001:0003745C   917 0001:00037488   918 0001:0003749A
   921 0001:000374B0   922 0001:000374B6   923 0001:000374D1   851 0001:000374D4
   925 0001:000374ED   926 0001:000374FD   927 0001:0003750D   928 0001:00037524
   929 0001:00037532   934 0001:0003755F   935 0001:0003756B   936 0001:0003757E
   937 0001:00037583   940 0001:0003759E   945 0001:00037A1C   946 0001:00037A35
   947 0001:00037A37   948 0001:00037A46   949 0001:00037A56   950 0001:00037A8D
   964 0001:00037AC8   965 0001:00037AE4   966 0001:00037AF7   967 0001:00037B06
   968 0001:00037B16   969 0001:00037B25   970 0001:00037B34   971 0001:00037B42
   972 0001:00037B50   973 0001:00037B5E   974 0001:00037B6B   975 0001:00037B78
   976 0001:00037B9D   977 0001:00037BAB   978 0001:00037BBB   979 0001:00037BC7
   980 0001:00037BDB   981 0001:00037BE7   983 0001:00037C08   986 0001:00037C25
   987 0001:00037C2D   988 0001:00037C35   991 0001:00037C4D   999 0001:00037C70
  1000 0001:00037C8C  1001 0001:00037CA2  1002 0001:00037CB1  1003 0001:00037CC1
  1004 0001:00037CD2  1005 0001:00037CE1  1006 0001:00037CF0  1007 0001:00037D02
  1008 0001:00037D14  1009 0001:00037D22  1010 0001:00037D30  1011 0001:00037D3E
  1012 0001:00037D5A  1013 0001:00037D66  1014 0001:00037D76  1015 0001:00037D87
  1016 0001:00037D93  1017 0001:00037D9E  1018 0001:00037DAF  1019 0001:00037DB7
  1020 0001:00037DC8  1021 0001:00037DD4  1022 0001:00037DDF  1023 0001:00037DF0
  1024 0001:00037DFE  1025 0001:00037E06  1026 0001:00037E0E  1028 0001:00037E25
  1029 0001:00037E35  1030 0001:00037E45  1031 0001:00037E4D  1032 0001:00037E55
  1033 0001:00037E5D  1036 0001:00037E75

Line numbers for BisCallcImportFm(imcallc.bpl\BisCallcImportFm.pas) segment .itext

  1040 0002:00000734

Line numbers for BisCallcHbookActionReportEditFm(imcallc.bpl\BisCallcHbookActionReportEditFm.pas) segment .text

    57 0001:000386D8    58 0001:00038704    59 0001:0003870D    60 0001:00038715
    62 0001:00038718    63 0001:00038753    65 0001:00038799    67 0001:000387B1
    72 0001:0003895C    73 0001:0003896E    74 0001:00038977    75 0001:00038984
    80 0001:000389B8    81 0001:000389CA    82 0001:000389D3    83 0001:000389E0
    88 0001:00038A14    89 0001:00038A26    90 0001:00038A2F    91 0001:00038A3C

Line numbers for BisCallcHbookActionReportEditFm(imcallc.bpl\BisCallcHbookActionReportEditFm.pas) segment .itext

    94 0002:0000073C

Line numbers for BisCallcHbookActionReportsFm(imcallc.bpl\BisCallcHbookActionReportsFm.pas) segment .text

    34 0001:00038DE8    35 0001:00038DFF    36 0001:00038E08    37 0001:00038E10
    38 0001:00038E1D    39 0001:00038E28    40 0001:00038E33    41 0001:00038E3A
    42 0001:00038E3E    43 0001:00038E4E    44 0001:00038E51    45 0001:00038E5D
    46 0001:00038E69    47 0001:00038E7F    48 0001:00038E95    50 0001:00038EA8
    51 0001:00038EB7    52 0001:00038EC6    53 0001:00038ED5

Line numbers for BisCallcHbookActionReportsFm(imcallc.bpl\BisCallcHbookActionReportsFm.pas) segment .itext

    55 0002:00000744

Line numbers for BisCallcTakeBellFilterFm(imcallc.bpl\BisCallcTakeBellFilterFm.pas) segment .text

    45 0001:00039570    46 0001:00039582    47 0001:0003958B    48 0001:00039593
    49 0001:000395A0    54 0001:000395D4    55 0001:000395E6    56 0001:000395EF
    57 0001:000395F6    61 0001:00039610    62 0001:00039620    74 0001:00039624
    75 0001:00039647    76 0001:0003964D    77 0001:0003965E    78 0001:00039667
    79 0001:00039678    80 0001:00039689    81 0001:00039697    82 0001:000396A9
    83 0001:000396B2    84 0001:000396BE    85 0001:000396CA    87 0001:000396D6
    88 0001:000396EB    89 0001:000396F3    90 0001:00039713    91 0001:00039717
    93 0001:00039724    94 0001:00039732    95 0001:00039752    96 0001:00039772
    97 0001:00039787    98 0001:000397A0    99 0001:000397A6   100 0001:000397AA
   102 0001:000397B8   103 0001:000397D6   104 0001:000397EF   105 0001:00039806
    92 0001:0003980E   107 0001:0003981E   108 0001:0003982B   109 0001:00039835
   110 0001:00039845   113 0001:00039862   115 0001:00039872

Line numbers for BisCallcTakeBellFilterFm(imcallc.bpl\BisCallcTakeBellFilterFm.pas) segment .itext

   117 0002:0000074C

Line numbers for BisCallcTakeBellFrm(imcallc.bpl\BisCallcTakeBellFrm.pas) segment .text

   136 0001:0003A470   137 0001:0003A48F   138 0001:0003A4A0   139 0001:0003A4A8
   140 0001:0003A4AF   142 0001:0003A4B1   143 0001:0003A4CA   144 0001:0003A4EC
   145 0001:0003A502   146 0001:0003A50B   147 0001:0003A512   150 0001:0003A514
   151 0001:0003A51D   156 0001:0003A54C   157 0001:0003A550   158 0001:0003A561
   159 0001:0003A56B   160 0001:0003A572   162 0001:0003A575   163 0001:0003A57C
   172 0001:0003A580   173 0001:0003A59E   174 0001:0003A5AF   175 0001:0003A5BD
   176 0001:0003A5CF   177 0001:0003A5E1   178 0001:0003A60F   180 0001:0003A62A
   181 0001:0003A632   183 0001:0003A660   185 0001:0003A670   191 0001:0003A6EC
   192 0001:0003A70D   193 0001:0003A717   194 0001:0003A747   195 0001:0003A75C
   196 0001:0003A75E   197 0001:0003A76D   198 0001:0003A775   199 0001:0003A77D
   200 0001:0003A785   202 0001:0003A78B   203 0001:0003A793   204 0001:0003A7A2
   205 0001:0003A7AE   206 0001:0003A7BC   207 0001:0003A7C3   208 0001:0003A7E9
   209 0001:0003A811   211 0001:0003A833   213 0001:0003A843   214 0001:0003A850
   216 0001:0003A864   219 0001:0003A870   224 0001:0003A904   225 0001:0003A91B
   226 0001:0003A924   227 0001:0003A92F   228 0001:0003A93A   229 0001:0003A945
   230 0001:0003A951   231 0001:0003A95D   232 0001:0003A969   233 0001:0003A975
   234 0001:0003A981   235 0001:0003A98D   236 0001:0003A999   237 0001:0003A9A5
   238 0001:0003A9C5   239 0001:0003A9D8   240 0001:0003A9EB   241 0001:0003A9FE
   242 0001:0003AA11   243 0001:0003AA24   244 0001:0003AA37   245 0001:0003AA4A
   246 0001:0003AA6A   247 0001:0003AA7D   249 0001:0003AA90   250 0001:0003AA9C
   253 0001:0003AAA8   254 0001:0003AAB5   255 0001:0003AACB   256 0001:0003AAD8
   257 0001:0003AAE5   258 0001:0003AAF2   259 0001:0003AAFF   260 0001:0003AB0C
   261 0001:0003AB1C   263 0001:0003AB2C   264 0001:0003AB40   266 0001:0003AB54
   267 0001:0003AB60   268 0001:0003AB6C   269 0001:0003AB78   270 0001:0003AB84
   271 0001:0003AB90   272 0001:0003AB9C   273 0001:0003ABA8   274 0001:0003ABB4
   275 0001:0003ABC0   277 0001:0003ABCC   278 0001:0003ABDC   280 0001:0003ABEC
   281 0001:0003AC05   282 0001:0003AC15   284 0001:0003AC1B   285 0001:0003AC34
   286 0001:0003AC44   287 0001:0003AC54   289 0001:0003AC5A   290 0001:0003AC73
   291 0001:0003AC83   293 0001:0003AC89   294 0001:0003AC9B   295 0001:0003ACA2
   296 0001:0003ACB4   297 0001:0003ACBB   300 0001:0003AF28   301 0001:0003AF33
   302 0001:0003AF3E   303 0001:0003AF49   304 0001:0003AF54   305 0001:0003AF5F
   306 0001:0003AF6A   307 0001:0003AF76   312 0001:0003AF84   313 0001:0003AF9E
   314 0001:0003AFAC   315 0001:0003AFB8   316 0001:0003AFD8   321 0001:0003AFFC
   322 0001:0003B01C   323 0001:0003B027   324 0001:0003B038   325 0001:0003B046
   326 0001:0003B058   327 0001:0003B06B   328 0001:0003B0A8   329 0001:0003B0BD
   330 0001:0003B0C5   331 0001:0003B0DD   333 0001:0003B0E7   334 0001:0003B10A
   332 0001:0003B112   338 0001:0003B12B   340 0001:0003B13B   345 0001:0003B1E0
   346 0001:0003B200   347 0001:0003B20B   348 0001:0003B21C   349 0001:0003B22A
   350 0001:0003B23C   351 0001:0003B24F   352 0001:0003B28C   353 0001:0003B2A1
   354 0001:0003B2A9   355 0001:0003B2C1   357 0001:0003B2CB   358 0001:0003B2EE
   356 0001:0003B2F6   362 0001:0003B30F   364 0001:0003B31F   367 0001:0003B3C4
   368 0001:0003B3DF   369 0001:0003B3E1   370 0001:0003B3FF   371 0001:0003B424
   374 0001:0003B468   375 0001:0003B487   376 0001:0003B489   377 0001:0003B4A7
   380 0001:0003B4F5   383 0001:0003B55C   384 0001:0003B580   385 0001:0003B589
   386 0001:0003B591   387 0001:0003B5A2   388 0001:0003B5B2   390 0001:0003B5C7
   391 0001:0003B5D0   392 0001:0003B5F6   393 0001:0003B61C   394 0001:0003B642
   397 0001:0003B668   398 0001:0003B679   401 0001:0003B689   407 0001:0003B710
   408 0001:0003B72E   409 0001:0003B73F   410 0001:0003B750   411 0001:0003B75E
   412 0001:0003B770   413 0001:0003B789   414 0001:0003B79A   415 0001:0003B7B2
   416 0001:0003B7D5   417 0001:0003B7FD   421 0001:0003B814   422 0001:0003B81C
   424 0001:0003B82C   430 0001:0003B894   431 0001:0003B8B2   432 0001:0003B8C3
   433 0001:0003B8D4   434 0001:0003B8E2   435 0001:0003B8F4   436 0001:0003B90D
   437 0001:0003B91E   438 0001:0003B936   439 0001:0003B959   440 0001:0003B981
   444 0001:0003B998   445 0001:0003B9A0   447 0001:0003B9B0   454 0001:0003BA20
   455 0001:0003BA41   456 0001:0003BA5E   457 0001:0003BA60   458 0001:0003BA73
   459 0001:0003BA87   460 0001:0003BAA8   461 0001:0003BABE   462 0001:0003BACC
   463 0001:0003BAD7   464 0001:0003BAE2   465 0001:0003BB12   459 0001:0003BB15
   466 0001:0003BB1A   467 0001:0003BB37   468 0001:0003BB42   471 0001:0003BB4C
   475 0001:0003BB70   476 0001:0003BB79   477 0001:0003BB81   483 0001:0003BB84
   484 0001:0003BBA6   485 0001:0003BBBB   487 0001:0003BBDA   489 0001:0003BBED
   490 0001:0003BBFE   491 0001:0003BC1C   492 0001:0003BC31   493 0001:0003BC8D
   494 0001:0003BC91   496 0001:0003BC95   497 0001:0003BCF1   498 0001:0003BCF5
   500 0001:0003BCF9   501 0001:0003BD73   502 0001:0003BD77   504 0001:0003BD7B
   505 0001:0003BDF5   506 0001:0003BDF9   508 0001:0003BDFD   509 0001:0003BE77
   510 0001:0003BE7B   512 0001:0003BE7F   513 0001:0003BEF9   514 0001:0003BEFD
   516 0001:0003BF01   517 0001:0003BF7B   518 0001:0003BF7F   520 0001:0003BF83
   521 0001:0003BFEE   522 0001:0003C059   523 0001:0003C0D5   524 0001:0003C0F0
   527 0001:0003C10B   528 0001:0003C120   529 0001:0003C19A   530 0001:0003C19E
   532 0001:0003C1A2   533 0001:0003C21C   534 0001:0003C220   535 0001:0003C224
   537 0001:0003C228   538 0001:0003C2A2   539 0001:0003C2A6   540 0001:0003C2AA
   542 0001:0003C2AE   543 0001:0003C328   544 0001:0003C32C   545 0001:0003C330
   549 0001:0003C334   550 0001:0003C34A   551 0001:0003C35B   550 0001:0003C383
   554 0001:0003C386   555 0001:0003C39C   556 0001:0003C3AD   555 0001:0003C3D5
   563 0001:0003C3D8   565 0001:0003C3DF   569 0001:0003C6FC   570 0001:0003C701
   573 0001:0003C704   574 0001:0003C707   575 0001:0003C71B   579 0001:0003C720
   580 0001:0003C725   583 0001:0003C728   584 0001:0003C72B   585 0001:0003C73F
   588 0001:0003C744   589 0001:0003C747   590 0001:0003C76B   591 0001:0003C779
   592 0001:0003C787   595 0001:0003C78C   596 0001:0003C78F   598 0001:0003C7B6
   602 0001:0003C7B8   603 0001:0003C7C0   606 0001:0003C7C4   607 0001:0003C7C7
   608 0001:0003C7CB   609 0001:0003C7D3   610 0001:0003C7E5   612 0001:0003C7F9
   613 0001:0003C806   616 0001:0003C813   623 0001:0003C818   624 0001:0003C83A
   625 0001:0003C84A   626 0001:0003C85B   627 0001:0003C86C   628 0001:0003C87A
   629 0001:0003C88F   630 0001:0003C8AF   631 0001:0003C8C0   632 0001:0003C8D2
   633 0001:0003C8E0   634 0001:0003C8E2   635 0001:0003C8F4   637 0001:0003C907
   638 0001:0003C90B   639 0001:0003C945   641 0001:0003C97B   642 0001:0003C98B
   643 0001:0003C9BE   646 0001:0003C9EB   636 0001:0003C9F9   648 0001:0003CA0F
   650 0001:0003CA24   651 0001:0003CA34   653 0001:0003CA44   657 0001:0003CA5C
   658 0001:0003CA64   661 0001:0003CA74   664 0001:0003CB00   665 0001:0003CB03
   666 0001:0003CB27   667 0001:0003CB35   668 0001:0003CB43   675 0001:0003CB48
   676 0001:0003CB6A   677 0001:0003CB7A   678 0001:0003CB8B   679 0001:0003CB9C
   680 0001:0003CBAA   681 0001:0003CBBF   682 0001:0003CBDF   683 0001:0003CBF0
   684 0001:0003CC02   685 0001:0003CC10   686 0001:0003CC12   687 0001:0003CC24
   689 0001:0003CC37   690 0001:0003CC3B   691 0001:0003CC75   693 0001:0003CCAB
   694 0001:0003CCBB   695 0001:0003CCEE   698 0001:0003CD1B   688 0001:0003CD29
   700 0001:0003CD3F   702 0001:0003CD54   703 0001:0003CD64   705 0001:0003CD74
   709 0001:0003CD8C   710 0001:0003CD94   713 0001:0003CDA4

Line numbers for BisCallcTakeBellFrm(imcallc.bpl\BisCallcTakeBellFrm.pas) segment .itext

   715 0002:00000754

Line numbers for BisCallcTakeBellFm(imcallc.bpl\BisCallcTakeBellFm.pas) segment .text

    48 0001:0003D1F0    49 0001:0003D202    50 0001:0003D20B    51 0001:0003D213
    52 0001:0003D217    53 0001:0003D21E    54 0001:0003D225    55 0001:0003D22C
    56 0001:0003D23C    57 0001:0003D24C    60 0001:0003D2A0    61 0001:0003D2A5
    62 0001:0003D2AE    63 0001:0003D2B9    64 0001:0003D2C2    65 0001:0003D2D9
    68 0001:0003D2F0    71 0001:0003D2F8    72 0001:0003D2FB    73 0001:0003D302
    74 0001:0003D310    75 0001:0003D31E    79 0001:0003D320    80 0001:0003D32E
    84 0001:0003D330    85 0001:0003D33E    91 0001:0003D340    92 0001:0003D352
    93 0001:0003D35B    94 0001:0003D36F    97 0001:0003D38C    98 0001:0003D397
    99 0001:0003D3A3   103 0001:0003D3B4   104 0001:0003D3B9

Line numbers for BisCallcTakeBellFm(imcallc.bpl\BisCallcTakeBellFm.pas) segment .itext

   107 0002:0000075C

Line numbers for BisCallc(imcallc.bpl\BisCallc.pas) segment .text

    27 0001:0003D3EC    28 0001:0003D3F0    29 0001:0003D3F6    31 0001:0003D40B
    32 0001:0003D418    33 0001:0003D425    34 0001:0003D432    35 0001:0003D43F
    36 0001:0003D44C    37 0001:0003D459    38 0001:0003D466    39 0001:0003D473
    40 0001:0003D480    41 0001:0003D48D    42 0001:0003D49A    43 0001:0003D4A7
    44 0001:0003D4B4    45 0001:0003D4C1    46 0001:0003D4CE    47 0001:0003D4DB
    48 0001:0003D4E8    49 0001:0003D4F5    50 0001:0003D502    51 0001:0003D50F
    52 0001:0003D51C    53 0001:0003D529    54 0001:0003D536    55 0001:0003D543
    56 0001:0003D550    57 0001:0003D55D    60 0001:0003D56A

Line numbers for BisCallc(imcallc.bpl\BisCallc.pas) segment .itext

    62 0002:00000764

Line numbers for .imcallc(imcallc.dpk) segment .itext

   104 0002:0000076C

Bound resource files

c:\program files\codegear\rad studio\5.0\lib\WindowsXP.res
u:\source\imcallc.bpl\BisCallcMainFm.dfm
u:\source\imcallc.bpl\BisCallcHbookCurrencyEditFm.dfm
u:\source\imcallc.bpl\BisCallcHbookCurrencyFm.dfm
u:\source\imcallc.bpl\BisCallcHbookVariantEditFm.dfm
u:\source\imcallc.bpl\BisCallcHbookVariantsFm.dfm
u:\source\imcallc.bpl\BisCallcHbookAgreementEditFm.dfm
u:\source\imcallc.bpl\BisCallcHbookAgreementsFm.dfm
u:\source\imcallc.bpl\BisCallcHbookAccountFirmEditFm.dfm
u:\source\imcallc.bpl\BisCallcHbookAccountFirmsFm.dfm
u:\source\imcallc.bpl\BisCallcHbookPatternEditFm.dfm
u:\source\imcallc.bpl\BisCallcHbookPatternsFm.dfm
u:\source\imcallc.bpl\BisCallcHbookGroupEditFm.dfm
u:\source\imcallc.bpl\BisCallcHbookGroupsFm.dfm
u:\source\imcallc.bpl\BisCallcHbookAccountGroupEditFm.dfm
u:\source\imcallc.bpl\BisCallcHbookAccountGroupsFm.dfm
u:\source\imcallc.bpl\BisCallcHbookActionEditFm.dfm
u:\source\imcallc.bpl\BisCallcHbookActionsFm.dfm
u:\source\imcallc.bpl\BisCallcHbookAccountActionEditFm.dfm
u:\source\imcallc.bpl\BisCallcHbookAccountActionsFm.dfm
u:\source\imcallc.bpl\BisCallcHbookResultEditFm.dfm
u:\source\imcallc.bpl\BisCallcHbookResultsFm.dfm
u:\source\imcallc.bpl\BisCallcHbookActionResultEditFm.dfm
u:\source\imcallc.bpl\BisCallcHbookActionResultsFm.dfm
u:\source\imcallc.bpl\BisCallcHbookStatusEditFm.dfm
u:\source\imcallc.bpl\BisCallcHbookStatusesFm.dfm
u:\source\imcallc.bpl\BisCallcHbookCaseEditFm.dfm
u:\source\imcallc.bpl\BisCallcHbookCasesFm.dfm
u:\source\imcallc.bpl\BisCallcHbookDebtorHistoriesFm.dfm
u:\source\imcallc.bpl\BisCallcHbookDebtorEditFm.dfm
u:\source\imcallc.bpl\BisCallcHbookDebtorsFm.dfm
u:\source\imcallc.bpl\BisCallcHbookPlanEditFm.dfm
u:\source\imcallc.bpl\BisCallcHbookPlansFm.dfm
u:\source\imcallc.bpl\BisCallcHbookDealEditFm.dfm
u:\source\imcallc.bpl\BisCallcHbookDealsFm.dfm
u:\source\imcallc.bpl\BisCallcHbookPaymentEditFm.dfm
u:\source\imcallc.bpl\BisCallcHbookPaymentsFm.dfm
u:\source\imcallc.bpl\BisCallcHbookTaskEditFm.dfm
u:\source\imcallc.bpl\BisCallcHbookTasksFm.dfm
u:\source\imcallc.bpl\BisCallcHbookTaskDocumentEditFm.dfm
u:\source\imcallc.bpl\BisCallcHbookTaskDocumentsFm.dfm
u:\source\imcallc.bpl\BisCallcTaskFrm.dfm
u:\source\imcallc.bpl\BisCallcReadinessFm.dfm
u:\source\imcallc.bpl\BisCallcTaskExecuteInfoFm.dfm
u:\source\imcallc.bpl\BisCallcTaskFm.dfm
u:\source\imcallc.bpl\BisCallcDealFrameTasksFrm.dfm
u:\source\imcallc.bpl\BisCallcDealFrm.dfm
u:\source\imcallc.bpl\BisCallcTaskOperatorFm.dfm
u:\source\imcallc.bpl\BisCallcDealsFrameTasksFilterFm.dfm
u:\source\imcallc.bpl\BisCallcDealEditFm.dfm
u:\source\imcallc.bpl\BisCallcDealsFrameTasksFrm.dfm
u:\source\imcallc.bpl\BisCallcDealsFrm.dfm
u:\source\imcallc.bpl\BisCallcTaskLeaderFm.dfm
u:\source\imcallc.bpl\BisCallcTaskClerkFm.dfm
u:\source\imcallc.bpl\BisCallcTaskManagerFm.dfm
u:\source\imcallc.bpl\BisCallcHbookPlanActionEditFm.dfm
u:\source\imcallc.bpl\BisCallcHbookPlanActionsFm.dfm
u:\source\imcallc.bpl\BisCallcImportFm.dfm
u:\source\imcallc.bpl\BisCallcHbookActionReportEditFm.dfm
u:\source\imcallc.bpl\BisCallcHbookActionReportsFm.dfm
u:\source\imcallc.bpl\BisCallcTakeBellFilterFm.dfm
u:\source\imcallc.bpl\BisCallcTakeBellFrm.dfm
u:\source\imcallc.bpl\BisCallcTakeBellFm.dfm
imcallc.res
imcallc.drf


Program entry point at 0002:0000076C
