
 Start         Length     Name                   Class
 0001:00401000 000335B4H .text                   CODE
 0002:00435000 00005038H .itext                  ICODE
 0003:0043B000 0000137CH .data                   DATA
 0004:0043D000 000007D8H .bss                    BSS
 0005:00000000 00000000H .tls                    TLS


Detailed map of segments

 0001:00000000 00000326 C=CODE     S=.text    G=(none)   M=System   ACBP=A9
 0001:00000328 000001C3 C=CODE     S=.text    G=(none)   M=SysInit  ACBP=A9
 0001:000004EC 00000150 C=CODE     S=.text    G=(none)   M=Windows  ACBP=A9
 0001:0000063C 00000006 C=CODE     S=.text    G=(none)   M=ActiveX  ACBP=A9
 0001:00000644 0000007E C=CODE     S=.text    G=(none)   M=MMSystem ACBP=A9
 0001:000006C4 00000046 C=CODE     S=.text    G=(none)   M=_DXTypes ACBP=A9
 0001:0000070C 000006B2 C=CODE     S=.text    G=(none)   M=_DirectSound ACBP=A9
 0001:00000DC0 00000822 C=CODE     S=.text    G=(none)   M=wmfintf  ACBP=A9
 0001:000015E4 0000003E C=CODE     S=.text    G=(none)   M=_MSAcm   ACBP=A9
 0001:00001624 0000026E C=CODE     S=.text    G=(none)   M=Classes  ACBP=A9
 0001:00001894 00000006 C=CODE     S=.text    G=(none)   M=TypInfo  ACBP=A9
 0001:0000189C 000000A6 C=CODE     S=.text    G=(none)   M=SysUtils ACBP=A9
 0001:00001944 0000006E C=CODE     S=.text    G=(none)   M=Variants ACBP=A9
 0001:000019B4 00000006 C=CODE     S=.text    G=(none)   M=VarUtils ACBP=A9
 0001:000019BC 00000086 C=CODE     S=.text    G=(none)   M=ACS_Types ACBP=A9
 0001:00001A44 0000002E C=CODE     S=.text    G=(none)   M=SyncObjs ACBP=A9
 0001:00001A74 000054FE C=CODE     S=.text    G=(none)   M=ACS_Tags ACBP=A9
 0001:00006F74 00002F52 C=CODE     S=.text    G=(none)   M=ACS_Classes ACBP=A9
 0001:00009EC8 00000016 C=CODE     S=.text    G=(none)   M=Math     ACBP=A9
 0001:00009EE0 00000E1E C=CODE     S=.text    G=(none)   M=ACS_AudioMix ACBP=A9
 0001:0000AD00 0000000E C=CODE     S=.text    G=(none)   M=IniFiles ACBP=A9
 0001:0000AD10 00000016 C=CODE     S=.text    G=(none)   M=Registry ACBP=A9
 0001:0000AD28 0000090A C=CODE     S=.text    G=(none)   M=CDRip    ACBP=A9
 0001:0000B634 00001AF8 C=CODE     S=.text    G=(none)   M=ACS_CDROM ACBP=A9
 0001:0000D12C 00000C32 C=CODE     S=.text    G=(none)   M=ACS_Procs ACBP=A9
 0001:0000DD60 00002672 C=CODE     S=.text    G=(none)   M=ACS_Converters ACBP=A9
 0001:000103D4 00000006 C=CODE     S=.text    G=(none)   M=Forms    ACBP=A9
 0001:000103DC 00000006 C=CODE     S=.text    G=(none)   M=HelpIntfs ACBP=A9
 0001:000103E4 00000006 C=CODE     S=.text    G=(none)   M=MultiMon ACBP=A9
 0001:000103EC 00000006 C=CODE     S=.text    G=(none)   M=ActnList ACBP=A9
 0001:000103F4 00000006 C=CODE     S=.text    G=(none)   M=Graphics ACBP=A9
 0001:000103FC 00000006 C=CODE     S=.text    G=(none)   M=Themes   ACBP=A9
 0001:00010404 0000000E C=CODE     S=.text    G=(none)   M=Controls ACBP=A9
 0001:00010414 00000006 C=CODE     S=.text    G=(none)   M=Menus    ACBP=A9
 0001:0001041C 00000006 C=CODE     S=.text    G=(none)   M=UxTheme  ACBP=A9
 0001:00010424 00000006 C=CODE     S=.text    G=(none)   M=DwmApi   ACBP=A9
 0001:0001042C 00000006 C=CODE     S=.text    G=(none)   M=Dialogs  ACBP=A9
 0001:00010434 00000006 C=CODE     S=.text    G=(none)   M=Printers ACBP=A9
 0001:0001043C 00000006 C=CODE     S=.text    G=(none)   M=ExtCtrls ACBP=A9
 0001:00010444 00000006 C=CODE     S=.text    G=(none)   M=GraphUtil ACBP=A9
 0001:0001044C 00000006 C=CODE     S=.text    G=(none)   M=Clipbrd  ACBP=A9
 0001:00010454 00000006 C=CODE     S=.text    G=(none)   M=FlatSB   ACBP=A9
 0001:0001045C 00000C7E C=CODE     S=.text    G=(none)   M=DSWrapper ACBP=A9
 0001:000110DC 000011CA C=CODE     S=.text    G=(none)   M=ACS_DXAudio ACBP=A9
 0001:000122A8 000022A6 C=CODE     S=.text    G=(none)   M=ACS_Filters ACBP=A9
 0001:00014550 00000044 C=CODE     S=.text    G=(none)   M=FLAC     ACBP=A9
 0001:00014594 000020F6 C=CODE     S=.text    G=(none)   M=ACS_FLAC ACBP=A9
 0001:0001668C 000012A2 C=CODE     S=.text    G=(none)   M=lame     ACBP=A9
 0001:00017930 00000EF6 C=CODE     S=.text    G=(none)   M=ACS_LAME ACBP=A9
 0001:00018828 00000CF8 C=CODE     S=.text    G=(none)   M=MACDll   ACBP=A9
 0001:00019520 00000B7E C=CODE     S=.text    G=(none)   M=ACS_MAC  ACBP=A9
 0001:0001A0A0 00001536 C=CODE     S=.text    G=(none)   M=ACS_Misc ACBP=A9
 0001:0001B5D8 00000688 C=CODE     S=.text    G=(none)   M=libmpdec ACBP=A9
 0001:0001BC60 000001E2 C=CODE     S=.text    G=(none)   M=libmppenc ACBP=A9
 0001:0001BE44 00001206 C=CODE     S=.text    G=(none)   M=ACS_MPC  ACBP=A9
 0001:0001D04C 00000D1C C=CODE     S=.text    G=(none)   M=OptimFROGDLL ACBP=A9
 0001:0001DD68 000006D6 C=CODE     S=.text    G=(none)   M=ACS_OptimFROG ACBP=A9
 0001:0001E440 00000044 C=CODE     S=.text    G=(none)   M=ogg      ACBP=A9
 0001:0001E484 00000044 C=CODE     S=.text    G=(none)   M=Codec    ACBP=A9
 0001:0001E4C8 00000044 C=CODE     S=.text    G=(none)   M=VorbisFile ACBP=A9
 0001:0001E50C 00000044 C=CODE     S=.text    G=(none)   M=VorbisEnc ACBP=A9
 0001:0001E550 00001AD6 C=CODE     S=.text    G=(none)   M=ACS_Vorbis ACBP=A9
 0001:00020028 00000742 C=CODE     S=.text    G=(none)   M=WaveConverter ACBP=A9
 0001:0002076C 00003146 C=CODE     S=.text    G=(none)   M=ACS_Wave ACBP=A9
 0001:000238B4 0000334E C=CODE     S=.text    G=(none)   M=libwma1  ACBP=A9
 0001:00026C04 00002266 C=CODE     S=.text    G=(none)   M=ACS_WinMedia ACBP=A9
 0001:00028E6C 00000116 C=CODE     S=.text    G=(none)   M=ACS_smpeg ACBP=A9
 0001:00028F84 000007CA C=CODE     S=.text    G=(none)   M=ACS_Streams ACBP=A9
 0001:00029750 00000044 C=CODE     S=.text    G=(none)   M=libsamplerate ACBP=A9
 0001:00029794 00000A56 C=CODE     S=.text    G=(none)   M=AuSampleRate ACBP=A9
 0001:0002A1EC 00001BFC C=CODE     S=.text    G=(none)   M=WavPackDLL ACBP=A9
 0001:0002BDE8 00001636 C=CODE     S=.text    G=(none)   M=ACS_WavPack ACBP=A9
 0001:0002D420 00001D78 C=CODE     S=.text    G=(none)   M=TTALib   ACBP=A9
 0001:0002F198 000015D6 C=CODE     S=.text    G=(none)   M=ACS_TTA  ACBP=A9
 0001:00030770 000006D6 C=CODE     S=.text    G=(none)   M=AudioPass ACBP=A9
 0001:00030E48 000008A4 C=CODE     S=.text    G=(none)   M=tak_decoder ACBP=A9
 0001:000316EC 000006F2 C=CODE     S=.text    G=(none)   M=ACS_TAK  ACBP=A9
 0001:00031DE0 00000242 C=CODE     S=.text    G=(none)   M=acs_reg  ACBP=A9
 0001:00032024 00000044 C=CODE     S=.text    G=(none)   M=ovencode ACBP=A9
 0001:00032068 0000003E C=CODE     S=.text    G=(none)   M=BisCoreObjects ACBP=A9
 0001:000320A8 00000016 C=CODE     S=.text    G=(none)   M=BisObject ACBP=A9
 0001:000320C0 00000006 C=CODE     S=.text    G=(none)   M=BisUtils ACBP=A9
 0001:000320C8 00000006 C=CODE     S=.text    G=(none)   M=BisCore  ACBP=A9
 0001:000320D0 00000006 C=CODE     S=.text    G=(none)   M=DECUtil  ACBP=A9
 0001:000320D8 00000006 C=CODE     S=.text    G=(none)   M=Hash     ACBP=A9
 0001:000320E0 00000006 C=CODE     S=.text    G=(none)   M=Cipher   ACBP=A9
 0001:000320E8 00000006 C=CODE     S=.text    G=(none)   M=Cipher1  ACBP=A9
 0001:000320F0 00000006 C=CODE     S=.text    G=(none)   M=BisCryptUtils ACBP=A9
 0001:000320F8 00000006 C=CODE     S=.text    G=(none)   M=DB       ACBP=A9
 0001:00032100 00000006 C=CODE     S=.text    G=(none)   M=WideStrings ACBP=A9
 0001:00032108 00000006 C=CODE     S=.text    G=(none)   M=FMTBcd   ACBP=A9
 0001:00032110 00000006 C=CODE     S=.text    G=(none)   M=SqlTimSt ACBP=A9
 0001:00032118 00000006 C=CODE     S=.text    G=(none)   M=ComObj   ACBP=A9
 0001:00032120 00000006 C=CODE     S=.text    G=(none)   M=kbmMemTable ACBP=A9
 0001:00032128 00000006 C=CODE     S=.text    G=(none)   M=GIFImage ACBP=A9
 0001:00032130 00000006 C=CODE     S=.text    G=(none)   M=jpeg     ACBP=A9
 0001:00032138 00000006 C=CODE     S=.text    G=(none)   M=RxRichEd ACBP=A9
 0001:00032140 00000006 C=CODE     S=.text    G=(none)   M=ComCtrls ACBP=A9
 0001:00032148 00000006 C=CODE     S=.text    G=(none)   M=ExtActns ACBP=A9
 0001:00032150 00000006 C=CODE     S=.text    G=(none)   M=ExtDlgs  ACBP=A9
 0001:00032158 00000006 C=CODE     S=.text    G=(none)   M=Buttons  ACBP=A9
 0001:00032160 00000006 C=CODE     S=.text    G=(none)   M=Mapi     ACBP=A9
 0001:00032168 00000006 C=CODE     S=.text    G=(none)   M=OleCtnrs ACBP=A9
 0001:00032170 00000006 C=CODE     S=.text    G=(none)   M=rxToolEdit ACBP=A9
 0001:00032178 00000006 C=CODE     S=.text    G=(none)   M=rxDateUtil ACBP=A9
 0001:00032180 00000006 C=CODE     S=.text    G=(none)   M=RXCtrls  ACBP=A9
 0001:00032188 00000006 C=CODE     S=.text    G=(none)   M=RxHook   ACBP=A9
 0001:00032190 00000006 C=CODE     S=.text    G=(none)   M=RXConst  ACBP=A9
 0001:00032198 00000006 C=CODE     S=.text    G=(none)   M=rxVclutils ACBP=A9
 0001:000321A0 00000006 C=CODE     S=.text    G=(none)   M=RXProps  ACBP=A9
 0001:000321A8 00000006 C=CODE     S=.text    G=(none)   M=rxAppUtils ACBP=A9
 0001:000321B0 00000006 C=CODE     S=.text    G=(none)   M=RxPrgrss ACBP=A9
 0001:000321B8 00000006 C=CODE     S=.text    G=(none)   M=DBCtrls  ACBP=A9
 0001:000321C0 00000006 C=CODE     S=.text    G=(none)   M=DBPWDlg  ACBP=A9
 0001:000321C8 00000006 C=CODE     S=.text    G=(none)   M=DBLogDlg ACBP=A9
 0001:000321D0 00000006 C=CODE     S=.text    G=(none)   M=ActnMan  ACBP=A9
 0001:000321D8 00000006 C=CODE     S=.text    G=(none)   M=ActnMenus ACBP=A9
 0001:000321E0 00000006 C=CODE     S=.text    G=(none)   M=XPStyleActnCtrls ACBP=A9
 0001:000321E8 00000006 C=CODE     S=.text    G=(none)   M=OleServer ACBP=A9
 0001:000321F0 00000006 C=CODE     S=.text    G=(none)   M=OleCtrls ACBP=A9
 0001:000321F8 00000006 C=CODE     S=.text    G=(none)   M=AxCtrls  ACBP=A9
 0001:00032200 00000006 C=CODE     S=.text    G=(none)   M=BisFastReportClasses ACBP=A9
 0001:00032208 00000006 C=CODE     S=.text    G=(none)   M=frxClass ACBP=A9
 0001:00032210 00000006 C=CODE     S=.text    G=(none)   M=fs_iinterpreter ACBP=A9
 0001:00032218 00000006 C=CODE     S=.text    G=(none)   M=fs_iconst ACBP=A9
 0001:00032220 00000006 C=CODE     S=.text    G=(none)   M=fs_itools ACBP=A9
 0001:00032228 00000006 C=CODE     S=.text    G=(none)   M=frxRes   ACBP=A9
 0001:00032230 00000006 C=CODE     S=.text    G=(none)   M=frxDMPClass ACBP=A9
 0001:00032238 00000006 C=CODE     S=.text    G=(none)   M=frxDsgnIntf ACBP=A9
 0001:00032240 00000006 C=CODE     S=.text    G=(none)   M=fs_iinirtti ACBP=A9
 0001:00032248 00000006 C=CODE     S=.text    G=(none)   M=fs_idialogsrtti ACBP=A9
 0001:00032250 00000006 C=CODE     S=.text    G=(none)   M=fs_iclassesrtti ACBP=A9
 0001:00032258 00000006 C=CODE     S=.text    G=(none)   M=fs_iformsrtti ACBP=A9
 0001:00032260 00000006 C=CODE     S=.text    G=(none)   M=fs_igraphicsrtti ACBP=A9
 0001:00032268 00000006 C=CODE     S=.text    G=(none)   M=fs_ijs   ACBP=A9
 0001:00032270 00000006 C=CODE     S=.text    G=(none)   M=fs_ibasic ACBP=A9
 0001:00032278 00000006 C=CODE     S=.text    G=(none)   M=fs_icpp  ACBP=A9
 0001:00032280 00000006 C=CODE     S=.text    G=(none)   M=fs_ipascal ACBP=A9
 0001:00032288 00000006 C=CODE     S=.text    G=(none)   M=frxClassRTTI ACBP=A9
 0001:00032290 00000006 C=CODE     S=.text    G=(none)   M=frxPrinter ACBP=A9
 0001:00032298 00000006 C=CODE     S=.text    G=(none)   M=frxPreview ACBP=A9
 0001:000322A0 00000006 C=CODE     S=.text    G=(none)   M=frxSearchDialog ACBP=A9
 0001:000322A8 00000006 C=CODE     S=.text    G=(none)   M=frxrcClass ACBP=A9
 0001:000322B0 00000006 C=CODE     S=.text    G=(none)   M=frxGraphicUtils ACBP=A9
 0001:000322B8 00000006 C=CODE     S=.text    G=(none)   M=frxChm   ACBP=A9
 0001:000322C0 00000006 C=CODE     S=.text    G=(none)   M=frxDesgn ACBP=A9
 0001:000322C8 00000006 C=CODE     S=.text    G=(none)   M=Tabs     ACBP=A9
 0001:000322D0 00000006 C=CODE     S=.text    G=(none)   M=frxDataTree ACBP=A9
 0001:000322D8 00000006 C=CODE     S=.text    G=(none)   M=frxrcInsp ACBP=A9
 0001:000322E0 00000006 C=CODE     S=.text    G=(none)   M=frxUnicodeCtrls ACBP=A9
 0001:000322E8 00000006 C=CODE     S=.text    G=(none)   M=frxrcDesgn ACBP=A9
 0001:000322F0 00000006 C=CODE     S=.text    G=(none)   M=frxStdWizard ACBP=A9
 0001:000322F8 00000006 C=CODE     S=.text    G=(none)   M=CheckLst ACBP=A9
 0001:00032300 00000006 C=CODE     S=.text    G=(none)   M=frxDesgnEditors ACBP=A9
 0001:00032308 00000006 C=CODE     S=.text    G=(none)   M=frxEditFormat ACBP=A9
 0001:00032310 00000006 C=CODE     S=.text    G=(none)   M=BisFastReportControls ACBP=A9
 0001:00032318 00000006 C=CODE     S=.text    G=(none)   M=JclDebug ACBP=A9
 0001:00032320 00000006 C=CODE     S=.text    G=(none)   M=JclSysInfo ACBP=A9
 0001:00032328 00000006 C=CODE     S=.text    G=(none)   M=JclStrings ACBP=A9
 0001:00032330 00000006 C=CODE     S=.text    G=(none)   M=JclSysUtils ACBP=A9
 0001:00032338 00000006 C=CODE     S=.text    G=(none)   M=JclWideStrings ACBP=A9
 0001:00032340 00000006 C=CODE     S=.text    G=(none)   M=JclShell ACBP=A9
 0001:00032348 00000006 C=CODE     S=.text    G=(none)   M=JclRegistry ACBP=A9
 0001:00032350 00000006 C=CODE     S=.text    G=(none)   M=JclHookExcept ACBP=A9
 0001:00032358 00000006 C=CODE     S=.text    G=(none)   M=BisTimedMsgFm ACBP=A9
 0001:00032360 00000006 C=CODE     S=.text    G=(none)   M=BisServiceApplication ACBP=A9
 0001:00032368 00000006 C=CODE     S=.text    G=(none)   M=BisSvcMgr ACBP=A9
 0001:00032370 00000006 C=CODE     S=.text    G=(none)   M=SvcMgr   ACBP=A9
 0001:00032378 00000006 C=CODE     S=.text    G=(none)   M=BisFastReportComponents ACBP=A9
 0001:00032380 00000006 C=CODE     S=.text    G=(none)   M=frxCustomDB ACBP=A9
 0001:00032388 00000006 C=CODE     S=.text    G=(none)   M=frxCustomDBRTTI ACBP=A9
 0001:00032390 00000006 C=CODE     S=.text    G=(none)   M=fs_idbrtti ACBP=A9
 0001:00032398 00000006 C=CODE     S=.text    G=(none)   M=frxCustomDBEditor ACBP=A9
 0001:000323A0 00000006 C=CODE     S=.text    G=(none)   M=frxConnWizard ACBP=A9
 0001:000323A8 00000006 C=CODE     S=.text    G=(none)   M=frxrcExports ACBP=A9
 0001:000323B0 00000006 C=CODE     S=.text    G=(none)   M=frxExportTXT ACBP=A9
 0001:000323B8 00000006 C=CODE     S=.text    G=(none)   M=frxExportODF ACBP=A9
 0001:000323C0 00000006 C=CODE     S=.text    G=(none)   M=frxNetUtils ACBP=A9
 0001:000323C8 00000006 C=CODE     S=.text    G=(none)   M=frxGradient ACBP=A9
 0001:000323D0 00000006 C=CODE     S=.text    G=(none)   M=frxGradientRTTI ACBP=A9
 0001:000323D8 00000006 C=CODE     S=.text    G=(none)   M=frxDCtrl ACBP=A9
 0001:000323E0 00000006 C=CODE     S=.text    G=(none)   M=frxDCtrlRTTI ACBP=A9
 0001:000323E8 00000006 C=CODE     S=.text    G=(none)   M=frxBarcode ACBP=A9
 0001:000323F0 00000006 C=CODE     S=.text    G=(none)   M=frxBarcod ACBP=A9
 0001:000323F8 00000006 C=CODE     S=.text    G=(none)   M=frxBarcodeRTTI ACBP=A9
 0001:00032400 00000006 C=CODE     S=.text    G=(none)   M=frxBarcodeEditor ACBP=A9
 0001:00032408 00000006 C=CODE     S=.text    G=(none)   M=frxOLE   ACBP=A9
 0001:00032410 00000006 C=CODE     S=.text    G=(none)   M=frxOLEEditor ACBP=A9
 0001:00032418 00000006 C=CODE     S=.text    G=(none)   M=frxOLERTTI ACBP=A9
 0001:00032420 00000006 C=CODE     S=.text    G=(none)   M=frxRich  ACBP=A9
 0001:00032428 00000006 C=CODE     S=.text    G=(none)   M=frxRichEdit ACBP=A9
 0001:00032430 00000006 C=CODE     S=.text    G=(none)   M=frxRichEditor ACBP=A9
 0001:00032438 00000006 C=CODE     S=.text    G=(none)   M=frxRichRTTI ACBP=A9
 0001:00032440 00000006 C=CODE     S=.text    G=(none)   M=frxCross ACBP=A9
 0001:00032448 00000006 C=CODE     S=.text    G=(none)   M=frxCrossRTTI ACBP=A9
 0001:00032450 00000006 C=CODE     S=.text    G=(none)   M=frxCrossEditor ACBP=A9
 0001:00032458 00000006 C=CODE     S=.text    G=(none)   M=frxChBox ACBP=A9
 0001:00032460 00000006 C=CODE     S=.text    G=(none)   M=frxChBoxRTTI ACBP=A9
 0001:00032468 00000006 C=CODE     S=.text    G=(none)   M=frxChart ACBP=A9
 0001:00032470 00000006 C=CODE     S=.text    G=(none)   M=TeCanvas ACBP=A9
 0001:00032478 00000006 C=CODE     S=.text    G=(none)   M=TeeConst ACBP=A9
 0001:00032480 00000006 C=CODE     S=.text    G=(none)   M=TeeHtml  ACBP=A9
 0001:00032488 00000006 C=CODE     S=.text    G=(none)   M=TeeProcs ACBP=A9
 0001:00032490 00000006 C=CODE     S=.text    G=(none)   M=Chart    ACBP=A9
 0001:00032498 00000006 C=CODE     S=.text    G=(none)   M=TeEngine ACBP=A9
 0001:000324A0 00000006 C=CODE     S=.text    G=(none)   M=frxChartEditor ACBP=A9
 0001:000324A8 00000006 C=CODE     S=.text    G=(none)   M=TeeGally ACBP=A9
 0001:000324B0 00000006 C=CODE     S=.text    G=(none)   M=TeeGalleryPanel ACBP=A9
 0001:000324B8 00000006 C=CODE     S=.text    G=(none)   M=frxChartHelpers ACBP=A9
 0001:000324C0 00000006 C=CODE     S=.text    G=(none)   M=ArrowCha ACBP=A9
 0001:000324C8 00000006 C=CODE     S=.text    G=(none)   M=BubbleCh ACBP=A9
 0001:000324D0 00000006 C=CODE     S=.text    G=(none)   M=TeeShape ACBP=A9
 0001:000324D8 00000006 C=CODE     S=.text    G=(none)   M=GanttCh  ACBP=A9
 0001:000324E0 00000006 C=CODE     S=.text    G=(none)   M=frxChartRTTI ACBP=A9
 0001:000324E8 00000006 C=CODE     S=.text    G=(none)   M=fs_ichartrtti ACBP=A9
 0001:000324F0 0000021A C=CODE     S=.text    G=(none)   M=BisCodec ACBP=A9
 0001:0003270C 00000EA7 C=CODE     S=.text    G=(none)   M=.omaudio ACBP=A9
 0002:00000000 00000006 C=ICODE    S=.itext   G=(none)   M=System   ACBP=A9
 0002:00000008 00000011 C=ICODE    S=.itext   G=(none)   M=Windows  ACBP=A9
 0002:0000001C 00000008 C=ICODE    S=.itext   G=(none)   M=_DXTypes ACBP=A9
 0002:00000024 00000008 C=ICODE    S=.itext   G=(none)   M=_DirectSound ACBP=A9
 0002:0000002C 00000008 C=ICODE    S=.itext   G=(none)   M=wmfintf  ACBP=A9
 0002:00000034 00000006 C=ICODE    S=.itext   G=(none)   M=Classes  ACBP=A9
 0002:0000003C 00000006 C=ICODE    S=.itext   G=(none)   M=TypInfo  ACBP=A9
 0002:00000044 00000006 C=ICODE    S=.itext   G=(none)   M=SysUtils ACBP=A9
 0002:0000004C 00000006 C=ICODE    S=.itext   G=(none)   M=Variants ACBP=A9
 0002:00000054 00000006 C=ICODE    S=.itext   G=(none)   M=VarUtils ACBP=A9
 0002:0000005C 00000008 C=ICODE    S=.itext   G=(none)   M=ACS_Types ACBP=A9
 0002:00000064 00000008 C=ICODE    S=.itext   G=(none)   M=ACS_Tags ACBP=A9
 0002:0000006C 00000011 C=ICODE    S=.itext   G=(none)   M=ACS_Classes ACBP=A9
 0002:00000080 00000008 C=ICODE    S=.itext   G=(none)   M=ACS_AudioMix ACBP=A9
 0002:00000088 00000006 C=ICODE    S=.itext   G=(none)   M=IniFiles ACBP=A9
 0002:00000090 00000006 C=ICODE    S=.itext   G=(none)   M=Registry ACBP=A9
 0002:00000098 00000008 C=ICODE    S=.itext   G=(none)   M=CDRip    ACBP=A9
 0002:000000A0 00000008 C=ICODE    S=.itext   G=(none)   M=ACS_CDROM ACBP=A9
 0002:000000A8 00000008 C=ICODE    S=.itext   G=(none)   M=ACS_Procs ACBP=A9
 0002:000000B0 00000008 C=ICODE    S=.itext   G=(none)   M=ACS_Converters ACBP=A9
 0002:000000B8 00000006 C=ICODE    S=.itext   G=(none)   M=Forms    ACBP=A9
 0002:000000C0 00000006 C=ICODE    S=.itext   G=(none)   M=HelpIntfs ACBP=A9
 0002:000000C8 00000006 C=ICODE    S=.itext   G=(none)   M=MultiMon ACBP=A9
 0002:000000D0 00000006 C=ICODE    S=.itext   G=(none)   M=ActnList ACBP=A9
 0002:000000D8 00000006 C=ICODE    S=.itext   G=(none)   M=Graphics ACBP=A9
 0002:000000E0 00000006 C=ICODE    S=.itext   G=(none)   M=Themes   ACBP=A9
 0002:000000E8 00000006 C=ICODE    S=.itext   G=(none)   M=Controls ACBP=A9
 0002:000000F0 00000006 C=ICODE    S=.itext   G=(none)   M=Menus    ACBP=A9
 0002:000000F8 00000006 C=ICODE    S=.itext   G=(none)   M=UxTheme  ACBP=A9
 0002:00000100 00000006 C=ICODE    S=.itext   G=(none)   M=DwmApi   ACBP=A9
 0002:00000108 00000006 C=ICODE    S=.itext   G=(none)   M=Dialogs  ACBP=A9
 0002:00000110 00000006 C=ICODE    S=.itext   G=(none)   M=Printers ACBP=A9
 0002:00000118 00000006 C=ICODE    S=.itext   G=(none)   M=ExtCtrls ACBP=A9
 0002:00000120 00000006 C=ICODE    S=.itext   G=(none)   M=GraphUtil ACBP=A9
 0002:00000128 00000006 C=ICODE    S=.itext   G=(none)   M=Clipbrd  ACBP=A9
 0002:00000130 00000006 C=ICODE    S=.itext   G=(none)   M=FlatSB   ACBP=A9
 0002:00000138 00000008 C=ICODE    S=.itext   G=(none)   M=DSWrapper ACBP=A9
 0002:00000140 00000008 C=ICODE    S=.itext   G=(none)   M=ACS_DXAudio ACBP=A9
 0002:00000148 00000008 C=ICODE    S=.itext   G=(none)   M=ACS_Filters ACBP=A9
 0002:00000150 00001514 C=ICODE    S=.itext   G=(none)   M=FLAC     ACBP=A9
 0002:00001664 00000008 C=ICODE    S=.itext   G=(none)   M=ACS_FLAC ACBP=A9
 0002:0000166C 00000008 C=ICODE    S=.itext   G=(none)   M=lame     ACBP=A9
 0002:00001674 00000008 C=ICODE    S=.itext   G=(none)   M=ACS_LAME ACBP=A9
 0002:0000167C 00000468 C=ICODE    S=.itext   G=(none)   M=MACDll   ACBP=A9
 0002:00001AE4 00000008 C=ICODE    S=.itext   G=(none)   M=ACS_MAC  ACBP=A9
 0002:00001AEC 00000008 C=ICODE    S=.itext   G=(none)   M=ACS_Misc ACBP=A9
 0002:00001AF4 0000027C C=ICODE    S=.itext   G=(none)   M=libmpdec ACBP=A9
 0002:00001D70 00000008 C=ICODE    S=.itext   G=(none)   M=libmppenc ACBP=A9
 0002:00001D78 00000013 C=ICODE    S=.itext   G=(none)   M=ACS_MPC  ACBP=A9
 0002:00001D8C 00000374 C=ICODE    S=.itext   G=(none)   M=OptimFROGDLL ACBP=A9
 0002:00002100 00000008 C=ICODE    S=.itext   G=(none)   M=ACS_OptimFROG ACBP=A9
 0002:00002108 000006A4 C=ICODE    S=.itext   G=(none)   M=ogg      ACBP=A9
 0002:000027AC 000004D0 C=ICODE    S=.itext   G=(none)   M=Codec    ACBP=A9
 0002:00002C7C 00000358 C=ICODE    S=.itext   G=(none)   M=VorbisFile ACBP=A9
 0002:00002FD4 00000154 C=ICODE    S=.itext   G=(none)   M=VorbisEnc ACBP=A9
 0002:00003128 00000013 C=ICODE    S=.itext   G=(none)   M=ACS_Vorbis ACBP=A9
 0002:0000313C 00000008 C=ICODE    S=.itext   G=(none)   M=WaveConverter ACBP=A9
 0002:00003144 00000008 C=ICODE    S=.itext   G=(none)   M=ACS_Wave ACBP=A9
 0002:0000314C 00000008 C=ICODE    S=.itext   G=(none)   M=libwma1  ACBP=A9
 0002:00003154 00000008 C=ICODE    S=.itext   G=(none)   M=ACS_WinMedia ACBP=A9
 0002:0000315C 00000008 C=ICODE    S=.itext   G=(none)   M=ACS_smpeg ACBP=A9
 0002:00003164 00000008 C=ICODE    S=.itext   G=(none)   M=ACS_Streams ACBP=A9
 0002:0000316C 00000278 C=ICODE    S=.itext   G=(none)   M=libsamplerate ACBP=A9
 0002:000033E4 00000008 C=ICODE    S=.itext   G=(none)   M=AuSampleRate ACBP=A9
 0002:000033EC 000008A4 C=ICODE    S=.itext   G=(none)   M=WavPackDLL ACBP=A9
 0002:00003C90 00000008 C=ICODE    S=.itext   G=(none)   M=ACS_WavPack ACBP=A9
 0002:00003C98 00000810 C=ICODE    S=.itext   G=(none)   M=TTALib   ACBP=A9
 0002:000044A8 00000008 C=ICODE    S=.itext   G=(none)   M=ACS_TTA  ACBP=A9
 0002:000044B0 00000008 C=ICODE    S=.itext   G=(none)   M=AudioPass ACBP=A9
 0002:000044B8 00000558 C=ICODE    S=.itext   G=(none)   M=tak_decoder ACBP=A9
 0002:00004A10 00000008 C=ICODE    S=.itext   G=(none)   M=ACS_TAK  ACBP=A9
 0002:00004A18 00000008 C=ICODE    S=.itext   G=(none)   M=acs_reg  ACBP=A9
 0002:00004A20 000001D8 C=ICODE    S=.itext   G=(none)   M=ovencode ACBP=A9
 0002:00004BF8 00000006 C=ICODE    S=.itext   G=(none)   M=BisUtils ACBP=A9
 0002:00004C00 00000006 C=ICODE    S=.itext   G=(none)   M=BisCore  ACBP=A9
 0002:00004C08 00000006 C=ICODE    S=.itext   G=(none)   M=DECUtil  ACBP=A9
 0002:00004C10 00000006 C=ICODE    S=.itext   G=(none)   M=Hash     ACBP=A9
 0002:00004C18 00000006 C=ICODE    S=.itext   G=(none)   M=Cipher   ACBP=A9
 0002:00004C20 00000006 C=ICODE    S=.itext   G=(none)   M=Cipher1  ACBP=A9
 0002:00004C28 00000006 C=ICODE    S=.itext   G=(none)   M=BisCryptUtils ACBP=A9
 0002:00004C30 00000006 C=ICODE    S=.itext   G=(none)   M=DB       ACBP=A9
 0002:00004C38 00000006 C=ICODE    S=.itext   G=(none)   M=WideStrings ACBP=A9
 0002:00004C40 00000006 C=ICODE    S=.itext   G=(none)   M=FMTBcd   ACBP=A9
 0002:00004C48 00000006 C=ICODE    S=.itext   G=(none)   M=SqlTimSt ACBP=A9
 0002:00004C50 00000006 C=ICODE    S=.itext   G=(none)   M=ComObj   ACBP=A9
 0002:00004C58 00000006 C=ICODE    S=.itext   G=(none)   M=kbmMemTable ACBP=A9
 0002:00004C60 00000006 C=ICODE    S=.itext   G=(none)   M=GIFImage ACBP=A9
 0002:00004C68 00000006 C=ICODE    S=.itext   G=(none)   M=jpeg     ACBP=A9
 0002:00004C70 00000006 C=ICODE    S=.itext   G=(none)   M=RxRichEd ACBP=A9
 0002:00004C78 00000006 C=ICODE    S=.itext   G=(none)   M=ComCtrls ACBP=A9
 0002:00004C80 00000006 C=ICODE    S=.itext   G=(none)   M=ExtActns ACBP=A9
 0002:00004C88 00000006 C=ICODE    S=.itext   G=(none)   M=ExtDlgs  ACBP=A9
 0002:00004C90 00000006 C=ICODE    S=.itext   G=(none)   M=Buttons  ACBP=A9
 0002:00004C98 00000006 C=ICODE    S=.itext   G=(none)   M=Mapi     ACBP=A9
 0002:00004CA0 00000006 C=ICODE    S=.itext   G=(none)   M=OleCtnrs ACBP=A9
 0002:00004CA8 00000006 C=ICODE    S=.itext   G=(none)   M=rxToolEdit ACBP=A9
 0002:00004CB0 00000006 C=ICODE    S=.itext   G=(none)   M=rxDateUtil ACBP=A9
 0002:00004CB8 00000006 C=ICODE    S=.itext   G=(none)   M=RXCtrls  ACBP=A9
 0002:00004CC0 00000006 C=ICODE    S=.itext   G=(none)   M=RxHook   ACBP=A9
 0002:00004CC8 00000006 C=ICODE    S=.itext   G=(none)   M=RXConst  ACBP=A9
 0002:00004CD0 00000006 C=ICODE    S=.itext   G=(none)   M=rxVclutils ACBP=A9
 0002:00004CD8 00000006 C=ICODE    S=.itext   G=(none)   M=RXProps  ACBP=A9
 0002:00004CE0 00000006 C=ICODE    S=.itext   G=(none)   M=rxAppUtils ACBP=A9
 0002:00004CE8 00000006 C=ICODE    S=.itext   G=(none)   M=RxPrgrss ACBP=A9
 0002:00004CF0 00000006 C=ICODE    S=.itext   G=(none)   M=DBCtrls  ACBP=A9
 0002:00004CF8 00000006 C=ICODE    S=.itext   G=(none)   M=DBPWDlg  ACBP=A9
 0002:00004D00 00000006 C=ICODE    S=.itext   G=(none)   M=DBLogDlg ACBP=A9
 0002:00004D08 00000006 C=ICODE    S=.itext   G=(none)   M=ActnMan  ACBP=A9
 0002:00004D10 00000006 C=ICODE    S=.itext   G=(none)   M=ActnMenus ACBP=A9
 0002:00004D18 00000006 C=ICODE    S=.itext   G=(none)   M=XPStyleActnCtrls ACBP=A9
 0002:00004D20 00000006 C=ICODE    S=.itext   G=(none)   M=OleServer ACBP=A9
 0002:00004D28 00000006 C=ICODE    S=.itext   G=(none)   M=OleCtrls ACBP=A9
 0002:00004D30 00000006 C=ICODE    S=.itext   G=(none)   M=AxCtrls  ACBP=A9
 0002:00004D38 00000006 C=ICODE    S=.itext   G=(none)   M=BisFastReportClasses ACBP=A9
 0002:00004D40 00000006 C=ICODE    S=.itext   G=(none)   M=frxClass ACBP=A9
 0002:00004D48 00000006 C=ICODE    S=.itext   G=(none)   M=fs_iinterpreter ACBP=A9
 0002:00004D50 00000006 C=ICODE    S=.itext   G=(none)   M=fs_iconst ACBP=A9
 0002:00004D58 00000006 C=ICODE    S=.itext   G=(none)   M=fs_itools ACBP=A9
 0002:00004D60 00000006 C=ICODE    S=.itext   G=(none)   M=frxRes   ACBP=A9
 0002:00004D68 00000006 C=ICODE    S=.itext   G=(none)   M=frxDMPClass ACBP=A9
 0002:00004D70 00000006 C=ICODE    S=.itext   G=(none)   M=frxDsgnIntf ACBP=A9
 0002:00004D78 00000006 C=ICODE    S=.itext   G=(none)   M=fs_iinirtti ACBP=A9
 0002:00004D80 00000006 C=ICODE    S=.itext   G=(none)   M=fs_idialogsrtti ACBP=A9
 0002:00004D88 00000006 C=ICODE    S=.itext   G=(none)   M=fs_iclassesrtti ACBP=A9
 0002:00004D90 00000006 C=ICODE    S=.itext   G=(none)   M=fs_iformsrtti ACBP=A9
 0002:00004D98 00000006 C=ICODE    S=.itext   G=(none)   M=fs_igraphicsrtti ACBP=A9
 0002:00004DA0 00000006 C=ICODE    S=.itext   G=(none)   M=fs_ijs   ACBP=A9
 0002:00004DA8 00000006 C=ICODE    S=.itext   G=(none)   M=fs_ibasic ACBP=A9
 0002:00004DB0 00000006 C=ICODE    S=.itext   G=(none)   M=fs_icpp  ACBP=A9
 0002:00004DB8 00000006 C=ICODE    S=.itext   G=(none)   M=fs_ipascal ACBP=A9
 0002:00004DC0 00000006 C=ICODE    S=.itext   G=(none)   M=frxClassRTTI ACBP=A9
 0002:00004DC8 00000006 C=ICODE    S=.itext   G=(none)   M=frxPrinter ACBP=A9
 0002:00004DD0 00000006 C=ICODE    S=.itext   G=(none)   M=frxPreview ACBP=A9
 0002:00004DD8 00000006 C=ICODE    S=.itext   G=(none)   M=frxSearchDialog ACBP=A9
 0002:00004DE0 00000006 C=ICODE    S=.itext   G=(none)   M=frxrcClass ACBP=A9
 0002:00004DE8 00000006 C=ICODE    S=.itext   G=(none)   M=frxGraphicUtils ACBP=A9
 0002:00004DF0 00000006 C=ICODE    S=.itext   G=(none)   M=frxChm   ACBP=A9
 0002:00004DF8 00000006 C=ICODE    S=.itext   G=(none)   M=frxDesgn ACBP=A9
 0002:00004E00 00000006 C=ICODE    S=.itext   G=(none)   M=Tabs     ACBP=A9
 0002:00004E08 00000006 C=ICODE    S=.itext   G=(none)   M=frxDataTree ACBP=A9
 0002:00004E10 00000006 C=ICODE    S=.itext   G=(none)   M=frxrcInsp ACBP=A9
 0002:00004E18 00000006 C=ICODE    S=.itext   G=(none)   M=frxUnicodeCtrls ACBP=A9
 0002:00004E20 00000006 C=ICODE    S=.itext   G=(none)   M=frxrcDesgn ACBP=A9
 0002:00004E28 00000006 C=ICODE    S=.itext   G=(none)   M=frxStdWizard ACBP=A9
 0002:00004E30 00000006 C=ICODE    S=.itext   G=(none)   M=CheckLst ACBP=A9
 0002:00004E38 00000006 C=ICODE    S=.itext   G=(none)   M=frxDesgnEditors ACBP=A9
 0002:00004E40 00000006 C=ICODE    S=.itext   G=(none)   M=frxEditFormat ACBP=A9
 0002:00004E48 00000006 C=ICODE    S=.itext   G=(none)   M=BisFastReportControls ACBP=A9
 0002:00004E50 00000006 C=ICODE    S=.itext   G=(none)   M=JclDebug ACBP=A9
 0002:00004E58 00000006 C=ICODE    S=.itext   G=(none)   M=JclSysInfo ACBP=A9
 0002:00004E60 00000006 C=ICODE    S=.itext   G=(none)   M=JclStrings ACBP=A9
 0002:00004E68 00000006 C=ICODE    S=.itext   G=(none)   M=JclSysUtils ACBP=A9
 0002:00004E70 00000006 C=ICODE    S=.itext   G=(none)   M=JclWideStrings ACBP=A9
 0002:00004E78 00000006 C=ICODE    S=.itext   G=(none)   M=JclShell ACBP=A9
 0002:00004E80 00000006 C=ICODE    S=.itext   G=(none)   M=JclRegistry ACBP=A9
 0002:00004E88 00000006 C=ICODE    S=.itext   G=(none)   M=JclHookExcept ACBP=A9
 0002:00004E90 00000006 C=ICODE    S=.itext   G=(none)   M=BisTimedMsgFm ACBP=A9
 0002:00004E98 00000006 C=ICODE    S=.itext   G=(none)   M=BisServiceApplication ACBP=A9
 0002:00004EA0 00000006 C=ICODE    S=.itext   G=(none)   M=BisSvcMgr ACBP=A9
 0002:00004EA8 00000006 C=ICODE    S=.itext   G=(none)   M=SvcMgr   ACBP=A9
 0002:00004EB0 00000006 C=ICODE    S=.itext   G=(none)   M=BisFastReportComponents ACBP=A9
 0002:00004EB8 00000006 C=ICODE    S=.itext   G=(none)   M=frxCustomDB ACBP=A9
 0002:00004EC0 00000006 C=ICODE    S=.itext   G=(none)   M=frxCustomDBRTTI ACBP=A9
 0002:00004EC8 00000006 C=ICODE    S=.itext   G=(none)   M=fs_idbrtti ACBP=A9
 0002:00004ED0 00000006 C=ICODE    S=.itext   G=(none)   M=frxCustomDBEditor ACBP=A9
 0002:00004ED8 00000006 C=ICODE    S=.itext   G=(none)   M=frxConnWizard ACBP=A9
 0002:00004EE0 00000006 C=ICODE    S=.itext   G=(none)   M=frxrcExports ACBP=A9
 0002:00004EE8 00000006 C=ICODE    S=.itext   G=(none)   M=frxExportTXT ACBP=A9
 0002:00004EF0 00000006 C=ICODE    S=.itext   G=(none)   M=frxExportODF ACBP=A9
 0002:00004EF8 00000006 C=ICODE    S=.itext   G=(none)   M=frxNetUtils ACBP=A9
 0002:00004F00 00000006 C=ICODE    S=.itext   G=(none)   M=frxGradient ACBP=A9
 0002:00004F08 00000006 C=ICODE    S=.itext   G=(none)   M=frxGradientRTTI ACBP=A9
 0002:00004F10 00000006 C=ICODE    S=.itext   G=(none)   M=frxDCtrl ACBP=A9
 0002:00004F18 00000006 C=ICODE    S=.itext   G=(none)   M=frxDCtrlRTTI ACBP=A9
 0002:00004F20 00000006 C=ICODE    S=.itext   G=(none)   M=frxBarcode ACBP=A9
 0002:00004F28 00000006 C=ICODE    S=.itext   G=(none)   M=frxBarcod ACBP=A9
 0002:00004F30 00000006 C=ICODE    S=.itext   G=(none)   M=frxBarcodeRTTI ACBP=A9
 0002:00004F38 00000006 C=ICODE    S=.itext   G=(none)   M=frxBarcodeEditor ACBP=A9
 0002:00004F40 00000006 C=ICODE    S=.itext   G=(none)   M=frxOLE   ACBP=A9
 0002:00004F48 00000006 C=ICODE    S=.itext   G=(none)   M=frxOLEEditor ACBP=A9
 0002:00004F50 00000006 C=ICODE    S=.itext   G=(none)   M=frxOLERTTI ACBP=A9
 0002:00004F58 00000006 C=ICODE    S=.itext   G=(none)   M=frxRich  ACBP=A9
 0002:00004F60 00000006 C=ICODE    S=.itext   G=(none)   M=frxRichEdit ACBP=A9
 0002:00004F68 00000006 C=ICODE    S=.itext   G=(none)   M=frxRichEditor ACBP=A9
 0002:00004F70 00000006 C=ICODE    S=.itext   G=(none)   M=frxRichRTTI ACBP=A9
 0002:00004F78 00000006 C=ICODE    S=.itext   G=(none)   M=frxCross ACBP=A9
 0002:00004F80 00000006 C=ICODE    S=.itext   G=(none)   M=frxCrossRTTI ACBP=A9
 0002:00004F88 00000006 C=ICODE    S=.itext   G=(none)   M=frxCrossEditor ACBP=A9
 0002:00004F90 00000006 C=ICODE    S=.itext   G=(none)   M=frxChBox ACBP=A9
 0002:00004F98 00000006 C=ICODE    S=.itext   G=(none)   M=frxChBoxRTTI ACBP=A9
 0002:00004FA0 00000006 C=ICODE    S=.itext   G=(none)   M=frxChart ACBP=A9
 0002:00004FA8 00000006 C=ICODE    S=.itext   G=(none)   M=TeCanvas ACBP=A9
 0002:00004FB0 00000006 C=ICODE    S=.itext   G=(none)   M=TeeConst ACBP=A9
 0002:00004FB8 00000006 C=ICODE    S=.itext   G=(none)   M=TeeHtml  ACBP=A9
 0002:00004FC0 00000006 C=ICODE    S=.itext   G=(none)   M=TeeProcs ACBP=A9
 0002:00004FC8 00000006 C=ICODE    S=.itext   G=(none)   M=Chart    ACBP=A9
 0002:00004FD0 00000006 C=ICODE    S=.itext   G=(none)   M=TeEngine ACBP=A9
 0002:00004FD8 00000006 C=ICODE    S=.itext   G=(none)   M=frxChartEditor ACBP=A9
 0002:00004FE0 00000006 C=ICODE    S=.itext   G=(none)   M=TeeGally ACBP=A9
 0002:00004FE8 00000006 C=ICODE    S=.itext   G=(none)   M=TeeGalleryPanel ACBP=A9
 0002:00004FF0 00000006 C=ICODE    S=.itext   G=(none)   M=frxChartHelpers ACBP=A9
 0002:00004FF8 00000006 C=ICODE    S=.itext   G=(none)   M=ArrowCha ACBP=A9
 0002:00005000 00000006 C=ICODE    S=.itext   G=(none)   M=BubbleCh ACBP=A9
 0002:00005008 00000006 C=ICODE    S=.itext   G=(none)   M=TeeShape ACBP=A9
 0002:00005010 00000006 C=ICODE    S=.itext   G=(none)   M=GanttCh  ACBP=A9
 0002:00005018 00000006 C=ICODE    S=.itext   G=(none)   M=frxChartRTTI ACBP=A9
 0002:00005020 00000006 C=ICODE    S=.itext   G=(none)   M=fs_ichartrtti ACBP=A9
 0002:00005028 00000008 C=ICODE    S=.itext   G=(none)   M=BisCodec ACBP=A9
 0002:00005030 00000005 C=ICODE    S=.itext   G=(none)   M=.omaudio ACBP=A9
 0003:00000000 00000030 C=DATA     S=.data    G=DGROUP   M=SysInit  ACBP=A9
 0003:00000030 00000778 C=DATA     S=.data    G=DGROUP   M=_DirectSound ACBP=A9
 0003:000007A8 000001F0 C=DATA     S=.data    G=DGROUP   M=wmfintf  ACBP=A9
 0003:00000998 00000010 C=DATA     S=.data    G=DGROUP   M=ACS_Types ACBP=A9
 0003:000009A8 000002BA C=DATA     S=.data    G=DGROUP   M=ACS_Tags ACBP=A9
 0003:00000C64 00000020 C=DATA     S=.data    G=DGROUP   M=ACS_Classes ACBP=A9
 0003:00000C84 00000001 C=DATA     S=.data    G=DGROUP   M=CDRip    ACBP=A9
 0003:00000C88 00000008 C=DATA     S=.data    G=DGROUP   M=ACS_CDROM ACBP=A9
 0003:00000C90 00000001 C=DATA     S=.data    G=DGROUP   M=FLAC     ACBP=A9
 0003:00000C94 00000001 C=DATA     S=.data    G=DGROUP   M=lame     ACBP=A9
 0003:00000C98 00000001 C=DATA     S=.data    G=DGROUP   M=MACDll   ACBP=A9
 0003:00000C9C 00000040 C=DATA     S=.data    G=DGROUP   M=libmpdec ACBP=A9
 0003:00000CDC 00000008 C=DATA     S=.data    G=DGROUP   M=libmppenc ACBP=A9
 0003:00000CE4 00000007 C=DATA     S=.data    G=DGROUP   M=ACS_MPC  ACBP=A9
 0003:00000CEC 00000050 C=DATA     S=.data    G=DGROUP   M=OptimFROGDLL ACBP=A9
 0003:00000D3C 00000001 C=DATA     S=.data    G=DGROUP   M=ogg      ACBP=A9
 0003:00000D40 00000001 C=DATA     S=.data    G=DGROUP   M=Codec    ACBP=A9
 0003:00000D44 00000001 C=DATA     S=.data    G=DGROUP   M=VorbisFile ACBP=A9
 0003:00000D48 00000001 C=DATA     S=.data    G=DGROUP   M=VorbisEnc ACBP=A9
 0003:00000D4C 000001C4 C=DATA     S=.data    G=DGROUP   M=ACS_Wave ACBP=A9
 0003:00000F10 00000001 C=DATA     S=.data    G=DGROUP   M=libsamplerate ACBP=A9
 0003:00000F14 000000CC C=DATA     S=.data    G=DGROUP   M=WavPackDLL ACBP=A9
 0003:00000FE0 00000014 C=DATA     S=.data    G=DGROUP   M=ACS_WavPack ACBP=A9
 0003:00000FF4 00000088 C=DATA     S=.data    G=DGROUP   M=TTALib   ACBP=A9
 0003:0000107C 0000003C C=DATA     S=.data    G=DGROUP   M=ACS_TTA  ACBP=A9
 0003:000010B8 00000088 C=DATA     S=.data    G=DGROUP   M=tak_decoder ACBP=A9
 0003:00001140 00000001 C=DATA     S=.data    G=DGROUP   M=ovencode ACBP=A9
 0004:00000000 0000000C C=BSS      S=.bss     G=DGROUP   M=SysInit  ACBP=A9
 0004:0000000C 00000008 C=BSS      S=.bss     G=DGROUP   M=Windows  ACBP=A9
 0004:00000014 00000004 C=BSS      S=.bss     G=DGROUP   M=_DXTypes ACBP=A9
 0004:00000018 00000004 C=BSS      S=.bss     G=DGROUP   M=_DirectSound ACBP=A9
 0004:0000001C 00000004 C=BSS      S=.bss     G=DGROUP   M=wmfintf  ACBP=A9
 0004:00000020 00000004 C=BSS      S=.bss     G=DGROUP   M=ACS_Types ACBP=A9
 0004:00000024 00000004 C=BSS      S=.bss     G=DGROUP   M=ACS_Tags ACBP=A9
 0004:00000028 0000000C C=BSS      S=.bss     G=DGROUP   M=ACS_Classes ACBP=A9
 0004:00000034 00000004 C=BSS      S=.bss     G=DGROUP   M=ACS_AudioMix ACBP=A9
 0004:00000038 000000B4 C=BSS      S=.bss     G=DGROUP   M=CDRip    ACBP=A9
 0004:000000EC 0000000C C=BSS      S=.bss     G=DGROUP   M=ACS_CDROM ACBP=A9
 0004:000000F8 00000004 C=BSS      S=.bss     G=DGROUP   M=ACS_Procs ACBP=A9
 0004:000000FC 00000004 C=BSS      S=.bss     G=DGROUP   M=ACS_Converters ACBP=A9
 0004:00000100 00000004 C=BSS      S=.bss     G=DGROUP   M=DSWrapper ACBP=A9
 0004:00000104 00000004 C=BSS      S=.bss     G=DGROUP   M=ACS_DXAudio ACBP=A9
 0004:00000108 00000004 C=BSS      S=.bss     G=DGROUP   M=ACS_Filters ACBP=A9
 0004:0000010C 0000016C C=BSS      S=.bss     G=DGROUP   M=FLAC     ACBP=A9
 0004:00000278 00000004 C=BSS      S=.bss     G=DGROUP   M=ACS_FLAC ACBP=A9
 0004:0000027C 000001C8 C=BSS      S=.bss     G=DGROUP   M=lame     ACBP=A9
 0004:00000444 00000004 C=BSS      S=.bss     G=DGROUP   M=ACS_LAME ACBP=A9
 0004:00000448 00000074 C=BSS      S=.bss     G=DGROUP   M=MACDll   ACBP=A9
 0004:000004BC 00000004 C=BSS      S=.bss     G=DGROUP   M=ACS_MAC  ACBP=A9
 0004:000004C0 00000004 C=BSS      S=.bss     G=DGROUP   M=ACS_Misc ACBP=A9
 0004:000004C4 00000004 C=BSS      S=.bss     G=DGROUP   M=libmpdec ACBP=A9
 0004:000004C8 00000020 C=BSS      S=.bss     G=DGROUP   M=libmppenc ACBP=A9
 0004:000004E8 00000004 C=BSS      S=.bss     G=DGROUP   M=ACS_MPC  ACBP=A9
 0004:000004EC 00000024 C=BSS      S=.bss     G=DGROUP   M=OptimFROGDLL ACBP=A9
 0004:00000510 00000004 C=BSS      S=.bss     G=DGROUP   M=ACS_OptimFROG ACBP=A9
 0004:00000514 000000BC C=BSS      S=.bss     G=DGROUP   M=ogg      ACBP=A9
 0004:000005D0 00000078 C=BSS      S=.bss     G=DGROUP   M=Codec    ACBP=A9
 0004:00000648 00000068 C=BSS      S=.bss     G=DGROUP   M=VorbisFile ACBP=A9
 0004:000006B0 00000020 C=BSS      S=.bss     G=DGROUP   M=VorbisEnc ACBP=A9
 0004:000006D0 00000004 C=BSS      S=.bss     G=DGROUP   M=ACS_Vorbis ACBP=A9
 0004:000006D4 00000004 C=BSS      S=.bss     G=DGROUP   M=WaveConverter ACBP=A9
 0004:000006D8 00000004 C=BSS      S=.bss     G=DGROUP   M=ACS_Wave ACBP=A9
 0004:000006DC 00000004 C=BSS      S=.bss     G=DGROUP   M=libwma1  ACBP=A9
 0004:000006E0 00000004 C=BSS      S=.bss     G=DGROUP   M=ACS_WinMedia ACBP=A9
 0004:000006E4 00000004 C=BSS      S=.bss     G=DGROUP   M=ACS_smpeg ACBP=A9
 0004:000006E8 00000004 C=BSS      S=.bss     G=DGROUP   M=ACS_Streams ACBP=A9
 0004:000006EC 00000048 C=BSS      S=.bss     G=DGROUP   M=libsamplerate ACBP=A9
 0004:00000734 00000004 C=BSS      S=.bss     G=DGROUP   M=AuSampleRate ACBP=A9
 0004:00000738 00000028 C=BSS      S=.bss     G=DGROUP   M=WavPackDLL ACBP=A9
 0004:00000760 00000004 C=BSS      S=.bss     G=DGROUP   M=ACS_WavPack ACBP=A9
 0004:00000764 00000004 C=BSS      S=.bss     G=DGROUP   M=TTALib   ACBP=A9
 0004:00000768 00000004 C=BSS      S=.bss     G=DGROUP   M=ACS_TTA  ACBP=A9
 0004:0000076C 00000004 C=BSS      S=.bss     G=DGROUP   M=AudioPass ACBP=A9
 0004:00000770 00000028 C=BSS      S=.bss     G=DGROUP   M=tak_decoder ACBP=A9
 0004:00000798 00000004 C=BSS      S=.bss     G=DGROUP   M=ACS_TAK  ACBP=A9
 0004:0000079C 00000004 C=BSS      S=.bss     G=DGROUP   M=acs_reg  ACBP=A9
 0004:000007A0 00000034 C=BSS      S=.bss     G=DGROUP   M=ovencode ACBP=A9
 0004:000007D4 00000004 C=BSS      S=.bss     G=DGROUP   M=BisCodec ACBP=A9


  Address             Publics by Name

 0002:00005030       .omaudio..omaudio
 0001:00033594       .omaudio.@GetPackageInfoTable
 0001:0003359C       .omaudio.@PackageLoad
 0001:000335A8       .omaudio.@PackageUnload
 0004:00000034       ACS_AudioMix..2
 0001:00009F38       ACS_AudioMix..TAudioMixer
 0002:00000080       ACS_AudioMix.ACS_AudioMix
 0001:0000ACD0       ACS_AudioMix.Finalization
 0001:0000A0E8       ACS_AudioMix.MixChannels
 0001:0000A280       ACS_AudioMix.TAudioMixer.Create
 0001:0000A2D8       ACS_AudioMix.TAudioMixer.Destroy
 0001:0000A60C       ACS_AudioMix.TAudioMixer.FlushInternal
 0001:0000A308       ACS_AudioMix.TAudioMixer.GetBPS
 0001:0000A34C       ACS_AudioMix.TAudioMixer.GetCh
 0001:0000A638       ACS_AudioMix.TAudioMixer.GetDataInternal
 0001:0000A390       ACS_AudioMix.TAudioMixer.GetSR
 0001:0000A3D4       ACS_AudioMix.TAudioMixer.InitInternal
 0001:0000ABE4       ACS_AudioMix.TAudioMixer.SetInput1
 0001:0000AC28       ACS_AudioMix.TAudioMixer.SetInput2
 0004:000000F4       ACS_CDROM..3
 0001:0000B85C       ACS_CDROM..TCDIn
 0001:0000B71C       ACS_CDROM..TCDPlayer
 0002:000000A0       ACS_CDROM.ACS_CDROM
 0004:000000EC       ACS_CDROM.AppPath
 0003:00000C88       ACS_CDROM.EndOfDisc
 0001:0000D0E8       ACS_CDROM.Finalization
 0001:0000B9FC       ACS_CDROM.Frames2MSF
 0001:0000BA3C       ACS_CDROM.MSF2Frames
 0001:0000B934       ACS_CDROM.MSFToStr
 0001:0000C718       ACS_CDROM.TCDIn.CloseCD
 0001:0000D084       ACS_CDROM.TCDIn.CloseTray
 0001:0000CA80       ACS_CDROM.TCDIn.Create
 0001:0000CB9C       ACS_CDROM.TCDIn.Destroy
 0001:0000D03C       ACS_CDROM.TCDIn.Eject
 0001:0000CEAC       ACS_CDROM.TCDIn.FlushInternal
 0001:0000CBD0       ACS_CDROM.TCDIn.GetBPS
 0001:0000CBD8       ACS_CDROM.TCDIn.GetCh
 0001:0000CED4       ACS_CDROM.TCDIn.GetDataInternal
 0001:0000CFF0       ACS_CDROM.TCDIn.GetDriveName
 0001:0000CFC4       ACS_CDROM.TCDIn.GetDrivesCount
 0001:0000C724       ACS_CDROM.TCDIn.GetInfo
 0001:0000C818       ACS_CDROM.TCDIn.GetNumTracks
 0001:0000CBE8       ACS_CDROM.TCDIn.GetSize
 0001:0000CBE0       ACS_CDROM.TCDIn.GetSR
 0001:0000C7C8       ACS_CDROM.TCDIn.GetStatus
 0001:0000D090       ACS_CDROM.TCDIn.GetTotalSamples
 0001:0000D0BC       ACS_CDROM.TCDIn.GetTotalTime
 0001:0000C84C       ACS_CDROM.TCDIn.GetTrackInfo
 0001:0000CC64       ACS_CDROM.TCDIn.InitInternal
 0001:0000C6FC       ACS_CDROM.TCDIn.OpenCD
 0001:0000CF70       ACS_CDROM.TCDIn.SetCurrentDrive
 0001:0000CA0C       ACS_CDROM.TCDIn.SetEP
 0001:0000C958       ACS_CDROM.TCDIn.SetET
 0001:0000C9B0       ACS_CDROM.TCDIn.SetSP
 0001:0000C904       ACS_CDROM.TCDIn.SetST
 0001:0000BD00       ACS_CDROM.TCDPlayer.CloseCD
 0001:0000BF24       ACS_CDROM.TCDPlayer.CloseTray
 0001:0000BA5C       ACS_CDROM.TCDPlayer.Create
 0001:0000BB64       ACS_CDROM.TCDPlayer.Destroy
 0001:0000BF4C       ACS_CDROM.TCDPlayer.Eject
 0001:0000BD20       ACS_CDROM.TCDPlayer.ForceClose
 0001:0000C644       ACS_CDROM.TCDPlayer.GetDiscInfo
 0001:0000BD3C       ACS_CDROM.TCDPlayer.GetDriveLetter
 0001:0000BD50       ACS_CDROM.TCDPlayer.GetLVolume
 0001:0000C6E4       ACS_CDROM.TCDPlayer.GetMCN
 0001:0000C6F8       ACS_CDROM.TCDPlayer.GetMediaChanged
 0001:0000BECC       ACS_CDROM.TCDPlayer.GetNumTracks
 0001:0000C3DC       ACS_CDROM.TCDPlayer.GetPosition
 0001:0000BD70       ACS_CDROM.TCDPlayer.GetRVolume
 0001:0000C5B0       ACS_CDROM.TCDPlayer.GetStatus
 0001:0000C48C       ACS_CDROM.TCDPlayer.GetTrackInfo
 0001:0000BE18       ACS_CDROM.TCDPlayer.GetTrackStart
 0001:0000BB98       ACS_CDROM.TCDPlayer.OpenCD
 0001:0000BFBC       ACS_CDROM.TCDPlayer.Pause
 0001:0000BFEC       ACS_CDROM.TCDPlayer.Play
 0001:0000C168       ACS_CDROM.TCDPlayer.Play
 0001:0000C384       ACS_CDROM.TCDPlayer.Resume
 0001:0000BD8C       ACS_CDROM.TCDPlayer.SetCurrentDrive
 0001:0000BD9C       ACS_CDROM.TCDPlayer.SetLVolume
 0001:0000BDD8       ACS_CDROM.TCDPlayer.SetRVolume
 0001:0000C3B4       ACS_CDROM.TCDPlayer.Stop
 0004:000000F0       ACS_CDROM.WinPath
 0004:0000002C       ACS_Classes..61
 0001:00007144       ACS_Classes..EAuException
 0001:00007B34       ACS_Classes..TAuConverter
 0001:00007C40       ACS_Classes..TAudioTap
 0001:00007714       ACS_Classes..TAuFileIn
 0001:0000795C       ACS_Classes..TAuFileOut
 0001:000071CC       ACS_Classes..TAuFileStream
 0001:00007308       ACS_Classes..TAuInput
 0001:000073E8       ACS_Classes..TAuOutput
 0001:0000754C       ACS_Classes..TAuStreamedInput
 0001:00007644       ACS_Classes..TAuStreamedOutput
 0001:00007860       ACS_Classes..TAuTaggedFileIn
 0001:00007A60       ACS_Classes..TAuTaggedFileOut
 0001:00007270       ACS_Classes..TAuThread
 0001:00007E88       ACS_Classes..TCircularBuffer
 0001:00007DF8       ACS_Classes..TEventHandler
 0003:00000C64       ACS_Classes.AccessMode
 0002:0000006C       ACS_Classes.ACS_Classes
 0001:00007F14       ACS_Classes.CreateEventHandler
 0004:00000028       ACS_Classes.EventHandler
 0001:00009E98       ACS_Classes.Finalization
 0004:00000030       ACS_Classes.RCount
 0001:00007F40       ACS_Classes.ReleaseEventHandler
 0003:00000C70       ACS_Classes.ShareMode
 0001:00009964       ACS_Classes.TAuConverter.GetData
 0001:00009030       ACS_Classes.TAuConverter.Notification
 0001:0000905C       ACS_Classes.TAuConverter.SetInput
 0001:000099E8       ACS_Classes.TAuConverter._Pause
 0001:000099F4       ACS_Classes.TAuConverter._Resume
 0001:00009BEC       ACS_Classes.TAudioTap.FlushInternal
 0001:00009A34       ACS_Classes.TAudioTap.GetBPS
 0001:00009A40       ACS_Classes.TAudioTap.GetCh
 0001:00009B6C       ACS_Classes.TAudioTap.GetDataInternal
 0001:00009A4C       ACS_Classes.TAudioTap.GetSR
 0001:00009A1C       ACS_Classes.TAudioTap.GetStatus
 0001:00009B04       ACS_Classes.TAudioTap.InitInternal
 0001:00009C60       ACS_Classes.TAudioTap.PauseRecord
 0001:00009C6C       ACS_Classes.TAudioTap.ResumeRecord
 0001:00009A58       ACS_Classes.TAudioTap.SetFileName
 0001:00009AB0       ACS_Classes.TAudioTap.SetWideFileName
 0001:00009C54       ACS_Classes.TAudioTap.StartRecord
 0001:00009C74       ACS_Classes.TAudioTap.StopRecord
 0001:00009C1C       ACS_Classes.TAudioTap._Pause
 0001:00009C38       ACS_Classes.TAudioTap._Resume
 0001:00009160       ACS_Classes.TAuFileIn.Create
 0001:000091A8       ACS_Classes.TAuFileIn.Destroy
 0001:00008C4C       ACS_Classes.TAuFileIn.FlushInternal
 0001:00008A10       ACS_Classes.TAuFileIn.GetBPS
 0001:00008A24       ACS_Classes.TAuFileIn.GetCh
 0001:00008A38       ACS_Classes.TAuFileIn.GetSR
 0001:00009738       ACS_Classes.TAuFileIn.GetTotalSamples
 0001:00008EA8       ACS_Classes.TAuFileIn.GetTotalTime
 0001:00008A4C       ACS_Classes.TAuFileIn.GetValid
 0001:00008A88       ACS_Classes.TAuFileIn.InitInternal
 0001:00008D9C       ACS_Classes.TAuFileIn.Jump
 0001:00008FDC       ACS_Classes.TAuFileIn.Reset
 0001:00009118       ACS_Classes.TAuFileIn.SetEndTime
 0001:00009544       ACS_Classes.TAuFileIn.SetFileName
 0001:000090CC       ACS_Classes.TAuFileIn.SetStartTime
 0001:000097A4       ACS_Classes.TAuFileIn.SetStream
 0001:0000951C       ACS_Classes.TAuFileIn.SetWideFileName
 0001:00008FF0       ACS_Classes.TAuFileOut.Create
 0001:00009028       ACS_Classes.TAuFileOut.SetFileMode
 0001:000095B0       ACS_Classes.TAuFileOut.SetFileName
 0001:00009594       ACS_Classes.TAuFileOut.SetWideFileName
 0001:000092E0       ACS_Classes.TAuFileStream.Create
 0001:00009324       ACS_Classes.TAuFileStream.Create
 0001:000094C4       ACS_Classes.TAuFileStream.Destroy
 0001:00009258       ACS_Classes.TAuInput.CopyData
 0001:00008288       ACS_Classes.TAuInput.Create
 0001:000082CC       ACS_Classes.TAuInput.Destroy
 0001:0000928C       ACS_Classes.TAuInput.FillBuffer
 0001:0000835C       ACS_Classes.TAuInput.Flush
 0001:000083A8       ACS_Classes.TAuInput.GetData
 0001:00009A00       ACS_Classes.TAuInput.GetTotalSamples
 0001:00008EA4       ACS_Classes.TAuInput.GetTotalTime
 0001:000082FC       ACS_Classes.TAuInput.Init
 0001:00008F6C       ACS_Classes.TAuInput.Reset
 0001:000097C0       ACS_Classes.TAuInput._Lock
 0001:000097D8       ACS_Classes.TAuInput._Pause
 0001:000097DC       ACS_Classes.TAuInput._Resume
 0001:000097CC       ACS_Classes.TAuInput._Unlock
 0001:0000923C       ACS_Classes.TAuOutput.Abort
 0001:00008684       ACS_Classes.TAuOutput.Create
 0001:000086F8       ACS_Classes.TAuOutput.Destroy
 0001:00008E84       ACS_Classes.TAuOutput.GetDelay
 0001:000088B8       ACS_Classes.TAuOutput.GetPriority
 0001:000088EC       ACS_Classes.TAuOutput.GetProgress
 0001:00008890       ACS_Classes.TAuOutput.GetStatus
 0001:00008E30       ACS_Classes.TAuOutput.GetTE
 0001:00008FB0       ACS_Classes.TAuOutput.HandleException
 0001:00008F40       ACS_Classes.TAuOutput.Notification
 0001:00008930       ACS_Classes.TAuOutput.Pause
 0001:0000898C       ACS_Classes.TAuOutput.Resume
 0001:00008780       ACS_Classes.TAuOutput.Run
 0001:00008E94       ACS_Classes.TAuOutput.SetDelay
 0001:000088C4       ACS_Classes.TAuOutput.SetInput
 0001:000088AC       ACS_Classes.TAuOutput.SetPriority
 0001:00008810       ACS_Classes.TAuOutput.Stop
 0001:00008760       ACS_Classes.TAuOutput.WhenDone
 0001:000089AC       ACS_Classes.TAuStreamedInput.Create
 0001:000097E0       ACS_Classes.TAuStreamedInput.GetData
 0001:00008C78       ACS_Classes.TAuStreamedInput.Seek
 0001:00008F18       ACS_Classes.TAuStreamedInput.SetStream
 0001:00008F2C       ACS_Classes.TAuStreamedOutput.SetStream
 0001:000095D0       ACS_Classes.TAuTaggedFileIn.Create
 0001:0000963C       ACS_Classes.TAuTaggedFileIn.Destroy
 0001:00009510       ACS_Classes.TAuTaggedFileIn.SetAPEv2Tags
 0001:000094F8       ACS_Classes.TAuTaggedFileIn.SetId3v1Tags
 0001:00009504       ACS_Classes.TAuTaggedFileIn.SetId3v2Tags
 0001:00009684       ACS_Classes.TAuTaggedFileOut.Create
 0001:000096F0       ACS_Classes.TAuTaggedFileOut.Destroy
 0001:00009588       ACS_Classes.TAuTaggedFileOut.SetAPEv2Tags
 0001:00009570       ACS_Classes.TAuTaggedFileOut.SetId3v1Tags
 0001:0000957C       ACS_Classes.TAuTaggedFileOut.SetId3v2Tags
 0001:000091E0       ACS_Classes.TAuThread.CallOnException
 0001:00008400       ACS_Classes.TAuThread.Create
 0001:00008468       ACS_Classes.TAuThread.Destroy
 0001:000084CC       ACS_Classes.TAuThread.Execute
 0001:000084A8       ACS_Classes.TAuThread.RaiseDoneEvent
 0001:00008498       ACS_Classes.TAuThread.WaitForPause
 0001:00009C80       ACS_Classes.TCircularBuffer.Create
 0001:00009CD8       ACS_Classes.TCircularBuffer.Destroy
 0001:00009DEC       ACS_Classes.TCircularBuffer.ExposeDoubleBufferRead
 0001:00009DA8       ACS_Classes.TCircularBuffer.ExposeDoubleBufferWrite
 0001:00009D68       ACS_Classes.TCircularBuffer.ExposeSingleBufferRead
 0001:00009D28       ACS_Classes.TCircularBuffer.ExposeSingleBufferWrite
 0001:00009D10       ACS_Classes.TCircularBuffer.Lock
 0001:00009E88       ACS_Classes.TCircularBuffer.Reset
 0001:00009E5C       ACS_Classes.TCircularBuffer.SetBytesRead
 0001:00009E30       ACS_Classes.TCircularBuffer.SetBytesWritten
 0001:00009D1C       ACS_Classes.TCircularBuffer.Unlock
 0001:000080C8       ACS_Classes.TEventHandler.AddEvent
 0001:00008090       ACS_Classes.TEventHandler.BlockEvents
 0001:0000812C       ACS_Classes.TEventHandler.CallHandler
 0001:00008038       ACS_Classes.TEventHandler.ClearEvents
 0001:00007F7C       ACS_Classes.TEventHandler.Create
 0001:00008004       ACS_Classes.TEventHandler.Destroy
 0001:00008170       ACS_Classes.TEventHandler.Execute
 0001:000080FC       ACS_Classes.TEventHandler.GetEvent
 0001:00008254       ACS_Classes.TEventHandler.PostGenericEvent
 0001:000081E4       ACS_Classes.TEventHandler.PostOnDone
 0001:00008220       ACS_Classes.TEventHandler.PostOnProgress
 0001:000080AC       ACS_Classes.TEventHandler.UnblockEvents
 0004:000000FC       ACS_Converters..8
 0001:0000E1D4       ACS_Converters..TACMConverter
 0001:0000E074       ACS_Converters..TAudioConverter
 0001:0000DDD8       ACS_Converters..TRateConverter
 0001:0000DF60       ACS_Converters..TStereoBalance
 0002:000000B0       ACS_Converters.ACS_Converters
 0001:000103A4       ACS_Converters.Finalization
 0001:0000FE84       ACS_Converters.TACMConverter.Create
 0001:0000FEC0       ACS_Converters.TACMConverter.Destroy
 0001:000102D4       ACS_Converters.TACMConverter.FlushInternal
 0001:0000FEE8       ACS_Converters.TACMConverter.GetBPS
 0001:0000FF0C       ACS_Converters.TACMConverter.GetCh
 0001:0000FF54       ACS_Converters.TACMConverter.GetDataBlock
 0001:00010308       ACS_Converters.TACMConverter.GetDataInternal
 0001:0000FF30       ACS_Converters.TACMConverter.GetSR
 0001:0001009C       ACS_Converters.TACMConverter.InitInternal
 0001:0001003C       ACS_Converters.TACMConverter.RegetDataBlock
 0001:0000F9B0       ACS_Converters.TAudioConverter.Create
 0001:0000F9E8       ACS_Converters.TAudioConverter.Destroy
 0001:0000FBD0       ACS_Converters.TAudioConverter.FlushInternal
 0001:0000FA10       ACS_Converters.TAudioConverter.GetBPS
 0001:0000FA30       ACS_Converters.TAudioConverter.GetCh
 0001:0000FBF0       ACS_Converters.TAudioConverter.GetDataInternal
 0001:0000FA50       ACS_Converters.TAudioConverter.GetSR
 0001:0000FA64       ACS_Converters.TAudioConverter.InitInternal
 0001:0000E33C       ACS_Converters.TRateConverter.ConvertFreqs16Mono
 0001:0000E7E8       ACS_Converters.TRateConverter.ConvertFreqs16Stereo
 0001:0000EE6C       ACS_Converters.TRateConverter.Create
 0001:0000EEBC       ACS_Converters.TRateConverter.Destroy
 0001:0000F1E0       ACS_Converters.TRateConverter.FlushInternal
 0001:0000EF14       ACS_Converters.TRateConverter.GetBPS
 0001:0000EF1C       ACS_Converters.TRateConverter.GetCh
 0001:0000F22C       ACS_Converters.TRateConverter.GetDataInternal
 0001:0000EF60       ACS_Converters.TRateConverter.GetSR
 0001:0000EF64       ACS_Converters.TRateConverter.InitInternal
 0001:0000F384       ACS_Converters.TRateConverter.SetKernelWidth
 0001:0000F374       ACS_Converters.TRateConverter.SetOutSampleRate
 0001:0000F398       ACS_Converters.TStereoBalance.Create
 0001:0000F3D8       ACS_Converters.TStereoBalance.Destroy
 0001:0000F5C8       ACS_Converters.TStereoBalance.FlushInternal
 0001:0000F438       ACS_Converters.TStereoBalance.GetBPS
 0001:0000F47C       ACS_Converters.TStereoBalance.GetCh
 0001:0000F5DC       ACS_Converters.TStereoBalance.GetDataInternal
 0001:0000F4D8       ACS_Converters.TStereoBalance.GetSR
 0001:0000F51C       ACS_Converters.TStereoBalance.InitInternal
 0001:0000F400       ACS_Converters.TStereoBalance.SetBalance
 0004:00000104       ACS_DXAudio..3
 0001:00011260       ACS_DXAudio..TDXAudioIn
 0001:0001113C       ACS_DXAudio..TDXAudioOut
 0002:00000140       ACS_DXAudio.ACS_DXAudio
 0001:00012278       ACS_DXAudio.Finalization
 0001:00011E6C       ACS_DXAudio.TDXAudioIn.CloseAudio
 0001:00011A98       ACS_DXAudio.TDXAudioIn.Create
 0001:00011B30       ACS_DXAudio.TDXAudioIn.Destroy
 0001:00011FE8       ACS_DXAudio.TDXAudioIn.FlushInternal
 0001:00011E9C       ACS_DXAudio.TDXAudioIn.GetBPS
 0001:00011EA4       ACS_DXAudio.TDXAudioIn.GetCh
 0001:00012000       ACS_DXAudio.TDXAudioIn.GetDataInternal
 0001:000121AC       ACS_DXAudio.TDXAudioIn.GetDeviceName
 0001:00011EAC       ACS_DXAudio.TDXAudioIn.GetSR
 0001:00012224       ACS_DXAudio.TDXAudioIn.GetTotalSamples
 0001:000121E0       ACS_DXAudio.TDXAudioIn.GetTotalTime
 0001:00011EB4       ACS_DXAudio.TDXAudioIn.InitInternal
 0001:00011B60       ACS_DXAudio.TDXAudioIn.OpenAudio
 0001:000121A4       ACS_DXAudio.TDXAudioIn.SetDeviceNumber
 0001:0001215C       ACS_DXAudio.TDXAudioIn.SetRecTime
 0001:00012244       ACS_DXAudio.TDXAudioIn._Pause
 0001:00012250       ACS_DXAudio.TDXAudioIn._Resume
 0001:0001199C       ACS_DXAudio.TDXAudioOut.Create
 0001:000119F4       ACS_DXAudio.TDXAudioOut.Destroy
 0001:00011740       ACS_DXAudio.TDXAudioOut.Done
 0001:0001176C       ACS_DXAudio.TDXAudioOut.DoOutput
 0001:00011A64       ACS_DXAudio.TDXAudioOut.GetDeviceName
 0001:00012268       ACS_DXAudio.TDXAudioOut.GetVolume
 0001:00011A1C       ACS_DXAudio.TDXAudioOut.Pause
 0001:00011468       ACS_DXAudio.TDXAudioOut.Prepare
 0001:00011A3C       ACS_DXAudio.TDXAudioOut.Resume
 0001:00011A5C       ACS_DXAudio.TDXAudioOut.SetDeviceNumber
 0001:0001225C       ACS_DXAudio.TDXAudioOut.SetVolume
 0001:00011460       ACS_DXAudio._Min
 0004:00000108       ACS_Filters..6
 0001:0001230C       ACS_Filters..TBWFilter
 0001:0001267C       ACS_Filters..TConvolver
 0001:000124A8       ACS_Filters..TSincFilter
 0002:00000148       ACS_Filters.ACS_Filters
 0001:00014520       ACS_Filters.Finalization
 0001:00012798       ACS_Filters.TBWFilter.Create
 0001:000127E0       ACS_Filters.TBWFilter.Destroy
 0001:00012DD4       ACS_Filters.TBWFilter.FlushInternal
 0001:00012808       ACS_Filters.TBWFilter.GetBPS
 0001:00012810       ACS_Filters.TBWFilter.GetCh
 0001:00012DE8       ACS_Filters.TBWFilter.GetDataInternal
 0001:00012854       ACS_Filters.TBWFilter.GetSR
 0001:000128E0       ACS_Filters.TBWFilter.InitInternal
 0001:000128D0       ACS_Filters.TBWFilter.SetAmplification
 0001:00012898       ACS_Filters.TBWFilter.SetHighFreq
 0001:000128B4       ACS_Filters.TBWFilter.SetLowFreq
 0001:00013E64       ACS_Filters.TConvolver.Create
 0001:00013F00       ACS_Filters.TConvolver.Destroy
 0001:00014144       ACS_Filters.TConvolver.FlushInternal
 0001:00013F6C       ACS_Filters.TConvolver.GetBPS
 0001:00013FB4       ACS_Filters.TConvolver.GetCh
 0001:00014180       ACS_Filters.TConvolver.GetDataInternal
 0001:00013FFC       ACS_Filters.TConvolver.GetSR
 0001:00014044       ACS_Filters.TConvolver.InitInternal
 0001:000144A4       ACS_Filters.TConvolver.SetKernel
 0001:00013F58       ACS_Filters.TConvolver.SetKernelWidth
 0001:00013240       ACS_Filters.TSincFilter.CalculateFilter
 0001:00013154       ACS_Filters.TSincFilter.Create
 0001:000131C4       ACS_Filters.TSincFilter.Destroy
 0001:00013B08       ACS_Filters.TSincFilter.FlushInternal
 0001:00013928       ACS_Filters.TSincFilter.GetBPS
 0001:00013970       ACS_Filters.TSincFilter.GetCh
 0001:00013B44       ACS_Filters.TSincFilter.GetDataInternal
 0001:00013E5C       ACS_Filters.TSincFilter.GetKernel
 0001:000139B8       ACS_Filters.TSincFilter.GetSR
 0001:00013A00       ACS_Filters.TSincFilter.InitInternal
 0001:000137FC       ACS_Filters.TSincFilter.SetFilterType
 0001:00013838       ACS_Filters.TSincFilter.SetHighFreq
 0001:00013810       ACS_Filters.TSincFilter.SetKernelWidth
 0001:000138B0       ACS_Filters.TSincFilter.SetLowFreq
 0001:00013824       ACS_Filters.TSincFilter.SetWindowType
 0004:00000278       ACS_FLAC..3
 0001:0001485C       ACS_FLAC..TFLACIn
 0001:00014594       ACS_FLAC..TFLACOut
 0002:00001664       ACS_FLAC.ACS_FLAC
 0001:00014A08       ACS_FLAC.AddString
 0001:00014A68       ACS_FLAC.BuildCommentsBlock
 0001:00015160       ACS_FLAC.DecEOFCBFunc
 0001:0001577C       ACS_FLAC.DecErrorCBProc
 0001:00015118       ACS_FLAC.DecLengthCBFunc
 0001:0001544C       ACS_FLAC.DecMetadataCBProc
 0001:00014FC8       ACS_FLAC.DecReadCBFunc
 0001:00015050       ACS_FLAC.DecSeekCBFunc
 0001:000150BC       ACS_FLAC.DecTellCBFunc
 0001:00015198       ACS_FLAC.DecWriteCBFunc
 0001:00014FC0       ACS_FLAC.EncMetadataCBFunc
 0001:00014F5C       ACS_FLAC.EncSeekCBFunc
 0001:00014FA4       ACS_FLAC.EncTellCBFunc
 0001:00014C2C       ACS_FLAC.EncWriteCBFunc
 0001:0001665C       ACS_FLAC.Finalization
 0001:000162AC       ACS_FLAC.TFLACIn.CloseFile
 0001:00015F00       ACS_FLAC.TFLACIn.Create
 0001:00015FA4       ACS_FLAC.TFLACIn.Destroy
 0001:0001663C       ACS_FLAC.TFLACIn.GetComments
 0001:0001639C       ACS_FLAC.TFLACIn.GetDataInternal
 0001:00015FDC       ACS_FLAC.TFLACIn.OpenFile
 0001:00016570       ACS_FLAC.TFLACIn.SeekInternal
 0001:0001578C       ACS_FLAC.TFLACOut.Create
 0001:00015858       ACS_FLAC.TFLACOut.Destroy
 0001:00015C88       ACS_FLAC.TFLACOut.Done
 0001:00015CDC       ACS_FLAC.TFLACOut.DoOutput
 0001:00015888       ACS_FLAC.TFLACOut.Prepare
 0001:00015EE4       ACS_FLAC.TFLACOut.SetBestModelSearch
 0001:00016624       ACS_FLAC.TFLACOut.SetCompressionLevel
 0001:00015ED0       ACS_FLAC.TFLACOut.SetEnableLooseMidSideStereo
 0001:00016650       ACS_FLAC.TFLACOut.SetTags
 0004:00000444       ACS_LAME..2
 0001:00017AD0       ACS_LAME..TMP3Out
 0002:00001674       ACS_LAME.ACS_LAME
 0001:000187F8       ACS_LAME.Finalization
 0001:00017D60       ACS_LAME.TMP3Out.Create
 0001:00017E58       ACS_LAME.TMP3Out.Destroy
 0001:0001844C       ACS_LAME.TMP3Out.Done
 0001:00018660       ACS_LAME.TMP3Out.DoOutput
 0001:00017E84       ACS_LAME.TMP3Out.Prepare
 0004:000004BC       ACS_MAC..3
 0001:0001962C       ACS_MAC..TMACIn
 0001:00019520       ACS_MAC..TMACOut
 0002:00001AE4       ACS_MAC.ACS_MAC
 0001:0001A070       ACS_MAC.Finalization
 0001:00019D6C       ACS_MAC.TMACIn.CloseFile
 0001:00019BA8       ACS_MAC.TMACIn.Create
 0001:00019C34       ACS_MAC.TMACIn.Destroy
 0001:0001A034       ACS_MAC.TMACIn.FlushInternal
 0001:00019F34       ACS_MAC.TMACIn.GetAverageBitrate
 0001:00019FC4       ACS_MAC.TMACIn.GetBPS
 0001:00019FD8       ACS_MAC.TMACIn.GetCh
 0001:00019F4C       ACS_MAC.TMACIn.GetCurrentBitrate
 0001:00019F64       ACS_MAC.TMACIn.GetCurrentBlock
 0001:00019F7C       ACS_MAC.TMACIn.GetCurrentMS
 0001:00019DEC       ACS_MAC.TMACIn.GetDataInternal
 0001:00019F94       ACS_MAC.TMACIn.GetLengthMS
 0001:00019FEC       ACS_MAC.TMACIn.GetSR
 0001:00019FAC       ACS_MAC.TMACIn.GetTotalBlocks
 0001:00019F04       ACS_MAC.TMACIn.GetTotalTime
 0001:0001A03C       ACS_MAC.TMACIn.InitInternal
 0001:00019C68       ACS_MAC.TMACIn.OpenFile
 0001:0001A054       ACS_MAC.TMACIn.SeekInternal
 0001:0001975C       ACS_MAC.TMACOut.Create
 0001:000197FC       ACS_MAC.TMACOut.Destroy
 0001:000199A4       ACS_MAC.TMACOut.Done
 0001:000199D8       ACS_MAC.TMACOut.DoOutput
 0001:00019830       ACS_MAC.TMACOut.Prepare
 0001:0001A000       ACS_MAC.TMACOut.SetCompressionLevel
 0004:000004C0       ACS_Misc..7
 0001:0001A3BC       ACS_Misc..TAudioProcessor
 0001:0001A698       ACS_Misc..TInputItem
 0001:0001A760       ACS_Misc..TInputItems
 0001:0001A83C       ACS_Misc..TInputList
 0001:0001A244       ACS_Misc..TMemoryIn
 0001:0001A5DC       ACS_Misc..TNULLOut
 0002:00001AEC       ACS_Misc.ACS_Misc
 0001:0001B5A8       ACS_Misc.Finalization
 0001:0001AE58       ACS_Misc.TAudioProcessor.FlushInternal
 0001:0001AB98       ACS_Misc.TAudioProcessor.GetBPS
 0001:0001AC6C       ACS_Misc.TAudioProcessor.GetCh
 0001:0001AD4C       ACS_Misc.TAudioProcessor.GetDataInternal
 0001:0001AC08       ACS_Misc.TAudioProcessor.GetSR
 0001:0001ACDC       ACS_Misc.TAudioProcessor.GetTotalTime
 0001:0001ADBC       ACS_Misc.TAudioProcessor.InitInternal
 0001:0001AF50       ACS_Misc.TInputItem.GetOwner
 0001:0001AF54       ACS_Misc.TInputList.Create
 0001:0001AFD8       ACS_Misc.TInputList.Destroy
 0001:0001B380       ACS_Misc.TInputList.FlushInternal
 0001:0001B134       ACS_Misc.TInputList.GetBPS
 0001:0001B17C       ACS_Misc.TInputList.GetCh
 0001:0001B3A4       ACS_Misc.TInputList.GetDataInternal
 0001:0001B1C4       ACS_Misc.TInputList.GetSR
 0001:0001B20C       ACS_Misc.TInputList.InitInternal
 0001:0001B014       ACS_Misc.TInputList.SetCurrentInput
 0001:0001B598       ACS_Misc.TInputList.SetInputItems
 0001:0001A994       ACS_Misc.TMemoryIn.Create
 0001:0001A9D4       ACS_Misc.TMemoryIn.Destroy
 0001:0001AAB0       ACS_Misc.TMemoryIn.FlushInternal
 0001:0001A9FC       ACS_Misc.TMemoryIn.GetBPS
 0001:0001AB90       ACS_Misc.TMemoryIn.GetBuffer
 0001:0001AA20       ACS_Misc.TMemoryIn.GetCh
 0001:0001AAC4       ACS_Misc.TMemoryIn.GetDataInternal
 0001:0001AA3C       ACS_Misc.TMemoryIn.GetSR
 0001:0001AA5C       ACS_Misc.TMemoryIn.InitInternal
 0001:0001AB94       ACS_Misc.TMemoryIn.SetBuffer
 0001:0001AF44       ACS_Misc.TNULLOut.Done
 0001:0001AF00       ACS_Misc.TNULLOut.DoOutput
 0001:0001AEB8       ACS_Misc.TNULLOut.Prepare
 0004:000004E8       ACS_MPC..3
 0001:0001BE70       ACS_MPC..TMPCIn
 0001:0001BFE8       ACS_MPC..TMPCOut
 0002:00001D78       ACS_MPC.ACS_MPC
 0001:0001C9D8       ACS_MPC.cb_input_close
 0001:0001C9C8       ACS_MPC.cb_input_eof
 0001:0001C980       ACS_MPC.cb_input_open
 0001:0001C988       ACS_MPC.cb_input_read
 0001:0001CA5C       ACS_MPC.cb_output_close
 0001:0001C9E0       ACS_MPC.cb_output_open
 0001:0001C9E8       ACS_MPC.cb_output_read
 0001:0001CA40       ACS_MPC.cb_output_seek
 0001:0001CA14       ACS_MPC.cb_output_write
 0001:0001D01C       ACS_MPC.Finalization
 0003:00000CE4       ACS_MPC.int24_sample_high
 0003:00000CE8       ACS_MPC.int24_sample_low
 0001:0001C3E0       ACS_MPC.TMPCIn.CloseFile
 0001:0001C0E8       ACS_MPC.TMPCIn.Create
 0001:0001C968       ACS_MPC.TMPCIn.GetAverageBitrate
 0001:0001C4D0       ACS_MPC.TMPCIn.GetDataInternal
 0001:0001C21C       ACS_MPC.TMPCIn.OpenFile
 0001:0001C4BC       ACS_MPC.TMPCIn.SeekInternal
 0001:0001C184       ACS_MPC.TMPCIn.SetBPS
 0001:0001CA64       ACS_MPC.TMPCOut.Create
 0001:0001CFE8       ACS_MPC.TMPCOut.Done
 0001:0001CFA8       ACS_MPC.TMPCOut.DoOutput
 0001:0001CAA4       ACS_MPC.TMPCOut.Prepare
 0004:00000510       ACS_OptimFROG..3
 0001:0001DD90       ACS_OptimFROG..TOFRIn
 0002:00002100       ACS_OptimFROG.ACS_OptimFROG
 0001:0001E410       ACS_OptimFROG.Finalization
 0001:0001E250       ACS_OptimFROG.TOFRIn.CloseFile
 0001:0001DE90       ACS_OptimFROG.TOFRIn.Create
 0001:0001DF34       ACS_OptimFROG.TOFRIn.GetAPEv2Tags
 0001:0001E30C       ACS_OptimFROG.TOFRIn.GetDataInternal
 0001:0001DF20       ACS_OptimFROG.TOFRIn.GetId3v1Tags
 0001:0001DF48       ACS_OptimFROG.TOFRIn.OpenFile
 0001:0001E2F8       ACS_OptimFROG.TOFRIn.SeekInternal
 0004:000000F8       ACS_Procs..1
 0002:000000A8       ACS_Procs.ACS_Procs
 0001:0000D760       ACS_Procs.BlackmanWindow
 0001:0000D85C       ACS_Procs.CalculateSincKernel
 0001:0000D3A0       ACS_Procs.ComplexFFT
 0001:0000DBA8       ACS_Procs.Convert16To24
 0001:0000D210       ACS_Procs.Convert16To8
 0001:0000D1A0       ACS_Procs.Convert16ToSingle
 0001:0000DB78       ACS_Procs.Convert24To16
 0001:0000D238       ACS_Procs.Convert8To16
 0001:0000D178       ACS_Procs.Convert8ToSingle
 0001:0000D2B8       ACS_Procs.ConvertMonoToStereo16
 0001:0000DC3C       ACS_Procs.ConvertMonoToStereo24
 0001:0000D334       ACS_Procs.ConvertMonoToStereo8
 0001:0000D1E4       ACS_Procs.ConvertSingleTo16
 0001:0000D1B8       ACS_Procs.ConvertSingleTo8
 0001:0000D25C       ACS_Procs.ConvertStereoToMono16
 0001:0000DBD0       ACS_Procs.ConvertStereoToMono24
 0001:0000D28C       ACS_Procs.ConvertStereoToMono8
 0001:0000DD30       ACS_Procs.Finalization
 0001:0000DAB4       ACS_Procs.GetLeftOf
 0001:0000DB0C       ACS_Procs.GetRightOf
 0001:0000D6D0       ACS_Procs.HammingWindow
 0001:0000D654       ACS_Procs.HannWindow
 0001:0000DA48       ACS_Procs.LgMagnitude
 0001:0000DA10       ACS_Procs.MultDoubleArrays
 0001:0000D9DC       ACS_Procs.SmallIntArrayToComplex
 0001:0000D9A8       ACS_Procs.SmallIntArrayToDouble
 0004:0000079C       acs_reg..1
 0002:00004A18       acs_reg.acs_reg
 0001:00031FF4       acs_reg.Finalization
 0001:00031DE0       acs_reg.Register
 0004:000006E4       ACS_smpeg..2
 0001:00028E6C       ACS_smpeg..TMP3In
 0002:0000315C       ACS_smpeg.ACS_smpeg
 0001:00028F54       ACS_smpeg.Finalization
 0004:000006E8       ACS_Streams..3
 0001:00029044       ACS_Streams..TStreamIn
 0001:00028F84       ACS_Streams..TStreamOut
 0002:00003164       ACS_Streams.ACS_Streams
 0001:00029720       ACS_Streams.Finalization
 0001:00029338       ACS_Streams.TStreamIn.Create
 0001:000293C4       ACS_Streams.TStreamIn.Destroy
 0001:0002958C       ACS_Streams.TStreamIn.FlushInternal
 0001:00029708       ACS_Streams.TStreamIn.GetBPS
 0001:00029710       ACS_Streams.TStreamIn.GetCh
 0001:00029594       ACS_Streams.TStreamIn.GetDataInternal
 0001:00029718       ACS_Streams.TStreamIn.GetSR
 0001:000293FC       ACS_Streams.TStreamIn.InitInternal
 0001:000295EC       ACS_Streams.TStreamIn.SeekInternal
 0001:000292D8       ACS_Streams.TStreamOut.Create
 0001:00029310       ACS_Streams.TStreamOut.Destroy
 0001:00029278       ACS_Streams.TStreamOut.Done
 0001:00029284       ACS_Streams.TStreamOut.DoOutput
 0001:00029678       ACS_Streams.TStreamOut.GetBPS
 0001:000296C0       ACS_Streams.TStreamOut.GetCh
 0001:00029630       ACS_Streams.TStreamOut.GetSR
 0001:00029230       ACS_Streams.TStreamOut.Prepare
 0004:00000024       ACS_Tags..8
 0001:00001F14       ACS_Tags..TAPEv2Tags
 0001:00001A98       ACS_Tags..TAuTags
 0001:00001B4C       ACS_Tags..TId3v1Tags
 0001:00001CEC       ACS_Tags..TId3v2Tags
 0001:00002F44       ACS_Tags..TVorbisTags
 0002:00000064       ACS_Tags.ACS_Tags
 0003:00000C60       ACS_Tags.encoding_flags
 0001:00006F18       ACS_Tags.Finalization
 0001:00004BF4       ACS_Tags.get_tags_size
 0003:000009A8       ACS_Tags.Id3v1Genres
 0001:00004FB8       ACS_Tags.read_frames_new
 0001:00004DD4       ACS_Tags.read_frames_old
 0001:00004C28       ACS_Tags.set_tag_item
 0003:00000C58       ACS_Tags.start_char_pos
 0001:00005610       ACS_Tags.TAPEv2Tags.Create
 0001:00006634       ACS_Tags.TAPEv2Tags.GetAbstract
 0001:00005C28       ACS_Tags.TAPEv2Tags.GetAlbum
 0001:00005AF8       ACS_Tags.TAPEv2Tags.GetArtist
 0001:00006054       ACS_Tags.TAPEv2Tags.GetBarCode
 0001:000066D0       ACS_Tags.TAPEv2Tags.GetBibliography
 0001:00006174       ACS_Tags.TAPEv2Tags.GetCatalog
 0001:00006938       ACS_Tags.TAPEv2Tags.GetComment
 0001:00005B8C       ACS_Tags.TAPEv2Tags.GetComposer
 0001:00005DF4       ACS_Tags.TAPEv2Tags.GetConductor
 0001:00005E90       ACS_Tags.TAPEv2Tags.GetCopyright
 0001:00005CBC       ACS_Tags.TAPEv2Tags.GetDebutAlbum
 0001:0000650C       ACS_Tags.TAPEv2Tags.GetFile
 0001:000062A4       ACS_Tags.TAPEv2Tags.GetGenre
 0001:00005F2C       ACS_Tags.TAPEv2Tags.GetISBN
 0001:00005FC0       ACS_Tags.TAPEv2Tags.GetISRC
 0001:000060E8       ACS_Tags.TAPEv2Tags.GetLabelCode
 0001:00006208       ACS_Tags.TAPEv2Tags.GetLanguage
 0001:00005D58       ACS_Tags.TAPEv2Tags.GetPublisher
 0001:000063CC       ACS_Tags.TAPEv2Tags.GetRecordDate
 0001:00006468       ACS_Tags.TAPEv2Tags.GetRecordLocation
 0001:000065A0       ACS_Tags.TAPEv2Tags.GetRelated
 0001:0000689C       ACS_Tags.TAPEv2Tags.GetSubTitle
 0001:00006808       ACS_Tags.TAPEv2Tags.GetTitle
 0001:00006774       ACS_Tags.TAPEv2Tags.GetTrack
 0001:00006338       ACS_Tags.TAPEv2Tags.GetYear
 0001:00006660       ACS_Tags.TAPEv2Tags.SetAbstract
 0001:00005C50       ACS_Tags.TAPEv2Tags.SetAlbum
 0001:00005B20       ACS_Tags.TAPEv2Tags.SetArtist
 0001:0000607C       ACS_Tags.TAPEv2Tags.SetBarCode
 0001:00006700       ACS_Tags.TAPEv2Tags.SetBibliography
 0001:0000619C       ACS_Tags.TAPEv2Tags.SetCatalog
 0001:00006960       ACS_Tags.TAPEv2Tags.SetComment
 0001:00005BB8       ACS_Tags.TAPEv2Tags.SetComposer
 0001:00005E20       ACS_Tags.TAPEv2Tags.SetConductor
 0001:00005EBC       ACS_Tags.TAPEv2Tags.SetCopyright
 0001:00005CE8       ACS_Tags.TAPEv2Tags.SetDebutAlbum
 0001:00006534       ACS_Tags.TAPEv2Tags.SetFile
 0001:000062CC       ACS_Tags.TAPEv2Tags.SetGenre
 0001:00005F54       ACS_Tags.TAPEv2Tags.SetISBN
 0001:00005FE8       ACS_Tags.TAPEv2Tags.SetISRC
 0001:0000610C       ACS_Tags.TAPEv2Tags.SetLabelCode
 0001:00006234       ACS_Tags.TAPEv2Tags.SetLanguage
 0001:00005D84       ACS_Tags.TAPEv2Tags.SetPublisher
 0001:000063F8       ACS_Tags.TAPEv2Tags.SetRecordDate
 0001:00006498       ACS_Tags.TAPEv2Tags.SetRecordLocation
 0001:000065C8       ACS_Tags.TAPEv2Tags.SetRelated
 0001:000068C8       ACS_Tags.TAPEv2Tags.SetSubTitle
 0001:00006830       ACS_Tags.TAPEv2Tags.SetTitle
 0001:0000679C       ACS_Tags.TAPEv2Tags.SetTrack
 0001:00006360       ACS_Tags.TAPEv2Tags.SetYear
 0001:0000348C       ACS_Tags.TAuTags.AddId
 0001:000034E0       ACS_Tags.TAuTags.Assign
 0001:00003590       ACS_Tags.TAuTags.AssignTo
 0001:00003640       ACS_Tags.TAuTags.Clear
 0001:000030A8       ACS_Tags.TAuTags.Create
 0001:0000310C       ACS_Tags.TAuTags.Destroy
 0001:00003238       ACS_Tags.TAuTags.GetAsInteger
 0001:00003304       ACS_Tags.TAuTags.GetAsString
 0001:000033BC       ACS_Tags.TAuTags.GetAsWideString
 0001:0000317C       ACS_Tags.TAuTags.GetId
 0001:00003170       ACS_Tags.TAuTags.GetIdCount
 0001:000031B0       ACS_Tags.TAuTags.GetValue
 0001:00003168       ACS_Tags.TAuTags.Presents
 0001:000036BC       ACS_Tags.TAuTags.ReadFromFile
 0001:000031EC       ACS_Tags.TAuTags.SetValue
 0001:000036D0       ACS_Tags.TAuTags.WriteToFile
 0001:000036D8       ACS_Tags.TId3v1Tags.Create
 0001:00003B34       ACS_Tags.TId3v1Tags.GetAlbum
 0001:00003A3C       ACS_Tags.TId3v1Tags.GetArtist
 0001:00003C58       ACS_Tags.TId3v1Tags.GetComment
 0001:00003D7C       ACS_Tags.TId3v1Tags.GetGenre
 0001:00003E44       ACS_Tags.TId3v1Tags.GetGenreId
 0001:000039A8       ACS_Tags.TId3v1Tags.GetTitle
 0001:00003CEC       ACS_Tags.TId3v1Tags.GetTrack
 0001:00003BC8       ACS_Tags.TId3v1Tags.GetYear
 0001:00003870       ACS_Tags.TId3v1Tags.Presents
 0001:00003ED8       ACS_Tags.TId3v1Tags.ReadFromFile
 0001:00003900       ACS_Tags.TId3v1Tags.ReadTagsInfo
 0001:00003B5C       ACS_Tags.TId3v1Tags.SetAlbum
 0001:00003AC8       ACS_Tags.TId3v1Tags.SetArtist
 0001:00003C80       ACS_Tags.TId3v1Tags.SetComment
 0001:00003DA0       ACS_Tags.TId3v1Tags.SetGenre
 0001:00003E6C       ACS_Tags.TId3v1Tags.SetGenreId
 0001:000039D0       ACS_Tags.TId3v1Tags.SetTitle
 0001:00003D10       ACS_Tags.TId3v1Tags.SetTrack
 0001:00003BEC       ACS_Tags.TId3v1Tags.SetYear
 0001:000040DC       ACS_Tags.TId3v1Tags.WriteToFile
 0001:00004378       ACS_Tags.TId3v2Tags.Create
 0001:0000461C       ACS_Tags.TId3v2Tags.GetAlbum
 0001:00004594       ACS_Tags.TId3v2Tags.GetArtist
 0001:000048C4       ACS_Tags.TId3v2Tags.GetComment
 0001:0000494C       ACS_Tags.TId3v2Tags.GetComposer
 0001:00004A5C       ACS_Tags.TId3v2Tags.GetCopyright
 0001:000049D4       ACS_Tags.TId3v2Tags.GetEncoder
 0001:000046A4       ACS_Tags.TId3v2Tags.GetGenre
 0001:00004AE4       ACS_Tags.TId3v2Tags.GetLanguage
 0001:00004B6C       ACS_Tags.TId3v2Tags.GetLink
 0001:0000483C       ACS_Tags.TId3v2Tags.GetTitle
 0001:000047B4       ACS_Tags.TId3v2Tags.GetTrack
 0001:0000472C       ACS_Tags.TId3v2Tags.GetYear
 0001:00004438       ACS_Tags.TId3v2Tags.Presents
 0001:000051A4       ACS_Tags.TId3v2Tags.ReadFromFile
 0001:000044C0       ACS_Tags.TId3v2Tags.ReadTagsInfo
 0001:00004640       ACS_Tags.TId3v2Tags.SetAlbum
 0001:000045B8       ACS_Tags.TId3v2Tags.SetArtist
 0001:000048E8       ACS_Tags.TId3v2Tags.SetComment
 0001:00004970       ACS_Tags.TId3v2Tags.SetComposer
 0001:00004A80       ACS_Tags.TId3v2Tags.SetCopyright
 0001:000049F8       ACS_Tags.TId3v2Tags.SetEncoder
 0001:000046C8       ACS_Tags.TId3v2Tags.SetGenre
 0001:00004B08       ACS_Tags.TId3v2Tags.SetLanguage
 0001:00004B90       ACS_Tags.TId3v2Tags.SetLink
 0001:00004860       ACS_Tags.TId3v2Tags.SetTitle
 0001:000047D8       ACS_Tags.TId3v2Tags.SetTrack
 0001:00004750       ACS_Tags.TId3v2Tags.SetYear
 0001:00005270       ACS_Tags.TId3v2Tags.WriteToFile
 0001:000069CC       ACS_Tags.TVorbisTags.Create
 0001:00006B38       ACS_Tags.TVorbisTags.GetAlbum
 0001:00006BDC       ACS_Tags.TVorbisTags.GetArtist
 0001:00006C80       ACS_Tags.TVorbisTags.GetDate
 0001:00006D24       ACS_Tags.TVorbisTags.GetGenre
 0001:00006DC8       ACS_Tags.TVorbisTags.GetTitle
 0001:00006E6C       ACS_Tags.TVorbisTags.GetTrack
 0001:00006B60       ACS_Tags.TVorbisTags.SetAlbum
 0001:00006C04       ACS_Tags.TVorbisTags.SetArtist
 0001:00006CA8       ACS_Tags.TVorbisTags.SetDate
 0001:00006D4C       ACS_Tags.TVorbisTags.SetGenre
 0001:00006DF0       ACS_Tags.TVorbisTags.SetTitle
 0001:00006E98       ACS_Tags.TVorbisTags.SetTrack
 0003:00000BF8       ACS_Tags._id3v2_tags
 0001:000030A0       ACS_Tags._min
 0004:00000798       ACS_TAK..3
 0001:0003170C       ACS_TAK..TTAKIn
 0002:00004A10       ACS_TAK.ACS_TAK
 0001:00031DB0       ACS_TAK.Finalization
 0001:00031BBC       ACS_TAK.TTAKIn.CloseFile
 0001:00031870       ACS_TAK.TTAKIn.Create
 0001:00031904       ACS_TAK.TTAKIn.GetAPEv2Tags
 0001:00031CAC       ACS_TAK.TTAKIn.GetDataInternal
 0001:00031918       ACS_TAK.TTAKIn.OpenFile
 0001:00031C98       ACS_TAK.TTAKIn.SeekInternal
 0004:00000768       ACS_TTA..5
 0001:0002F1C4       ACS_TTA..TTTAIn
 0001:0002F324       ACS_TTA..TTTAOut
 0003:0000107C       ACS_TTA.access
 0002:000044A8       ACS_TTA.ACS_TTA
 0003:000010A4       ACS_TTA.attrs
 0003:00001094       ACS_TTA.attrs
 0001:0002F444       ACS_TTA.CreateTempFileName
 0003:0000108C       ACS_TTA.disposition
 0003:000010AC       ACS_TTA.error
 0003:0000109C       ACS_TTA.error
 0001:00030714       ACS_TTA.Finalization
 0003:00001084       ACS_TTA.share
 0001:0002FB40       ACS_TTA.TTTAIn.CloseFile
 0001:0002F4D0       ACS_TTA.TTTAIn.Create
 0001:0002F6A0       ACS_TTA.TTTAIn.DoneDecoder
 0001:0002FBB8       ACS_TTA.TTTAIn.GetDataInternal
 0001:0002F560       ACS_TTA.TTTAIn.GetId3v1Tags
 0001:0002F568       ACS_TTA.TTTAIn.GetId3v2Tags
 0001:0002F570       ACS_TTA.TTTAIn.InitDecoder
 0001:0002F740       ACS_TTA.TTTAIn.OpenFile
 0001:0002FBB4       ACS_TTA.TTTAIn.SeekInternal
 0001:0002FF40       ACS_TTA.TTTAOut.Create
 0001:00030258       ACS_TTA.TTTAOut.Done
 0001:0003046C       ACS_TTA.TTTAOut.DoOutput
 0001:00030024       ACS_TTA.TTTAOut.Prepare
 0003:000010B4       ACS_TTA.wave_formats
 0004:00000020       ACS_Types..1
 0002:0000005C       ACS_Types.ACS_Types
 0001:00001A14       ACS_Types.Finalization
 0003:00000998       ACS_Types.KSDATAFORMAT_SUBTYPE_PCM
 0004:000006D0       ACS_Vorbis..3
 0001:0001E818       ACS_Vorbis..TVorbisIn
 0001:0001E63C       ACS_Vorbis..TVorbisOut
 0002:00003128       ACS_Vorbis.ACS_Vorbis
 0001:0001EA4C       ACS_Vorbis.cbClose
 0001:0001E974       ACS_Vorbis.cbRead
 0001:0001EA08       ACS_Vorbis.cbSeek
 0001:0001EA74       ACS_Vorbis.cbTell
 0001:0001FFF8       ACS_Vorbis.Finalization
 0001:0001F94C       ACS_Vorbis.TVorbisIn.CloseFile
 0001:0001F308       ACS_Vorbis.TVorbisIn.Create
 0001:0001F4A4       ACS_Vorbis.TVorbisIn.Destroy
 0001:0001FB24       ACS_Vorbis.TVorbisIn.GetBitStreams
 0001:0001FAF8       ACS_Vorbis.TVorbisIn.GetComments
 0001:0001FB80       ACS_Vorbis.TVorbisIn.GetCurrentBitStream
 0001:0001F9C0       ACS_Vorbis.TVorbisIn.GetDataInternal
 0001:0001FB60       ACS_Vorbis.TVorbisIn.GetInstantBitRate
 0001:0001FAD0       ACS_Vorbis.TVorbisIn.GetMaxBitrate
 0001:0001FB0C       ACS_Vorbis.TVorbisIn.GetMinBitrate
 0001:0001FAE4       ACS_Vorbis.TVorbisIn.GetNominalBitrate
 0001:0001F4D4       ACS_Vorbis.TVorbisIn.OpenFile
 0001:0001FC74       ACS_Vorbis.TVorbisIn.SeekInternal
 0001:0001FBB0       ACS_Vorbis.TVorbisIn.SetCurrentBitStream
 0001:0001EB50       ACS_Vorbis.TVorbisOut.Create
 0001:0001ED08       ACS_Vorbis.TVorbisOut.Destroy
 0001:0001EE48       ACS_Vorbis.TVorbisOut.Done
 0001:0001EEC4       ACS_Vorbis.TVorbisOut.DoOutput
 0001:0001FCB0       ACS_Vorbis.TVorbisOut.InitVorbis
 0001:0001ED44       ACS_Vorbis.TVorbisOut.Prepare
 0001:0001ED38       ACS_Vorbis.TVorbisOut.SetComments
 0001:0001FC48       ACS_Vorbis.TVorbisOut.SetDesiredMaximumBitrate
 0001:0001FC0C       ACS_Vorbis.TVorbisOut.SetDesiredNominalBitrate
 0001:0001FB20       ACS_Vorbis.TVorbisOut.SetFileMode
 0001:0001FC64       ACS_Vorbis.TVorbisOut.SetMinimumBitrate
 0001:0001EA88       ACS_Vorbis.VorbisBitrateToInt
 0004:000006D8       ACS_Wave..4
 0001:000207C0       ACS_Wave..TWaveIn
 0001:000208F0       ACS_Wave..TWaveOut
 0001:00020A18       ACS_Wave..TWaveTap
 0002:00003144       ACS_Wave.ACS_Wave
 0003:00000EF0       ACS_Wave.adaptive
 0001:000212B0       ACS_Wave.Compare4
 0001:00023884       ACS_Wave.Finalization
 0003:00000EB0       ACS_Wave.IndexTab
 0003:00000D4C       ACS_Wave.StepTab
 0001:00021618       ACS_Wave.TWaveIn.CloseFile
 0001:000212E8       ACS_Wave.TWaveIn.Create
 0001:00020B04       ACS_Wave.TWaveIn.DecodeDVIADPCMMono
 0001:00020C00       ACS_Wave.TWaveIn.DecodeDVIADPCMStereo
 0001:00020E38       ACS_Wave.TWaveIn.DecodeMSADPCMMono
 0001:00021064       ACS_Wave.TWaveIn.DecodeMSADPCMStereo
 0001:00021324       ACS_Wave.TWaveIn.Destroy
 0001:00021704       ACS_Wave.TWaveIn.GetDataInternal
 0001:00022A7C       ACS_Wave.TWaveIn.GetWavType
 0001:0002134C       ACS_Wave.TWaveIn.OpenFile
 0001:00022AB8       ACS_Wave.TWaveIn.ReadDVIADPCMBlock
 0001:00022C24       ACS_Wave.TWaveIn.ReadMSADPCMBlock
 0001:00022D6C       ACS_Wave.TWaveIn.ReadRIFFHeader
 0001:000219A8       ACS_Wave.TWaveIn.SeekInternal
 0001:000221D0       ACS_Wave.TWaveOut.Create
 0001:00022218       ACS_Wave.TWaveOut.Destroy
[...]
   631 0001:0002E09F   639 0001:0002E0F0   640 0001:0002E11E   641 0001:0002E133
   642 0001:0002E139   644 0001:0002E14F   646 0001:0002E15E   647 0001:0002E164
   648 0001:0002E16F   650 0001:0002E17D   651 0001:0002E180   652 0001:0002E183
   655 0001:0002E1A4   656 0001:0002E1A6   660 0001:0002E1D1   661 0001:0002E1DA
   666 0001:0002E288   667 0001:0002E2A4   668 0001:0002E2AA   670 0001:0002E2C0
   672 0001:0002E2CF   674 0001:0002E2D5   675 0001:0002E2DB   677 0001:0002E2E9
   678 0001:0002E2EC   679 0001:0002E2EF   682 0001:0002E310   683 0001:0002E312
   687 0001:0002E33D   688 0001:0002E346   693 0001:0002E3D4   694 0001:0002E3E8
   696 0001:0002E3F7   697 0001:0002E400   699 0001:0002E40E   700 0001:0002E411
   703 0001:0002E426   705 0001:0002E42B   706 0001:0002E43A   711 0001:0002E470
   712 0001:0002E47B   714 0001:0002E48A   716 0001:0002E48F   717 0001:0002E495
   719 0001:0002E4A3   720 0001:0002E4A6   721 0001:0002E4AC   724 0001:0002E4CA
   725 0001:0002E4CC   728 0001:0002E4F7   733 0001:0002E56C   734 0001:0002E577
   736 0001:0002E57C   738 0001:0002E58B   739 0001:0002E591   741 0001:0002E59F
   742 0001:0002E5A2   743 0001:0002E5A8   746 0001:0002E5C6   747 0001:0002E5C8
   750 0001:0002E5F3   755 0001:0002E670   756 0001:0002E67B   758 0001:0002E680
   760 0001:0002E68F   761 0001:0002E695   763 0001:0002E6A3   764 0001:0002E6A6
   765 0001:0002E6AC   768 0001:0002E6CA   769 0001:0002E6CC   772 0001:0002E6F7
   777 0001:0002E774   778 0001:0002E77F   780 0001:0002E784   782 0001:0002E793
   783 0001:0002E799   785 0001:0002E7A7   786 0001:0002E7AA   787 0001:0002E7B0
   790 0001:0002E7CE   791 0001:0002E7D0   794 0001:0002E7FB   799 0001:0002E870
   800 0001:0002E87B   801 0001:0002E880   803 0001:0002E88F   804 0001:0002E895
   806 0001:0002E8A3   807 0001:0002E8A6   808 0001:0002E8AC   811 0001:0002E8CA
   812 0001:0002E8CC   815 0001:0002E8F7   823 0001:0002E96C   824 0001:0002E979
   826 0001:0002E988   827 0001:0002E98F   828 0001:0002E994   830 0001:0002E999
   831 0001:0002E99F   832 0001:0002E9A2   834 0001:0002E9B0   835 0001:0002E9B3
   836 0001:0002E9B6   839 0001:0002E9D7   840 0001:0002E9D9   850 0001:0002EA04
   855 0001:0002EA6C   856 0001:0002EA7A   858 0001:0002EA89   860 0001:0002EA8E
   861 0001:0002EA94   863 0001:0002EAA2   864 0001:0002EAA5   865 0001:0002EAA8
   866 0001:0002EAAE   869 0001:0002EACC   870 0001:0002EACE   873 0001:0002EAF9
   885 0001:0002EB64   886 0001:0002EB95   887 0001:0002EBAA   888 0001:0002EBB0
   890 0001:0002EBC6   892 0001:0002EBD5   893 0001:0002EBDB   894 0001:0002EBF6
   895 0001:0002EC01   897 0001:0002EC0F   898 0001:0002EC12   899 0001:0002EC15
   900 0001:0002EC18   901 0001:0002EC1B   902 0001:0002EC1E   903 0001:0002EC21
   904 0001:0002EC24   905 0001:0002EC27   908 0001:0002EC48   909 0001:0002EC4A
   914 0001:0002EC81   915 0001:0002EC8A   923 0001:0002ED4C   924 0001:0002ED68
   925 0001:0002ED74   927 0001:0002ED8A   929 0001:0002ED99   931 0001:0002ED9F
   932 0001:0002EDA5   934 0001:0002EDB3   935 0001:0002EDB6   936 0001:0002EDB9
   937 0001:0002EDBC   938 0001:0002EDBF   939 0001:0002EDC2   940 0001:0002EDC5
   941 0001:0002EDC8   942 0001:0002EDCB   945 0001:0002EDEC   946 0001:0002EDEE
   950 0001:0002EE19   951 0001:0002EE22   956 0001:0002EEB4   957 0001:0002EEC8
   959 0001:0002EED7   960 0001:0002EEE0   962 0001:0002EEEE   963 0001:0002EEF1
   966 0001:0002EF06   968 0001:0002EF0B   969 0001:0002EF1A   974 0001:0002EF50
   975 0001:0002EF5D   977 0001:0002EF6C   978 0001:0002EF73   979 0001:0002EF78
   981 0001:0002EF7D   982 0001:0002EF83   983 0001:0002EF86   985 0001:0002EF94
   986 0001:0002EF97   987 0001:0002EF9A   990 0001:0002EFBB   991 0001:0002EFBD
   994 0001:0002EFE8  1000 0001:0002F050  1001 0001:0002F061  1003 0001:0002F070
  1004 0001:0002F076  1006 0001:0002F084  1007 0001:0002F087  1008 0001:0002F08A
  1009 0001:0002F08D  1010 0001:0002F093  1013 0001:0002F096  1015 0001:0002F0BA
  1016 0001:0002F0BC  1019 0001:0002F0E7  1163 0001:0002F154  1164 0001:0002F16D
  1165 0001:0002F176  1168 0001:0002F181

Line numbers for TTALib(omaudio.bpl\NewAC\src\TTALib.pas) segment .itext

  1021 0002:00003C98  1022 0002:00003CAB  1023 0002:00003CB7  1024 0002:00003CC1
  1025 0002:00003CCE  1029 0002:00003CE0  1033 0002:00003CF2  1037 0002:00003D04
  1041 0002:00003D16  1045 0002:00003D28  1049 0002:00003D3A  1053 0002:00003D4C
  1057 0002:00003D5E  1061 0002:00003D70  1065 0002:00003D82  1070 0002:00003D94
  1074 0002:00003DA6  1078 0002:00003DB8  1082 0002:00003DCA  1086 0002:00003DDC
  1090 0002:00003DEE  1094 0002:00003E00  1098 0002:00003E12  1102 0002:00003E24
  1106 0002:00003E36  1110 0002:00003E48  1115 0002:00003E5A  1119 0002:00003E6C
  1123 0002:00003E7E  1127 0002:00003E90  1131 0002:00003EA2  1135 0002:00003EB4
  1140 0002:00003EC6  1144 0002:00003ED8  1148 0002:00003EEA  1152 0002:00003EFC
  1156 0002:00003F0E  1163 0002:00003F20

Line numbers for ACS_TTA(omaudio.bpl\NewAC\src\ACS_TTA.pas) segment .text

   136 0001:0002F444   137 0001:0002F45D   138 0001:0002F46A   139 0001:0002F481
   140 0001:0002F48D   141 0001:0002F4AD   147 0001:0002F4D0   148 0001:0002F4E2
   150 0001:0002F4EB   151 0001:0002F4FB   153 0001:0002F511   154 0001:0002F515
   158 0001:0002F560   159 0001:0002F566   163 0001:0002F568   164 0001:0002F56E
   169 0001:0002F570   170 0001:0002F579   171 0001:0002F591   172 0001:0002F597
   173 0001:0002F5A5   175 0001:0002F5C9   178 0001:0002F5E8   179 0001:0002F61E
   181 0001:0002F62F   183 0001:0002F64D   185 0001:0002F654   186 0001:0002F665
   189 0001:0002F6A0   190 0001:0002F6A3   192 0001:0002F6AE   194 0001:0002F6B2
   195 0001:0002F6BD   196 0001:0002F6C3   199 0001:0002F6CD   200 0001:0002F6E8
   220 0001:0002F740   221 0001:0002F75F   222 0001:0002F76D   223 0001:0002F77B
   224 0001:0002F78B   226 0001:0002F795   227 0001:0002F79E   229 0001:0002F7AD
   230 0001:0002F7BF   232 0001:0002F7D2   234 0001:0002F7E8   242 0001:0002F831
   243 0001:0002F836   245 0001:0002F855   246 0001:0002F862   247 0001:0002F86E
   248 0001:0002F876   254 0001:0002F891   255 0001:0002F89B   256 0001:0002F8A9
   257 0001:0002F8BD   258 0001:0002F8C3   259 0001:0002F8D1   260 0001:0002F8E0
   262 0001:0002F8FD   265 0001:0002F91B   268 0001:0002F92C   272 0001:0002F942
   274 0001:0002F957   275 0001:0002F965   277 0001:0002F97C   278 0001:0002F98B
   280 0001:0002F998   283 0001:0002F9A2   285 0001:0002F9AC   286 0001:0002F9C3
   287 0001:0002F9DA   288 0001:0002F9F1   290 0001:0002FA09   291 0001:0002FA1C
   292 0001:0002FA58   295 0001:0002FA7E   296 0001:0002FA8F   299 0001:0002FAA5
   301 0001:0002FABB   304 0001:0002FB40   305 0001:0002FB47   306 0001:0002FB55
   307 0001:0002FB63   308 0001:0002FB6F   310 0001:0002FB78   311 0001:0002FB84
   314 0001:0002FB99   316 0001:0002FBAF   320 0001:0002FBB4   321 0001:0002FBB6
   345 0001:0002FBB8   346 0001:0002FBC8   347 0001:0002FBCE   349 0001:0002FBE4
   350 0001:0002FBF1   351 0001:0002FC01   352 0001:0002FC07   353 0001:0002FC0F
   356 0001:0002FC15   358 0001:0002FC2C   361 0001:0002FC47   362 0001:0002FC58
   363 0001:0002FC5C   365 0001:0002FC6D   368 0001:0002FC72   369 0001:0002FC81
   371 0001:0002FCA5   373 0001:0002FCCA   374 0001:0002FCD2   375 0001:0002FCE2
   376 0001:0002FCF7   377 0001:0002FD08   375 0001:0002FD09   380 0001:0002FD11
   381 0001:0002FD19   382 0001:0002FD29   383 0001:0002FD3E   382 0001:0002FD4F
   386 0001:0002FD57   387 0001:0002FD5F   388 0001:0002FD6F   389 0001:0002FD84
   388 0001:0002FDA0   392 0001:0002FDA8   393 0001:0002FDB0   394 0001:0002FDC0
   395 0001:0002FDD5   396 0001:0002FDE8   398 0001:0002FDF5   399 0001:0002FE08
   401 0001:0002FE15   402 0001:0002FE28   405 0001:0002FE4A   394 0001:0002FE54
   360 0001:0002FE5B   410 0001:0002FE72   411 0001:0002FE85   412 0001:0002FEB0
   415 0001:0002FED9   417 0001:0002FEF4   419 0001:0002FEFF   425 0001:0002FF40
   426 0001:0002FF52   428 0001:0002FF5B   429 0001:0002FF6B   430 0001:0002FF81
   444 0001:00030024   445 0001:00030043   446 0001:0003004C   448 0001:0003005B
   449 0001:0003006A   451 0001:0003007A   453 0001:00030090   461 0001:000300CA
   462 0001:000300CF   463 0001:000300EE   464 0001:000300F9   465 0001:00030107
   467 0001:00030128   468 0001:00030136   475 0001:000301BD   476 0001:000301CC
   479 0001:000301ED   481 0001:000301F8   483 0001:00030202   490 0001:00030258
   491 0001:00030263   493 0001:00030270   494 0001:00030282   495 0001:00030290
   496 0001:0003029F   497 0001:000302A6   498 0001:000302B5   500 0001:000302C5
   501 0001:000302D2   502 0001:000302E5   503 0001:000302ED   509 0001:00030308
   510 0001:00030312   511 0001:00030320   512 0001:00030334   513 0001:0003033A
   514 0001:00030348   515 0001:00030351   517 0001:00030362   519 0001:00030373
   521 0001:00030390   524 0001:000303AE   527 0001:000303BF   531 0001:000303D7
   533 0001:000303F3   534 0001:00030402   537 0001:00030417   539 0001:00030422
   540 0001:0003042B   541 0001:00030436   559 0001:0003046C   560 0001:00030478
   561 0001:0003047C   564 0001:00030484   565 0001:0003048A   567 0001:0003048C
   570 0001:00030491   571 0001:000304B0   572 0001:000304BB   573 0001:000304CB
   574 0001:000304D3   575 0001:000304DB   576 0001:000304E5   577 0001:000304F4
   578 0001:0003050E   580 0001:0003052A   581 0001:00030536   583 0001:00030545
   584 0001:00030552   587 0001:0003055C   590 0001:00030562   591 0001:00030571
   593 0001:0003058B   595 0001:000305AE   596 0001:000305B8   597 0001:000305BE
   598 0001:000305CC   599 0001:000305E3   597 0001:000305E4   602 0001:000305EC
   603 0001:000305F6   604 0001:000305FC   605 0001:0003060A   604 0001:00030616
   608 0001:0003061E   609 0001:00030628   610 0001:0003062E   611 0001:00030638
   612 0001:00030648   613 0001:00030659   610 0001:0003065A   616 0001:0003065F
   617 0001:00030669   618 0001:00030673   619 0001:0003067D   620 0001:00030688
   623 0001:000306A0   618 0001:000306AA   627 0001:000306AD   629 0001:000306C4
   630 0001:000306D0   631 0001:000306D6   632 0001:000306E2   635 0001:000306FE
   637 0001:00030706

Line numbers for ACS_TTA(omaudio.bpl\NewAC\src\ACS_TTA.pas) segment .itext

   639 0002:000044A8

Line numbers for AudioPass(omaudio.bpl\NewAC\src\AudioPass.pas) segment .text

   106 0001:000308AC   107 0001:000308BE   108 0001:000308C7   109 0001:000308D1
   110 0001:000308DC   111 0001:000308E8   114 0001:00030904   115 0001:0003090F
   116 0001:0003091B   120 0001:0003092C   121 0001:00030932   124 0001:00030934
   125 0001:0003093D   126 0001:0003095C   127 0001:00030963   131 0001:00030968
   132 0001:00030970   136 0001:00030974   137 0001:0003097C   141 0001:00030980
   142 0001:00030988   149 0001:0003098C   150 0001:00030990   151 0001:00030996
   152 0001:000309AC   153 0001:000309B4   154 0001:000309B8   155 0001:000309C7
   156 0001:000309D5   157 0001:000309D9   158 0001:000309FD   159 0001:00030A0B
   160 0001:00030A19   161 0001:00030A27   162 0001:00030A2F   163 0001:00030A49
   164 0001:00030A63   166 0001:00030A77   167 0001:00030A84   168 0001:00030A8B
   169 0001:00030A8D   170 0001:00030AAA   171 0001:00030AB3   173 0001:00030ABC
   174 0001:00030AC3   175 0001:00030AE7   176 0001:00030B01   177 0001:00030B08
   178 0001:00030B10   181 0001:00030BA8   182 0001:00030BAB   183 0001:00030BB3
   185 0001:00030BB9   187 0001:00030BC1   188 0001:00030BC5   189 0001:00030BC9
   196 0001:00030BCC   197 0001:00030BDB   199 0001:00030BE8   201 0001:00030BFC
   202 0001:00030C04   203 0001:00030C0A   204 0001:00030C12   207 0001:00030C1B
   208 0001:00030C47   209 0001:00030C53   211 0001:00030C5C   212 0001:00030C68
   215 0001:00030C6D   217 0001:00030C73   218 0001:00030C7F   221 0001:00030C84
   222 0001:00030C8B   223 0001:00030C95   224 0001:00030CA0   225 0001:00030CA6
   226 0001:00030CB2   227 0001:00030CBE   228 0001:00030CC3   231 0001:00030CD1
   232 0001:00030D15   233 0001:00030D17   235 0001:00030D1B   236 0001:00030D22
   237 0001:00030D31   233 0001:00030D34   239 0001:00030D38   241 0001:00030D40
   243 0001:00030D50   244 0001:00030D58   245 0001:00030D64   246 0001:00030D6C
   247 0001:00030D7B   249 0001:00030D83   252 0001:00030D8C   253 0001:00030D92
   255 0001:00030D9B   256 0001:00030DA2   257 0001:00030DA5   258 0001:00030DA7
   260 0001:00030DAE   261 0001:00030DB5   263 0001:00030DC2   265 0001:00030DCC
   266 0001:00030DD0   267 0001:00030DD8   268 0001:00030DDB   269 0001:00030DE2
   272 0001:00030DE8   273 0001:00030DEB   274 0001:00030DF3   275 0001:00030DFB
   278 0001:00030E00   279 0001:00030E03   280 0001:00030E0B   281 0001:00030E13

Line numbers for AudioPass(omaudio.bpl\NewAC\src\AudioPass.pas) segment .itext

   283 0002:000044B0

Line numbers for tak_decoder(omaudio.bpl\NewAC\src\tak_decoder.pas) segment .text

   659 0001:00030F54   660 0001:00030F5A   661 0001:00030F63   663 0001:00030F89
   664 0001:00030F8D   666 0001:00030FAE   672 0001:00031028   673 0001:0003102B
   681 0001:00031030   682 0001:0003104C   684 0001:00031064   686 0001:0003106D
   688 0001:0003107C   690 0001:00031081   691 0001:00031088   692 0001:0003108D
   697 0001:000310AA   698 0001:000310B9   699 0001:000310CE   701 0001:000310E4
   702 0001:000310EA   703 0001:000310F0   704 0001:000310F6   706 0001:000310FC
   707 0001:0003110B   709 0001:0003111B   710 0001:0003111F   711 0001:0003112E
   712 0001:0003113C   714 0001:00031141   717 0001:00031254   718 0001:00031265
   719 0001:0003126E   720 0001:0003127C   721 0001:0003128B   723 0001:000312A6
   726 0001:000312B6   727 0001:000312C5   732 0001:000312F0   733 0001:000312F9
   734 0001:00031300   735 0001:00031304   736 0001:00031313   739 0001:00031339
   740 0001:0003133D   741 0001:0003134C   744 0001:0003136C   750 0001:000313B4
   751 0001:000313D6   753 0001:000313DD   754 0001:000313E7   755 0001:000313F6
   758 0001:00031419   759 0001:00031428   760 0001:00031445   761 0001:00031450
   762 0001:0003147B   766 0001:00031485   769 0001:000314EC   770 0001:000314F2
   771 0001:00031501   772 0001:00031519   775 0001:00031538   776 0001:00031542
   777 0001:00031551   778 0001:00031565   779 0001:0003156A   788 0001:00031590
   789 0001:00031593   790 0001:000315A4   793 0001:000315A8   794 0001:000315AB
   795 0001:000315B0   798 0001:000315B4   799 0001:000315B7   800 0001:000315C8
   807 0001:000315CC   808 0001:000315D4   810 0001:000315D9   812 0001:000315E6
   813 0001:000315EA   815 0001:000315FE   816 0001:00031605   821 0001:0003160C
   822 0001:0003160F   823 0001:00031614   826 0001:00031618   827 0001:0003161B
   828 0001:00031620   831 0001:00031624   832 0001:00031627   833 0001:0003162C
   838 0001:00031630   839 0001:00031638   841 0001:0003163D   843 0001:0003164A
   844 0001:0003164E   845 0001:0003165A   850 0001:00031664   851 0001:00031670
   853 0001:00031675   855 0001:00031682   856 0001:00031686   858 0001:00031693
   859 0001:000316A0   916 0001:000316A8   917 0001:000316C1   918 0001:000316CA
   921 0001:000316D5

Line numbers for tak_decoder(omaudio.bpl\NewAC\src\tak_decoder.pas) segment .itext

   864 0002:000044B8   865 0002:000044CB   866 0002:000044D7   867 0002:000044E1
   868 0002:000044EE   869 0002:00004500   871 0002:00004512   872 0002:00004524
   873 0002:00004536   874 0002:00004548   875 0002:0000455A   877 0002:0000456C
   878 0002:0000457E   879 0002:00004590   880 0002:000045A2   881 0002:000045B4
   882 0002:000045C6   884 0002:000045D8   885 0002:000045EA   886 0002:000045FC
   888 0002:0000460E   889 0002:00004620   890 0002:00004632   891 0002:00004644
   892 0002:00004656   893 0002:00004668   894 0002:0000467A   895 0002:0000468C
   897 0002:0000469E   898 0002:000046B0   899 0002:000046C2   900 0002:000046D4
   901 0002:000046E6   902 0002:000046F8   904 0002:0000470A   905 0002:00004714
   906 0002:0000471E   907 0002:00004728   908 0002:00004732   909 0002:0000473C
   910 0002:00004746   911 0002:00004750   912 0002:0000475A   916 0002:00004764

Line numbers for ACS_TAK(omaudio.bpl\NewAC\src\ACS_TAK.pas) segment .text

    57 0001:00031870    58 0001:00031882    60 0001:0003188B    61 0001:0003189B
    62 0001:000318B1    65 0001:00031904    66 0001:00031907    68 0001:0003190E
    69 0001:00031914    75 0001:00031918    76 0001:00031937    77 0001:00031945
    78 0001:00031953    79 0001:00031963    81 0001:0003196D    82 0001:00031976
    83 0001:00031988    85 0001:000319A0    88 0001:000319BD    90 0001:000319D8
    91 0001:000319E2    93 0001:000319E9    94 0001:000319FE    95 0001:00031A13
    96 0001:00031A28    98 0001:00031A3F    99 0001:00031A50   100 0001:00031A63
   102 0001:00031AA1   104 0001:00031AB2   105 0001:00031AC0   106 0001:00031AD8
   108 0001:00031AEB   109 0001:00031B00   110 0001:00031B33   105 0001:00031B34
   112 0001:00031B37   115 0001:00031B4D   117 0001:00031B63   120 0001:00031BBC
   121 0001:00031BC3   122 0001:00031BD1   123 0001:00031BDF   124 0001:00031BEF
   126 0001:00031BF8   127 0001:00031C04   128 0001:00031C12   130 0001:00031C2D
   133 0001:00031C40   134 0001:00031C49   136 0001:00031C54   140 0001:00031C7E
   142 0001:00031C94   146 0001:00031C98   147 0001:00031CA8   154 0001:00031CAC
   155 0001:00031CBA   156 0001:00031CC0   158 0001:00031CD6   159 0001:00031CDF
   160 0001:00031CEF   161 0001:00031CF5   162 0001:00031CF9   165 0001:00031CFB
   166 0001:00031D0E   167 0001:00031D16   169 0001:00031D1C   170 0001:00031D20
   171 0001:00031D31   173 0001:00031D4F   175 0001:00031D5A   177 0001:00031D6C
   178 0001:00031D70   179 0001:00031D74   180 0001:00031D7B   183 0001:00031D81
   185 0001:00031D85

Line numbers for ACS_TAK(omaudio.bpl\NewAC\src\ACS_TAK.pas) segment .itext

   187 0002:00004A10

Line numbers for acs_reg(omaudio.bpl\NewAC\src\acs_reg.pas) segment .text

    18 0001:00031DE0    19 0001:00031DE6    23 0001:00031F22    26 0001:00031FBC

Line numbers for acs_reg(omaudio.bpl\NewAC\src\acs_reg.pas) segment .itext

    29 0002:00004A18

Line numbers for ovencode(omaudio.bpl\NewAC\src\ovencode.pas) segment .text

   173 0001:00032024   178 0001:00032051

Line numbers for ovencode(omaudio.bpl\NewAC\src\ovencode.pas) segment .itext

   152 0002:00004A20   154 0002:00004A33   155 0002:00004A43   157 0002:00004A4C
   158 0002:00004A53   159 0002:00004A65   160 0002:00004A77   161 0002:00004A89
   162 0002:00004A9B   163 0002:00004AAD   164 0002:00004ABF   165 0002:00004AD1
   166 0002:00004AE3   167 0002:00004AF5   168 0002:00004B07   171 0002:00004B19

Line numbers for BisCodec(omaudio.bpl\BisCodec.pas) segment .text

    33 0001:000325C4    34 0001:000325D6    35 0001:000325DF    36 0001:000325F0
    37 0001:00032601    40 0001:0003261C    41 0001:00032627    42 0001:0003262F
    43 0001:00032637    44 0001:00032643    47 0001:00032654    48 0001:00032681
    49 0001:0003268C    50 0001:00032697    51 0001:000326A3    52 0001:000326AB
    53 0001:000326B3

Line numbers for BisCodec(omaudio.bpl\BisCodec.pas) segment .itext

    56 0002:00005028

Line numbers for .omaudio(omaudio.dpk) segment .itext

   106 0002:00005030

Bound resource files

omaudio.res
omaudio.bpl\NewAC\src\ACS_AudioMix.dcr
omaudio.bpl\NewAC\src\ACS_CDROM.dcr
omaudio.bpl\NewAC\src\ACS_Converters.dcr
omaudio.bpl\NewAC\src\ACS_DXAudio.dcr
omaudio.bpl\NewAC\src\ACS_Filters.dcr
omaudio.bpl\NewAC\src\ACS_FLAC.dcr
omaudio.bpl\NewAC\src\ACS_LAME.dcr
omaudio.bpl\NewAC\src\ACS_MAC.dcr
omaudio.bpl\NewAC\src\ACS_Misc.dcr
omaudio.bpl\NewAC\src\ACS_MPC.dcr
omaudio.bpl\NewAC\src\ACS_OptimFROG.dcr
omaudio.bpl\NewAC\src\ACS_smpeg.dcr
omaudio.bpl\NewAC\src\ACS_Streams.dcr
omaudio.bpl\NewAC\src\ACS_TAK.dcr
omaudio.bpl\NewAC\src\ACS_TTA.dcr
omaudio.bpl\NewAC\src\ACS_Vorbis.dcr
omaudio.bpl\NewAC\src\ACS_Wave.dcr
omaudio.bpl\NewAC\src\ACS_WavPack.dcr
omaudio.bpl\NewAC\src\ACS_WinMedia.dcr
omaudio.bpl\NewAC\src\AudioPass.dcr
omaudio.bpl\NewAC\src\AuSampleRate.dcr
omaudio.drf


Program entry point at 0002:00005030
