
 Start         Length     Name                   Class
 0001:00401000 00003CA0H .text                   CODE
 0002:00405000 0000053CH .itext                  ICODE
 0003:00406000 00000050H .data                   DATA
 0004:00407000 00000028H .bss                    BSS
 0005:00000000 00000000H .tls                    TLS


Detailed map of segments

 0001:00000000 000000DE C=CODE     S=.text    G=(none)   M=System   ACBP=A9
 0001:000000E0 000001C3 C=CODE     S=.text    G=(none)   M=SysInit  ACBP=A9
 0001:000002A4 00000006 C=CODE     S=.text    G=(none)   M=BisObjects ACBP=A9
 0001:000002AC 0000008E C=CODE     S=.text    G=(none)   M=Classes  ACBP=A9
 0001:0000033C 0000004C C=CODE     S=.text    G=(none)   M=Windows  ACBP=A9
 0001:00000388 00000006 C=CODE     S=.text    G=(none)   M=TypInfo  ACBP=A9
 0001:00000390 00000016 C=CODE     S=.text    G=(none)   M=SysUtils ACBP=A9
 0001:000003A8 0000001E C=CODE     S=.text    G=(none)   M=Variants ACBP=A9
 0001:000003C8 00000006 C=CODE     S=.text    G=(none)   M=VarUtils ACBP=A9
 0001:000003D0 0000000E C=CODE     S=.text    G=(none)   M=BisObject ACBP=A9
 0001:000003E0 00000036 C=CODE     S=.text    G=(none)   M=BisCoreObjects ACBP=A9
 0001:00000418 00000006 C=CODE     S=.text    G=(none)   M=BisCmdLine ACBP=A9
 0001:00000420 00000006 C=CODE     S=.text    G=(none)   M=IniFiles ACBP=A9
 0001:00000428 00000006 C=CODE     S=.text    G=(none)   M=Graphics ACBP=A9
 0001:00000430 00000006 C=CODE     S=.text    G=(none)   M=Registry ACBP=A9
 0001:00000438 0000001E C=CODE     S=.text    G=(none)   M=BisUtils ACBP=A9
 0001:00000458 0000000E C=CODE     S=.text    G=(none)   M=BisCore  ACBP=A9
 0001:00000468 00000006 C=CODE     S=.text    G=(none)   M=DECUtil  ACBP=A9
 0001:00000470 00000006 C=CODE     S=.text    G=(none)   M=Hash     ACBP=A9
 0001:00000478 00000006 C=CODE     S=.text    G=(none)   M=Cipher   ACBP=A9
 0001:00000480 00000006 C=CODE     S=.text    G=(none)   M=Cipher1  ACBP=A9
 0001:00000488 00000006 C=CODE     S=.text    G=(none)   M=BisCryptUtils ACBP=A9
 0001:00000490 00000026 C=CODE     S=.text    G=(none)   M=BisDataSet ACBP=A9
 0001:000004B8 00000056 C=CODE     S=.text    G=(none)   M=DB       ACBP=A9
 0001:00000510 00000006 C=CODE     S=.text    G=(none)   M=WideStrings ACBP=A9
 0001:00000518 00000006 C=CODE     S=.text    G=(none)   M=FMTBcd   ACBP=A9
 0001:00000520 00000006 C=CODE     S=.text    G=(none)   M=SqlTimSt ACBP=A9
 0001:00000528 00000006 C=CODE     S=.text    G=(none)   M=ComObj   ACBP=A9
 0001:00000530 00000116 C=CODE     S=.text    G=(none)   M=Controls ACBP=A9
 0001:00000648 00000016 C=CODE     S=.text    G=(none)   M=ActnList ACBP=A9
 0001:00000660 00000006 C=CODE     S=.text    G=(none)   M=Themes   ACBP=A9
 0001:00000668 00000006 C=CODE     S=.text    G=(none)   M=Menus    ACBP=A9
 0001:00000670 00000006 C=CODE     S=.text    G=(none)   M=UxTheme  ACBP=A9
 0001:00000678 00000006 C=CODE     S=.text    G=(none)   M=MultiMon ACBP=A9
 0001:00000680 00000006 C=CODE     S=.text    G=(none)   M=DwmApi   ACBP=A9
 0001:00000688 00000126 C=CODE     S=.text    G=(none)   M=Forms    ACBP=A9
 0001:000007B0 00000006 C=CODE     S=.text    G=(none)   M=HelpIntfs ACBP=A9
 0001:000007B8 0000000E C=CODE     S=.text    G=(none)   M=Dialogs  ACBP=A9
 0001:000007C8 0000000E C=CODE     S=.text    G=(none)   M=StdCtrls ACBP=A9
 0001:000007D8 00000006 C=CODE     S=.text    G=(none)   M=Printers ACBP=A9
 0001:000007E0 0000000E C=CODE     S=.text    G=(none)   M=ExtCtrls ACBP=A9
 0001:000007F0 00000006 C=CODE     S=.text    G=(none)   M=GraphUtil ACBP=A9
 0001:000007F8 00000006 C=CODE     S=.text    G=(none)   M=Clipbrd  ACBP=A9
 0001:00000800 00000006 C=CODE     S=.text    G=(none)   M=FlatSB   ACBP=A9
 0001:00000808 00000006 C=CODE     S=.text    G=(none)   M=GIFImage ACBP=A9
 0001:00000810 00000006 C=CODE     S=.text    G=(none)   M=jpeg     ACBP=A9
 0001:00000818 00000006 C=CODE     S=.text    G=(none)   M=RxRichEd ACBP=A9
 0001:00000820 00000006 C=CODE     S=.text    G=(none)   M=ComCtrls ACBP=A9
 0001:00000828 00000006 C=CODE     S=.text    G=(none)   M=ExtActns ACBP=A9
 0001:00000830 00000006 C=CODE     S=.text    G=(none)   M=ExtDlgs  ACBP=A9
 0001:00000838 00000006 C=CODE     S=.text    G=(none)   M=Buttons  ACBP=A9
 0001:00000840 00000006 C=CODE     S=.text    G=(none)   M=Mapi     ACBP=A9
 0001:00000848 00000006 C=CODE     S=.text    G=(none)   M=OleCtnrs ACBP=A9
 0001:00000850 00000006 C=CODE     S=.text    G=(none)   M=rxToolEdit ACBP=A9
 0001:00000858 00000006 C=CODE     S=.text    G=(none)   M=rxDateUtil ACBP=A9
 0001:00000860 00000006 C=CODE     S=.text    G=(none)   M=RXCtrls  ACBP=A9
 0001:00000868 00000006 C=CODE     S=.text    G=(none)   M=RxHook   ACBP=A9
 0001:00000870 00000006 C=CODE     S=.text    G=(none)   M=RXConst  ACBP=A9
 0001:00000878 00000006 C=CODE     S=.text    G=(none)   M=rxVclutils ACBP=A9
 0001:00000880 00000006 C=CODE     S=.text    G=(none)   M=RXProps  ACBP=A9
 0001:00000888 00000006 C=CODE     S=.text    G=(none)   M=rxAppUtils ACBP=A9
 0001:00000890 00000006 C=CODE     S=.text    G=(none)   M=RxPrgrss ACBP=A9
 0001:00000898 00000006 C=CODE     S=.text    G=(none)   M=DBCtrls  ACBP=A9
 0001:000008A0 00000006 C=CODE     S=.text    G=(none)   M=DBPWDlg  ACBP=A9
 0001:000008A8 00000006 C=CODE     S=.text    G=(none)   M=DBLogDlg ACBP=A9
 0001:000008B0 00000016 C=CODE     S=.text    G=(none)   M=BisFieldNames ACBP=A9
 0001:000008C8 00000016 C=CODE     S=.text    G=(none)   M=kbmMemTable ACBP=A9
 0001:000008E0 00000006 C=CODE     S=.text    G=(none)   M=BisConnections ACBP=A9
 0001:000008E8 00000006 C=CODE     S=.text    G=(none)   M=BisIfaces ACBP=A9
 0001:000008F0 00000106 C=CODE     S=.text    G=(none)   M=BisFm    ACBP=A9
 0001:000009F8 00000006 C=CODE     S=.text    G=(none)   M=ActnMan  ACBP=A9
 0001:00000A00 00000006 C=CODE     S=.text    G=(none)   M=ActnMenus ACBP=A9
 0001:00000A08 00000006 C=CODE     S=.text    G=(none)   M=XPStyleActnCtrls ACBP=A9
 0001:00000A10 00000006 C=CODE     S=.text    G=(none)   M=DBGrids  ACBP=A9
 0001:00000A18 00000016 C=CODE     S=.text    G=(none)   M=BisDialogs ACBP=A9
 0001:00000A30 00000006 C=CODE     S=.text    G=(none)   M=OleServer ACBP=A9
 0001:00000A38 00000006 C=CODE     S=.text    G=(none)   M=OleCtrls ACBP=A9
 0001:00000A40 00000006 C=CODE     S=.text    G=(none)   M=AxCtrls  ACBP=A9
 0001:00000A48 00000006 C=CODE     S=.text    G=(none)   M=BisFastReportClasses ACBP=A9
 0001:00000A50 00000006 C=CODE     S=.text    G=(none)   M=frxClass ACBP=A9
 0001:00000A58 00000006 C=CODE     S=.text    G=(none)   M=fs_iinterpreter ACBP=A9
 0001:00000A60 00000006 C=CODE     S=.text    G=(none)   M=fs_iconst ACBP=A9
 0001:00000A68 00000006 C=CODE     S=.text    G=(none)   M=fs_itools ACBP=A9
 0001:00000A70 00000006 C=CODE     S=.text    G=(none)   M=frxRes   ACBP=A9
 0001:00000A78 00000006 C=CODE     S=.text    G=(none)   M=frxDMPClass ACBP=A9
 0001:00000A80 00000006 C=CODE     S=.text    G=(none)   M=frxDsgnIntf ACBP=A9
 0001:00000A88 00000006 C=CODE     S=.text    G=(none)   M=fs_iinirtti ACBP=A9
 0001:00000A90 00000006 C=CODE     S=.text    G=(none)   M=fs_idialogsrtti ACBP=A9
 0001:00000A98 00000006 C=CODE     S=.text    G=(none)   M=fs_iclassesrtti ACBP=A9
 0001:00000AA0 00000006 C=CODE     S=.text    G=(none)   M=fs_iformsrtti ACBP=A9
 0001:00000AA8 00000006 C=CODE     S=.text    G=(none)   M=fs_igraphicsrtti ACBP=A9
 0001:00000AB0 00000006 C=CODE     S=.text    G=(none)   M=fs_ijs   ACBP=A9
 0001:00000AB8 00000006 C=CODE     S=.text    G=(none)   M=fs_ibasic ACBP=A9
 0001:00000AC0 00000006 C=CODE     S=.text    G=(none)   M=fs_icpp  ACBP=A9
 0001:00000AC8 00000006 C=CODE     S=.text    G=(none)   M=fs_ipascal ACBP=A9
 0001:00000AD0 00000006 C=CODE     S=.text    G=(none)   M=frxClassRTTI ACBP=A9
 0001:00000AD8 00000006 C=CODE     S=.text    G=(none)   M=frxPrinter ACBP=A9
 0001:00000AE0 00000006 C=CODE     S=.text    G=(none)   M=frxPreview ACBP=A9
 0001:00000AE8 00000006 C=CODE     S=.text    G=(none)   M=frxSearchDialog ACBP=A9
 0001:00000AF0 00000006 C=CODE     S=.text    G=(none)   M=frxrcClass ACBP=A9
 0001:00000AF8 00000006 C=CODE     S=.text    G=(none)   M=frxGraphicUtils ACBP=A9
 0001:00000B00 00000006 C=CODE     S=.text    G=(none)   M=frxChm   ACBP=A9
 0001:00000B08 00000006 C=CODE     S=.text    G=(none)   M=frxDesgn ACBP=A9
 0001:00000B10 00000006 C=CODE     S=.text    G=(none)   M=Tabs     ACBP=A9
 0001:00000B18 00000006 C=CODE     S=.text    G=(none)   M=frxDataTree ACBP=A9
 0001:00000B20 00000006 C=CODE     S=.text    G=(none)   M=frxrcInsp ACBP=A9
 0001:00000B28 00000006 C=CODE     S=.text    G=(none)   M=frxUnicodeCtrls ACBP=A9
 0001:00000B30 00000006 C=CODE     S=.text    G=(none)   M=frxrcDesgn ACBP=A9
 0001:00000B38 00000006 C=CODE     S=.text    G=(none)   M=frxStdWizard ACBP=A9
 0001:00000B40 00000006 C=CODE     S=.text    G=(none)   M=CheckLst ACBP=A9
 0001:00000B48 00000006 C=CODE     S=.text    G=(none)   M=frxDesgnEditors ACBP=A9
 0001:00000B50 00000006 C=CODE     S=.text    G=(none)   M=frxEditFormat ACBP=A9
 0001:00000B58 00000006 C=CODE     S=.text    G=(none)   M=BisFastReportControls ACBP=A9
 0001:00000B60 00000016 C=CODE     S=.text    G=(none)   M=BisConnectionEditFm ACBP=A9
 0001:00000B78 00000006 C=CODE     S=.text    G=(none)   M=JclDebug ACBP=A9
 0001:00000B80 00000006 C=CODE     S=.text    G=(none)   M=JclSysInfo ACBP=A9
 0001:00000B88 00000006 C=CODE     S=.text    G=(none)   M=JclStrings ACBP=A9
 0001:00000B90 00000006 C=CODE     S=.text    G=(none)   M=JclSysUtils ACBP=A9
 0001:00000B98 00000006 C=CODE     S=.text    G=(none)   M=JclWideStrings ACBP=A9
 0001:00000BA0 00000006 C=CODE     S=.text    G=(none)   M=JclShell ACBP=A9
 0001:00000BA8 00000006 C=CODE     S=.text    G=(none)   M=JclRegistry ACBP=A9
 0001:00000BB0 00000006 C=CODE     S=.text    G=(none)   M=JclHookExcept ACBP=A9
 0001:00000BB8 00000006 C=CODE     S=.text    G=(none)   M=BisConnectionModules ACBP=A9
 0001:00000BC0 00000006 C=CODE     S=.text    G=(none)   M=BisTimedMsgFm ACBP=A9
 0001:00000BC8 00000006 C=CODE     S=.text    G=(none)   M=BisServiceApplication ACBP=A9
 0001:00000BD0 00000006 C=CODE     S=.text    G=(none)   M=BisSvcMgr ACBP=A9
 0001:00000BD8 00000006 C=CODE     S=.text    G=(none)   M=SvcMgr   ACBP=A9
 0001:00000BE0 00000006 C=CODE     S=.text    G=(none)   M=BisFastReportComponents ACBP=A9
 0001:00000BE8 00000006 C=CODE     S=.text    G=(none)   M=frxCustomDB ACBP=A9
 0001:00000BF0 00000006 C=CODE     S=.text    G=(none)   M=frxCustomDBRTTI ACBP=A9
 0001:00000BF8 00000006 C=CODE     S=.text    G=(none)   M=fs_idbrtti ACBP=A9
 0001:00000C00 00000006 C=CODE     S=.text    G=(none)   M=frxCustomDBEditor ACBP=A9
 0001:00000C08 00000006 C=CODE     S=.text    G=(none)   M=frxConnWizard ACBP=A9
 0001:00000C10 00000006 C=CODE     S=.text    G=(none)   M=frxrcExports ACBP=A9
 0001:00000C18 00000006 C=CODE     S=.text    G=(none)   M=frxExportTXT ACBP=A9
 0001:00000C20 00000006 C=CODE     S=.text    G=(none)   M=frxExportODF ACBP=A9
 0001:00000C28 00000006 C=CODE     S=.text    G=(none)   M=frxNetUtils ACBP=A9
 0001:00000C30 00000006 C=CODE     S=.text    G=(none)   M=frxGradient ACBP=A9
 0001:00000C38 00000006 C=CODE     S=.text    G=(none)   M=frxGradientRTTI ACBP=A9
 0001:00000C40 00000006 C=CODE     S=.text    G=(none)   M=frxDCtrl ACBP=A9
 0001:00000C48 00000006 C=CODE     S=.text    G=(none)   M=frxDCtrlRTTI ACBP=A9
 0001:00000C50 00000006 C=CODE     S=.text    G=(none)   M=frxBarcode ACBP=A9
 0001:00000C58 00000006 C=CODE     S=.text    G=(none)   M=frxBarcod ACBP=A9
 0001:00000C60 00000006 C=CODE     S=.text    G=(none)   M=frxBarcodeRTTI ACBP=A9
 0001:00000C68 00000006 C=CODE     S=.text    G=(none)   M=frxBarcodeEditor ACBP=A9
 0001:00000C70 00000006 C=CODE     S=.text    G=(none)   M=frxOLE   ACBP=A9
 0001:00000C78 00000006 C=CODE     S=.text    G=(none)   M=frxOLEEditor ACBP=A9
 0001:00000C80 00000006 C=CODE     S=.text    G=(none)   M=frxOLERTTI ACBP=A9
 0001:00000C88 00000006 C=CODE     S=.text    G=(none)   M=frxRich  ACBP=A9
 0001:00000C90 00000006 C=CODE     S=.text    G=(none)   M=frxRichEdit ACBP=A9
 0001:00000C98 00000006 C=CODE     S=.text    G=(none)   M=frxRichEditor ACBP=A9
 0001:00000CA0 00000006 C=CODE     S=.text    G=(none)   M=frxRichRTTI ACBP=A9
 0001:00000CA8 00000006 C=CODE     S=.text    G=(none)   M=frxCross ACBP=A9
 0001:00000CB0 00000006 C=CODE     S=.text    G=(none)   M=frxCrossRTTI ACBP=A9
 0001:00000CB8 00000006 C=CODE     S=.text    G=(none)   M=frxCrossEditor ACBP=A9
 0001:00000CC0 00000006 C=CODE     S=.text    G=(none)   M=frxChBox ACBP=A9
 0001:00000CC8 00000006 C=CODE     S=.text    G=(none)   M=frxChBoxRTTI ACBP=A9
 0001:00000CD0 00000006 C=CODE     S=.text    G=(none)   M=frxChart ACBP=A9
 0001:00000CD8 00000006 C=CODE     S=.text    G=(none)   M=TeCanvas ACBP=A9
 0001:00000CE0 00000006 C=CODE     S=.text    G=(none)   M=TeeConst ACBP=A9
 0001:00000CE8 00000006 C=CODE     S=.text    G=(none)   M=TeeHtml  ACBP=A9
 0001:00000CF0 00000006 C=CODE     S=.text    G=(none)   M=TeeProcs ACBP=A9
 0001:00000CF8 00000006 C=CODE     S=.text    G=(none)   M=Chart    ACBP=A9
 0001:00000D00 00000006 C=CODE     S=.text    G=(none)   M=TeEngine ACBP=A9
 0001:00000D08 00000006 C=CODE     S=.text    G=(none)   M=frxChartEditor ACBP=A9
 0001:00000D10 00000006 C=CODE     S=.text    G=(none)   M=TeeGally ACBP=A9
 0001:00000D18 00000006 C=CODE     S=.text    G=(none)   M=TeeGalleryPanel ACBP=A9
 0001:00000D20 00000006 C=CODE     S=.text    G=(none)   M=frxChartHelpers ACBP=A9
 0001:00000D28 00000006 C=CODE     S=.text    G=(none)   M=ArrowCha ACBP=A9
 0001:00000D30 00000006 C=CODE     S=.text    G=(none)   M=BubbleCh ACBP=A9
 0001:00000D38 00000006 C=CODE     S=.text    G=(none)   M=TeeShape ACBP=A9
 0001:00000D40 00000006 C=CODE     S=.text    G=(none)   M=GanttCh  ACBP=A9
 0001:00000D48 00000006 C=CODE     S=.text    G=(none)   M=frxChartRTTI ACBP=A9
 0001:00000D50 00000006 C=CODE     S=.text    G=(none)   M=fs_ichartrtti ACBP=A9
 0001:00000D58 00000056 C=CODE     S=.text    G=(none)   M=BisDBTree ACBP=A9
 0001:00000DB0 00000006 C=CODE     S=.text    G=(none)   M=VirtualDBTreeEx ACBP=A9
 0001:00000DB8 00000006 C=CODE     S=.text    G=(none)   M=VirtualTrees ACBP=A9
 0001:00000DC0 00000006 C=CODE     S=.text    G=(none)   M=VTAccessibilityFactory ACBP=A9
 0001:00000DC8 00001D56 C=CODE     S=.text    G=(none)   M=BisImportFm ACBP=A9
 0001:00002B20 000003BA C=CODE     S=.text    G=(none)   M=BisImportMainFm ACBP=A9
 0001:00002EDC 0000005A C=CODE     S=.text    G=(none)   M=BisImport ACBP=A9
 0001:00002F38 00000D67 C=CODE     S=.text    G=(none)   M=.imimport ACBP=A9
 0002:00000000 00000006 C=ICODE    S=.itext   G=(none)   M=System   ACBP=A9
 0002:00000008 00000006 C=ICODE    S=.itext   G=(none)   M=Classes  ACBP=A9
 0002:00000010 00000011 C=ICODE    S=.itext   G=(none)   M=Windows  ACBP=A9
 0002:00000024 00000006 C=ICODE    S=.itext   G=(none)   M=TypInfo  ACBP=A9
 0002:0000002C 00000006 C=ICODE    S=.itext   G=(none)   M=SysUtils ACBP=A9
 0002:00000034 00000006 C=ICODE    S=.itext   G=(none)   M=Variants ACBP=A9
 0002:0000003C 00000006 C=ICODE    S=.itext   G=(none)   M=VarUtils ACBP=A9
 0002:00000044 00000006 C=ICODE    S=.itext   G=(none)   M=IniFiles ACBP=A9
 0002:0000004C 00000006 C=ICODE    S=.itext   G=(none)   M=Graphics ACBP=A9
 0002:00000054 00000006 C=ICODE    S=.itext   G=(none)   M=Registry ACBP=A9
 0002:0000005C 00000006 C=ICODE    S=.itext   G=(none)   M=BisUtils ACBP=A9
 0002:00000064 00000006 C=ICODE    S=.itext   G=(none)   M=BisCore  ACBP=A9
 0002:0000006C 00000006 C=ICODE    S=.itext   G=(none)   M=DECUtil  ACBP=A9
 0002:00000074 00000006 C=ICODE    S=.itext   G=(none)   M=Hash     ACBP=A9
 0002:0000007C 00000006 C=ICODE    S=.itext   G=(none)   M=Cipher   ACBP=A9
 0002:00000084 00000006 C=ICODE    S=.itext   G=(none)   M=Cipher1  ACBP=A9
 0002:0000008C 00000006 C=ICODE    S=.itext   G=(none)   M=BisCryptUtils ACBP=A9
 0002:00000094 00000006 C=ICODE    S=.itext   G=(none)   M=DB       ACBP=A9
 0002:0000009C 00000006 C=ICODE    S=.itext   G=(none)   M=WideStrings ACBP=A9
 0002:000000A4 00000006 C=ICODE    S=.itext   G=(none)   M=FMTBcd   ACBP=A9
 0002:000000AC 00000006 C=ICODE    S=.itext   G=(none)   M=SqlTimSt ACBP=A9
 0002:000000B4 00000006 C=ICODE    S=.itext   G=(none)   M=ComObj   ACBP=A9
 0002:000000BC 00000006 C=ICODE    S=.itext   G=(none)   M=Controls ACBP=A9
 0002:000000C4 00000006 C=ICODE    S=.itext   G=(none)   M=ActnList ACBP=A9
 0002:000000CC 00000006 C=ICODE    S=.itext   G=(none)   M=Themes   ACBP=A9
 0002:000000D4 00000006 C=ICODE    S=.itext   G=(none)   M=Menus    ACBP=A9
 0002:000000DC 00000006 C=ICODE    S=.itext   G=(none)   M=UxTheme  ACBP=A9
 0002:000000E4 00000006 C=ICODE    S=.itext   G=(none)   M=MultiMon ACBP=A9
 0002:000000EC 00000006 C=ICODE    S=.itext   G=(none)   M=DwmApi   ACBP=A9
 0002:000000F4 00000006 C=ICODE    S=.itext   G=(none)   M=Forms    ACBP=A9
 0002:000000FC 00000006 C=ICODE    S=.itext   G=(none)   M=HelpIntfs ACBP=A9
 0002:00000104 00000006 C=ICODE    S=.itext   G=(none)   M=Dialogs  ACBP=A9
 0002:0000010C 00000006 C=ICODE    S=.itext   G=(none)   M=Printers ACBP=A9
 0002:00000114 00000006 C=ICODE    S=.itext   G=(none)   M=ExtCtrls ACBP=A9
 0002:0000011C 00000006 C=ICODE    S=.itext   G=(none)   M=GraphUtil ACBP=A9
 0002:00000124 00000006 C=ICODE    S=.itext   G=(none)   M=Clipbrd  ACBP=A9
 0002:0000012C 00000006 C=ICODE    S=.itext   G=(none)   M=FlatSB   ACBP=A9
 0002:00000134 00000006 C=ICODE    S=.itext   G=(none)   M=GIFImage ACBP=A9
 0002:0000013C 00000006 C=ICODE    S=.itext   G=(none)   M=jpeg     ACBP=A9
 0002:00000144 00000006 C=ICODE    S=.itext   G=(none)   M=RxRichEd ACBP=A9
 0002:0000014C 00000006 C=ICODE    S=.itext   G=(none)   M=ComCtrls ACBP=A9
 0002:00000154 00000006 C=ICODE    S=.itext   G=(none)   M=ExtActns ACBP=A9
 0002:0000015C 00000006 C=ICODE    S=.itext   G=(none)   M=ExtDlgs  ACBP=A9
 0002:00000164 00000006 C=ICODE    S=.itext   G=(none)   M=Buttons  ACBP=A9
 0002:0000016C 00000006 C=ICODE    S=.itext   G=(none)   M=Mapi     ACBP=A9
 0002:00000174 00000006 C=ICODE    S=.itext   G=(none)   M=OleCtnrs ACBP=A9
 0002:0000017C 00000006 C=ICODE    S=.itext   G=(none)   M=rxToolEdit ACBP=A9
 0002:00000184 00000006 C=ICODE    S=.itext   G=(none)   M=rxDateUtil ACBP=A9
 0002:0000018C 00000006 C=ICODE    S=.itext   G=(none)   M=RXCtrls  ACBP=A9
 0002:00000194 00000006 C=ICODE    S=.itext   G=(none)   M=RxHook   ACBP=A9
 0002:0000019C 00000006 C=ICODE    S=.itext   G=(none)   M=RXConst  ACBP=A9
 0002:000001A4 00000006 C=ICODE    S=.itext   G=(none)   M=rxVclutils ACBP=A9
 0002:000001AC 00000006 C=ICODE    S=.itext   G=(none)   M=RXProps  ACBP=A9
 0002:000001B4 00000006 C=ICODE    S=.itext   G=(none)   M=rxAppUtils ACBP=A9
 0002:000001BC 00000006 C=ICODE    S=.itext   G=(none)   M=RxPrgrss ACBP=A9
 0002:000001C4 00000006 C=ICODE    S=.itext   G=(none)   M=DBCtrls  ACBP=A9
 0002:000001CC 00000006 C=ICODE    S=.itext   G=(none)   M=DBPWDlg  ACBP=A9
 0002:000001D4 00000006 C=ICODE    S=.itext   G=(none)   M=DBLogDlg ACBP=A9
 0002:000001DC 00000006 C=ICODE    S=.itext   G=(none)   M=kbmMemTable ACBP=A9
 0002:000001E4 00000006 C=ICODE    S=.itext   G=(none)   M=BisFm    ACBP=A9
 0002:000001EC 00000006 C=ICODE    S=.itext   G=(none)   M=ActnMan  ACBP=A9
 0002:000001F4 00000006 C=ICODE    S=.itext   G=(none)   M=ActnMenus ACBP=A9
 0002:000001FC 00000006 C=ICODE    S=.itext   G=(none)   M=XPStyleActnCtrls ACBP=A9
 0002:00000204 00000006 C=ICODE    S=.itext   G=(none)   M=OleServer ACBP=A9
 0002:0000020C 00000006 C=ICODE    S=.itext   G=(none)   M=OleCtrls ACBP=A9
 0002:00000214 00000006 C=ICODE    S=.itext   G=(none)   M=AxCtrls  ACBP=A9
 0002:0000021C 00000006 C=ICODE    S=.itext   G=(none)   M=BisFastReportClasses ACBP=A9
 0002:00000224 00000006 C=ICODE    S=.itext   G=(none)   M=frxClass ACBP=A9
 0002:0000022C 00000006 C=ICODE    S=.itext   G=(none)   M=fs_iinterpreter ACBP=A9
 0002:00000234 00000006 C=ICODE    S=.itext   G=(none)   M=fs_iconst ACBP=A9
 0002:0000023C 00000006 C=ICODE    S=.itext   G=(none)   M=fs_itools ACBP=A9
 0002:00000244 00000006 C=ICODE    S=.itext   G=(none)   M=frxRes   ACBP=A9
 0002:0000024C 00000006 C=ICODE    S=.itext   G=(none)   M=frxDMPClass ACBP=A9
 0002:00000254 00000006 C=ICODE    S=.itext   G=(none)   M=frxDsgnIntf ACBP=A9
 0002:0000025C 00000006 C=ICODE    S=.itext   G=(none)   M=fs_iinirtti ACBP=A9
 0002:00000264 00000006 C=ICODE    S=.itext   G=(none)   M=fs_idialogsrtti ACBP=A9
 0002:0000026C 00000006 C=ICODE    S=.itext   G=(none)   M=fs_iclassesrtti ACBP=A9
 0002:00000274 00000006 C=ICODE    S=.itext   G=(none)   M=fs_iformsrtti ACBP=A9
 0002:0000027C 00000006 C=ICODE    S=.itext   G=(none)   M=fs_igraphicsrtti ACBP=A9
 0002:00000284 00000006 C=ICODE    S=.itext   G=(none)   M=fs_ijs   ACBP=A9
 0002:0000028C 00000006 C=ICODE    S=.itext   G=(none)   M=fs_ibasic ACBP=A9
 0002:00000294 00000006 C=ICODE    S=.itext   G=(none)   M=fs_icpp  ACBP=A9
 0002:0000029C 00000006 C=ICODE    S=.itext   G=(none)   M=fs_ipascal ACBP=A9
 0002:000002A4 00000006 C=ICODE    S=.itext   G=(none)   M=frxClassRTTI ACBP=A9
 0002:000002AC 00000006 C=ICODE    S=.itext   G=(none)   M=frxPrinter ACBP=A9
 0002:000002B4 00000006 C=ICODE    S=.itext   G=(none)   M=frxPreview ACBP=A9
 0002:000002BC 00000006 C=ICODE    S=.itext   G=(none)   M=frxSearchDialog ACBP=A9
 0002:000002C4 00000006 C=ICODE    S=.itext   G=(none)   M=frxrcClass ACBP=A9
 0002:000002CC 00000006 C=ICODE    S=.itext   G=(none)   M=frxGraphicUtils ACBP=A9
 0002:000002D4 00000006 C=ICODE    S=.itext   G=(none)   M=frxChm   ACBP=A9
 0002:000002DC 00000006 C=ICODE    S=.itext   G=(none)   M=frxDesgn ACBP=A9
 0002:000002E4 00000006 C=ICODE    S=.itext   G=(none)   M=Tabs     ACBP=A9
 0002:000002EC 00000006 C=ICODE    S=.itext   G=(none)   M=frxDataTree ACBP=A9
 0002:000002F4 00000006 C=ICODE    S=.itext   G=(none)   M=frxrcInsp ACBP=A9
 0002:000002FC 00000006 C=ICODE    S=.itext   G=(none)   M=frxUnicodeCtrls ACBP=A9
 0002:00000304 00000006 C=ICODE    S=.itext   G=(none)   M=frxrcDesgn ACBP=A9
 0002:0000030C 00000006 C=ICODE    S=.itext   G=(none)   M=frxStdWizard ACBP=A9
 0002:00000314 00000006 C=ICODE    S=.itext   G=(none)   M=CheckLst ACBP=A9
 0002:0000031C 00000006 C=ICODE    S=.itext   G=(none)   M=frxDesgnEditors ACBP=A9
 0002:00000324 00000006 C=ICODE    S=.itext   G=(none)   M=frxEditFormat ACBP=A9
 0002:0000032C 00000006 C=ICODE    S=.itext   G=(none)   M=BisFastReportControls ACBP=A9
 0002:00000334 00000006 C=ICODE    S=.itext   G=(none)   M=JclDebug ACBP=A9
 0002:0000033C 00000006 C=ICODE    S=.itext   G=(none)   M=JclSysInfo ACBP=A9
 0002:00000344 00000006 C=ICODE    S=.itext   G=(none)   M=JclStrings ACBP=A9
 0002:0000034C 00000006 C=ICODE    S=.itext   G=(none)   M=JclSysUtils ACBP=A9
 0002:00000354 00000006 C=ICODE    S=.itext   G=(none)   M=JclWideStrings ACBP=A9
 0002:0000035C 00000006 C=ICODE    S=.itext   G=(none)   M=JclShell ACBP=A9
 0002:00000364 00000006 C=ICODE    S=.itext   G=(none)   M=JclRegistry ACBP=A9
 0002:0000036C 00000006 C=ICODE    S=.itext   G=(none)   M=JclHookExcept ACBP=A9
 0002:00000374 00000006 C=ICODE    S=.itext   G=(none)   M=BisTimedMsgFm ACBP=A9
 0002:0000037C 00000006 C=ICODE    S=.itext   G=(none)   M=BisServiceApplication ACBP=A9
 0002:00000384 00000006 C=ICODE    S=.itext   G=(none)   M=BisSvcMgr ACBP=A9
 0002:0000038C 00000006 C=ICODE    S=.itext   G=(none)   M=SvcMgr   ACBP=A9
 0002:00000394 00000006 C=ICODE    S=.itext   G=(none)   M=BisFastReportComponents ACBP=A9
 0002:0000039C 00000006 C=ICODE    S=.itext   G=(none)   M=frxCustomDB ACBP=A9
 0002:000003A4 00000006 C=ICODE    S=.itext   G=(none)   M=frxCustomDBRTTI ACBP=A9
 0002:000003AC 00000006 C=ICODE    S=.itext   G=(none)   M=fs_idbrtti ACBP=A9
 0002:000003B4 00000006 C=ICODE    S=.itext   G=(none)   M=frxCustomDBEditor ACBP=A9
 0002:000003BC 00000006 C=ICODE    S=.itext   G=(none)   M=frxConnWizard ACBP=A9
 0002:000003C4 00000006 C=ICODE    S=.itext   G=(none)   M=frxrcExports ACBP=A9
 0002:000003CC 00000006 C=ICODE    S=.itext   G=(none)   M=frxExportTXT ACBP=A9
 0002:000003D4 00000006 C=ICODE    S=.itext   G=(none)   M=frxExportODF ACBP=A9
 0002:000003DC 00000006 C=ICODE    S=.itext   G=(none)   M=frxNetUtils ACBP=A9
 0002:000003E4 00000006 C=ICODE    S=.itext   G=(none)   M=frxGradient ACBP=A9
 0002:000003EC 00000006 C=ICODE    S=.itext   G=(none)   M=frxGradientRTTI ACBP=A9
 0002:000003F4 00000006 C=ICODE    S=.itext   G=(none)   M=frxDCtrl ACBP=A9
 0002:000003FC 00000006 C=ICODE    S=.itext   G=(none)   M=frxDCtrlRTTI ACBP=A9
 0002:00000404 00000006 C=ICODE    S=.itext   G=(none)   M=frxBarcode ACBP=A9
 0002:0000040C 00000006 C=ICODE    S=.itext   G=(none)   M=frxBarcod ACBP=A9
 0002:00000414 00000006 C=ICODE    S=.itext   G=(none)   M=frxBarcodeRTTI ACBP=A9
 0002:0000041C 00000006 C=ICODE    S=.itext   G=(none)   M=frxBarcodeEditor ACBP=A9
 0002:00000424 00000006 C=ICODE    S=.itext   G=(none)   M=frxOLE   ACBP=A9
 0002:0000042C 00000006 C=ICODE    S=.itext   G=(none)   M=frxOLEEditor ACBP=A9
 0002:00000434 00000006 C=ICODE    S=.itext   G=(none)   M=frxOLERTTI ACBP=A9
 0002:0000043C 00000006 C=ICODE    S=.itext   G=(none)   M=frxRich  ACBP=A9
 0002:00000444 00000006 C=ICODE    S=.itext   G=(none)   M=frxRichEdit ACBP=A9
 0002:0000044C 00000006 C=ICODE    S=.itext   G=(none)   M=frxRichEditor ACBP=A9
 0002:00000454 00000006 C=ICODE    S=.itext   G=(none)   M=frxRichRTTI ACBP=A9
 0002:0000045C 00000006 C=ICODE    S=.itext   G=(none)   M=frxCross ACBP=A9
 0002:00000464 00000006 C=ICODE    S=.itext   G=(none)   M=frxCrossRTTI ACBP=A9
 0002:0000046C 00000006 C=ICODE    S=.itext   G=(none)   M=frxCrossEditor ACBP=A9
 0002:00000474 00000006 C=ICODE    S=.itext   G=(none)   M=frxChBox ACBP=A9
 0002:0000047C 00000006 C=ICODE    S=.itext   G=(none)   M=frxChBoxRTTI ACBP=A9
 0002:00000484 00000006 C=ICODE    S=.itext   G=(none)   M=frxChart ACBP=A9
 0002:0000048C 00000006 C=ICODE    S=.itext   G=(none)   M=TeCanvas ACBP=A9
 0002:00000494 00000006 C=ICODE    S=.itext   G=(none)   M=TeeConst ACBP=A9
 0002:0000049C 00000006 C=ICODE    S=.itext   G=(none)   M=TeeHtml  ACBP=A9
 0002:000004A4 00000006 C=ICODE    S=.itext   G=(none)   M=TeeProcs ACBP=A9
 0002:000004AC 00000006 C=ICODE    S=.itext   G=(none)   M=Chart    ACBP=A9
 0002:000004B4 00000006 C=ICODE    S=.itext   G=(none)   M=TeEngine ACBP=A9
 0002:000004BC 00000006 C=ICODE    S=.itext   G=(none)   M=frxChartEditor ACBP=A9
 0002:000004C4 00000006 C=ICODE    S=.itext   G=(none)   M=TeeGally ACBP=A9
 0002:000004CC 00000006 C=ICODE    S=.itext   G=(none)   M=TeeGalleryPanel ACBP=A9
 0002:000004D4 00000006 C=ICODE    S=.itext   G=(none)   M=frxChartHelpers ACBP=A9
 0002:000004DC 00000006 C=ICODE    S=.itext   G=(none)   M=ArrowCha ACBP=A9
 0002:000004E4 00000006 C=ICODE    S=.itext   G=(none)   M=BubbleCh ACBP=A9
 0002:000004EC 00000006 C=ICODE    S=.itext   G=(none)   M=TeeShape ACBP=A9
 0002:000004F4 00000006 C=ICODE    S=.itext   G=(none)   M=GanttCh  ACBP=A9
 0002:000004FC 00000006 C=ICODE    S=.itext   G=(none)   M=frxChartRTTI ACBP=A9
 0002:00000504 00000006 C=ICODE    S=.itext   G=(none)   M=fs_ichartrtti ACBP=A9
 0002:0000050C 00000006 C=ICODE    S=.itext   G=(none)   M=VirtualTrees ACBP=A9
 0002:00000514 00000006 C=ICODE    S=.itext   G=(none)   M=VTAccessibilityFactory ACBP=A9
 0002:0000051C 00000008 C=ICODE    S=.itext   G=(none)   M=BisImportFm ACBP=A9
 0002:00000524 00000008 C=ICODE    S=.itext   G=(none)   M=BisImportMainFm ACBP=A9
 0002:0000052C 00000008 C=ICODE    S=.itext   G=(none)   M=BisImport ACBP=A9
 0002:00000534 00000005 C=ICODE    S=.itext   G=(none)   M=.imimport ACBP=A9
 0003:00000000 0000002C C=DATA     S=.data    G=DGROUP   M=SysInit  ACBP=A9
 0004:00000000 0000000C C=BSS      S=.bss     G=DGROUP   M=SysInit  ACBP=A9
 0004:0000000C 00000008 C=BSS      S=.bss     G=DGROUP   M=Windows  ACBP=A9
 0004:00000014 00000008 C=BSS      S=.bss     G=DGROUP   M=BisImportFm ACBP=A9
 0004:0000001C 00000008 C=BSS      S=.bss     G=DGROUP   M=BisImportMainFm ACBP=A9
 0004:00000024 00000004 C=BSS      S=.bss     G=DGROUP   M=BisImport ACBP=A9


  Address             Publics by Name

 0002:00000534       .imimport..imimport
 0001:00003C80       .imimport.@GetPackageInfoTable
 0001:00003C88       .imimport.@PackageLoad
 0001:00003C94       .imimport.@PackageUnload
 0004:00000024       BisImport..1
 0002:0000052C       BisImport.BisImport
 0001:00002F08       BisImport.Finalization
 0001:00002EDC       BisImport.InitIfaceModule
 0004:00000018       BisImportFm..3
 0001:00000DC8       BisImportFm..TBisImportForm
 0001:00001420       BisImportFm..TBisImportFormIface
 0002:0000051C       BisImportFm.BisImportFm
 0004:00000014       BisImportFm.BisImportForm
 0001:00002AF0       BisImportFm.Finalization
 0001:000028EC       BisImportFm.TBisImportForm.ActionConnectionExecute
 0001:0000208C       BisImportFm.TBisImportForm.ActionConnectionUpdate
 0001:000020FC       BisImportFm.TBisImportForm.ActionImportCurrentExecute
 0001:0000203C       BisImportFm.TBisImportForm.ActionImportCurrentUpdate
 0001:00002484       BisImportFm.TBisImportForm.ActionImportExecute
 0001:00001F24       BisImportFm.TBisImportForm.ActionImportUpdate
 0001:00001DE4       BisImportFm.TBisImportForm.ActionInfoExecute
 0001:00001F74       BisImportFm.TBisImportForm.ActionInfoUpdate
 0001:00002A90       BisImportFm.TBisImportForm.ActionLoadExecute
 0001:000020CC       BisImportFm.TBisImportForm.ActionLoadUpdate
 0001:0000244C       BisImportFm.TBisImportForm.AfterImport
 0001:00001AF0       BisImportFm.TBisImportForm.BeforeShow
 0001:000016CC       BisImportFm.TBisImportForm.Create
 0001:00001B54       BisImportFm.TBisImportForm.DataSetNewRecord
 0001:00001AB4       BisImportFm.TBisImportForm.Destroy
 0001:00001B50       BisImportFm.TBisImportForm.FormShow
 0001:000028D8       BisImportFm.TBisImportForm.GridDblClick
 0001:00002988       BisImportFm.TBisImportForm.LoadFromFile
 0001:00001C4C       BisImportFm.TBisImportForm.RefreshConnections
 0001:00001DC0       BisImportFm.TBisImportForm.TimerExecuteTimer
 0001:00001690       BisImportFm.TBisImportFormIface.BeforeFormShow
 0001:00001550       BisImportFm.TBisImportFormIface.Create
 0001:0000159C       BisImportFm.TBisImportFormIface.ShowByCommand
 0004:00000020       BisImportMainFm..3
 0001:00002B20       BisImportMainFm..TBisImportMainForm
 0001:00002CF4       BisImportMainFm..TBisImportMainFormIface
 0002:00000524       BisImportMainFm.BisImportMainFm
 0004:0000001C       BisImportMainFm.BisImportMainForm
 0001:00002EAC       BisImportMainFm.Finalization
 0001:00002EA8       BisImportMainFm.TBisImportMainForm.CanShow
 0001:00002E70       BisImportMainFm.TBisImportMainForm.Create
 0001:00002E1C       BisImportMainFm.TBisImportMainFormIface.Create
 0001:00000228       SysInit.@InitPkg
 0001:0000028C       SysInit.@PackageLoad
 0001:00000298       SysInit.@PackageUnload
 0001:00000118       SysInit.AllocTlsBuffer
 0001:000001D4       SysInit.ExitProcessTLS
 0001:0000019C       SysInit.ExitThreadTLS
 0001:000000E0       SysInit.FreeLibrary
 0001:00000124       SysInit.GetTlsSize
 0004:00000004       SysInit.HInstance
 0001:000001F8       SysInit.InitializeModule
 0001:00000170       SysInit.InitProcessTLS
 0001:0000012C       SysInit.InitThreadTLS
 0001:000000E8       SysInit.LocalAlloc
 0001:000000F0       SysInit.LocalFree
 0003:00000004       SysInit.Module
 0004:00000000       SysInit.ModuleIsLib
 0004:00000001       SysInit.ModuleIsPackage
 0001:000000F8       SysInit.TlsAlloc
 0004:00000008       SysInit.tlsBuffer
 0001:00000100       SysInit.TlsFree
 0001:00000108       SysInit.TlsGetValue
 0003:00000000       SysInit.TlsIndex
 0005:00000000       SysInit.TlsLast
 0003:0000001C       SysInit.TlsProc
 0001:00000110       SysInit.TlsSetValue
 0001:00000204       SysInit.UninitializeModule
 0004:0000000C       Windows..3
 0001:00000344       Windows.Finalization
 0001:0000033C       Windows.FreeLibrary
 0004:00000010       Windows.HtmlHelpModule
 0002:00000010       Windows.Windows


  Address             Publics by Value

 0001:000000E0       SysInit.FreeLibrary
 0001:000000E8       SysInit.LocalAlloc
 0001:000000F0       SysInit.LocalFree
 0001:000000F8       SysInit.TlsAlloc
 0001:00000100       SysInit.TlsFree
 0001:00000108       SysInit.TlsGetValue
 0001:00000110       SysInit.TlsSetValue
 0001:00000118       SysInit.AllocTlsBuffer
 0001:00000124       SysInit.GetTlsSize
 0001:0000012C       SysInit.InitThreadTLS
 0001:00000170       SysInit.InitProcessTLS
 0001:0000019C       SysInit.ExitThreadTLS
 0001:000001D4       SysInit.ExitProcessTLS
 0001:000001F8       SysInit.InitializeModule
 0001:00000204       SysInit.UninitializeModule
 0001:00000228       SysInit.@InitPkg
 0001:0000028C       SysInit.@PackageLoad
 0001:00000298       SysInit.@PackageUnload
 0001:0000033C       Windows.FreeLibrary
 0001:00000344       Windows.Finalization
 0001:00000DC8       BisImportFm..TBisImportForm
 0001:00001420       BisImportFm..TBisImportFormIface
 0001:00001550       BisImportFm.TBisImportFormIface.Create
 0001:0000159C       BisImportFm.TBisImportFormIface.ShowByCommand
 0001:00001690       BisImportFm.TBisImportFormIface.BeforeFormShow
 0001:000016CC       BisImportFm.TBisImportForm.Create
 0001:00001AB4       BisImportFm.TBisImportForm.Destroy
 0001:00001AF0       BisImportFm.TBisImportForm.BeforeShow
 0001:00001B50       BisImportFm.TBisImportForm.FormShow
 0001:00001B54       BisImportFm.TBisImportForm.DataSetNewRecord
 0001:00001C4C       BisImportFm.TBisImportForm.RefreshConnections
 0001:00001DC0       BisImportFm.TBisImportForm.TimerExecuteTimer
 0001:00001DE4       BisImportFm.TBisImportForm.ActionInfoExecute
 0001:00001F24       BisImportFm.TBisImportForm.ActionImportUpdate
 0001:00001F74       BisImportFm.TBisImportForm.ActionInfoUpdate
 0001:0000203C       BisImportFm.TBisImportForm.ActionImportCurrentUpdate
 0001:0000208C       BisImportFm.TBisImportForm.ActionConnectionUpdate
 0001:000020CC       BisImportFm.TBisImportForm.ActionLoadUpdate
 0001:000020FC       BisImportFm.TBisImportForm.ActionImportCurrentExecute
 0001:0000244C       BisImportFm.TBisImportForm.AfterImport
 0001:00002484       BisImportFm.TBisImportForm.ActionImportExecute
 0001:000028D8       BisImportFm.TBisImportForm.GridDblClick
 0001:000028EC       BisImportFm.TBisImportForm.ActionConnectionExecute
 0001:00002988       BisImportFm.TBisImportForm.LoadFromFile
 0001:00002A90       BisImportFm.TBisImportForm.ActionLoadExecute
 0001:00002AF0       BisImportFm.Finalization
 0001:00002B20       BisImportMainFm..TBisImportMainForm
 0001:00002CF4       BisImportMainFm..TBisImportMainFormIface
 0001:00002E1C       BisImportMainFm.TBisImportMainFormIface.Create
 0001:00002E70       BisImportMainFm.TBisImportMainForm.Create
 0001:00002EA8       BisImportMainFm.TBisImportMainForm.CanShow
 0001:00002EAC       BisImportMainFm.Finalization
 0001:00002EDC       BisImport.InitIfaceModule
 0001:00002F08       BisImport.Finalization
 0001:00003C80       .imimport.@GetPackageInfoTable
 0001:00003C88       .imimport.@PackageLoad
 0001:00003C94       .imimport.@PackageUnload
 0002:00000010       Windows.Windows
 0002:0000051C       BisImportFm.BisImportFm
 0002:00000524       BisImportMainFm.BisImportMainFm
 0002:0000052C       BisImport.BisImport
 0002:00000534       .imimport..imimport
 0003:00000000       SysInit.TlsIndex
 0003:00000004       SysInit.Module
 0003:0000001C       SysInit.TlsProc
 0004:00000000       SysInit.ModuleIsLib
 0004:00000001       SysInit.ModuleIsPackage
 0004:00000004       SysInit.HInstance
 0004:00000008       SysInit.tlsBuffer
 0004:0000000C       Windows..3
 0004:00000010       Windows.HtmlHelpModule
 0004:00000014       BisImportFm.BisImportForm
 0004:00000018       BisImportFm..3
 0004:0000001C       BisImportMainFm.BisImportMainForm
 0004:00000020       BisImportMainFm..3
 0004:00000024       BisImport..1
 0005:00000000       SysInit.TlsLast


Line numbers for BisImportFm(imimport.bpl\BisImportFm.pas) segment .text

   108 0001:00001550   109 0001:00001562   110 0001:0000156B   111 0001:00001573
   112 0001:00001577   113 0001:0000157E   114 0001:00001582   117 0001:0000159C
   118 0001:000015B7   119 0001:000015C1   120 0001:000015CF   121 0001:00001605
   122 0001:0000162B   123 0001:0000163E   124 0001:00001642   126 0001:00001657
   128 0001:00001669   131 0001:00001690   132 0001:00001693   133 0001:0000169A
   134 0001:000016AB   135 0001:000016B9   137 0001:000016C8   143 0001:000016CC
   144 0001:00001701   145 0001:0000170A   147 0001:00001711   148 0001:00001721
   150 0001:00001731   151 0001:00001741   152 0001:00001751   156 0001:00001761
   157 0001:00001777   158 0001:0000177A   159 0001:00001797   160 0001:000017B4
   161 0001:000017D4   162 0001:000017F1   163 0001:0000180E   165 0001:0000182B
   166 0001:00001837   167 0001:0000184E   168 0001:00001870   170 0001:00001893
   171 0001:000018A0   172 0001:000018B6   174 0001:000018C3   175 0001:000018D9
   176 0001:000018E9   177 0001:000018FE   178 0001:0000190B   179 0001:00001912
   180 0001:0000191F   181 0001:0000192C   182 0001:00001939   183 0001:00001946
   184 0001:00001953   185 0001:00001960   186 0001:0000196D   187 0001:0000197A
   188 0001:00001993   189 0001:000019AB   190 0001:000019C2   192 0001:000019D8
   194 0001:000019E3   196 0001:000019EA   199 0001:00001AB4   200 0001:00001ABF
   201 0001:00001ACA   202 0001:00001AD5   203 0001:00001AE1   206 0001:00001AF0
   207 0001:00001AF3   208 0001:00001AFA   209 0001:00001B03   210 0001:00001B10
   211 0001:00001B1D   212 0001:00001B36   214 0001:00001B4E   219 0001:00001B50
   222 0001:00001B54   223 0001:00001B75   224 0001:00001BBB   225 0001:00001BFA
   234 0001:00001C4C   235 0001:00001C58   236 0001:00001C6C   237 0001:00001C7A
   238 0001:00001C8E   239 0001:00001C95   240 0001:00001CB8   241 0001:00001CCD
   242 0001:00001CD6   243 0001:00001CF0   244 0001:00001D00   245 0001:00001D06
   246 0001:00001D21   247 0001:00001D31   249 0001:00001D34   242 0001:00001D37
   251 0001:00001D3A   239 0001:00001D3D   252 0001:00001D46   253 0001:00001D5E
   254 0001:00001D64   256 0001:00001D7A   260 0001:00001D9A   262 0001:00001DB6
   265 0001:00001DC0   266 0001:00001DC4   268 0001:00001DD1   269 0001:00001DE0
   276 0001:00001DE4   277 0001:00001E03   278 0001:00001E29   279 0001:00001E3A
   280 0001:00001E49   281 0001:00001E57   282 0001:00001E85   283 0001:00001E91
   284 0001:00001EA8   285 0001:00001EB8   286 0001:00001EC8   288 0001:00001EE0
   289 0001:00001EE8   292 0001:00001EF8   295 0001:00001F24   296 0001:00001F27
   298 0001:00001F70   301 0001:00001F74   302 0001:00001F8E   304 0001:00002005
   307 0001:0000203C   308 0001:0000203F   310 0001:00002088   313 0001:0000208C
   314 0001:0000208F   316 0001:000020C9   319 0001:000020CC   320 0001:000020CF
   321 0001:000020F8   330 0001:000020FC   331 0001:00002120   332 0001:00002130
   333 0001:00002148   334 0001:0000216B   335 0001:00002175   336 0001:00002184
   337 0001:00002194   338 0001:0000219E   339 0001:000021AE   340 0001:000021C0
   341 0001:000021CF   342 0001:000021DD   343 0001:000021E8   344 0001:000021F8
   345 0001:00002200   346 0001:00002208   347 0001:00002239   348 0001:00002245
   349 0001:00002249   350 0001:00002257   351 0001:00002295   353 0001:000022B4
   354 0001:000022B6   355 0001:000022C1   359 0001:000022D0   360 0001:000022DE
   361 0001:00002322   362 0001:00002363   364 0001:00002374   367 0001:0000238C
   368 0001:00002394   369 0001:000023A4   370 0001:000023B4   371 0001:000023BE
   376 0001:000023D6   379 0001:0000244C   380 0001:0000244F   381 0001:00002453
   382 0001:00002460   383 0001:00002469   385 0001:00002472   386 0001:0000247F
   399 0001:00002484   400 0001:000024A8   401 0001:000024B8   402 0001:000024D0
   403 0001:000024F3   404 0001:000024FD   405 0001:0000250C   406 0001:0000251C
   407 0001:00002526   408 0001:0000252A   409 0001:0000253A   410 0001:0000254E
   411 0001:0000255D   412 0001:00002572   413 0001:00002580   414 0001:0000258B
   415 0001:0000259B   416 0001:000025A2   417 0001:000025C8   418 0001:000025DA
   419 0001:000025DE   421 0001:000025F1   422 0001:000025F9   423 0001:00002601
   424 0001:00002632   425 0001:0000263E   426 0001:00002642   427 0001:00002650
   428 0001:0000268E   430 0001:000026AD   431 0001:000026AF   435 0001:000026BF
   437 0001:000026C9   438 0001:000026D7   439 0001:0000271B   440 0001:0000275C
   442 0001:0000276D   443 0001:0000277B   444 0001:000027A3   420 0001:000027A6
   446 0001:000027BC   449 0001:000027D4   450 0001:000027E9   451 0001:000027F1
   452 0001:0000280F   453 0001:00002820   454 0001:00002830   455 0001:0000283A
   456 0001:0000284A   461 0001:00002864   464 0001:000028D8   465 0001:000028D9
   466 0001:000028E8   472 0001:000028EC   473 0001:000028F4   474 0001:00002905
   475 0001:00002924   476 0001:00002928   477 0001:00002939   478 0001:00002947
   479 0001:00002951   480 0001:00002959   483 0001:00002972   487 0001:00002982
   492 0001:00002988   493 0001:00002996   494 0001:000029A4   495 0001:000029B5
   496 0001:000029C3   497 0001:000029CD   498 0001:000029DB   499 0001:000029ED
   500 0001:000029FB   501 0001:00002A0C   503 0001:00002A27   506 0001:00002A4C
   510 0001:00002A77   512 0001:00002A86   515 0001:00002A90   516 0001:00002AA6
   517 0001:00002AB5   519 0001:00002ACD

Line numbers for BisImportFm(imimport.bpl\BisImportFm.pas) segment .itext

   522 0002:0000051C

Line numbers for BisImportMainFm(imimport.bpl\BisImportMainFm.pas) segment .text

    35 0001:00002E1C    36 0001:00002E2E    37 0001:00002E37    38 0001:00002E3F
    39 0001:00002E43    40 0001:00002E47    41 0001:00002E4B    42 0001:00002E52
    43 0001:00002E56    48 0001:00002E70    49 0001:00002E82    50 0001:00002E8B
    54 0001:00002EA8    55 0001:00002EAA

Line numbers for BisImportMainFm(imimport.bpl\BisImportMainFm.pas) segment .itext

    57 0002:00000524

Line numbers for BisImport(imimport.bpl\BisImport.pas) segment .text

    18 0001:00002EDC    19 0001:00002EE0    20 0001:00002EE6    21 0001:00002EF3
    23 0001:00002F00

Line numbers for BisImport(imimport.bpl\BisImport.pas) segment .itext

    25 0002:0000052C

Line numbers for .imimport(imimport.dpk) segment .itext

    36 0002:00000534

Bound resource files

BisImportFm.dfm
BisImportMainFm.dfm
imimport.res
imimport.drf


Program entry point at 0002:00000534
