
 Start         Length     Name                   Class
 0001:00401000 00032E1CH .text                   CODE
 0002:00434000 000004ECH .itext                  ICODE
 0003:00435000 00000040H .data                   DATA
 0004:00436000 000001B0H .bss                    BSS
 0005:00000000 00000000H .tls                    TLS


Detailed map of segments

 0001:00000000 0000012E C=CODE     S=.text    G=(none)   M=System   ACBP=A9
 0001:00000130 000001C3 C=CODE     S=.text    G=(none)   M=SysInit  ACBP=A9
 0001:000002F4 00000006 C=CODE     S=.text    G=(none)   M=BisIfaceModules ACBP=A9
 0001:000002FC 0000000E C=CODE     S=.text    G=(none)   M=BisObjects ACBP=A9
 0001:0000030C 000000F6 C=CODE     S=.text    G=(none)   M=Classes  ACBP=A9
 0001:00000404 0000005C C=CODE     S=.text    G=(none)   M=Windows  ACBP=A9
 0001:00000460 0000000E C=CODE     S=.text    G=(none)   M=TypInfo  ACBP=A9
 0001:00000470 00000046 C=CODE     S=.text    G=(none)   M=SysUtils ACBP=A9
 0001:000004B8 0000006E C=CODE     S=.text    G=(none)   M=Variants ACBP=A9
 0001:00000528 00000006 C=CODE     S=.text    G=(none)   M=VarUtils ACBP=A9
 0001:00000530 0000000E C=CODE     S=.text    G=(none)   M=BisObject ACBP=A9
 0001:00000540 00000026 C=CODE     S=.text    G=(none)   M=Contnrs  ACBP=A9
 0001:00000568 00000036 C=CODE     S=.text    G=(none)   M=BisCoreObjects ACBP=A9
 0001:000005A0 00000006 C=CODE     S=.text    G=(none)   M=IniFiles ACBP=A9
 0001:000005A8 0000000E C=CODE     S=.text    G=(none)   M=BisDialogs ACBP=A9
 0001:000005B8 0000011E C=CODE     S=.text    G=(none)   M=BisFm    ACBP=A9
 0001:000006D8 00000006 C=CODE     S=.text    G=(none)   M=DECUtil  ACBP=A9
 0001:000006E0 00000006 C=CODE     S=.text    G=(none)   M=Hash     ACBP=A9
 0001:000006E8 00000006 C=CODE     S=.text    G=(none)   M=Cipher   ACBP=A9
 0001:000006F0 00000006 C=CODE     S=.text    G=(none)   M=Cipher1  ACBP=A9
 0001:000006F8 00000096 C=CODE     S=.text    G=(none)   M=BisParams ACBP=A9
 0001:00000790 00000006 C=CODE     S=.text    G=(none)   M=BisControls ACBP=A9
 0001:00000798 00000016 C=CODE     S=.text    G=(none)   M=Menus    ACBP=A9
 0001:000007B0 0000001E C=CODE     S=.text    G=(none)   M=ActnList ACBP=A9
 0001:000007D0 0000000E C=CODE     S=.text    G=(none)   M=Graphics ACBP=A9
 0001:000007E0 00000006 C=CODE     S=.text    G=(none)   M=Registry ACBP=A9
 0001:000007E8 00000006 C=CODE     S=.text    G=(none)   M=Themes   ACBP=A9
 0001:000007F0 0000018E C=CODE     S=.text    G=(none)   M=Controls ACBP=A9
 0001:00000980 00000006 C=CODE     S=.text    G=(none)   M=UxTheme  ACBP=A9
 0001:00000988 00000006 C=CODE     S=.text    G=(none)   M=MultiMon ACBP=A9
 0001:00000990 00000006 C=CODE     S=.text    G=(none)   M=DwmApi   ACBP=A9
 0001:00000998 00000156 C=CODE     S=.text    G=(none)   M=Forms    ACBP=A9
 0001:00000AF0 00000006 C=CODE     S=.text    G=(none)   M=HelpIntfs ACBP=A9
 0001:00000AF8 0000000E C=CODE     S=.text    G=(none)   M=Dialogs  ACBP=A9
 0001:00000B08 00000006 C=CODE     S=.text    G=(none)   M=StdCtrls ACBP=A9
 0001:00000B10 00000006 C=CODE     S=.text    G=(none)   M=Printers ACBP=A9
 0001:00000B18 0000000E C=CODE     S=.text    G=(none)   M=ExtCtrls ACBP=A9
 0001:00000B28 00000006 C=CODE     S=.text    G=(none)   M=GraphUtil ACBP=A9
 0001:00000B30 00000006 C=CODE     S=.text    G=(none)   M=Clipbrd  ACBP=A9
 0001:00000B38 00000006 C=CODE     S=.text    G=(none)   M=FlatSB   ACBP=A9
 0001:00000B40 00000066 C=CODE     S=.text    G=(none)   M=DB       ACBP=A9
 0001:00000BA8 00000006 C=CODE     S=.text    G=(none)   M=WideStrings ACBP=A9
 0001:00000BB0 00000006 C=CODE     S=.text    G=(none)   M=FMTBcd   ACBP=A9
 0001:00000BB8 00000006 C=CODE     S=.text    G=(none)   M=SqlTimSt ACBP=A9
 0001:00000BC0 0000000E C=CODE     S=.text    G=(none)   M=DateUtils ACBP=A9
 0001:00000BD0 00000006 C=CODE     S=.text    G=(none)   M=ComObj   ACBP=A9
 0001:00000BD8 0000000E C=CODE     S=.text    G=(none)   M=DBCtrls  ACBP=A9
 0001:00000BE8 00000016 C=CODE     S=.text    G=(none)   M=ComCtrls ACBP=A9
 0001:00000C00 00000006 C=CODE     S=.text    G=(none)   M=ExtActns ACBP=A9
 0001:00000C08 00000006 C=CODE     S=.text    G=(none)   M=ExtDlgs  ACBP=A9
 0001:00000C10 00000006 C=CODE     S=.text    G=(none)   M=Buttons  ACBP=A9
 0001:00000C18 00000006 C=CODE     S=.text    G=(none)   M=Mapi     ACBP=A9
 0001:00000C20 00000006 C=CODE     S=.text    G=(none)   M=DBPWDlg  ACBP=A9
 0001:00000C28 00000006 C=CODE     S=.text    G=(none)   M=DBLogDlg ACBP=A9
 0001:00000C30 00000006 C=CODE     S=.text    G=(none)   M=rxToolEdit ACBP=A9
 0001:00000C38 00000006 C=CODE     S=.text    G=(none)   M=rxDateUtil ACBP=A9
 0001:00000C40 00000006 C=CODE     S=.text    G=(none)   M=RXCtrls  ACBP=A9
 0001:00000C48 00000006 C=CODE     S=.text    G=(none)   M=RxHook   ACBP=A9
 0001:00000C50 00000006 C=CODE     S=.text    G=(none)   M=RXConst  ACBP=A9
 0001:00000C58 00000006 C=CODE     S=.text    G=(none)   M=rxVclutils ACBP=A9
 0001:00000C60 00000006 C=CODE     S=.text    G=(none)   M=RXProps  ACBP=A9
 0001:00000C68 00000006 C=CODE     S=.text    G=(none)   M=rxAppUtils ACBP=A9
 0001:00000C70 00000006 C=CODE     S=.text    G=(none)   M=RxPrgrss ACBP=A9
 0001:00000C78 00000006 C=CODE     S=.text    G=(none)   M=rxCurrEdit ACBP=A9
 0001:00000C80 00000006 C=CODE     S=.text    G=(none)   M=ThemedDBGrid ACBP=A9
 0001:00000C88 00000006 C=CODE     S=.text    G=(none)   M=RxRichEd ACBP=A9
 0001:00000C90 0000001E C=CODE     S=.text    G=(none)   M=OleCtnrs ACBP=A9
 0001:00000CB0 00000016 C=CODE     S=.text    G=(none)   M=CheckLst ACBP=A9
 0001:00000CC8 0000003E C=CODE     S=.text    G=(none)   M=BisUtils ACBP=A9
 0001:00000D08 00000056 C=CODE     S=.text    G=(none)   M=BisParam ACBP=A9
 0001:00000D60 00000016 C=CODE     S=.text    G=(none)   M=BisFilterGroups ACBP=A9
 0001:00000D78 0000000E C=CODE     S=.text    G=(none)   M=BisIfaces ACBP=A9
 0001:00000D88 0000001E C=CODE     S=.text    G=(none)   M=BisPermissions ACBP=A9
 0001:00000DA8 00000006 C=CODE     S=.text    G=(none)   M=BisModules ACBP=A9
 0001:00000DB0 00000046 C=CODE     S=.text    G=(none)   M=BisDataSet ACBP=A9
 0001:00000DF8 00000006 C=CODE     S=.text    G=(none)   M=BisPicture ACBP=A9
 0001:00000E00 00000006 C=CODE     S=.text    G=(none)   M=GIFImage ACBP=A9
 0001:00000E08 00000006 C=CODE     S=.text    G=(none)   M=jpeg     ACBP=A9
 0001:00000E10 00000006 C=CODE     S=.text    G=(none)   M=BisOrders ACBP=A9
 0001:00000E18 00000026 C=CODE     S=.text    G=(none)   M=BisCore  ACBP=A9
 0001:00000E40 00000006 C=CODE     S=.text    G=(none)   M=BisInterfaces ACBP=A9
 0001:00000E48 00000006 C=CODE     S=.text    G=(none)   M=BisParamEditDataSelect ACBP=A9
 0001:00000E50 00000006 C=CODE     S=.text    G=(none)   M=BisScriptModules ACBP=A9
 0001:00000E58 0000002E C=CODE     S=.text    G=(none)   M=BisFieldNames ACBP=A9
 0001:00000E88 00000006 C=CODE     S=.text    G=(none)   M=kbmMemTable ACBP=A9
 0001:00000E90 00000006 C=CODE     S=.text    G=(none)   M=OleServer ACBP=A9
 0001:00000E98 00000006 C=CODE     S=.text    G=(none)   M=OleCtrls ACBP=A9
 0001:00000EA0 00000006 C=CODE     S=.text    G=(none)   M=AxCtrls  ACBP=A9
 0001:00000EA8 00000006 C=CODE     S=.text    G=(none)   M=BisTimedMsgFm ACBP=A9
 0001:00000EB0 00000006 C=CODE     S=.text    G=(none)   M=BisReportModules ACBP=A9
 0001:00000EB8 0000003E C=CODE     S=.text    G=(none)   M=BisFrm   ACBP=A9
 0001:00000EF8 00000016 C=CODE     S=.text    G=(none)   M=ActnMan  ACBP=A9
 0001:00000F10 00000006 C=CODE     S=.text    G=(none)   M=ActnMenus ACBP=A9
 0001:00000F18 00000006 C=CODE     S=.text    G=(none)   M=XPStyleActnCtrls ACBP=A9
 0001:00000F20 00000006 C=CODE     S=.text    G=(none)   M=BisDocumentFm ACBP=A9
 0001:00000F28 00000006 C=CODE     S=.text    G=(none)   M=BisProvider ACBP=A9
 0001:00000F30 00000006 C=CODE     S=.text    G=(none)   M=BisConnections ACBP=A9
 0001:00000F38 00000086 C=CODE     S=.text    G=(none)   M=BisDataFm ACBP=A9
 0001:00000FC0 00000016 C=CODE     S=.text    G=(none)   M=BisSizeGrip ACBP=A9
 0001:00000FD8 000000D6 C=CODE     S=.text    G=(none)   M=BisDataEditFm ACBP=A9
 0001:000010B0 00000166 C=CODE     S=.text    G=(none)   M=BisDataFrm ACBP=A9
 0001:00001218 0000000E C=CODE     S=.text    G=(none)   M=BisMemoFm ACBP=A9
 0001:00001228 00000006 C=CODE     S=.text    G=(none)   M=SynEditHighlighter ACBP=A9
 0001:00001230 00000006 C=CODE     S=.text    G=(none)   M=SynEditMiscClasses ACBP=A9
 0001:00001238 00000006 C=CODE     S=.text    G=(none)   M=SynRegExpr ACBP=A9
 0001:00001240 00000006 C=CODE     S=.text    G=(none)   M=SynHighlighterSQL ACBP=A9
 0001:00001248 0000000E C=CODE     S=.text    G=(none)   M=SynEdit  ACBP=A9
 0001:00001258 00000006 C=CODE     S=.text    G=(none)   M=SynEditKeyCmds ACBP=A9
 0001:00001260 00000006 C=CODE     S=.text    G=(none)   M=SynTextDrawer ACBP=A9
 0001:00001268 00000006 C=CODE     S=.text    G=(none)   M=MiTeC_Routines ACBP=A9
 0001:00001270 00000006 C=CODE     S=.text    G=(none)   M=MSI_Processes ACBP=A9
 0001:00001278 00000006 C=CODE     S=.text    G=(none)   M=MiTeC_PSAPI ACBP=A9
 0001:00001280 00000006 C=CODE     S=.text    G=(none)   M=MSI_Devices ACBP=A9
 0001:00001288 00000006 C=CODE     S=.text    G=(none)   M=MSI_CPU  ACBP=A9
 0001:00001290 00000006 C=CODE     S=.text    G=(none)   M=JclDebug ACBP=A9
 0001:00001298 00000006 C=CODE     S=.text    G=(none)   M=JclSysInfo ACBP=A9
 0001:000012A0 00000006 C=CODE     S=.text    G=(none)   M=JclStrings ACBP=A9
 0001:000012A8 00000006 C=CODE     S=.text    G=(none)   M=JclSysUtils ACBP=A9
 0001:000012B0 00000006 C=CODE     S=.text    G=(none)   M=JclWideStrings ACBP=A9
 0001:000012B8 00000006 C=CODE     S=.text    G=(none)   M=JclShell ACBP=A9
 0001:000012C0 00000006 C=CODE     S=.text    G=(none)   M=JclRegistry ACBP=A9
 0001:000012C8 00000006 C=CODE     S=.text    G=(none)   M=JclHookExcept ACBP=A9
 0001:000012D0 0000000E C=CODE     S=.text    G=(none)   M=BisConnectionModules ACBP=A9
 0001:000012E0 00000006 C=CODE     S=.text    G=(none)   M=BisCoreThreads ACBP=A9
 0001:000012E8 00000006 C=CODE     S=.text    G=(none)   M=AsyncCalls ACBP=A9
 0001:000012F0 00000006 C=CODE     S=.text    G=(none)   M=BisServiceApplication ACBP=A9
 0001:000012F8 00000006 C=CODE     S=.text    G=(none)   M=BisSvcMgr ACBP=A9
 0001:00001300 00000006 C=CODE     S=.text    G=(none)   M=BisCryptUtils ACBP=A9
 0001:00001308 00000006 C=CODE     S=.text    G=(none)   M=SvcMgr   ACBP=A9
 0001:00001310 0000002E C=CODE     S=.text    G=(none)   M=BisDesignConsts ACBP=A9
 0001:00001340 00000006 C=CODE     S=.text    G=(none)   M=AppEvnts ACBP=A9
 0001:00001348 00000006 C=CODE     S=.text    G=(none)   M=CustomizeDlg ACBP=A9
 0001:00001350 00000066 C=CODE     S=.text    G=(none)   M=BisMdiMainFm ACBP=A9
 0001:000013B8 00000026 C=CODE     S=.text    G=(none)   M=BisMainFm ACBP=A9
 0001:000013E0 00000006 C=CODE     S=.text    G=(none)   M=BisInternetProtocol ACBP=A9
 0001:000013E8 0000076E C=CODE     S=.text    G=(none)   M=BisDesignMainFm ACBP=A9
 0001:00001B58 0000001E C=CODE     S=.text    G=(none)   M=BisDataGridFm ACBP=A9
 0001:00001B78 000000AE C=CODE     S=.text    G=(none)   M=BisDataGridFrm ACBP=A9
 0001:00001C28 0000005E C=CODE     S=.text    G=(none)   M=BisDBTree ACBP=A9
 0001:00001C88 0000000E C=CODE     S=.text    G=(none)   M=VirtualDBTreeEx ACBP=A9
 0001:00001C98 0000000E C=CODE     S=.text    G=(none)   M=VirtualTrees ACBP=A9
 0001:00001CA8 00000006 C=CODE     S=.text    G=(none)   M=VTAccessibilityFactory ACBP=A9
 0001:00001CB0 00000B0A C=CODE     S=.text    G=(none)   M=BisDesignHbookFirmTypeEditFm ACBP=A9
 0001:000027BC 00000506 C=CODE     S=.text    G=(none)   M=BisDesignHbookFirmTypesFm ACBP=A9
 0001:00002CC4 0000001E C=CODE     S=.text    G=(none)   M=BisDataTreeFm ACBP=A9
 0001:00002CE4 0000001E C=CODE     S=.text    G=(none)   M=BisDataTreeFrm ACBP=A9
 0001:00002D04 0000083E C=CODE     S=.text    G=(none)   M=BisDesignHbookLocalitiesFrm ACBP=A9
 0001:00003544 00000A6A C=CODE     S=.text    G=(none)   M=BisDesignHbookLocalityEditFm ACBP=A9
 0001:00003FB0 000004E2 C=CODE     S=.text    G=(none)   M=BisDesignHbookLocalitiesFm ACBP=A9
 0001:00004494 00000D4E C=CODE     S=.text    G=(none)   M=BisDesignHbookStreetEditFm ACBP=A9
 0001:000051E4 00000ADA C=CODE     S=.text    G=(none)   M=BisDesignHbookStreetsFm ACBP=A9
 0001:00005CC0 000021DA C=CODE     S=.text    G=(none)   M=BisDesignHbookFirmEditFm ACBP=A9
 0001:00007E9C 000009E2 C=CODE     S=.text    G=(none)   M=BisDesignHbookFirmsFm ACBP=A9
 0001:00008880 00002496 C=CODE     S=.text    G=(none)   M=BisDesignHbookAccountEditFm ACBP=A9
 0001:0000AD18 00000BFA C=CODE     S=.text    G=(none)   M=BisDesignHbookAccountsFm ACBP=A9
 0001:0000B914 00000B92 C=CODE     S=.text    G=(none)   M=BisDesignHbookRoleEditFm ACBP=A9
 0001:0000C4A8 000005E2 C=CODE     S=.text    G=(none)   M=BisDesignHbookRolesFm ACBP=A9
 0001:0000CA8C 000012AE C=CODE     S=.text    G=(none)   M=BisDesignHbookRolesAndAccountsFm ACBP=A9
 0001:0000DD3C 00000B0A C=CODE     S=.text    G=(none)   M=BisDesignHbookApplicationEditFm ACBP=A9
 0001:0000E848 00000A76 C=CODE     S=.text    G=(none)   M=BisDesignHbookInterfaceFilterFm ACBP=A9
 0001:0000F2C0 00000ED6 C=CODE     S=.text    G=(none)   M=BisDesignHbookInterfaceEditFm ACBP=A9
 0001:00010198 000004A6 C=CODE     S=.text    G=(none)   M=BisDesignHbookInterfacesFm ACBP=A9
 0001:00010640 00002012 C=CODE     S=.text    G=(none)   M=BisDesignHbookReportEditFm ACBP=A9
 0001:00012654 00001A92 C=CODE     S=.text    G=(none)   M=BisDesignHbookScriptEditFm ACBP=A9
 0001:000140E8 00001B72 C=CODE     S=.text    G=(none)   M=BisDesignHbookDocumentEditFm ACBP=A9
 0001:00015C5C 00001816 C=CODE     S=.text    G=(none)   M=BisDesignHbookInterfacesFrm ACBP=A9
 0001:00017474 00001722 C=CODE     S=.text    G=(none)   M=BisDesignHbookPermissionEditFm ACBP=A9
 0001:00018B98 00000A72 C=CODE     S=.text    G=(none)   M=BisDesignHbookPermissionsFm ACBP=A9
 0001:0001960C 00000ECA C=CODE     S=.text    G=(none)   M=BisDesignHbookApplicationInterfaceEditFm ACBP=A9
 0001:0001A4D8 00000B0A C=CODE     S=.text    G=(none)   M=BisDesignHbookApplicationInterfacesFm ACBP=A9
 0001:0001AFE4 00000822 C=CODE     S=.text    G=(none)   M=BisDesignHbookApplicationsFrm ACBP=A9
 0001:0001B808 0000051A C=CODE     S=.text    G=(none)   M=BisDesignHbookApplicationsFm ACBP=A9
 0001:0001BD24 00000B92 C=CODE     S=.text    G=(none)   M=BisDesignHbookAccountRoleEditFm ACBP=A9
 0001:0001C8B8 0000051A C=CODE     S=.text    G=(none)   M=BisDesignHbookAccountRolesFm ACBP=A9
 0001:0001CDD4 00000BC2 C=CODE     S=.text    G=(none)   M=BisDesignHbookProfileEditFm ACBP=A9
 0001:0001D998 0000052E C=CODE     S=.text    G=(none)   M=BisDesignHbookProfilesFm ACBP=A9
 0001:0001DEC8 00000F32 C=CODE     S=.text    G=(none)   M=BisDesignHbookSessionsFm ACBP=A9
 0001:0001EDFC 000021D6 C=CODE     S=.text    G=(none)   M=BisDesignHbookMenuEditFm ACBP=A9
 0001:00020FD4 000005D6 C=CODE     S=.text    G=(none)   M=BisDesignHbookMenusFm ACBP=A9
 0001:000215AC 000013B2 C=CODE     S=.text    G=(none)   M=BisDesignHbookReportsFrm ACBP=A9
 0001:00022960 000005A6 C=CODE     S=.text    G=(none)   M=BisDesignHbookReportsFm ACBP=A9
 0001:00022F08 000008D6 C=CODE     S=.text    G=(none)   M=BisDesignHbookScriptsFrm ACBP=A9
 0001:000237E0 0000057A C=CODE     S=.text    G=(none)   M=BisDesignHbookScriptsFm ACBP=A9
 0001:00023D5C 0000129A C=CODE     S=.text    G=(none)   M=BisDesignJournalActionEditFm ACBP=A9
 0001:00024FF8 00000832 C=CODE     S=.text    G=(none)   M=BisDesignJournalActionsFm ACBP=A9
 0001:0002582C 0000053A C=CODE     S=.text    G=(none)   M=BisDesignHbookDocumentsFm ACBP=A9
 0001:00025D68 00000B72 C=CODE     S=.text    G=(none)   M=BisDesignHbookConstEditFm ACBP=A9
 0001:000268DC 00000502 C=CODE     S=.text    G=(none)   M=BisDesignHbookConstsFm ACBP=A9
 0001:00026DE0 00000F9E C=CODE     S=.text    G=(none)   M=BisDesignHbookLockEditFm ACBP=A9
 0001:00027D80 0000063A C=CODE     S=.text    G=(none)   M=BisDesignHbookLocksFm ACBP=A9
 0001:000283BC 00002F02 C=CODE     S=.text    G=(none)   M=BisDesignHbookTaskEditFm ACBP=A9
 0001:0002B2C0 00000A16 C=CODE     S=.text    G=(none)   M=BisDesignHbookTasksFm ACBP=A9
 0001:0002BCD8 000013D6 C=CODE     S=.text    G=(none)   M=BisDesignHbookExchangeEditFm ACBP=A9
 0001:0002D0B0 0000064E C=CODE     S=.text    G=(none)   M=BisDesignHbookExchangesFm ACBP=A9
 0001:0002D700 000007F2 C=CODE     S=.text    G=(none)   M=BisExecuteFm ACBP=A9
 0001:0002DEF4 000040D6 C=CODE     S=.text    G=(none)   M=BisDesignExchangeFm ACBP=A9
 0001:00031FCC 0000018E C=CODE     S=.text    G=(none)   M=BisDesign ACBP=A9
 0001:0003215C 00000CBF C=CODE     S=.text    G=(none)   M=.imdesign ACBP=A9
 0002:00000000 00000006 C=ICODE    S=.itext   G=(none)   M=System   ACBP=A9
 0002:00000008 00000006 C=ICODE    S=.itext   G=(none)   M=Classes  ACBP=A9
 0002:00000010 00000011 C=ICODE    S=.itext   G=(none)   M=Windows  ACBP=A9
 0002:00000024 00000006 C=ICODE    S=.itext   G=(none)   M=TypInfo  ACBP=A9
 0002:0000002C 00000006 C=ICODE    S=.itext   G=(none)   M=SysUtils ACBP=A9
 0002:00000034 00000006 C=ICODE    S=.itext   G=(none)   M=Variants ACBP=A9
 0002:0000003C 00000006 C=ICODE    S=.itext   G=(none)   M=VarUtils ACBP=A9
 0002:00000044 00000006 C=ICODE    S=.itext   G=(none)   M=IniFiles ACBP=A9
 0002:0000004C 00000006 C=ICODE    S=.itext   G=(none)   M=BisFm    ACBP=A9
 0002:00000054 00000006 C=ICODE    S=.itext   G=(none)   M=DECUtil  ACBP=A9
 0002:0000005C 00000006 C=ICODE    S=.itext   G=(none)   M=Hash     ACBP=A9
 0002:00000064 00000006 C=ICODE    S=.itext   G=(none)   M=Cipher   ACBP=A9
 0002:0000006C 00000006 C=ICODE    S=.itext   G=(none)   M=Cipher1  ACBP=A9
 0002:00000074 00000006 C=ICODE    S=.itext   G=(none)   M=Menus    ACBP=A9
 0002:0000007C 00000006 C=ICODE    S=.itext   G=(none)   M=ActnList ACBP=A9
 0002:00000084 00000006 C=ICODE    S=.itext   G=(none)   M=Graphics ACBP=A9
 0002:0000008C 00000006 C=ICODE    S=.itext   G=(none)   M=Registry ACBP=A9
 0002:00000094 00000006 C=ICODE    S=.itext   G=(none)   M=Themes   ACBP=A9
 0002:0000009C 00000006 C=ICODE    S=.itext   G=(none)   M=Controls ACBP=A9
 0002:000000A4 00000006 C=ICODE    S=.itext   G=(none)   M=UxTheme  ACBP=A9
 0002:000000AC 00000006 C=ICODE    S=.itext   G=(none)   M=MultiMon ACBP=A9
 0002:000000B4 00000006 C=ICODE    S=.itext   G=(none)   M=DwmApi   ACBP=A9
 0002:000000BC 00000006 C=ICODE    S=.itext   G=(none)   M=Forms    ACBP=A9
 0002:000000C4 00000006 C=ICODE    S=.itext   G=(none)   M=HelpIntfs ACBP=A9
 0002:000000CC 00000006 C=ICODE    S=.itext   G=(none)   M=Dialogs  ACBP=A9
 0002:000000D4 00000006 C=ICODE    S=.itext   G=(none)   M=Printers ACBP=A9
 0002:000000DC 00000006 C=ICODE    S=.itext   G=(none)   M=ExtCtrls ACBP=A9
 0002:000000E4 00000006 C=ICODE    S=.itext   G=(none)   M=GraphUtil ACBP=A9
 0002:000000EC 00000006 C=ICODE    S=.itext   G=(none)   M=Clipbrd  ACBP=A9
 0002:000000F4 00000006 C=ICODE    S=.itext   G=(none)   M=FlatSB   ACBP=A9
 0002:000000FC 00000006 C=ICODE    S=.itext   G=(none)   M=DB       ACBP=A9
 0002:00000104 00000006 C=ICODE    S=.itext   G=(none)   M=WideStrings ACBP=A9
 0002:0000010C 00000006 C=ICODE    S=.itext   G=(none)   M=FMTBcd   ACBP=A9
 0002:00000114 00000006 C=ICODE    S=.itext   G=(none)   M=SqlTimSt ACBP=A9
 0002:0000011C 00000006 C=ICODE    S=.itext   G=(none)   M=ComObj   ACBP=A9
 0002:00000124 00000006 C=ICODE    S=.itext   G=(none)   M=DBCtrls  ACBP=A9
 0002:0000012C 00000006 C=ICODE    S=.itext   G=(none)   M=ComCtrls ACBP=A9
 0002:00000134 00000006 C=ICODE    S=.itext   G=(none)   M=ExtActns ACBP=A9
 0002:0000013C 00000006 C=ICODE    S=.itext   G=(none)   M=ExtDlgs  ACBP=A9
 0002:00000144 00000006 C=ICODE    S=.itext   G=(none)   M=Buttons  ACBP=A9
 0002:0000014C 00000006 C=ICODE    S=.itext   G=(none)   M=Mapi     ACBP=A9
 0002:00000154 00000006 C=ICODE    S=.itext   G=(none)   M=DBPWDlg  ACBP=A9
 0002:0000015C 00000006 C=ICODE    S=.itext   G=(none)   M=DBLogDlg ACBP=A9
 0002:00000164 00000006 C=ICODE    S=.itext   G=(none)   M=rxToolEdit ACBP=A9
 0002:0000016C 00000006 C=ICODE    S=.itext   G=(none)   M=rxDateUtil ACBP=A9
 0002:00000174 00000006 C=ICODE    S=.itext   G=(none)   M=RXCtrls  ACBP=A9
 0002:0000017C 00000006 C=ICODE    S=.itext   G=(none)   M=RxHook   ACBP=A9
 0002:00000184 00000006 C=ICODE    S=.itext   G=(none)   M=RXConst  ACBP=A9
 0002:0000018C 00000006 C=ICODE    S=.itext   G=(none)   M=rxVclutils ACBP=A9
 0002:00000194 00000006 C=ICODE    S=.itext   G=(none)   M=RXProps  ACBP=A9
 0002:0000019C 00000006 C=ICODE    S=.itext   G=(none)   M=rxAppUtils ACBP=A9
 0002:000001A4 00000006 C=ICODE    S=.itext   G=(none)   M=RxPrgrss ACBP=A9
 0002:000001AC 00000006 C=ICODE    S=.itext   G=(none)   M=rxCurrEdit ACBP=A9
 0002:000001B4 00000006 C=ICODE    S=.itext   G=(none)   M=ThemedDBGrid ACBP=A9
 0002:000001BC 00000006 C=ICODE    S=.itext   G=(none)   M=RxRichEd ACBP=A9
 0002:000001C4 00000006 C=ICODE    S=.itext   G=(none)   M=OleCtnrs ACBP=A9
 0002:000001CC 00000006 C=ICODE    S=.itext   G=(none)   M=CheckLst ACBP=A9
 0002:000001D4 00000006 C=ICODE    S=.itext   G=(none)   M=BisUtils ACBP=A9
 0002:000001DC 00000006 C=ICODE    S=.itext   G=(none)   M=GIFImage ACBP=A9
 0002:000001E4 00000006 C=ICODE    S=.itext   G=(none)   M=jpeg     ACBP=A9
 0002:000001EC 00000006 C=ICODE    S=.itext   G=(none)   M=BisCore  ACBP=A9
 0002:000001F4 00000006 C=ICODE    S=.itext   G=(none)   M=kbmMemTable ACBP=A9
 0002:000001FC 00000006 C=ICODE    S=.itext   G=(none)   M=OleServer ACBP=A9
 0002:00000204 00000006 C=ICODE    S=.itext   G=(none)   M=OleCtrls ACBP=A9
 0002:0000020C 00000006 C=ICODE    S=.itext   G=(none)   M=AxCtrls  ACBP=A9
 0002:00000214 00000006 C=ICODE    S=.itext   G=(none)   M=BisTimedMsgFm ACBP=A9
 0002:0000021C 00000006 C=ICODE    S=.itext   G=(none)   M=ActnMan  ACBP=A9
 0002:00000224 00000006 C=ICODE    S=.itext   G=(none)   M=ActnMenus ACBP=A9
 0002:0000022C 00000006 C=ICODE    S=.itext   G=(none)   M=XPStyleActnCtrls ACBP=A9
 0002:00000234 00000006 C=ICODE    S=.itext   G=(none)   M=SynEditHighlighter ACBP=A9
 0002:0000023C 00000006 C=ICODE    S=.itext   G=(none)   M=SynEditMiscClasses ACBP=A9
 0002:00000244 00000006 C=ICODE    S=.itext   G=(none)   M=SynRegExpr ACBP=A9
 0002:0000024C 00000006 C=ICODE    S=.itext   G=(none)   M=SynHighlighterSQL ACBP=A9
 0002:00000254 00000006 C=ICODE    S=.itext   G=(none)   M=SynEdit  ACBP=A9
 0002:0000025C 00000006 C=ICODE    S=.itext   G=(none)   M=SynEditKeyCmds ACBP=A9
 0002:00000264 00000006 C=ICODE    S=.itext   G=(none)   M=SynTextDrawer ACBP=A9
 0002:0000026C 00000006 C=ICODE    S=.itext   G=(none)   M=MiTeC_Routines ACBP=A9
 0002:00000274 00000006 C=ICODE    S=.itext   G=(none)   M=MSI_Processes ACBP=A9
 0002:0000027C 00000006 C=ICODE    S=.itext   G=(none)   M=MiTeC_PSAPI ACBP=A9
 0002:00000284 00000006 C=ICODE    S=.itext   G=(none)   M=MSI_Devices ACBP=A9
 0002:0000028C 00000006 C=ICODE    S=.itext   G=(none)   M=MSI_CPU  ACBP=A9
 0002:00000294 00000006 C=ICODE    S=.itext   G=(none)   M=JclDebug ACBP=A9
 0002:0000029C 00000006 C=ICODE    S=.itext   G=(none)   M=JclSysInfo ACBP=A9
 0002:000002A4 00000006 C=ICODE    S=.itext   G=(none)   M=JclStrings ACBP=A9
 0002:000002AC 00000006 C=ICODE    S=.itext   G=(none)   M=JclSysUtils ACBP=A9
 0002:000002B4 00000006 C=ICODE    S=.itext   G=(none)   M=JclWideStrings ACBP=A9
 0002:000002BC 00000006 C=ICODE    S=.itext   G=(none)   M=JclShell ACBP=A9
 0002:000002C4 00000006 C=ICODE    S=.itext   G=(none)   M=JclRegistry ACBP=A9
 0002:000002CC 00000006 C=ICODE    S=.itext   G=(none)   M=JclHookExcept ACBP=A9
 0002:000002D4 00000006 C=ICODE    S=.itext   G=(none)   M=BisCoreThreads ACBP=A9
 0002:000002DC 00000006 C=ICODE    S=.itext   G=(none)   M=AsyncCalls ACBP=A9
 0002:000002E4 00000006 C=ICODE    S=.itext   G=(none)   M=BisServiceApplication ACBP=A9
 0002:000002EC 00000006 C=ICODE    S=.itext   G=(none)   M=BisSvcMgr ACBP=A9
 0002:000002F4 00000006 C=ICODE    S=.itext   G=(none)   M=BisCryptUtils ACBP=A9
 0002:000002FC 00000006 C=ICODE    S=.itext   G=(none)   M=SvcMgr   ACBP=A9
 0002:00000304 00000008 C=ICODE    S=.itext   G=(none)   M=BisDesignConsts ACBP=A9
 0002:0000030C 00000006 C=ICODE    S=.itext   G=(none)   M=AppEvnts ACBP=A9
 0002:00000314 00000006 C=ICODE    S=.itext   G=(none)   M=CustomizeDlg ACBP=A9
 0002:0000031C 00000006 C=ICODE    S=.itext   G=(none)   M=BisInternetProtocol ACBP=A9
 0002:00000324 00000008 C=ICODE    S=.itext   G=(none)   M=BisDesignMainFm ACBP=A9
 0002:0000032C 00000006 C=ICODE    S=.itext   G=(none)   M=VirtualTrees ACBP=A9
 0002:00000334 00000006 C=ICODE    S=.itext   G=(none)   M=VTAccessibilityFactory ACBP=A9
 0002:0000033C 00000008 C=ICODE    S=.itext   G=(none)   M=BisDesignHbookFirmTypeEditFm ACBP=A9
 0002:00000344 00000008 C=ICODE    S=.itext   G=(none)   M=BisDesignHbookFirmTypesFm ACBP=A9
 0002:0000034C 00000008 C=ICODE    S=.itext   G=(none)   M=BisDesignHbookLocalitiesFrm ACBP=A9
 0002:00000354 00000008 C=ICODE    S=.itext   G=(none)   M=BisDesignHbookLocalityEditFm ACBP=A9
 0002:0000035C 00000008 C=ICODE    S=.itext   G=(none)   M=BisDesignHbookLocalitiesFm ACBP=A9
 0002:00000364 00000008 C=ICODE    S=.itext   G=(none)   M=BisDesignHbookStreetEditFm ACBP=A9
 0002:0000036C 00000008 C=ICODE    S=.itext   G=(none)   M=BisDesignHbookStreetsFm ACBP=A9
 0002:00000374 00000008 C=ICODE    S=.itext   G=(none)   M=BisDesignHbookFirmEditFm ACBP=A9
 0002:0000037C 00000008 C=ICODE    S=.itext   G=(none)   M=BisDesignHbookFirmsFm ACBP=A9
 0002:00000384 00000008 C=ICODE    S=.itext   G=(none)   M=BisDesignHbookAccountEditFm ACBP=A9
 0002:0000038C 00000008 C=ICODE    S=.itext   G=(none)   M=BisDesignHbookAccountsFm ACBP=A9
 0002:00000394 00000008 C=ICODE    S=.itext   G=(none)   M=BisDesignHbookRoleEditFm ACBP=A9
 0002:0000039C 00000008 C=ICODE    S=.itext   G=(none)   M=BisDesignHbookRolesFm ACBP=A9
 0002:000003A4 00000008 C=ICODE    S=.itext   G=(none)   M=BisDesignHbookRolesAndAccountsFm ACBP=A9
 0002:000003AC 00000008 C=ICODE    S=.itext   G=(none)   M=BisDesignHbookApplicationEditFm ACBP=A9
 0002:000003B4 00000008 C=ICODE    S=.itext   G=(none)   M=BisDesignHbookInterfaceFilterFm ACBP=A9
 0002:000003BC 00000008 C=ICODE    S=.itext   G=(none)   M=BisDesignHbookInterfaceEditFm ACBP=A9
 0002:000003C4 00000008 C=ICODE    S=.itext   G=(none)   M=BisDesignHbookInterfacesFm ACBP=A9
 0002:000003CC 00000008 C=ICODE    S=.itext   G=(none)   M=BisDesignHbookReportEditFm ACBP=A9
 0002:000003D4 00000008 C=ICODE    S=.itext   G=(none)   M=BisDesignHbookScriptEditFm ACBP=A9
 0002:000003DC 00000008 C=ICODE    S=.itext   G=(none)   M=BisDesignHbookDocumentEditFm ACBP=A9
 0002:000003E4 00000008 C=ICODE    S=.itext   G=(none)   M=BisDesignHbookInterfacesFrm ACBP=A9
 0002:000003EC 00000008 C=ICODE    S=.itext   G=(none)   M=BisDesignHbookPermissionEditFm ACBP=A9
 0002:000003F4 00000008 C=ICODE    S=.itext   G=(none)   M=BisDesignHbookPermissionsFm ACBP=A9
 0002:000003FC 00000008 C=ICODE    S=.itext   G=(none)   M=BisDesignHbookApplicationInterfaceEditFm ACBP=A9
 0002:00000404 00000008 C=ICODE    S=.itext   G=(none)   M=BisDesignHbookApplicationInterfacesFm ACBP=A9
 0002:0000040C 00000008 C=ICODE    S=.itext   G=(none)   M=BisDesignHbookApplicationsFrm ACBP=A9
 0002:00000414 00000008 C=ICODE    S=.itext   G=(none)   M=BisDesignHbookApplicationsFm ACBP=A9
 0002:0000041C 00000008 C=ICODE    S=.itext   G=(none)   M=BisDesignHbookAccountRoleEditFm ACBP=A9
 0002:00000424 00000008 C=ICODE    S=.itext   G=(none)   M=BisDesignHbookAccountRolesFm ACBP=A9
 0002:0000042C 00000008 C=ICODE    S=.itext   G=(none)   M=BisDesignHbookProfileEditFm ACBP=A9
 0002:00000434 00000008 C=ICODE    S=.itext   G=(none)   M=BisDesignHbookProfilesFm ACBP=A9
 0002:0000043C 00000008 C=ICODE    S=.itext   G=(none)   M=BisDesignHbookSessionsFm ACBP=A9
 0002:00000444 00000008 C=ICODE    S=.itext   G=(none)   M=BisDesignHbookMenuEditFm ACBP=A9
 0002:0000044C 00000008 C=ICODE    S=.itext   G=(none)   M=BisDesignHbookMenusFm ACBP=A9
 0002:00000454 00000008 C=ICODE    S=.itext   G=(none)   M=BisDesignHbookReportsFrm ACBP=A9
 0002:0000045C 00000008 C=ICODE    S=.itext   G=(none)   M=BisDesignHbookReportsFm ACBP=A9
 0002:00000464 00000008 C=ICODE    S=.itext   G=(none)   M=BisDesignHbookScriptsFrm ACBP=A9
 0002:0000046C 00000008 C=ICODE    S=.itext   G=(none)   M=BisDesignHbookScriptsFm ACBP=A9
 0002:00000474 00000008 C=ICODE    S=.itext   G=(none)   M=BisDesignJournalActionEditFm ACBP=A9
 0002:0000047C 00000008 C=ICODE    S=.itext   G=(none)   M=BisDesignJournalActionsFm ACBP=A9
 0002:00000484 00000008 C=ICODE    S=.itext   G=(none)   M=BisDesignHbookDocumentsFm ACBP=A9
 0002:0000048C 00000008 C=ICODE    S=.itext   G=(none)   M=BisDesignHbookConstEditFm ACBP=A9
 0002:00000494 00000008 C=ICODE    S=.itext   G=(none)   M=BisDesignHbookConstsFm ACBP=A9
 0002:0000049C 00000008 C=ICODE    S=.itext   G=(none)   M=BisDesignHbookLockEditFm ACBP=A9
 0002:000004A4 00000008 C=ICODE    S=.itext   G=(none)   M=BisDesignHbookLocksFm ACBP=A9
 0002:000004AC 00000008 C=ICODE    S=.itext   G=(none)   M=BisDesignHbookTaskEditFm ACBP=A9
 0002:000004B4 00000008 C=ICODE    S=.itext   G=(none)   M=BisDesignHbookTasksFm ACBP=A9
 0002:000004BC 00000008 C=ICODE    S=.itext   G=(none)   M=BisDesignHbookExchangeEditFm ACBP=A9
 0002:000004C4 00000008 C=ICODE    S=.itext   G=(none)   M=BisDesignHbookExchangesFm ACBP=A9
 0002:000004CC 00000008 C=ICODE    S=.itext   G=(none)   M=BisExecuteFm ACBP=A9
 0002:000004D4 00000008 C=ICODE    S=.itext   G=(none)   M=BisDesignExchangeFm ACBP=A9
 0002:000004DC 00000008 C=ICODE    S=.itext   G=(none)   M=BisDesign ACBP=A9
 0002:000004E4 00000005 C=ICODE    S=.itext   G=(none)   M=.imdesign ACBP=A9
 0003:00000000 00000030 C=DATA     S=.data    G=DGROUP   M=SysInit  ACBP=A9
 0003:00000030 00000001 C=DATA     S=.data    G=DGROUP   M=BisDesignConsts ACBP=A9
 0004:00000000 0000000C C=BSS      S=.bss     G=DGROUP   M=SysInit  ACBP=A9
 0004:0000000C 00000008 C=BSS      S=.bss     G=DGROUP   M=Windows  ACBP=A9
 0004:00000014 00000004 C=BSS      S=.bss     G=DGROUP   M=BisDesignConsts ACBP=A9
 0004:00000018 00000008 C=BSS      S=.bss     G=DGROUP   M=BisDesignMainFm ACBP=A9
 0004:00000020 00000008 C=BSS      S=.bss     G=DGROUP   M=BisDesignHbookFirmTypeEditFm ACBP=A9
 0004:00000028 00000008 C=BSS      S=.bss     G=DGROUP   M=BisDesignHbookFirmTypesFm ACBP=A9
 0004:00000030 00000004 C=BSS      S=.bss     G=DGROUP   M=BisDesignHbookLocalitiesFrm ACBP=A9
 0004:00000034 00000008 C=BSS      S=.bss     G=DGROUP   M=BisDesignHbookLocalityEditFm ACBP=A9
 0004:0000003C 00000008 C=BSS      S=.bss     G=DGROUP   M=BisDesignHbookLocalitiesFm ACBP=A9
 0004:00000044 00000008 C=BSS      S=.bss     G=DGROUP   M=BisDesignHbookStreetEditFm ACBP=A9
 0004:0000004C 00000008 C=BSS      S=.bss     G=DGROUP   M=BisDesignHbookStreetsFm ACBP=A9
 0004:00000054 00000008 C=BSS      S=.bss     G=DGROUP   M=BisDesignHbookFirmEditFm ACBP=A9
 0004:0000005C 00000008 C=BSS      S=.bss     G=DGROUP   M=BisDesignHbookFirmsFm ACBP=A9
 0004:00000064 00000008 C=BSS      S=.bss     G=DGROUP   M=BisDesignHbookAccountEditFm ACBP=A9
 0004:0000006C 00000008 C=BSS      S=.bss     G=DGROUP   M=BisDesignHbookAccountsFm ACBP=A9
 0004:00000074 00000008 C=BSS      S=.bss     G=DGROUP   M=BisDesignHbookRoleEditFm ACBP=A9
 0004:0000007C 00000008 C=BSS      S=.bss     G=DGROUP   M=BisDesignHbookRolesFm ACBP=A9
 0004:00000084 00000008 C=BSS      S=.bss     G=DGROUP   M=BisDesignHbookRolesAndAccountsFm ACBP=A9
 0004:0000008C 00000008 C=BSS      S=.bss     G=DGROUP   M=BisDesignHbookApplicationEditFm ACBP=A9
 0004:00000094 00000008 C=BSS      S=.bss     G=DGROUP   M=BisDesignHbookInterfaceFilterFm ACBP=A9
 0004:0000009C 00000008 C=BSS      S=.bss     G=DGROUP   M=BisDesignHbookInterfaceEditFm ACBP=A9
 0004:000000A4 00000008 C=BSS      S=.bss     G=DGROUP   M=BisDesignHbookInterfacesFm ACBP=A9
 0004:000000AC 00000008 C=BSS      S=.bss     G=DGROUP   M=BisDesignHbookReportEditFm ACBP=A9
 0004:000000B4 00000008 C=BSS      S=.bss     G=DGROUP   M=BisDesignHbookScriptEditFm ACBP=A9
 0004:000000BC 00000008 C=BSS      S=.bss     G=DGROUP   M=BisDesignHbookDocumentEditFm ACBP=A9
 0004:000000C4 00000004 C=BSS      S=.bss     G=DGROUP   M=BisDesignHbookInterfacesFrm ACBP=A9
 0004:000000C8 00000008 C=BSS      S=.bss     G=DGROUP   M=BisDesignHbookPermissionEditFm ACBP=A9
 0004:000000D0 00000008 C=BSS      S=.bss     G=DGROUP   M=BisDesignHbookPermissionsFm ACBP=A9
 0004:000000D8 00000008 C=BSS      S=.bss     G=DGROUP   M=BisDesignHbookApplicationInterfaceEditFm ACBP=A9
 0004:000000E0 00000008 C=BSS      S=.bss     G=DGROUP   M=BisDesignHbookApplicationInterfacesFm ACBP=A9
 0004:000000E8 00000004 C=BSS      S=.bss     G=DGROUP   M=BisDesignHbookApplicationsFrm ACBP=A9
 0004:000000EC 00000008 C=BSS      S=.bss     G=DGROUP   M=BisDesignHbookApplicationsFm ACBP=A9
 0004:000000F4 00000008 C=BSS      S=.bss     G=DGROUP   M=BisDesignHbookAccountRoleEditFm ACBP=A9
 0004:000000FC 00000008 C=BSS      S=.bss     G=DGROUP   M=BisDesignHbookAccountRolesFm ACBP=A9
 0004:00000104 00000008 C=BSS      S=.bss     G=DGROUP   M=BisDesignHbookProfileEditFm ACBP=A9
 0004:0000010C 00000008 C=BSS      S=.bss     G=DGROUP   M=BisDesignHbookProfilesFm ACBP=A9
 0004:00000114 00000008 C=BSS      S=.bss     G=DGROUP   M=BisDesignHbookSessionsFm ACBP=A9
 0004:0000011C 00000008 C=BSS      S=.bss     G=DGROUP   M=BisDesignHbookMenuEditFm ACBP=A9
 0004:00000124 00000008 C=BSS      S=.bss     G=DGROUP   M=BisDesignHbookMenusFm ACBP=A9
 0004:0000012C 00000004 C=BSS      S=.bss     G=DGROUP   M=BisDesignHbookReportsFrm ACBP=A9
 0004:00000130 00000008 C=BSS      S=.bss     G=DGROUP   M=BisDesignHbookReportsFm ACBP=A9
 0004:00000138 00000004 C=BSS      S=.bss     G=DGROUP   M=BisDesignHbookScriptsFrm ACBP=A9
 0004:0000013C 00000008 C=BSS      S=.bss     G=DGROUP   M=BisDesignHbookScriptsFm ACBP=A9
 0004:00000144 00000008 C=BSS      S=.bss     G=DGROUP   M=BisDesignJournalActionEditFm ACBP=A9
 0004:0000014C 00000008 C=BSS      S=.bss     G=DGROUP   M=BisDesignJournalActionsFm ACBP=A9
 0004:00000154 00000008 C=BSS      S=.bss     G=DGROUP   M=BisDesignHbookDocumentsFm ACBP=A9
 0004:0000015C 00000008 C=BSS      S=.bss     G=DGROUP   M=BisDesignHbookConstEditFm ACBP=A9
 0004:00000164 00000008 C=BSS      S=.bss     G=DGROUP   M=BisDesignHbookConstsFm ACBP=A9
 0004:0000016C 00000008 C=BSS      S=.bss     G=DGROUP   M=BisDesignHbookLockEditFm ACBP=A9
 0004:00000174 00000008 C=BSS      S=.bss     G=DGROUP   M=BisDesignHbookLocksFm ACBP=A9
 0004:0000017C 00000008 C=BSS      S=.bss     G=DGROUP   M=BisDesignHbookTaskEditFm ACBP=A9
 0004:00000184 00000008 C=BSS      S=.bss     G=DGROUP   M=BisDesignHbookTasksFm ACBP=A9
 0004:0000018C 00000008 C=BSS      S=.bss     G=DGROUP   M=BisDesignHbookExchangeEditFm ACBP=A9
 0004:00000194 00000008 C=BSS      S=.bss     G=DGROUP   M=BisDesignHbookExchangesFm ACBP=A9
 0004:0000019C 00000008 C=BSS      S=.bss     G=DGROUP   M=BisExecuteFm ACBP=A9
 0004:000001A4 00000008 C=BSS      S=.bss     G=DGROUP   M=BisDesignExchangeFm ACBP=A9
 0004:000001AC 00000004 C=BSS      S=.bss     G=DGROUP   M=BisDesign ACBP=A9


  Address             Publics by Name

 0002:000004E4       .imdesign..imdesign
 0001:00032DFC       .imdesign.@GetPackageInfoTable
 0001:00032E04       .imdesign.@PackageLoad
 0001:00032E10       .imdesign.@PackageUnload
 0004:000001AC       BisDesign..1
 0002:000004DC       BisDesign.BisDesign
 0001:0003212C       BisDesign.Finalization
 0001:00031FCC       BisDesign.InitIfaceModule
 0004:00000014       BisDesignConsts..1
 0002:00000304       BisDesignConsts.BisDesignConsts
 0001:00001310       BisDesignConsts.Finalization
 0003:00000030       BisDesignConsts.IsMainModule
 0004:000001A8       BisDesignExchangeFm..3
 0001:0002E060       BisDesignExchangeFm..TBisDesignExchangeForm
 0001:0002E554       BisDesignExchangeFm..TBisDesignExchangeFormIface
 0002:000004D4       BisDesignExchangeFm.BisDesignExchangeFm
 0004:000001A4       BisDesignExchangeFm.BisDesignExchangeForm
 0001:00031704       BisDesignExchangeFm.DestinationExists
 0001:00031800       BisDesignExchangeFm.Exchange
 0001:00031F9C       BisDesignExchangeFm.Finalization
 0001:0002F0A8       BisDesignExchangeFm.GetDescription
 0001:00031724       BisDesignExchangeFm.Import
 0001:0002FB38       BisDesignExchangeFm.SetExchange
 0001:0002F608       BisDesignExchangeFm.SetImport
 0001:00031458       BisDesignExchangeFm.SetResult
 0001:000315E0       BisDesignExchangeFm.SetResultById
 0001:000316E4       BisDesignExchangeFm.SourceExists
 0001:0002F0A0       BisDesignExchangeFm.TBisDesignExchangeForm.ActionInfoExecute
 0001:0002ED14       BisDesignExchangeFm.TBisDesignExchangeForm.ActionInfoUpdate
 0001:0002ED64       BisDesignExchangeFm.TBisDesignExchangeForm.CanInfo
 0001:0002ED30       BisDesignExchangeFm.TBisDesignExchangeForm.CanStart
 0001:0002E6D8       BisDesignExchangeFm.TBisDesignExchangeForm.Create
 0001:0002ECBC       BisDesignExchangeFm.TBisDesignExchangeForm.Destroy
 0001:0002ED04       BisDesignExchangeFm.TBisDesignExchangeForm.DoTerminate
 0001:0002ED0C       BisDesignExchangeFm.TBisDesignExchangeForm.GridDblClick
 0001:0002EE98       BisDesignExchangeFm.TBisDesignExchangeForm.Info
 0001:0002F280       BisDesignExchangeFm.TBisDesignExchangeForm.ParseScript
 0001:0002FF04       BisDesignExchangeFm.TBisDesignExchangeForm.RefreshDataSet
 0001:00031270       BisDesignExchangeFm.TBisDesignExchangeForm.SyncDataSet
 0001:00031904       BisDesignExchangeFm.TBisDesignExchangeForm.ThreadExecute
 0001:0002E68C       BisDesignExchangeFm.TBisDesignExchangeFormIface.Create
 0004:00000068       BisDesignHbookAccountEditFm..6
 0001:00009308       BisDesignHbookAccountEditFm..TBisDesignHbookAccountDeleteFormIface
 0001:00008880       BisDesignHbookAccountEditFm..TBisDesignHbookAccountEditForm
 0001:00008F04       BisDesignHbookAccountEditFm..TBisDesignHbookAccountEditFormIface
 0001:00009058       BisDesignHbookAccountEditFm..TBisDesignHbookAccountInsertFormIface
 0001:000091B0       BisDesignHbookAccountEditFm..TBisDesignHbookAccountUpdateFormIface
 0001:00009460       BisDesignHbookAccountEditFm..TBisRoleInfo
 0002:00000384       BisDesignHbookAccountEditFm.BisDesignHbookAccountEditFm
 0004:00000064       BisDesignHbookAccountEditFm.BisDesignHbookAccountEditForm
 0001:0000ACE8       BisDesignHbookAccountEditFm.Finalization
 0001:00009C3C       BisDesignHbookAccountEditFm.TBisDesignHbookAccountDeleteFormIface.Create
 0001:00009D1C       BisDesignHbookAccountEditFm.TBisDesignHbookAccountEditForm.BeforeShow
 0001:00009E9C       BisDesignHbookAccountEditFm.TBisDesignHbookAccountEditForm.ButtonPhotoClick
 0001:00009EE4       BisDesignHbookAccountEditFm.TBisDesignHbookAccountEditForm.ChangeParam
 0001:0000A0A4       BisDesignHbookAccountEditFm.TBisDesignHbookAccountEditForm.ChangesExists
 0001:0000A0CC       BisDesignHbookAccountEditFm.TBisDesignHbookAccountEditForm.CheckBoxProfileClick
 0001:0000A0D4       BisDesignHbookAccountEditFm.TBisDesignHbookAccountEditForm.CheckListBoxRolesClickCheck
 0001:00009C98       BisDesignHbookAccountEditFm.TBisDesignHbookAccountEditForm.Create
 0001:0000A0E4       BisDesignHbookAccountEditFm.TBisDesignHbookAccountEditForm.DeleteAccountRoles
 0001:0000AC28       BisDesignHbookAccountEditFm.TBisDesignHbookAccountEditForm.Execute
 0001:0000A2CC       BisDesignHbookAccountEditFm.TBisDesignHbookAccountEditForm.InsertAccountRoles
 0001:0000A908       BisDesignHbookAccountEditFm.TBisDesignHbookAccountEditForm.InsertProfile
 0001:0000AA84       BisDesignHbookAccountEditFm.TBisDesignHbookAccountEditForm.MenuItemClearPhotoClick
 0001:0000AAB8       BisDesignHbookAccountEditFm.TBisDesignHbookAccountEditForm.MenuItemLoadPhotoClick
 0001:0000AB40       BisDesignHbookAccountEditFm.TBisDesignHbookAccountEditForm.MenuItemSavePhotoClick
 0001:0000ABC8       BisDesignHbookAccountEditFm.TBisDesignHbookAccountEditForm.PopupActionBarPhotoPopup
 0001:0000A47C       BisDesignHbookAccountEditFm.TBisDesignHbookAccountEditForm.RefreshAccountRoles
 0001:0000A6B0       BisDesignHbookAccountEditFm.TBisDesignHbookAccountEditForm.RefreshRoles
 0001:000094CC       BisDesignHbookAccountEditFm.TBisDesignHbookAccountEditFormIface.Create
 0001:00009B84       BisDesignHbookAccountEditFm.TBisDesignHbookAccountInsertFormIface.Create
 0001:00009BE0       BisDesignHbookAccountEditFm.TBisDesignHbookAccountUpdateFormIface.Create
 0004:000000F8       BisDesignHbookAccountRoleEditFm..6
 0001:0001C418       BisDesignHbookAccountRoleEditFm..TBisDesignHbookAccountRoleDeleteFormIface
 0001:0001BD24       BisDesignHbookAccountRoleEditFm..TBisDesignHbookAccountRoleEditForm
 0001:0001BFF0       BisDesignHbookAccountRoleEditFm..TBisDesignHbookAccountRoleEditFormIface
 0001:0001C150       BisDesignHbookAccountRoleEditFm..TBisDesignHbookAccountRoleInsertFormIface
 0001:0001C2B4       BisDesignHbookAccountRoleEditFm..TBisDesignHbookAccountRoleUpdateFormIface
 0002:0000041C       BisDesignHbookAccountRoleEditFm.BisDesignHbookAccountRoleEditFm
 0004:000000F4       BisDesignHbookAccountRoleEditFm.BisDesignHbookAccountRoleEditForm
 0001:0001C888       BisDesignHbookAccountRoleEditFm.Finalization
 0001:0001C7F0       BisDesignHbookAccountRoleEditFm.TBisDesignHbookAccountRoleDeleteFormIface.Create
 0001:0001C850       BisDesignHbookAccountRoleEditFm.TBisDesignHbookAccountRoleEditForm.Execute
 0001:0001C57C       BisDesignHbookAccountRoleEditFm.TBisDesignHbookAccountRoleEditFormIface.Create
 0001:0001C730       BisDesignHbookAccountRoleEditFm.TBisDesignHbookAccountRoleInsertFormIface.Create
 0001:0001C790       BisDesignHbookAccountRoleEditFm.TBisDesignHbookAccountRoleUpdateFormIface.Create
 0004:00000100       BisDesignHbookAccountRolesFm..3
 0001:0001C8B8       BisDesignHbookAccountRolesFm..TBisDesignHbookAccountRolesForm
 0001:0001CAC0       BisDesignHbookAccountRolesFm..TBisDesignHbookAccountRolesFormIface
 0004:000000FC       BisDesignHbookAccountRolesFm.BiDesignHbookAccountRolesForm
 0002:00000424       BisDesignHbookAccountRolesFm.BisDesignHbookAccountRolesFm
 0001:0001CDA4       BisDesignHbookAccountRolesFm.Finalization
 0001:0001CC20       BisDesignHbookAccountRolesFm.TBisDesignHbookAccountRolesFormIface.Create
 0004:00000070       BisDesignHbookAccountsFm..4
 0001:0000B024       BisDesignHbookAccountsFm..TBisDesignHbookAccountsForm
 0001:0000B220       BisDesignHbookAccountsFm..TBisDesignHbookAccountsFormIface
 0001:0000AD18       BisDesignHbookAccountsFm..TBisDesignHbookAccountsFrame
 0004:0000006C       BisDesignHbookAccountsFm.BiDesignHbookAccountsForm
 0002:0000038C       BisDesignHbookAccountsFm.BisDesignHbookAccountsFm
 0001:0000B8E4       BisDesignHbookAccountsFm.Finalization
 0001:0000B87C       BisDesignHbookAccountsFm.TBisDesignHbookAccountsForm.Create
 0001:0000B8B4       BisDesignHbookAccountsFm.TBisDesignHbookAccountsForm.Destroy
 0001:0000B8DC       BisDesignHbookAccountsFm.TBisDesignHbookAccountsForm.GetDataFrameClass
 0001:0000B82C       BisDesignHbookAccountsFm.TBisDesignHbookAccountsFormIface.Create
 0001:0000B374       BisDesignHbookAccountsFm.TBisDesignHbookAccountsFrame.Create
 0001:0000B7FC       BisDesignHbookAccountsFm.TBisDesignHbookAccountsFrame.Init
 0004:00000090       BisDesignHbookApplicationEditFm..6
 0001:0000E418       BisDesignHbookApplicationEditFm..TBisDesignHbookApplicationDeleteFormIface
 0001:0000DD3C       BisDesignHbookApplicationEditFm..TBisDesignHbookApplicationEditForm
 0001:0000DFF0       BisDesignHbookApplicationEditFm..TBisDesignHbookApplicationEditFormIface
 0001:0000E150       BisDesignHbookApplicationEditFm..TBisDesignHbookApplicationInsertFormIface
 0001:0000E2B4       BisDesignHbookApplicationEditFm..TBisDesignHbookApplicationUpdateFormIface
 0002:000003AC       BisDesignHbookApplicationEditFm.BisDesignHbookApplicationEditFm
 0004:0000008C       BisDesignHbookApplicationEditFm.BisDesignHbookApplicationEditForm
 0001:0000E818       BisDesignHbookApplicationEditFm.Finalization
 0001:0000E7B8       BisDesignHbookApplicationEditFm.TBisDesignHbookApplicationDeleteFormIface.Create
 0001:0000E57C       BisDesignHbookApplicationEditFm.TBisDesignHbookApplicationEditFormIface.Create
 0001:0000E6F8       BisDesignHbookApplicationEditFm.TBisDesignHbookApplicationInsertFormIface.Create
 0001:0000E758       BisDesignHbookApplicationEditFm.TBisDesignHbookApplicationUpdateFormIface.Create
 0004:000000DC       BisDesignHbookApplicationInterfaceEditFm..6
 0001:00019E08       BisDesignHbookApplicationInterfaceEditFm..TBisDesignHbookApplicationInterfaceDeleteFormIface
 0001:0001960C       BisDesignHbookApplicationInterfaceEditFm..TBisDesignHbookApplicationInterfaceEditForm
 0001:0001998C       BisDesignHbookApplicationInterfaceEditFm..TBisDesignHbookApplicationInterfaceEditFormIface
 0001:00019B08       BisDesignHbookApplicationInterfaceEditFm..TBisDesignHbookApplicationInterfaceInsertFormIface
 0001:00019C88       BisDesignHbookApplicationInterfaceEditFm..TBisDesignHbookApplicationInterfaceUpdateFormIface
 0002:000003FC       BisDesignHbookApplicationInterfaceEditFm.BisDesignHbookApplicationInterfaceEditFm
 0004:000000D8       BisDesignHbookApplicationInterfaceEditFm.BisDesignHbookApplicationInterfaceEditForm
 0001:0001A4A8       BisDesignHbookApplicationInterfaceEditFm.Finalization
 0001:0001A3AC       BisDesignHbookApplicationInterfaceEditFm.TBisDesignHbookApplicationInterfaceDeleteFormIface.Create
 0001:0001A414       BisDesignHbookApplicationInterfaceEditFm.TBisDesignHbookApplicationInterfaceEditForm.CanShow
 0001:0001A470       BisDesignHbookApplicationInterfaceEditFm.TBisDesignHbookApplicationInterfaceEditForm.Execute
 0001:00019F88       BisDesignHbookApplicationInterfaceEditFm.TBisDesignHbookApplicationInterfaceEditFormIface.Create
 0001:0001A2DC       BisDesignHbookApplicationInterfaceEditFm.TBisDesignHbookApplicationInterfaceInsertFormIface.Create
 0001:0001A344       BisDesignHbookApplicationInterfaceEditFm.TBisDesignHbookApplicationInterfaceUpdateFormIface.Create
 0004:000000E4       BisDesignHbookApplicationInterfacesFm..4
 0001:0001A7C8       BisDesignHbookApplicationInterfacesFm..TBisDesignHbookApplicationInterfacesForm
 0001:0001A9EC       BisDesignHbookApplicationInterfacesFm..TBisDesignHbookApplicationInterfacesFormIface
 0001:0001A4D8       BisDesignHbookApplicationInterfacesFm..TBisDesignHbookApplicationInterfacesFrame
 0004:000000E0       BisDesignHbookApplicationInterfacesFm.BiDesignHbookApplicationInterfacesForm
 0002:00000404       BisDesignHbookApplicationInterfacesFm.BisDesignHbookApplicationInterfacesFm
 0001:0001AFB4       BisDesignHbookApplicationInterfacesFm.Finalization
 0001:0001AFAC       BisDesignHbookApplicationInterfacesFm.TBisDesignHbookApplicationInterfacesForm.GetDataFrameClass
 0001:0001AC78       BisDesignHbookApplicationInterfacesFm.TBisDesignHbookApplicationInterfacesFormIface.Create
 0001:0001AF64       BisDesignHbookApplicationInterfacesFm.TBisDesignHbookApplicationInterfacesFormIface.CreateForm
 0001:0001AB80       BisDesignHbookApplicationInterfacesFm.TBisDesignHbookApplicationInterfacesFrame.BeforeIfaceExecute
 0004:000000F0       BisDesignHbookApplicationsFm..3
 0001:0001B808       BisDesignHbookApplicationsFm..TBisDesignHbookApplicationsForm
 0001:0001BA10       BisDesignHbookApplicationsFm..TBisDesignHbookApplicationsFormIface
 0002:00000414       BisDesignHbookApplicationsFm.BisDesignHbookApplicationsFm
 0004:000000EC       BisDesignHbookApplicationsFm.BisDesignHbookApplicationsForm
 0001:0001BCF4       BisDesignHbookApplicationsFm.Finalization
 0001:0001BCEC       BisDesignHbookApplicationsFm.TBisDesignHbookApplicationsForm.GetDataFrameClass
 0001:0001BB70       BisDesignHbookApplicationsFm.TBisDesignHbookApplicationsFormIface.Create
 0004:000000E8       BisDesignHbookApplicationsFrm..3
 0001:0001AFE4       BisDesignHbookApplicationsFrm..TBisDesignHbookApplicationFrameIfaces
 0001:0001B0C0       BisDesignHbookApplicationsFrm..TBisDesignHbookApplicationsFrame
 0002:0000040C       BisDesignHbookApplicationsFrm.BisDesignHbookApplicationsFrm
 0001:0001B7D8       BisDesignHbookApplicationsFrm.Finalization
 0001:0001B438       BisDesignHbookApplicationsFrm.TBisDesignHbookApplicationFrameIfaces.FindApplicationById
 0001:0001B554       BisDesignHbookApplicationsFrm.TBisDesignHbookApplicationsFrame.ActionInterfacesExecute
 0001:0001B55C       BisDesignHbookApplicationsFrm.TBisDesignHbookApplicationsFrame.ActionInterfacesUpdate
 0001:0001B578       BisDesignHbookApplicationsFrm.TBisDesignHbookApplicationsFrame.CanInterfaces
 0001:0001B4DC       BisDesignHbookApplicationsFrm.TBisDesignHbookApplicationsFrame.Create
 0001:0001B524       BisDesignHbookApplicationsFrm.TBisDesignHbookApplicationsFrame.Destroy
 0001:0001B608       BisDesignHbookApplicationsFrm.TBisDesignHbookApplicationsFrame.Interfaces
 0004:00000160       BisDesignHbookConstEditFm..6
 0001:00026430       BisDesignHbookConstEditFm..TBisDesignHbookConstDeleteFormIface
 0001:00025D68       BisDesignHbookConstEditFm..TBisDesignHbookConstEditForm
 0001:00026040       BisDesignHbookConstEditFm..TBisDesignHbookConstEditFormIface
 0001:00026190       BisDesignHbookConstEditFm..TBisDesignHbookConstInsertFormIface
 0001:000262E0       BisDesignHbookConstEditFm..TBisDesignHbookConstUpdateFormIface
 0002:0000048C       BisDesignHbookConstEditFm.BisDesignHbookConstEditFm
 0004:0000015C       BisDesignHbookConstEditFm.BisDesignHbookConstEditForm
 0001:000268AC       BisDesignHbookConstEditFm.Finalization
 0001:000267A0       BisDesignHbookConstEditFm.TBisDesignHbookConstDeleteFormIface.Create
 0001:000267F8       BisDesignHbookConstEditFm.TBisDesignHbookConstEditForm.BeforeShow
 0001:00026820       BisDesignHbookConstEditFm.TBisDesignHbookConstEditForm.ButtonNameClick
 0001:00026580       BisDesignHbookConstEditFm.TBisDesignHbookConstEditFormIface.Create
 0001:000266F0       BisDesignHbookConstEditFm.TBisDesignHbookConstInsertFormIface.Create
 0001:00026748       BisDesignHbookConstEditFm.TBisDesignHbookConstUpdateFormIface.Create
 0004:00000168       BisDesignHbookConstsFm..3
 0001:000268DC       BisDesignHbookConstsFm..TBisDesignHbookConstsForm
 0001:00026AD4       BisDesignHbookConstsFm..TBisDesignHbookConstsFormIface
 0002:00000494       BisDesignHbookConstsFm.BisDesignHbookConstsFm
 0004:00000164       BisDesignHbookConstsFm.BisDesignHbookConstsForm
 0001:00026DB0       BisDesignHbookConstsFm.Finalization
 0001:00026D78       BisDesignHbookConstsFm.TBisDesignHbookConstsForm.Create
 0001:00026C20       BisDesignHbookConstsFm.TBisDesignHbookConstsFormIface.Create
 0004:000000C0       BisDesignHbookDocumentEditFm..6
 0001:000148E0       BisDesignHbookDocumentEditFm..TBisDesignHbookDocumentDeleteFormIface
 0001:000140E8       BisDesignHbookDocumentEditFm..TBisDesignHbookDocumentEditForm
 0001:000144D0       BisDesignHbookDocumentEditFm..TBisDesignHbookDocumentEditFormIface
 0001:00014628       BisDesignHbookDocumentEditFm..TBisDesignHbookDocumentInsertFormIface
 0001:00014784       BisDesignHbookDocumentEditFm..TBisDesignHbookDocumentUpdateFormIface
 0002:000003DC       BisDesignHbookDocumentEditFm.BisDesignHbookDocumentEditFm
 0004:000000BC       BisDesignHbookDocumentEditFm.BisDesignHbookDocumentEditForm
 0001:00015C2C       BisDesignHbookDocumentEditFm.Finalization
 0001:00014E38       BisDesignHbookDocumentEditFm.TBisDesignHbookDocumentDeleteFormIface.Create
 0001:00014F1C       BisDesignHbookDocumentEditFm.TBisDesignHbookDocumentEditForm.BeforeShow
 0001:00015AF4       BisDesignHbookDocumentEditFm.TBisDesignHbookDocumentEditForm.ButtonClearClick
 0001:00015878       BisDesignHbookDocumentEditFm.TBisDesignHbookDocumentEditForm.ButtonLoadClick
 0001:000159D0       BisDesignHbookDocumentEditFm.TBisDesignHbookDocumentEditForm.ButtonSaveClick
 0001:0001516C       BisDesignHbookDocumentEditFm.TBisDesignHbookDocumentEditForm.ChangeInterfaceId
 0001:000153E8       BisDesignHbookDocumentEditFm.TBisDesignHbookDocumentEditForm.ChangeParam
 0001:00015B2C       BisDesignHbookDocumentEditFm.TBisDesignHbookDocumentEditForm.CheckParam
 0001:00014EBC       BisDesignHbookDocumentEditFm.TBisDesignHbookDocumentEditForm.Create
 0001:00014EF4       BisDesignHbookDocumentEditFm.TBisDesignHbookDocumentEditForm.Destroy
 0001:0001506C       BisDesignHbookDocumentEditFm.TBisDesignHbookDocumentEditForm.EditDocumentChange
 0001:00015BF4       BisDesignHbookDocumentEditFm.TBisDesignHbookDocumentEditForm.Execute
 0001:000157C8       BisDesignHbookDocumentEditFm.TBisDesignHbookDocumentEditForm.GetOleClass
 0001:00014A3C       BisDesignHbookDocumentEditFm.TBisDesignHbookDocumentEditFormIface.Create
 0001:00014D30       BisDesignHbookDocumentEditFm.TBisDesignHbookDocumentInsertFormIface.Create
 0001:00014DB4       BisDesignHbookDocumentEditFm.TBisDesignHbookDocumentUpdateFormIface.Create
 0004:00000158       BisDesignHbookDocumentsFm..3
 0001:0002582C       BisDesignHbookDocumentsFm..TBisDesignHbookDocumentsForm
 0001:00025A2C       BisDesignHbookDocumentsFm..TBisDesignHbookDocumentsFormIface
 0002:00000484       BisDesignHbookDocumentsFm.BisDesignHbookDocumentsFm
 0004:00000154       BisDesignHbookDocumentsFm.BisDesignHbookDocumentsForm
 0001:00025D38       BisDesignHbookDocumentsFm.Finalization
 0001:00025D00       BisDesignHbookDocumentsFm.TBisDesignHbookDocumentsForm.Create
 0001:00025B84       BisDesignHbookDocumentsFm.TBisDesignHbookDocumentsFormIface.Create
 0004:00000190       BisDesignHbookExchangeEditFm..6
 0001:0002C530       BisDesignHbookExchangeEditFm..TBisDesignHbookExchangeDeleteFormIface
 0001:0002BCD8       BisDesignHbookExchangeEditFm..TBisDesignHbookExchangeEditForm
 0001:0002C120       BisDesignHbookExchangeEditFm..TBisDesignHbookExchangeEditFormIface
 0001:0002C278       BisDesignHbookExchangeEditFm..TBisDesignHbookExchangeInsertFormIface
 0001:0002C3D4       BisDesignHbookExchangeEditFm..TBisDesignHbookExchangeUpdateFormIface
 0002:000004BC       BisDesignHbookExchangeEditFm.BisDesignHbookExchangeEditFm
 0004:0000018C       BisDesignHbookExchangeEditFm.BisDesignHbookExchangeEditForm
 0001:0002D080       BisDesignHbookExchangeEditFm.Finalization
 0001:0002CAD0       BisDesignHbookExchangeEditFm.TBisDesignHbookExchangeDeleteFormIface.Create
 0001:0002CCB4       BisDesignHbookExchangeEditFm.TBisDesignHbookExchangeEditForm.BeforeShow
 0001:0002CD10       BisDesignHbookExchangeEditFm.TBisDesignHbookExchangeEditForm.ButtonScriptClick
 0001:0002CF88       BisDesignHbookExchangeEditFm.TBisDesignHbookExchangeEditForm.CheckParam
 0001:0002CB2C       BisDesignHbookExchangeEditFm.TBisDesignHbookExchangeEditForm.Create
 0001:0002CBCC       BisDesignHbookExchangeEditFm.TBisDesignHbookExchangeEditForm.RefreshConnections
 0001:0002C68C       BisDesignHbookExchangeEditFm.TBisDesignHbookExchangeEditFormIface.Create
 0001:0002CA18       BisDesignHbookExchangeEditFm.TBisDesignHbookExchangeInsertFormIface.Create
 0001:0002CA74       BisDesignHbookExchangeEditFm.TBisDesignHbookExchangeUpdateFormIface.Create
 0004:00000198       BisDesignHbookExchangesFm..3
 0001:0002D0B0       BisDesignHbookExchangesFm..TBisDesignHbookExchangesForm
 0001:0002D2B0       BisDesignHbookExchangesFm..TBisDesignHbookExchangesFormIface
 0002:000004C4       BisDesignHbookExchangesFm.BisDesignHbookExchangesFm
 0004:00000194       BisDesignHbookExchangesFm.BisDesignHbookExchangesForm
 0001:0002D6D0       BisDesignHbookExchangesFm.Finalization
 0001:0002D408       BisDesignHbookExchangesFm.TBisDesignHbookExchangesFormIface.Create
 0004:00000058       BisDesignHbookFirmEditFm..7
 0001:000068DC       BisDesignHbookFirmEditFm..TBisDesignHbookFirmDeleteFormIface
 0001:00005CC0       BisDesignHbookFirmEditFm..TBisDesignHbookFirmEditForm
 0001:00006398       BisDesignHbookFirmEditFm..TBisDesignHbookFirmEditFormIface
 0001:00006634       BisDesignHbookFirmEditFm..TBisDesignHbookFirmInsertChildFormIface
 0001:000064E4       BisDesignHbookFirmEditFm..TBisDesignHbookFirmInsertFormIface
 0001:0000678C       BisDesignHbookFirmEditFm..TBisDesignHbookFirmUpdateFormIface
 0002:00000374       BisDesignHbookFirmEditFm.BisDesignHbookFirmEditFm
 0004:00000054       BisDesignHbookFirmEditFm.BisDesignHbookFirmEditForm
 0001:00007E6C       BisDesignHbookFirmEditFm.Finalization
 0001:00007D2C       BisDesignHbookFirmEditFm.TBisDesignHbookFirmDeleteFormIface.Create
 0001:00007DAC       BisDesignHbookFirmEditFm.TBisDesignHbookFirmEditForm.EditSmallNameExit
 0001:00006A2C       BisDesignHbookFirmEditFm.TBisDesignHbookFirmEditFormIface.Create
 0001:00007AB8       BisDesignHbookFirmEditFm.TBisDesignHbookFirmInsertChildFormIface.Create
 0001:00007B44       BisDesignHbookFirmEditFm.TBisDesignHbookFirmInsertChildFormIface.CreateForm
 0001:00007854       BisDesignHbookFirmEditFm.TBisDesignHbookFirmInsertFormIface.Create
 0001:00007944       BisDesignHbookFirmEditFm.TBisDesignHbookFirmInsertFormIface.CreateForm
 0001:00007CA8       BisDesignHbookFirmEditFm.TBisDesignHbookFirmUpdateFormIface.Create
 0004:00000060       BisDesignHbookFirmsFm..3
 0001:00007E9C       BisDesignHbookFirmsFm..TBisDesignHbookFirmsForm
 0001:00008090       BisDesignHbookFirmsFm..TBisDesignHbookFirmsFormIface
 0002:0000037C       BisDesignHbookFirmsFm.BisDesignHbookFirmsFm
 0004:0000005C       BisDesignHbookFirmsFm.BisDesignHbookFirmsForm
 0001:00008850       BisDesignHbookFirmsFm.Finalization
 0001:000081DC       BisDesignHbookFirmsFm.TBisDesignHbookFirmsFormIface.Create
 0004:00000024       BisDesignHbookFirmTypeEditFm..6
 0001:0000237C       BisDesignHbookFirmTypeEditFm..TBisDesignHbookFirmTypeDeleteFormIface
 0001:00001CB0       BisDesignHbookFirmTypeEditFm..TBisDesignHbookFirmTypeEditForm
 0001:00001F6C       BisDesignHbookFirmTypeEditFm..TBisDesignHbookFirmTypeEditFormIface
 0001:000020C4       BisDesignHbookFirmTypeEditFm..TBisDesignHbookFirmTypeInsertFormIface
 0001:00002220       BisDesignHbookFirmTypeEditFm..TBisDesignHbookFirmTypeUpdateFormIface
 0002:0000033C       BisDesignHbookFirmTypeEditFm.BisDesignHbookFirmTypeEditFm
 0004:00000020       BisDesignHbookFirmTypeEditFm.BisDesignHbookFirmTypeEditForm
 0001:0000278C       BisDesignHbookFirmTypeEditFm.Finalization
 0001:00002730       BisDesignHbookFirmTypeEditFm.TBisDesignHbookFirmTypeDeleteFormIface.Create
 0001:000024D8       BisDesignHbookFirmTypeEditFm.TBisDesignHbookFirmTypeEditFormIface.Create
 0001:00002678       BisDesignHbookFirmTypeEditFm.TBisDesignHbookFirmTypeInsertFormIface.Create
 0001:000026D4       BisDesignHbookFirmTypeEditFm.TBisDesignHbookFirmTypeUpdateFormIface.Create
 0004:0000002C       BisDesignHbookFirmTypesFm..3
 0001:000027BC       BisDesignHbookFirmTypesFm..TBisDesignHbookFirmTypesForm
 0001:000029BC       BisDesignHbookFirmTypesFm..TBisDesignHbookFirmTypesFormIface
 0002:00000344       BisDesignHbookFirmTypesFm.BisDesignHbookFirmTypesFm
 0004:00000028       BisDesignHbookFirmTypesFm.BisDesignHbookFirmTypesForm
 0001:00002C94       BisDesignHbookFirmTypesFm.Finalization
 0001:00002B14       BisDesignHbookFirmTypesFm.TBisDesignHbookFirmTypesFormIface.Create
 0004:000000A0       BisDesignHbookInterfaceEditFm..6
 0001:0000F9F0       BisDesignHbookInterfaceEditFm..TBisDesignHbookInterfaceDeleteFormIface
 0001:0000F2C0       BisDesignHbookInterfaceEditFm..TBisDesignHbookInterfaceEditForm
 0001:0000F5DC       BisDesignHbookInterfaceEditFm..TBisDesignHbookInterfaceEditFormIface
 0001:0000F738       BisDesignHbookInterfaceEditFm..TBisDesignHbookInterfaceInsertFormIface
 0001:0000F894       BisDesignHbookInterfaceEditFm..TBisDesignHbookInterfaceUpdateFormIface
 0002:000003BC       BisDesignHbookInterfaceEditFm.BisDesignHbookInterfaceEditFm
 0004:0000009C       BisDesignHbookInterfaceEditFm.BisDesignHbookInterfaceEditForm
 0001:00010168       BisDesignHbookInterfaceEditFm.Finalization
 0001:0000FF04       BisDesignHbookInterfaceEditFm.TBisDesignHbookInterfaceDeleteFormIface.Create
 0001:00010048       BisDesignHbookInterfaceEditFm.TBisDesignHbookInterfaceEditForm.ChangeParam
 0001:0000FF94       BisDesignHbookInterfaceEditFm.TBisDesignHbookInterfaceEditForm.Create
 0001:00010130       BisDesignHbookInterfaceEditFm.TBisDesignHbookInterfaceEditForm.Execute
 0001:0000FB4C       BisDesignHbookInterfaceEditFm.TBisDesignHbookInterfaceEditFormIface.Create
 0001:0000FDE4       BisDesignHbookInterfaceEditFm.TBisDesignHbookInterfaceInsertFormIface.Create
 0001:0000FE74       BisDesignHbookInterfaceEditFm.TBisDesignHbookInterfaceUpdateFormIface.Create
 0004:00000098       BisDesignHbookInterfaceFilterFm..3
 0001:0000E848       BisDesignHbookInterfaceFilterFm..TBisDesignHbookInterfaceFilterForm
 0001:0000EB74       BisDesignHbookInterfaceFilterFm..TBisDesignHbookInterfaceFilterFormIface
 0002:000003B4       BisDesignHbookInterfaceFilterFm.BisDesignHbookInterfaceFilterFm
 0004:00000094       BisDesignHbookInterfaceFilterFm.BisDesignHbookInterfaceFilterForm
 0001:0000F290       BisDesignHbookInterfaceFilterFm.Finalization
 0001:0000ECD4       BisDesignHbookInterfaceFilterFm.GetInterfaceTypeByIndex
 0001:0000F124       BisDesignHbookInterfaceFilterFm.TBisDesignHbookInterfaceFilterForm.ChangeParam
 0001:0000EFEC       BisDesignHbookInterfaceFilterFm.TBisDesignHbookInterfaceFilterForm.Create
 0001:0000ED78       BisDesignHbookInterfaceFilterFm.TBisDesignHbookInterfaceFilterFormIface.Create
 0004:000000A8       BisDesignHbookInterfacesFm..3
 0001:00010198       BisDesignHbookInterfacesFm..TBisDesignHbookInterfacesForm
 0001:00010408       BisDesignHbookInterfacesFm..TBisDesignHbookInterfacesFormIface
 0002:000003C4       BisDesignHbookInterfacesFm.BisDesignHbookInterfacesFm
 0004:000000A4       BisDesignHbookInterfacesFm.BisDesignHbookInterfacesForm
 0001:00010610       BisDesignHbookInterfacesFm.Finalization
 0001:000105B0       BisDesignHbookInterfacesFm.TBisDesignHbookInterfacesForm.Create
 0001:00010608       BisDesignHbookInterfacesFm.TBisDesignHbookInterfacesForm.GetDataFrameClass
 0001:00010560       BisDesignHbookInterfacesFm.TBisDesignHbookInterfacesFormIface.Create
 0004:000000C4       BisDesignHbookInterfacesFrm..3
 0001:00015D2C       BisDesignHbookInterfacesFrm..TBisDesignHbookInterfacesFrame
 0001:00015C5C       BisDesignHbookInterfacesFrm..TBisDesignHbookReportsFrameIfaces
 0002:000003E4       BisDesignHbookInterfacesFrm.BisDesignHbookInterfacesFrm
 0001:00017444       BisDesignHbookInterfacesFrm.Finalization
 0001:00016FE8       BisDesignHbookInterfacesFrm.LocalShow
 0001:00016FB4       BisDesignHbookInterfacesFrm.TBisDesignHbookInterfacesFrame.ActionInterfaceShowExecute
 0001:00016F74       BisDesignHbookInterfacesFrm.TBisDesignHbookInterfacesFrame.ActionInterfaceShowUpdate
 0001:00016F90       BisDesignHbookInterfacesFrm.TBisDesignHbookInterfacesFrame.ActionPermissionsExecute
 0001:00016F98       BisDesignHbookInterfacesFrm.TBisDesignHbookInterfacesFrame.ActionPermissionsUpdate
 0001:00016FBC       BisDesignHbookInterfacesFrm.TBisDesignHbookInterfacesFrame.CanInterfaceShow
 0001:00017248       BisDesignHbookInterfacesFrm.TBisDesignHbookInterfacesFrame.CanPermissions
 0001:000162A8       BisDesignHbookInterfacesFrm.TBisDesignHbookInterfacesFrame.Create
 0001:00016684       BisDesignHbookInterfacesFrm.TBisDesignHbookInterfacesFrame.Destroy
 0001:00016F38       BisDesignHbookInterfacesFrm.TBisDesignHbookInterfacesFrame.GetCurrentDeleteClass
 0001:00016EC0       BisDesignHbookInterfacesFrm.TBisDesignHbookInterfacesFrame.GetCurrentDuplicateClass
 0001:00016EFC       BisDesignHbookInterfacesFrm.TBisDesignHbookInterfacesFrame.GetCurrentUpdateClass
 0001:00016D0C       BisDesignHbookInterfacesFrm.TBisDesignHbookInterfacesFrame.GetDocumentClass
 0001:0001675C       BisDesignHbookInterfacesFrm.TBisDesignHbookInterfacesFrame.GetInterfaceType
 0001:000166B4       BisDesignHbookInterfacesFrm.TBisDesignHbookInterfacesFrame.GetInterfaceTypeName
 0001:000167C0       BisDesignHbookInterfacesFrm.TBisDesignHbookInterfacesFrame.GetInternalClass
 0001:00016B2C       BisDesignHbookInterfacesFrm.TBisDesignHbookInterfacesFrame.GetReportClass
 0001:0001694C       BisDesignHbookInterfacesFrm.TBisDesignHbookInterfacesFrame.GetScriptClass
 0001:0001712C       BisDesignHbookInterfacesFrm.TBisDesignHbookInterfacesFrame.InterfaceShow
 0001:00017274       BisDesignHbookInterfacesFrm.TBisDesignHbookInterfacesFrame.Permissions
 0001:00016138       BisDesignHbookInterfacesFrm.TBisDesignHbookReportsFrameIfaces.FindByClass
 0001:00016204       BisDesignHbookInterfacesFrm.TBisDesignHbookReportsFrameIfaces.FindPermissionById
 0004:00000040       BisDesignHbookLocalitiesFm..3
 0001:00003FB0       BisDesignHbookLocalitiesFm..TBisDesignHbookLocalitiesForm
 0001:000041B4       BisDesignHbookLocalitiesFm..TBisDesignHbookLocalitiesFormIface
 0002:0000035C       BisDesignHbookLocalitiesFm.BisDesignHbookLocalitiesFm
 0004:0000003C       BisDesignHbookLocalitiesFm.BisDesignHbookLocalitiesForm
 0001:00004464       BisDesignHbookLocalitiesFm.Finalization
 0001:0000445C       BisDesignHbookLocalitiesFm.TBisDesignHbookLocalitiesForm.GetDataFrameClass
 0001:0000430C       BisDesignHbookLocalitiesFm.TBisDesignHbookLocalitiesFormIface.Create
 0004:00000030       BisDesignHbookLocalitiesFrm..3
 0001:00002DD4       BisDesignHbookLocalitiesFrm..TBisDesignHbookLocalitiesFrame
 0001:00002D04       BisDesignHbookLocalitiesFrm..TBisDesignHbookStreetsFrameIfaces
 0002:0000034C       BisDesignHbookLocalitiesFrm.BisDesignHbookLocalitiesFrm
 0001:00003514       BisDesignHbookLocalitiesFrm.Finalization
 0001:00003250       BisDesignHbookLocalitiesFrm.TBisDesignHbookLocalitiesFrame.ActionStreetsExecute
 0001:00003258       BisDesignHbookLocalitiesFrm.TBisDesignHbookLocalitiesFrame.ActionStreetsUpdate
 0001:00003274       BisDesignHbookLocalitiesFrm.TBisDesignHbookLocalitiesFrame.CanStreets
 0001:000031D8       BisDesignHbookLocalitiesFrm.TBisDesignHbookLocalitiesFrame.Create
 0001:00003220       BisDesignHbookLocalitiesFrm.TBisDesignHbookLocalitiesFrame.Destroy
 0001:0000330C       BisDesignHbookLocalitiesFrm.TBisDesignHbookLocalitiesFrame.Streets
 0001:00003134       BisDesignHbookLocalitiesFrm.TBisDesignHbookStreetsFrameIfaces.FindById
 0004:00000038       BisDesignHbookLocalityEditFm..6
 0001:00003BDC       BisDesignHbookLocalityEditFm..TBisDesignHbookLocalityDeleteFormIface
 0001:00003544       BisDesignHbookLocalityEditFm..TBisDesignHbookLocalityEditForm
 0001:000037CC       BisDesignHbookLocalityEditFm..TBisDesignHbookLocalityEditFormIface
 0001:00003924       BisDesignHbookLocalityEditFm..TBisDesignHbookLocalityInsertFormIface
 0001:00003A80       BisDesignHbookLocalityEditFm..TBisDesignHbookLocalityUpdateFormIface
 0002:00000354       BisDesignHbookLocalityEditFm.BisDesignHbookLocalityEditFm
 0004:00000034       BisDesignHbookLocalityEditFm.BisDesignHbookLocalityEditForm
 0001:00003F80       BisDesignHbookLocalityEditFm.Finalization
 0001:00003F24       BisDesignHbookLocalityEditFm.TBisDesignHbookLocalityDeleteFormIface.Create
 0001:00003D38       BisDesignHbookLocalityEditFm.TBisDesignHbookLocalityEditFormIface.Create
 0001:00003E6C       BisDesignHbookLocalityEditFm.TBisDesignHbookLocalityInsertFormIface.Create
 0001:00003EC8       BisDesignHbookLocalityEditFm.TBisDesignHbookLocalityUpdateFormIface.Create
 0004:00000170       BisDesignHbookLockEditFm..6
 0001:000275C0       BisDesignHbookLockEditFm..TBisDesignHbookLockDeleteFormIface
 0001:00026DE0       BisDesignHbookLockEditFm..TBisDesignHbookLockEditForm
 0001:000271D4       BisDesignHbookLockEditFm..TBisDesignHbookLockEditFormIface
 0001:00027320       BisDesignHbookLockEditFm..TBisDesignHbookLockInsertFormIface
 0001:00027470       BisDesignHbookLockEditFm..TBisDesignHbookLockUpdateFormIface
 0002:0000049C       BisDesignHbookLockEditFm.BisDesignHbookLockEditFm
 0004:0000016C       BisDesignHbookLockEditFm.BisDesignHbookLockEditForm
 0001:00027D50       BisDesignHbookLockEditFm.Finalization
 0001:00027C1C       BisDesignHbookLockEditFm.TBisDesignHbookLockDeleteFormIface.Create
 0001:00027CAC       BisDesignHbookLockEditFm.TBisDesignHbookLockEditForm.BeforeShow
 0001:00027C74       BisDesignHbookLockEditFm.TBisDesignHbookLockEditForm.Create
 0001:00027710       BisDesignHbookLockEditFm.TBisDesignHbookLockEditFormIface.Create
 0001:00027B6C       BisDesignHbookLockEditFm.TBisDesignHbookLockInsertFormIface.Create
 0001:00027BC4       BisDesignHbookLockEditFm.TBisDesignHbookLockUpdateFormIface.Create
 0004:00000178       BisDesignHbookLocksFm..3
 0001:00027D80       BisDesignHbookLocksFm..TBisDesignHbookLocksForm
 0001:00027F74       BisDesignHbookLocksFm..TBisDesignHbookLocksFormIface
 0004:00000174       BisDesignHbookLocksFm.BiDesignHbookLocksForm
 0002:000004A4       BisDesignHbookLocksFm.BisDesignHbookLocksFm
 0001:0002838C       BisDesignHbookLocksFm.Finalization
 0001:000280C0       BisDesignHbookLocksFm.TBisDesignHbookLocksFormIface.Create
 0004:00000120       BisDesignHbookMenuEditFm..7
 0001:0001F934       BisDesignHbookMenuEditFm..TBisApplicationInfo
 0001:0001F7E4       BisDesignHbookMenuEditFm..TBisDesignHbookMenuDeleteFormIface
 0001:0001EDFC       BisDesignHbookMenuEditFm..TBisDesignHbookMenuEditForm
 0001:0001F2A0       BisDesignHbookMenuEditFm..TBisDesignHbookMenuEditFormIface
 0001:0001F53C       BisDesignHbookMenuEditFm..TBisDesignHbookMenuInsertChildFormIface
 0001:0001F3EC       BisDesignHbookMenuEditFm..TBisDesignHbookMenuInsertFormIface
 0001:0001F694       BisDesignHbookMenuEditFm..TBisDesignHbookMenuUpdateFormIface
 0002:00000444       BisDesignHbookMenuEditFm.BisDesignHbookMenuEditFm
 0004:0000011C       BisDesignHbookMenuEditFm.BisDesignHbookMenuEditForm
 0001:00020FA4       BisDesignHbookMenuEditFm.Finalization
 0001:00020284       BisDesignHbookMenuEditFm.TBisDesignHbookMenuDeleteFormIface.Create
 0001:00020538       BisDesignHbookMenuEditFm.TBisDesignHbookMenuEditForm.BeforeShow
 0001:00020574       BisDesignHbookMenuEditFm.TBisDesignHbookMenuEditForm.ButtonClearClick
 0001:000205B8       BisDesignHbookMenuEditFm.TBisDesignHbookMenuEditForm.ButtonLoadClick
 0001:00020650       BisDesignHbookMenuEditFm.TBisDesignHbookMenuEditForm.ButtonSaveClick
 0001:0002032C       BisDesignHbookMenuEditFm.TBisDesignHbookMenuEditForm.ChangeParam
 0001:00020508       BisDesignHbookMenuEditFm.TBisDesignHbookMenuEditForm.ChangesExists
 0001:00020528       BisDesignHbookMenuEditFm.TBisDesignHbookMenuEditForm.CheckListBoxApplicationsClickCheck
 0001:000202DC       BisDesignHbookMenuEditFm.TBisDesignHbookMenuEditForm.Create
 0001:00020B50       BisDesignHbookMenuEditFm.TBisDesignHbookMenuEditForm.DeleteApplicationMenus
 0001:00020EFC       BisDesignHbookMenuEditFm.TBisDesignHbookMenuEditForm.Execute
 0001:00020D44       BisDesignHbookMenuEditFm.TBisDesignHbookMenuEditForm.InsertApplicationMenus
 0001:00020904       BisDesignHbookMenuEditFm.TBisDesignHbookMenuEditForm.RefreshApplicationMenus
 0001:0002070C       BisDesignHbookMenuEditFm.TBisDesignHbookMenuEditForm.RefreshApplications
 0001:0001F9A8       BisDesignHbookMenuEditFm.TBisDesignHbookMenuEditFormIface.Create
 0001:0001FD10       BisDesignHbookMenuEditFm.TBisDesignHbookMenuEditFormIface.PictureIdChange
 0001:00020058       BisDesignHbookMenuEditFm.TBisDesignHbookMenuInsertChildFormIface.Create
 0001:000200DC       BisDesignHbookMenuEditFm.TBisDesignHbookMenuInsertChildFormIface.CreateForm
 0001:0001FEA0       BisDesignHbookMenuEditFm.TBisDesignHbookMenuInsertFormIface.Create
 0001:0001FEF8       BisDesignHbookMenuEditFm.TBisDesignHbookMenuInsertFormIface.CreateForm
 0001:0002022C       BisDesignHbookMenuEditFm.TBisDesignHbookMenuUpdateFormIface.Create
 0004:00000128       BisDesignHbookMenusFm..3
 0001:00020FD4       BisDesignHbookMenusFm..TBisDesignHbookMenusForm
 0001:000211C8       BisDesignHbookMenusFm..TBisDesignHbookMenusFormIface
 0002:0000044C       BisDesignHbookMenusFm.BisDesignHbookMenusFm
 0004:00000124       BisDesignHbookMenusFm.BisDesignHbookMenusForm
 0001:0002157C       BisDesignHbookMenusFm.Finalization
 0001:00021314       BisDesignHbookMenusFm.TBisDesignHbookMenusFormIface.Create
 0004:000000CC       BisDesignHbookPermissionEditFm..6
 0001:00017BD4       BisDesignHbookPermissionEditFm..TBisDesignHbookPermissionDeleteFormIface
 0001:00017474       BisDesignHbookPermissionEditFm..TBisDesignHbookPermissionEditForm
 0001:000177B0       BisDesignHbookPermissionEditFm..TBisDesignHbookPermissionEditFormIface
 0001:0001790C       BisDesignHbookPermissionEditFm..TBisDesignHbookPermissionInsertFormIface
 0001:00017A70       BisDesignHbookPermissionEditFm..TBisDesignHbookPermissionUpdateFormIface
 0002:000003EC       BisDesignHbookPermissionEditFm.BisDesignHbookPermissionEditFm
 0004:000000C8       BisDesignHbookPermissionEditFm.BisDesignHbookPermissionEditForm
 0001:00018668       BisDesignHbookPermissionEditFm.FillDocument
 0001:0001828C       BisDesignHbookPermissionEditFm.FillInternal
 0001:000184A0       BisDesignHbookPermissionEditFm.FillReport
 0001:000182D8       BisDesignHbookPermissionEditFm.FillScript
 0001:00018B68       BisDesignHbookPermissionEditFm.Finalization
 0001:000180F8       BisDesignHbookPermissionEditFm.TBisDesignHbookPermissionDeleteFormIface.Create
 0001:000181C8       BisDesignHbookPermissionEditFm.TBisDesignHbookPermissionEditForm.CanShow
 0001:00018958       BisDesignHbookPermissionEditFm.TBisDesignHbookPermissionEditForm.ChangeParam
 0001:00018158       BisDesignHbookPermissionEditFm.TBisDesignHbookPermissionEditForm.Destroy
 0001:00018190       BisDesignHbookPermissionEditFm.TBisDesignHbookPermissionEditForm.Execute
 0001:000186C8       BisDesignHbookPermissionEditFm.TBisDesignHbookPermissionEditForm.FillPermissions
 0001:00018220       BisDesignHbookPermissionEditFm.TBisDesignHbookPermissionEditForm.GetIfacePermissions
 0001:00017D38       BisDesignHbookPermissionEditFm.TBisDesignHbookPermissionEditFormIface.Create
 0001:00017FD8       BisDesignHbookPermissionEditFm.TBisDesignHbookPermissionEditFormIface.CreateForm
 0001:00018038       BisDesignHbookPermissionEditFm.TBisDesignHbookPermissionInsertFormIface.Create
 0001:00018098       BisDesignHbookPermissionEditFm.TBisDesignHbookPermissionUpdateFormIface.Create
 0004:000000D4       BisDesignHbookPermissionsFm..4
 0001:00018E6C       BisDesignHbookPermissionsFm..TBisDesignHbookPermissionsForm
 0001:00019070       BisDesignHbookPermissionsFm..TBisDesignHbookPermissionsFormIface
 0001:00018B98       BisDesignHbookPermissionsFm..TBisDesignHbookPermissionsFrame
 0004:000000D0       BisDesignHbookPermissionsFm.BiDesignHbookPermissionsForm
 0002:000003F4       BisDesignHbookPermissionsFm.BisDesignHbookPermissionsFm
 0001:000195DC       BisDesignHbookPermissionsFm.Finalization
 0001:000195D4       BisDesignHbookPermissionsFm.TBisDesignHbookPermissionsForm.GetDataFrameClass
 0001:000192F8       BisDesignHbookPermissionsFm.TBisDesignHbookPermissionsFormIface.Create
 0001:0001958C       BisDesignHbookPermissionsFm.TBisDesignHbookPermissionsFormIface.CreateForm
 0001:000191E8       BisDesignHbookPermissionsFm.TBisDesignHbookPermissionsFrame.BeforeIfaceExecute
 0004:00000108       BisDesignHbookProfileEditFm..6
 0001:0001D4BC       BisDesignHbookProfileEditFm..TBisDesignHbookProfileDeleteFormIface
 0001:0001CDD4       BisDesignHbookProfileEditFm..TBisDesignHbookProfileEditForm
 0001:0001D0B8       BisDesignHbookProfileEditFm..TBisDesignHbookProfileEditFormIface
 0001:0001D20C       BisDesignHbookProfileEditFm..TBisDesignHbookProfileInsertFormIface
 0001:0001D364       BisDesignHbookProfileEditFm..TBisDesignHbookProfileUpdateFormIface
 0002:0000042C       BisDesignHbookProfileEditFm.BisDesignHbookProfileEditFm
 0004:00000104       BisDesignHbookProfileEditFm.BisDesignHbookProfileEditForm
 0001:0001D968       BisDesignHbookProfileEditFm.Finalization
 0001:0001D90C       BisDesignHbookProfileEditFm.TBisDesignHbookProfileDeleteFormIface.Create
 0001:0001D614       BisDesignHbookProfileEditFm.TBisDesignHbookProfileEditFormIface.Create
 0001:0001D854       BisDesignHbookProfileEditFm.TBisDesignHbookProfileInsertFormIface.Create
 0001:0001D8B0       BisDesignHbookProfileEditFm.TBisDesignHbookProfileUpdateFormIface.Create
 0004:00000110       BisDesignHbookProfilesFm..3
 0001:0001D998       BisDesignHbookProfilesFm..TBisDesignHbookProfilesForm
 0001:0001DB94       BisDesignHbookProfilesFm..TBisDesignHbookProfilesFormIface
 0004:0000010C       BisDesignHbookProfilesFm.BiDesignHbookProfilesForm
 0002:00000434       BisDesignHbookProfilesFm.BisDesignHbookProfilesFm
 0001:0001DE98       BisDesignHbookProfilesFm.Finalization
 0001:0001DCE8       BisDesignHbookProfilesFm.TBisDesignHbookProfilesFormIface.Create
 0004:000000B0       BisDesignHbookReportEditFm..6
 0001:00010E44       BisDesignHbookReportEditFm..TBisDesignHbookReportDeleteFormIface
 0001:00010640       BisDesignHbookReportEditFm..TBisDesignHbookReportEditForm
 0001:00010A44       BisDesignHbookReportEditFm..TBisDesignHbookReportEditFormIface
 0001:00010B94       BisDesignHbookReportEditFm..TBisDesignHbookReportInsertFormIface
 0001:00010CEC       BisDesignHbookReportEditFm..TBisDesignHbookReportUpdateFormIface
 0002:000003CC       BisDesignHbookReportEditFm.BisDesignHbookReportEditFm
 0004:000000AC       BisDesignHbookReportEditFm.BisDesignHbookReportEditForm
 0001:00012624       BisDesignHbookReportEditFm.Finalization
 0001:0001138C       BisDesignHbookReportEditFm.TBisDesignHbookReportDeleteFormIface.Create
 0001:00011504       BisDesignHbookReportEditFm.TBisDesignHbookReportEditForm.BeforeShow
 0001:0001208C       BisDesignHbookReportEditFm.TBisDesignHbookReportEditForm.ButtonClearClick
 0001:00012194       BisDesignHbookReportEditFm.TBisDesignHbookReportEditForm.ButtonEditorClick
 0001:00011E84       BisDesignHbookReportEditFm.TBisDesignHbookReportEditForm.ButtonLoadClick
 0001:00011F64       BisDesignHbookReportEditFm.TBisDesignHbookReportEditForm.ButtonSaveClick
 0001:0001179C       BisDesignHbookReportEditFm.TBisDesignHbookReportEditForm.ChangeInterfaceId
 0001:00011A08       BisDesignHbookReportEditFm.TBisDesignHbookReportEditForm.ChangeParam
 0001:000120D0       BisDesignHbookReportEditFm.TBisDesignHbookReportEditForm.CheckParam
 0001:0001140C       BisDesignHbookReportEditFm.TBisDesignHbookReportEditForm.Create
 0001:000114D4       BisDesignHbookReportEditFm.TBisDesignHbookReportEditForm.Destroy
 0001:000121E4       BisDesignHbookReportEditFm.TBisDesignHbookReportEditForm.EditorSaveChanges
 0001:000116A0       BisDesignHbookReportEditFm.TBisDesignHbookReportEditForm.EditReportChange
 0001:000125EC       BisDesignHbookReportEditFm.TBisDesignHbookReportEditForm.Execute
 0001:0001219C       BisDesignHbookReportEditFm.TBisDesignHbookReportEditForm.GetReportEditorClass
 0001:00012354       BisDesignHbookReportEditFm.TBisDesignHbookReportEditForm.RunEditor
 0001:00010F9C       BisDesignHbookReportEditFm.TBisDesignHbookReportEditFormIface.Create
 0001:0001128C       BisDesignHbookReportEditFm.TBisDesignHbookReportInsertFormIface.Create
 0001:0001130C       BisDesignHbookReportEditFm.TBisDesignHbookReportUpdateFormIface.Create
 0004:00000134       BisDesignHbookReportsFm..3
 0001:00022960       BisDesignHbookReportsFm..TBisDesignHbookReportsForm
 0001:00022B58       BisDesignHbookReportsFm..TBisDesignHbookReportsFormIface
 0002:0000045C       BisDesignHbookReportsFm.BisDesignHbookReportsFm
 0004:00000130       BisDesignHbookReportsFm.BisDesignHbookReportsForm
 0001:00022ED8       BisDesignHbookReportsFm.Finalization
 0001:00022E8C       BisDesignHbookReportsFm.TBisDesignHbookReportsForm.Create
 0001:00022EC4       BisDesignHbookReportsFm.TBisDesignHbookReportsForm.GetDataFrame
 0001:00022ED0       BisDesignHbookReportsFm.TBisDesignHbookReportsForm.GetDataFrameClass
 0001:00022E7C       BisDesignHbookReportsFm.TBisDesignHbookReportsFormIface.CanReportEdit
 0001:00022CA8       BisDesignHbookReportsFm.TBisDesignHbookReportsFormIface.Create
 0001:00022E2C       BisDesignHbookReportsFm.TBisDesignHbookReportsFormIface.CreateForm
 0001:00022E20       BisDesignHbookReportsFm.TBisDesignHbookReportsFormIface.GetLastForm
 0004:0000012C       BisDesignHbookReportsFrm..4
[...]

   424 0002:000004AC

Line numbers for BisDesignHbookTasksFm(imdesign.bpl\BisDesignHbookTasksFm.pas) segment .text

    35 0001:0002B600    36 0001:0002B613    37 0001:0002B61C    38 0001:0002B624
    39 0001:0002B62F    40 0001:0002B63C    41 0001:0002B647    42 0001:0002B652
    43 0001:0002B659    44 0001:0002B65D    45 0001:0002B66D    46 0001:0002B673
    47 0001:0002B67F    48 0001:0002B68B    49 0001:0002B697    50 0001:0002B6A3
    51 0001:0002B6AF    52 0001:0002B6BB    53 0001:0002B6C7    54 0001:0002B6D3
    55 0001:0002B6DF    56 0001:0002B6EB    57 0001:0002B6F7    58 0001:0002B703
    59 0001:0002B70F    60 0001:0002B71B    61 0001:0002B727    62 0001:0002B733
    63 0001:0002B73F    64 0001:0002B74B    65 0001:0002B757    66 0001:0002B763
    67 0001:0002B76F    68 0001:0002B77B    69 0001:0002B787    70 0001:0002B793
    71 0001:0002B79F    72 0001:0002B7AB    73 0001:0002B7B7    74 0001:0002B7C3
    75 0001:0002B7CF    76 0001:0002B7DB    77 0001:0002B7E7    78 0001:0002B7F3
    79 0001:0002B7FF    80 0001:0002B80B    81 0001:0002B817    82 0001:0002B823
    83 0001:0002B82F    84 0001:0002B83B    85 0001:0002B847    86 0001:0002B853
    87 0001:0002B869    88 0001:0002B87C    89 0001:0002B892    91 0001:0002B8A5
    92 0001:0002B8B7

Line numbers for BisDesignHbookTasksFm(imdesign.bpl\BisDesignHbookTasksFm.pas) segment .itext

    94 0002:000004B4

Line numbers for BisDesignHbookExchangeEditFm(imdesign.bpl\BisDesignHbookExchangeEditFm.pas) segment .text

    74 0001:0002C68C    75 0001:0002C69F    76 0001:0002C6A8    77 0001:0002C6B0
    78 0001:0002C6B6    79 0001:0002C6CE    80 0001:0002C6DC    81 0001:0002C6EA
    82 0001:0002C6F8    83 0001:0002C706    84 0001:0002C714    85 0001:0002C72E
    86 0001:0002C73F    87 0001:0002C757    88 0001:0002C77E    89 0001:0002C7A5
    91 0001:0002C7BD    96 0001:0002CA18    97 0001:0002CA2A    98 0001:0002CA33
    99 0001:0002CA43   104 0001:0002CA74   105 0001:0002CA86   106 0001:0002CA8F
   107 0001:0002CA9F   112 0001:0002CAD0   113 0001:0002CAE2   114 0001:0002CAEB
   115 0001:0002CAFB   120 0001:0002CB2C   121 0001:0002CB3E   122 0001:0002CB47
   123 0001:0002CB5A   124 0001:0002CB6D   125 0001:0002CB7D   132 0001:0002CBCC
   133 0001:0002CBD7   134 0001:0002CBEF   135 0001:0002CBF7   136 0001:0002CC05
   137 0001:0002CC27   138 0001:0002CC3F   139 0001:0002CC48   140 0001:0002CC62
   141 0001:0002CC70   142 0001:0002CC76   144 0001:0002CC83   139 0001:0002CC86
   146 0001:0002CC89   136 0001:0002CC8C   148 0001:0002CC9E   151 0001:0002CCAE
   154 0001:0002CCB4   155 0001:0002CCB7   157 0001:0002CCBE   158 0001:0002CCCB
   159 0001:0002CCD8   160 0001:0002CCE5   161 0001:0002CCF2   162 0001:0002CCFF
   165 0001:0002CD0C   171 0001:0002CD10   172 0001:0002CD32   173 0001:0002CD34
   174 0001:0002CD51   175 0001:0002CD73   176 0001:0002CD95   177 0001:0002CDB7
   178 0001:0002CDD9   179 0001:0002CDFB   180 0001:0002CE03   181 0001:0002CE14
   182 0001:0002CE22   183 0001:0002CE2D   184 0001:0002CE3D   185 0001:0002CE5E
   186 0001:0002CE68   187 0001:0002CE7D   188 0001:0002CE8B   191 0001:0002CEC4
   195 0001:0002CED4   198 0001:0002CF88   199 0001:0002CFAC   200 0001:0002CFB8
   201 0001:0002CFCF   202 0001:0002D00A   203 0001:0002D017   204 0001:0002D023
   207 0001:0002D027

Line numbers for BisDesignHbookExchangeEditFm(imdesign.bpl\BisDesignHbookExchangeEditFm.pas) segment .itext

   210 0002:000004BC

Line numbers for BisDesignHbookExchangesFm(imdesign.bpl\BisDesignHbookExchangesFm.pas) segment .text

    35 0001:0002D408    36 0001:0002D41B    37 0001:0002D424    38 0001:0002D42C
    39 0001:0002D437    40 0001:0002D444    41 0001:0002D44F    42 0001:0002D45A
    43 0001:0002D461    44 0001:0002D465    45 0001:0002D475    46 0001:0002D47B
    47 0001:0002D487    48 0001:0002D493    49 0001:0002D49F    50 0001:0002D4AB
    51 0001:0002D4B7    52 0001:0002D4C3    53 0001:0002D4CF    54 0001:0002D4E5
    55 0001:0002D4F8    56 0001:0002D50B    57 0001:0002D51E    59 0001:0002D531
    60 0001:0002D543

Line numbers for BisDesignHbookExchangesFm(imdesign.bpl\BisDesignHbookExchangesFm.pas) segment .itext

    62 0002:000004C4

Line numbers for BisExecuteFm(imdesign.bpl\BisExecuteFm.pas) segment .text

    70 0001:0002DB8C    71 0001:0002DB91    90 0001:0002DC00    92 0001:0002DC0C
    93 0001:0002DC10    94 0001:0002DC1A    95 0001:0002DC21    96 0001:0002DC2F
    98 0001:0002DC49   101 0001:0002DC5E   103 0001:0002DC62   104 0001:0002DC68
    91 0001:0002DC70   106 0001:0002DC79   111 0001:0002DC80   112 0001:0002DC97
   113 0001:0002DCA0   114 0001:0002DCB6   115 0001:0002DCC3   116 0001:0002DCD0
   119 0001:0002DCF0   120 0001:0002DCFB   121 0001:0002DD05   122 0001:0002DD10
   123 0001:0002DD1C   126 0001:0002DD2C   127 0001:0002DD2F   128 0001:0002DD3C
   129 0001:0002DD46   133 0001:0002DD48   134 0001:0002DD50   137 0001:0002DD54
   138 0001:0002DD57   139 0001:0002DD6E   143 0001:0002DD70   144 0001:0002DD78
   147 0001:0002DD7C   148 0001:0002DD7F   149 0001:0002DD96   153 0001:0002DD98
   154 0001:0002DD9D   157 0001:0002DDA0   158 0001:0002DDA3   159 0001:0002DDBE
   163 0001:0002DDC0   166 0001:0002DDC4   167 0001:0002DDCA   169 0001:0002DDE3
   170 0001:0002DDF4   173 0001:0002DDFC   174 0001:0002DDFD   175 0001:0002DE07
   176 0001:0002DE17   180 0001:0002DE1C   181 0001:0002DE24   182 0001:0002DE2C
   186 0001:0002DE30   187 0001:0002DE3C   192 0001:0002DE40   193 0001:0002DE43
   194 0001:0002DE51   195 0001:0002DE5E   196 0001:0002DE6C   197 0001:0002DE72
   198 0001:0002DE7C   199 0001:0002DE80   200 0001:0002DE83   202 0001:0002DE88
   206 0001:0002DE8C   207 0001:0002DE96   210 0001:0002DE98   211 0001:0002DE9B
   212 0001:0002DEA9   213 0001:0002DEB4   215 0001:0002DEC1

Line numbers for BisExecuteFm(imdesign.bpl\BisExecuteFm.pas) segment .itext

   218 0002:000004CC

Line numbers for BisDesignExchangeFm(imdesign.bpl\BisDesignExchangeFm.pas) segment .text

    87 0001:0002E68C    88 0001:0002E69E    89 0001:0002E6A7    90 0001:0002E6AF
    91 0001:0002E6B6    92 0001:0002E6BA    93 0001:0002E6BE    98 0001:0002E6D8
    99 0001:0002E6EF   100 0001:0002E6F8   101 0001:0002E6FF   102 0001:0002E70C
   104 0001:0002E713   105 0001:0002E729   106 0001:0002E72C   107 0001:0002E73E
   108 0001:0002E750   109 0001:0002E762   110 0001:0002E777   111 0001:0002E789
   112 0001:0002E79B   113 0001:0002E7AD   114 0001:0002E7BF   116 0001:0002E7D1
   117 0001:0002E7DD   118 0001:0002E7E9   119 0001:0002E7F5   120 0001:0002E80B
   122 0001:0002E822   123 0001:0002E82F   125 0001:0002E840   126 0001:0002E856
   128 0001:0002E863   129 0001:0002E879   130 0001:0002E886   131 0001:0002E893
   132 0001:0002E8A0   133 0001:0002E8A7   134 0001:0002E8B4   135 0001:0002E8C1
   136 0001:0002E8CE   137 0001:0002E8DB   138 0001:0002E8E8   139 0001:0002E8F5
   140 0001:0002E902   141 0001:0002E90F   142 0001:0002E928   143 0001:0002E939
   145 0001:0002E946   147 0001:0002E95C   148 0001:0002E96C   149 0001:0002E97C
   150 0001:0002E98C   151 0001:0002E99C   152 0001:0002E9AC   153 0001:0002E9BC
   154 0001:0002E9CC   155 0001:0002E9DC   156 0001:0002E9EC   157 0001:0002E9FC
   158 0001:0002EA0C   159 0001:0002EA1C   160 0001:0002EA23   161 0001:0002EA34
   162 0001:0002EA3F   164 0001:0002EA4F   167 0001:0002ECBC   168 0001:0002ECC7
   169 0001:0002ECD2   170 0001:0002ECDD   171 0001:0002ECE8   172 0001:0002ECF4
   176 0001:0002ED04   177 0001:0002ED09   181 0001:0002ED0C   182 0001:0002ED11
   185 0001:0002ED14   186 0001:0002ED17   187 0001:0002ED2B   190 0001:0002ED30
   191 0001:0002ED33   192 0001:0002ED62   197 0001:0002ED64   198 0001:0002ED7F
   199 0001:0002EDA3   200 0001:0002EDAB   201 0001:0002EDC0   206 0001:0002EDD1
   209 0001:0002EE2F   217 0001:0002EE98   218 0001:0002EEB9   219 0001:0002EEC8
   220 0001:0002EED9   221 0001:0002EEE7   222 0001:0002EEFF   223 0001:0002EF17
   224 0001:0002EF22   225 0001:0002EF33   226 0001:0002EFA2   227 0001:0002EFAD
   228 0001:0002EFC4   229 0001:0002EFD4   230 0001:0002EFDE   232 0001:0002EFF6
   235 0001:0002F006   239 0001:0002F0A0   240 0001:0002F0A5   254 0001:0002F0A8
   255 0001:0002F0CB   256 0001:0002F0D2   257 0001:0002F0DF   258 0001:0002F0EE
   259 0001:0002F0FC   260 0001:0002F107   261 0001:0002F117   262 0001:0002F12E
   264 0001:0002F131   265 0001:0002F13F   266 0001:0002F147   267 0001:0002F15E
   268 0001:0002F16D   269 0001:0002F171   270 0001:0002F185   271 0001:0002F19E
   272 0001:0002F1AF   273 0001:0002F1C9   274 0001:0002F1D3   277 0001:0002F1DD
   263 0001:0002F1E4   283 0001:0002F1F9   284 0001:0002F20F   286 0001:0002F21F
   300 0001:0002F280   301 0001:0002F2B1   302 0001:0002F2C0   303 0001:0002F2CE
   304 0001:0002F2DB   305 0001:0002F2E3   307 0001:0002F2EE   308 0001:0002F2F9
   309 0001:0002F304   310 0001:0002F31B   311 0001:0002F329   312 0001:0002F34F
   313 0001:0002F355   314 0001:0002F35D   316 0001:0002F363   309 0001:0002F366
   317 0001:0002F369   318 0001:0002F36F   319 0001:0002F379   320 0001:0002F3A8
   321 0001:0002F3AD   322 0001:0002F3B1   324 0001:0002F3C1   325 0001:0002F3DC
   326 0001:0002F3EA   327 0001:0002F3F7   328 0001:0002F3FF   329 0001:0002F40A
   330 0001:0002F41F   331 0001:0002F447   332 0001:0002F44A   333 0001:0002F44E
   335 0001:0002F450   336 0001:0002F463   339 0001:0002F485   324 0001:0002F488
   340 0001:0002F48F   341 0001:0002F495   342 0001:0002F499   323 0001:0002F4A5
   345 0001:0002F4AF   346 0001:0002F4B9   347 0001:0002F4D9   348 0001:0002F512
   349 0001:0002F527   350 0001:0002F52F   351 0001:0002F547   352 0001:0002F55F
   355 0001:0002F56F   306 0001:0002F575   361 0001:0002F587   363 0001:0002F597
   371 0001:0002F608   372 0001:0002F64B   373 0001:0002F660   374 0001:0002F66F
   375 0001:0002F680   376 0001:0002F68E   377 0001:0002F69B   378 0001:0002F6A8
   379 0001:0002F6B5   380 0001:0002F6C2   381 0001:0002F6CF   382 0001:0002F6DC
   383 0001:0002F6E9   384 0001:0002F6F6   385 0001:0002F703   386 0001:0002F710
   387 0001:0002F71D   388 0001:0002F72A   389 0001:0002F737   390 0001:0002F73D
   391 0001:0002F74F   393 0001:0002F764   394 0001:0002F76E   395 0001:0002F77F
   396 0001:0002F79F   398 0001:0002F7AC   399 0001:0002F7B9   400 0001:0002F7EB
   401 0001:0002F815   402 0001:0002F841   403 0001:0002F880   404 0001:0002F8BF
   405 0001:0002F8EA   406 0001:0002F8FA   397 0001:0002F902   410 0001:0002F91F
   411 0001:0002F927   414 0001:0002F937   420 0001:0002FB38   421 0001:0002FB73
   422 0001:0002FB88   423 0001:0002FB97   424 0001:0002FBA8   425 0001:0002FBB6
   426 0001:0002FBC3   427 0001:0002FBC9   428 0001:0002FBDB   430 0001:0002FBF0
   431 0001:0002FBFA   432 0001:0002FC0B   433 0001:0002FC2B   435 0001:0002FC38
   436 0001:0002FC45   437 0001:0002FC77   438 0001:0002FCA1   439 0001:0002FCCF
   440 0001:0002FD0E   441 0001:0002FD4D   442 0001:0002FD78   443 0001:0002FD88
   434 0001:0002FD90   447 0001:0002FDAD   448 0001:0002FDB5   451 0001:0002FDC5
   458 0001:0002FF04   459 0001:0002FF25   460 0001:0002FF33   461 0001:0002FF45
   462 0001:0002FF56   463 0001:0002FF64   464 0001:0002FF76   465 0001:0002FF7F
   466 0001:0002FF8B   467 0001:0002FF97   468 0001:0002FFA3   469 0001:0002FFAF
   470 0001:0002FFBB   471 0001:0002FFC7   472 0001:0002FFD3   474 0001:0002FFDF
   475 0001:0002FFF1   477 0001:00030013   478 0001:00030028   479 0001:00030030
   480 0001:00030050   482 0001:0003005D   483 0001:00030065   484 0001:00030073
   485 0001:0003009E   486 0001:000300C6   487 0001:000300F2   488 0001:00030127
   489 0001:00030167   490 0001:000301B3   491 0001:000301E5   493 0001:000301F6
   494 0001:00030204   495 0001:00030243   496 0001:00030274   497 0001:000302A9
   498 0001:00030325   499 0001:00030357   501 0001:00030368   502 0001:0003037D
   503 0001:00030398   504 0001:000303A0   505 0001:000303AE   506 0001:000303DF
   507 0001:00030410   508 0001:00030445   509 0001:0003047C   510 0001:000304AE
   511 0001:000304BF   514 0001:000304CE   515 0001:000304DC   516 0001:0003051B
   517 0001:0003054C   518 0001:00030581   519 0001:000305FD   520 0001:0003062F
   522 0001:00030640   523 0001:00030655   524 0001:00030670   525 0001:00030678
   526 0001:00030686   527 0001:000306B7   528 0001:000306E8   529 0001:0003071D
   530 0001:00030754   531 0001:00030786   532 0001:00030797   535 0001:000307A6
   536 0001:000307BB   537 0001:000307D6   538 0001:000307DE   539 0001:000307EC
   540 0001:0003081D   541 0001:0003084E   542 0001:00030883   543 0001:000308BA
   544 0001:000308EC   545 0001:000308FD   548 0001:0003090A   549 0001:0003091F
   550 0001:0003093A   551 0001:00030942   552 0001:00030950   553 0001:00030981
   554 0001:000309B2   555 0001:000309E7   556 0001:00030A1E   557 0001:00030A50
   558 0001:00030A61   561 0001:00030A70   562 0001:00030A7E   563 0001:00030ABD
   564 0001:00030AEE   565 0001:00030B23   566 0001:00030B5A   567 0001:00030B8C
   569 0001:00030B9D   570 0001:00030BB2   571 0001:00030BCD   572 0001:00030BD5
   573 0001:00030BE3   574 0001:00030C14   575 0001:00030C45   576 0001:00030C7A
   577 0001:00030CB1   578 0001:00030CE3   579 0001:00030CF4   582 0001:00030D03
   583 0001:00030D11   584 0001:00030D50   585 0001:00030D81   586 0001:00030DB6
   587 0001:00030DED   588 0001:00030E1F   590 0001:00030E30   481 0001:00030E38
   594 0001:00030E55   595 0001:00030E63   596 0001:00030E73   598 0001:00030E83
   603 0001:00031270   604 0001:00031291   605 0001:000312A7   607 0001:000312BB
   608 0001:000312C9   609 0001:0003130D   610 0001:0003131B   611 0001:00031356
   612 0001:00031391   616 0001:000313AF   617 0001:000313CD   620 0001:000313E6
   625 0001:00031458   626 0001:0003148A   627 0001:00031497   628 0001:000314C1
   629 0001:000314ED   630 0001:000314FD   631 0001:0003150E   632 0001:00031555
   633 0001:00031564   636 0001:000315E0   637 0001:00031617   638 0001:0003162C
   639 0001:0003163A   640 0001:0003166D   642 0001:00031689   644 0001:000316A4
   653 0001:000316E4   654 0001:000316E7   655 0001:00031702   658 0001:00031704
   659 0001:00031707   660 0001:00031722   665 0001:00031724   666 0001:00031747
   667 0001:00031765   668 0001:0003176B   669 0001:0003177A   670 0001:00031788
   671 0001:0003179D   672 0001:000317A9   673 0001:000317B8   675 0001:000317C9
   678 0001:000317D9   683 0001:00031800   684 0001:00031820   686 0001:00031863
   687 0001:00031869   688 0001:00031878   689 0001:00031886   690 0001:0003189D
   691 0001:000318A9   692 0001:000318BC   694 0001:000318CD   697 0001:000318DD
   705 0001:00031904   706 0001:00031947   707 0001:00031951   708 0001:00031954
   709 0001:0003198E   710 0001:00031993   711 0001:00031998   712 0001:0003199C
   714 0001:000319AF   715 0001:000319BD   716 0001:000319D1   717 0001:000319EC
   718 0001:00031A07   719 0001:00031A15   720 0001:00031A1F   721 0001:00031A23
   722 0001:00031A33   723 0001:00031A38   724 0001:00031A53   725 0001:00031A6E
   726 0001:00031A86   727 0001:00031A9E   728 0001:00031AA9   729 0001:00031AB4
   730 0001:00031ABC   732 0001:00031AC2   734 0001:00031AD6   736 0001:00031B05
   738 0001:00031B32   739 0001:00031B3C   741 0001:00031B8C   742 0001:00031B9B
   743 0001:00031BA6   747 0001:00031BBE   750 0001:00031BD9   751 0001:00031BE8
   752 0001:00031BF3   756 0001:00031C0B   759 0001:00031C26   762 0001:00031C40
   765 0001:00031C5B   766 0001:00031C7A   767 0001:00031C85   768 0001:00031C8A
   772 0001:00031C9A   775 0001:00031CB5   776 0001:00031CC3   777 0001:00031CDA
   778 0001:00031CE5   779 0001:00031CEA   782 0001:00031D02   783 0001:00031D12
   784 0001:00031D22   785 0001:00031D32   786 0001:00031D42   787 0001:00031D52
   791 0001:00031D6A   792 0001:00031D7A   795 0001:00031DA4   796 0001:00031DB4
   799 0001:00031DDB   800 0001:00031DEB   805 0001:00031E45   806 0001:00031E47
   807 0001:00031E4B   808 0001:00031E8A   809 0001:00031E90   810 0001:00031E96
   811 0001:00031E9C   812 0001:00031EA2   814 0001:00031EA6   818 0001:00031EC4
   713 0001:00031EDA   822 0001:00031EF0

Line numbers for BisDesignExchangeFm(imdesign.bpl\BisDesignExchangeFm.pas) segment .itext

   824 0002:000004D4

Line numbers for BisDesign(imdesign.bpl\BisDesign.pas) segment .text

    30 0001:00031FCC    31 0001:00031FD3    32 0001:00031FEF    34 0001:00031FF2
    35 0001:00031FFC    37 0001:00032009    38 0001:00032016    39 0001:00032023
    40 0001:00032030    41 0001:0003203D    42 0001:0003204A    43 0001:00032057
    44 0001:00032064    45 0001:00032071    46 0001:0003207E    47 0001:0003208B
    48 0001:00032098    49 0001:000320A5    50 0001:000320B2    51 0001:000320BF
    55 0001:000320CC    56 0001:000320D9    57 0001:000320E6    58 0001:000320F3
    60 0001:00032100    62 0001:0003210D    64 0001:0003211A    66 0001:00032127

Line numbers for BisDesign(imdesign.bpl\BisDesign.pas) segment .itext

    68 0002:000004DC

Line numbers for .imdesign(imdesign.dpk) segment .itext

    94 0002:000004E4

Bound resource files

c:\program files\codegear\rad studio\5.0\lib\WindowsXP.res
u:\source\imdesign.bpl\BisDesignMainFm.dfm
u:\source\imdesign.bpl\BisDesignHbookFirmTypeEditFm.dfm
u:\source\imdesign.bpl\BisDesignHbookFirmTypesFm.dfm
u:\source\imdesign.bpl\BisDesignHbookLocalitiesFrm.dfm
u:\source\imdesign.bpl\BisDesignHbookLocalityEditFm.dfm
u:\source\imdesign.bpl\BisDesignHbookLocalitiesFm.dfm
u:\source\imdesign.bpl\BisDesignHbookStreetEditFm.dfm
u:\source\imdesign.bpl\BisDesignHbookStreetsFm.dfm
u:\source\imdesign.bpl\BisDesignHbookFirmEditFm.dfm
u:\source\imdesign.bpl\BisDesignHbookFirmsFm.dfm
u:\source\imdesign.bpl\BisDesignHbookAccountEditFm.dfm
u:\source\imdesign.bpl\BisDesignHbookAccountsFm.dfm
u:\source\imdesign.bpl\BisDesignHbookRoleEditFm.dfm
u:\source\imdesign.bpl\BisDesignHbookRolesFm.dfm
u:\source\imdesign.bpl\BisDesignHbookRolesAndAccountsFm.dfm
u:\source\imdesign.bpl\BisDesignHbookApplicationEditFm.dfm
u:\source\imdesign.bpl\BisDesignHbookInterfaceFilterFm.dfm
u:\source\imdesign.bpl\BisDesignHbookInterfaceEditFm.dfm
u:\source\imdesign.bpl\BisDesignHbookInterfacesFm.dfm
u:\source\imdesign.bpl\BisDesignHbookReportEditFm.dfm
u:\source\imdesign.bpl\BisDesignHbookScriptEditFm.dfm
u:\source\imdesign.bpl\BisDesignHbookDocumentEditFm.dfm
u:\source\imdesign.bpl\BisDesignHbookInterfacesFrm.dfm
u:\source\imdesign.bpl\BisDesignHbookPermissionEditFm.dfm
u:\source\imdesign.bpl\BisDesignHbookPermissionsFm.dfm
u:\source\imdesign.bpl\BisDesignHbookApplicationInterfaceEditFm.dfm
u:\source\imdesign.bpl\BisDesignHbookApplicationInterfacesFm.dfm
u:\source\imdesign.bpl\BisDesignHbookApplicationsFrm.dfm
u:\source\imdesign.bpl\BisDesignHbookApplicationsFm.dfm
u:\source\imdesign.bpl\BisDesignHbookAccountRoleEditFm.dfm
u:\source\imdesign.bpl\BisDesignHbookAccountRolesFm.dfm
u:\source\imdesign.bpl\BisDesignHbookProfileEditFm.dfm
u:\source\imdesign.bpl\BisDesignHbookProfilesFm.dfm
u:\source\imdesign.bpl\BisDesignHbookSessionsFm.dfm
u:\source\imdesign.bpl\BisDesignHbookMenuEditFm.dfm
u:\source\imdesign.bpl\BisDesignHbookMenusFm.dfm
u:\source\imdesign.bpl\BisDesignHbookReportsFrm.dfm
u:\source\imdesign.bpl\BisDesignHbookReportsFm.dfm
u:\source\imdesign.bpl\BisDesignHbookScriptsFrm.dfm
u:\source\imdesign.bpl\BisDesignHbookScriptsFm.dfm
u:\source\imdesign.bpl\BisDesignJournalActionEditFm.dfm
u:\source\imdesign.bpl\BisDesignJournalActionsFm.dfm
u:\source\imdesign.bpl\BisDesignHbookDocumentsFm.dfm
u:\source\imdesign.bpl\BisDesignHbookConstEditFm.dfm
u:\source\imdesign.bpl\BisDesignHbookConstsFm.dfm
u:\source\imdesign.bpl\BisDesignHbookLockEditFm.dfm
u:\source\imdesign.bpl\BisDesignHbookLocksFm.dfm
u:\source\imdesign.bpl\BisDesignHbookTaskEditFm.dfm
u:\source\imdesign.bpl\BisDesignHbookTasksFm.dfm
u:\source\imdesign.bpl\BisDesignHbookExchangeEditFm.dfm
u:\source\imdesign.bpl\BisDesignHbookExchangesFm.dfm
u:\source\imdesign.bpl\BisExecuteFm.dfm
u:\source\imdesign.bpl\BisDesignExchangeFm.dfm
imdesign.res
imdesign.drf


Program entry point at 0002:000004E4
