
 Start         Length     Name                   Class
 0001:00401000 000375C8H .text                   CODE
 0002:00439000 0000050CH .itext                  ICODE
 0003:0043A000 00000040H .data                   DATA
 0004:0043B000 000001C4H .bss                    BSS
 0005:00000000 00000000H .tls                    TLS


Detailed map of segments

 0001:00000000 0000012E C=CODE     S=.text    G=(none)   M=System   ACBP=A9
 0001:00000130 000001C3 C=CODE     S=.text    G=(none)   M=SysInit  ACBP=A9
 0001:000002F4 0000000E C=CODE     S=.text    G=(none)   M=BisIfaceModules ACBP=A9
 0001:00000304 00000006 C=CODE     S=.text    G=(none)   M=BisObjects ACBP=A9
 0001:0000030C 000000C6 C=CODE     S=.text    G=(none)   M=Classes  ACBP=A9
 0001:000003D4 00000054 C=CODE     S=.text    G=(none)   M=Windows  ACBP=A9
 0001:00000428 0000000E C=CODE     S=.text    G=(none)   M=TypInfo  ACBP=A9
 0001:00000438 0000004E C=CODE     S=.text    G=(none)   M=SysUtils ACBP=A9
 0001:00000488 00000076 C=CODE     S=.text    G=(none)   M=Variants ACBP=A9
 0001:00000500 00000006 C=CODE     S=.text    G=(none)   M=VarUtils ACBP=A9
 0001:00000508 0000000E C=CODE     S=.text    G=(none)   M=BisObject ACBP=A9
 0001:00000518 00000026 C=CODE     S=.text    G=(none)   M=Contnrs  ACBP=A9
 0001:00000540 00000036 C=CODE     S=.text    G=(none)   M=BisCoreObjects ACBP=A9
 0001:00000578 00000006 C=CODE     S=.text    G=(none)   M=IniFiles ACBP=A9
 0001:00000580 0000000E C=CODE     S=.text    G=(none)   M=BisDialogs ACBP=A9
 0001:00000590 00000156 C=CODE     S=.text    G=(none)   M=BisFm    ACBP=A9
 0001:000006E8 00000006 C=CODE     S=.text    G=(none)   M=DECUtil  ACBP=A9
 0001:000006F0 00000006 C=CODE     S=.text    G=(none)   M=Hash     ACBP=A9
 0001:000006F8 00000006 C=CODE     S=.text    G=(none)   M=Cipher   ACBP=A9
 0001:00000700 00000006 C=CODE     S=.text    G=(none)   M=Cipher1  ACBP=A9
 0001:00000708 00000096 C=CODE     S=.text    G=(none)   M=BisParams ACBP=A9
 0001:000007A0 0000005E C=CODE     S=.text    G=(none)   M=BisParam ACBP=A9
 0001:00000800 00000016 C=CODE     S=.text    G=(none)   M=BisFilterGroups ACBP=A9
 0001:00000818 0000000E C=CODE     S=.text    G=(none)   M=Graphics ACBP=A9
 0001:00000828 00000006 C=CODE     S=.text    G=(none)   M=Registry ACBP=A9
 0001:00000830 0000006E C=CODE     S=.text    G=(none)   M=DB       ACBP=A9
 0001:000008A0 00000006 C=CODE     S=.text    G=(none)   M=WideStrings ACBP=A9
 0001:000008A8 00000006 C=CODE     S=.text    G=(none)   M=FMTBcd   ACBP=A9
 0001:000008B0 00000006 C=CODE     S=.text    G=(none)   M=SqlTimSt ACBP=A9
 0001:000008B8 0000000E C=CODE     S=.text    G=(none)   M=DateUtils ACBP=A9
 0001:000008C8 00000006 C=CODE     S=.text    G=(none)   M=ComObj   ACBP=A9
 0001:000008D0 00000196 C=CODE     S=.text    G=(none)   M=Controls ACBP=A9
 0001:00000A68 0000001E C=CODE     S=.text    G=(none)   M=ActnList ACBP=A9
 0001:00000A88 00000006 C=CODE     S=.text    G=(none)   M=Themes   ACBP=A9
 0001:00000A90 00000016 C=CODE     S=.text    G=(none)   M=Menus    ACBP=A9
 0001:00000AA8 00000006 C=CODE     S=.text    G=(none)   M=UxTheme  ACBP=A9
 0001:00000AB0 00000006 C=CODE     S=.text    G=(none)   M=MultiMon ACBP=A9
 0001:00000AB8 00000006 C=CODE     S=.text    G=(none)   M=DwmApi   ACBP=A9
 0001:00000AC0 0000014E C=CODE     S=.text    G=(none)   M=Forms    ACBP=A9
 0001:00000C10 00000006 C=CODE     S=.text    G=(none)   M=HelpIntfs ACBP=A9
 0001:00000C18 0000000E C=CODE     S=.text    G=(none)   M=Dialogs  ACBP=A9
 0001:00000C28 00000006 C=CODE     S=.text    G=(none)   M=StdCtrls ACBP=A9
 0001:00000C30 00000006 C=CODE     S=.text    G=(none)   M=Printers ACBP=A9
 0001:00000C38 00000006 C=CODE     S=.text    G=(none)   M=ExtCtrls ACBP=A9
 0001:00000C40 00000006 C=CODE     S=.text    G=(none)   M=GraphUtil ACBP=A9
 0001:00000C48 00000006 C=CODE     S=.text    G=(none)   M=Clipbrd  ACBP=A9
 0001:00000C50 00000006 C=CODE     S=.text    G=(none)   M=FlatSB   ACBP=A9
 0001:00000C58 00000006 C=CODE     S=.text    G=(none)   M=BisControls ACBP=A9
 0001:00000C60 0000000E C=CODE     S=.text    G=(none)   M=DBCtrls  ACBP=A9
 0001:00000C70 00000026 C=CODE     S=.text    G=(none)   M=ComCtrls ACBP=A9
 0001:00000C98 00000006 C=CODE     S=.text    G=(none)   M=ExtActns ACBP=A9
 0001:00000CA0 00000006 C=CODE     S=.text    G=(none)   M=ExtDlgs  ACBP=A9
 0001:00000CA8 00000006 C=CODE     S=.text    G=(none)   M=Buttons  ACBP=A9
 0001:00000CB0 00000006 C=CODE     S=.text    G=(none)   M=Mapi     ACBP=A9
 0001:00000CB8 00000006 C=CODE     S=.text    G=(none)   M=DBPWDlg  ACBP=A9
 0001:00000CC0 00000006 C=CODE     S=.text    G=(none)   M=DBLogDlg ACBP=A9
 0001:00000CC8 00000006 C=CODE     S=.text    G=(none)   M=rxToolEdit ACBP=A9
 0001:00000CD0 00000006 C=CODE     S=.text    G=(none)   M=rxDateUtil ACBP=A9
 0001:00000CD8 00000006 C=CODE     S=.text    G=(none)   M=RXCtrls  ACBP=A9
 0001:00000CE0 00000006 C=CODE     S=.text    G=(none)   M=RxHook   ACBP=A9
 0001:00000CE8 00000006 C=CODE     S=.text    G=(none)   M=RXConst  ACBP=A9
 0001:00000CF0 00000006 C=CODE     S=.text    G=(none)   M=rxVclutils ACBP=A9
 0001:00000CF8 00000006 C=CODE     S=.text    G=(none)   M=RXProps  ACBP=A9
 0001:00000D00 00000006 C=CODE     S=.text    G=(none)   M=rxAppUtils ACBP=A9
 0001:00000D08 00000006 C=CODE     S=.text    G=(none)   M=RxPrgrss ACBP=A9
 0001:00000D10 00000006 C=CODE     S=.text    G=(none)   M=rxCurrEdit ACBP=A9
 0001:00000D18 00000006 C=CODE     S=.text    G=(none)   M=ThemedDBGrid ACBP=A9
 0001:00000D20 00000006 C=CODE     S=.text    G=(none)   M=RxRichEd ACBP=A9
 0001:00000D28 0000001E C=CODE     S=.text    G=(none)   M=OleCtnrs ACBP=A9
 0001:00000D48 00000016 C=CODE     S=.text    G=(none)   M=CheckLst ACBP=A9
 0001:00000D60 00000046 C=CODE     S=.text    G=(none)   M=BisUtils ACBP=A9
 0001:00000DA8 0000003E C=CODE     S=.text    G=(none)   M=BisFrm   ACBP=A9
 0001:00000DE8 00000006 C=CODE     S=.text    G=(none)   M=BisPicture ACBP=A9
 0001:00000DF0 00000006 C=CODE     S=.text    G=(none)   M=GIFImage ACBP=A9
 0001:00000DF8 00000006 C=CODE     S=.text    G=(none)   M=jpeg     ACBP=A9
 0001:00000E00 00000006 C=CODE     S=.text    G=(none)   M=BisOrders ACBP=A9
 0001:00000E08 0000003E C=CODE     S=.text    G=(none)   M=BisCore  ACBP=A9
 0001:00000E48 0000004E C=CODE     S=.text    G=(none)   M=BisIfaces ACBP=A9
 0001:00000E98 0000000E C=CODE     S=.text    G=(none)   M=BisParamEditDataSelect ACBP=A9
 0001:00000EA8 0000001E C=CODE     S=.text    G=(none)   M=BisPermissions ACBP=A9
 0001:00000EC8 00000006 C=CODE     S=.text    G=(none)   M=BisModules ACBP=A9
 0001:00000ED0 0000004E C=CODE     S=.text    G=(none)   M=BisDataSet ACBP=A9
 0001:00000F20 00000006 C=CODE     S=.text    G=(none)   M=AsyncCalls ACBP=A9
 0001:00000F28 0000002E C=CODE     S=.text    G=(none)   M=BisFieldNames ACBP=A9
 0001:00000F58 00000006 C=CODE     S=.text    G=(none)   M=OleServer ACBP=A9
 0001:00000F60 00000006 C=CODE     S=.text    G=(none)   M=OleCtrls ACBP=A9
 0001:00000F68 00000006 C=CODE     S=.text    G=(none)   M=AxCtrls  ACBP=A9
 0001:00000F70 0000000E C=CODE     S=.text    G=(none)   M=kbmMemTable ACBP=A9
 0001:00000F80 00000006 C=CODE     S=.text    G=(none)   M=BisTimedMsgFm ACBP=A9
 0001:00000F88 00000006 C=CODE     S=.text    G=(none)   M=BisTasks ACBP=A9
 0001:00000F90 00000006 C=CODE     S=.text    G=(none)   M=BisInterfaces ACBP=A9
 0001:00000F98 0000000E C=CODE     S=.text    G=(none)   M=BisScriptModules ACBP=A9
 0001:00000FA8 0000000E C=CODE     S=.text    G=(none)   M=BisReportModules ACBP=A9
 0001:00000FB8 00000016 C=CODE     S=.text    G=(none)   M=ActnMan  ACBP=A9
 0001:00000FD0 00000006 C=CODE     S=.text    G=(none)   M=ActnMenus ACBP=A9
 0001:00000FD8 00000006 C=CODE     S=.text    G=(none)   M=XPStyleActnCtrls ACBP=A9
 0001:00000FE0 00000006 C=CODE     S=.text    G=(none)   M=BisDocumentFm ACBP=A9
 0001:00000FE8 0000000E C=CODE     S=.text    G=(none)   M=BisProvider ACBP=A9
 0001:00000FF8 00000006 C=CODE     S=.text    G=(none)   M=BisConnections ACBP=A9
 0001:00001000 00000086 C=CODE     S=.text    G=(none)   M=BisDataFm ACBP=A9
 0001:00001088 000000D6 C=CODE     S=.text    G=(none)   M=BisDataEditFm ACBP=A9
 0001:00001160 00000186 C=CODE     S=.text    G=(none)   M=BisDataFrm ACBP=A9
 0001:000012E8 0000000E C=CODE     S=.text    G=(none)   M=BisMemoFm ACBP=A9
 0001:000012F8 00000006 C=CODE     S=.text    G=(none)   M=SynEditHighlighter ACBP=A9
 0001:00001300 00000006 C=CODE     S=.text    G=(none)   M=SynEditMiscClasses ACBP=A9
 0001:00001308 00000006 C=CODE     S=.text    G=(none)   M=SynRegExpr ACBP=A9
 0001:00001310 00000006 C=CODE     S=.text    G=(none)   M=SynHighlighterXML ACBP=A9
 0001:00001318 00000006 C=CODE     S=.text    G=(none)   M=SynHighlighterSQL ACBP=A9
 0001:00001320 0000000E C=CODE     S=.text    G=(none)   M=SynEdit  ACBP=A9
 0001:00001330 00000006 C=CODE     S=.text    G=(none)   M=SynEditKeyCmds ACBP=A9
 0001:00001338 00000006 C=CODE     S=.text    G=(none)   M=SynTextDrawer ACBP=A9
 0001:00001340 00000006 C=CODE     S=.text    G=(none)   M=MiTeC_Routines ACBP=A9
 0001:00001348 00000006 C=CODE     S=.text    G=(none)   M=MSI_Processes ACBP=A9
 0001:00001350 00000006 C=CODE     S=.text    G=(none)   M=MiTeC_PSAPI ACBP=A9
 0001:00001358 00000006 C=CODE     S=.text    G=(none)   M=MSI_Devices ACBP=A9
 0001:00001360 00000006 C=CODE     S=.text    G=(none)   M=MSI_CPU  ACBP=A9
 0001:00001368 00000006 C=CODE     S=.text    G=(none)   M=JclDebug ACBP=A9
 0001:00001370 00000006 C=CODE     S=.text    G=(none)   M=JclSysInfo ACBP=A9
 0001:00001378 00000006 C=CODE     S=.text    G=(none)   M=JclStrings ACBP=A9
 0001:00001380 00000006 C=CODE     S=.text    G=(none)   M=JclSysUtils ACBP=A9
 0001:00001388 00000006 C=CODE     S=.text    G=(none)   M=JclWideStrings ACBP=A9
 0001:00001390 00000006 C=CODE     S=.text    G=(none)   M=JclShell ACBP=A9
 0001:00001398 00000006 C=CODE     S=.text    G=(none)   M=JclRegistry ACBP=A9
 0001:000013A0 00000006 C=CODE     S=.text    G=(none)   M=JclHookExcept ACBP=A9
 0001:000013A8 0000000E C=CODE     S=.text    G=(none)   M=BisConnectionModules ACBP=A9
 0001:000013B8 00000006 C=CODE     S=.text    G=(none)   M=BisCoreThreads ACBP=A9
 0001:000013C0 00000006 C=CODE     S=.text    G=(none)   M=BisServiceApplication ACBP=A9
 0001:000013C8 00000006 C=CODE     S=.text    G=(none)   M=BisSvcMgr ACBP=A9
 0001:000013D0 00000006 C=CODE     S=.text    G=(none)   M=BisCryptUtils ACBP=A9
 0001:000013D8 00000006 C=CODE     S=.text    G=(none)   M=SvcMgr   ACBP=A9
 0001:000013E0 0000002E C=CODE     S=.text    G=(none)   M=BisDesignConsts ACBP=A9
 0001:00001410 00000006 C=CODE     S=.text    G=(none)   M=AppEvnts ACBP=A9
 0001:00001418 00000006 C=CODE     S=.text    G=(none)   M=CustomizeDlg ACBP=A9
 0001:00001420 00000066 C=CODE     S=.text    G=(none)   M=BisMdiMainFm ACBP=A9
 0001:00001488 00000026 C=CODE     S=.text    G=(none)   M=BisMainFm ACBP=A9
 0001:000014B0 00000006 C=CODE     S=.text    G=(none)   M=BisInternetProtocol ACBP=A9
 0001:000014B8 000007AA C=CODE     S=.text    G=(none)   M=BisDesignMainFm ACBP=A9
 0001:00001C64 0000001E C=CODE     S=.text    G=(none)   M=BisDataGridFm ACBP=A9
 0001:00001C84 000000AE C=CODE     S=.text    G=(none)   M=BisDataGridFrm ACBP=A9
 0001:00001D34 0000005E C=CODE     S=.text    G=(none)   M=BisDBTree ACBP=A9
 0001:00001D94 0000000E C=CODE     S=.text    G=(none)   M=VirtualDBTreeEx ACBP=A9
 0001:00001DA4 0000000E C=CODE     S=.text    G=(none)   M=VirtualTrees ACBP=A9
 0001:00001DB4 00000006 C=CODE     S=.text    G=(none)   M=VTAccessibilityFactory ACBP=A9
 0001:00001DBC 00000B86 C=CODE     S=.text    G=(none)   M=BisDesignDataFirmTypeEditFm ACBP=A9
 0001:00002944 00000536 C=CODE     S=.text    G=(none)   M=BisDesignDataFirmTypesFm ACBP=A9
 0001:00002E7C 0000001E C=CODE     S=.text    G=(none)   M=BisDataTreeFm ACBP=A9
 0001:00002E9C 0000001E C=CODE     S=.text    G=(none)   M=BisDataTreeFrm ACBP=A9
 0001:00002EBC 0000084E C=CODE     S=.text    G=(none)   M=BisDesignDataLocalitiesFrm ACBP=A9
 0001:0000370C 00000AE6 C=CODE     S=.text    G=(none)   M=BisDesignDataLocalityEditFm ACBP=A9
 0001:000041F4 00000516 C=CODE     S=.text    G=(none)   M=BisDesignDataLocalitiesFm ACBP=A9
 0001:0000470C 00000DCE C=CODE     S=.text    G=(none)   M=BisDesignDataStreetEditFm ACBP=A9
 0001:000054DC 00000B1A C=CODE     S=.text    G=(none)   M=BisDesignDataStreetsFm ACBP=A9
 0001:00005FF8 00002262 C=CODE     S=.text    G=(none)   M=BisDesignDataFirmEditFm ACBP=A9
 0001:0000825C 00000A12 C=CODE     S=.text    G=(none)   M=BisDesignDataFirmsFm ACBP=A9
 0001:00008C70 00002636 C=CODE     S=.text    G=(none)   M=BisDesignDataAccountEditFm ACBP=A9
 0001:0000B2A8 00000C7A C=CODE     S=.text    G=(none)   M=BisDesignDataAccountsFm ACBP=A9
 0001:0000BF24 00000C0E C=CODE     S=.text    G=(none)   M=BisDesignDataRoleEditFm ACBP=A9
 0001:0000CB34 00000612 C=CODE     S=.text    G=(none)   M=BisDesignDataRolesFm ACBP=A9
 0001:0000D148 0000179E C=CODE     S=.text    G=(none)   M=BisDesignDataRolesAndAccountsFm ACBP=A9
 0001:0000E8E8 00000B96 C=CODE     S=.text    G=(none)   M=BisDesignDataApplicationEditFm ACBP=A9
 0001:0000F480 00000ADA C=CODE     S=.text    G=(none)   M=BisDesignDataInterfaceFilterFm ACBP=A9
 0001:0000FF5C 00000F96 C=CODE     S=.text    G=(none)   M=BisDesignDataInterfaceEditFm ACBP=A9
 0001:00010EF4 000004DA C=CODE     S=.text    G=(none)   M=BisDesignDataInterfacesFm ACBP=A9
 0001:000113D0 000020A6 C=CODE     S=.text    G=(none)   M=BisDesignDataReportEditFm ACBP=A9
 0001:00013478 00001AFE C=CODE     S=.text    G=(none)   M=BisDesignDataScriptEditFm ACBP=A9
 0001:00014F78 00001BE6 C=CODE     S=.text    G=(none)   M=BisDesignDataDocumentEditFm ACBP=A9
 0001:00016B60 00001B3A C=CODE     S=.text    G=(none)   M=BisDesignDataInterfacesFrm ACBP=A9
 0001:0001869C 000017BA C=CODE     S=.text    G=(none)   M=BisDesignDataPermissionEditFm ACBP=A9
 0001:00019E58 00000AB2 C=CODE     S=.text    G=(none)   M=BisDesignDataPermissionsFm ACBP=A9
 0001:0001A90C 00000F46 C=CODE     S=.text    G=(none)   M=BisDesignDataApplicationInterfaceEditFm ACBP=A9
 0001:0001B854 00000B46 C=CODE     S=.text    G=(none)   M=BisDesignDataApplicationInterfacesFm ACBP=A9
 0001:0001C39C 00000832 C=CODE     S=.text    G=(none)   M=BisDesignDataApplicationsFrm ACBP=A9
 0001:0001CBD0 0000054A C=CODE     S=.text    G=(none)   M=BisDesignDataApplicationsFm ACBP=A9
 0001:0001D11C 00000C1E C=CODE     S=.text    G=(none)   M=BisDesignDataAccountRoleEditFm ACBP=A9
 0001:0001DD3C 0000054A C=CODE     S=.text    G=(none)   M=BisDesignDataAccountRolesFm ACBP=A9
 0001:0001E288 00000C4E C=CODE     S=.text    G=(none)   M=BisDesignDataProfileEditFm ACBP=A9
 0001:0001EED8 0000055E C=CODE     S=.text    G=(none)   M=BisDesignDataProfilesFm ACBP=A9
 0001:0001F438 00000FAE C=CODE     S=.text    G=(none)   M=BisDesignDataSessionsFm ACBP=A9
 0001:000203E8 0000224E C=CODE     S=.text    G=(none)   M=BisDesignDataMenuEditFm ACBP=A9
 0001:00022638 00000606 C=CODE     S=.text    G=(none)   M=BisDesignDataMenusFm ACBP=A9
 0001:00022C40 000013AE C=CODE     S=.text    G=(none)   M=BisDesignDataReportsFrm ACBP=A9
 0001:00023FF0 000005DA C=CODE     S=.text    G=(none)   M=BisDesignDataReportsFm ACBP=A9
 0001:000245CC 000008DE C=CODE     S=.text    G=(none)   M=BisDesignDataScriptsFrm ACBP=A9
 0001:00024EAC 000005AE C=CODE     S=.text    G=(none)   M=BisDesignDataScriptsFm ACBP=A9
 0001:0002545C 00001346 C=CODE     S=.text    G=(none)   M=BisDesignJournalActionEditFm ACBP=A9
 0001:000267A4 00000866 C=CODE     S=.text    G=(none)   M=BisDesignJournalActionsFm ACBP=A9
 0001:0002700C 0000056A C=CODE     S=.text    G=(none)   M=BisDesignDataDocumentsFm ACBP=A9
 0001:00027578 00000BFE C=CODE     S=.text    G=(none)   M=BisDesignDataConstEditFm ACBP=A9
 0001:00028178 00000536 C=CODE     S=.text    G=(none)   M=BisDesignDataConstsFm ACBP=A9
 0001:000286B0 0000101A C=CODE     S=.text    G=(none)   M=BisDesignDataLockEditFm ACBP=A9
 0001:000296CC 0000066A C=CODE     S=.text    G=(none)   M=BisDesignDataLocksFm ACBP=A9
 0001:00029D38 00002F72 C=CODE     S=.text    G=(none)   M=BisDesignDataTaskEditFm ACBP=A9
 0001:0002CCAC 00000EA6 C=CODE     S=.text    G=(none)   M=BisDesignDataTasksFrm ACBP=A9
 0001:0002DB54 000003F6 C=CODE     S=.text    G=(none)   M=BisDesignDataTasksFm ACBP=A9
 0001:0002DF4C 0000144A C=CODE     S=.text    G=(none)   M=BisDesignDataExchangeEditFm ACBP=A9
 0001:0002F398 0000067E C=CODE     S=.text    G=(none)   M=BisDesignDataExchangesFm ACBP=A9
 0001:0002FA18 00000096 C=CODE     S=.text    G=(none)   M=BisExecuteFm ACBP=A9
 0001:0002FAB0 0000473A C=CODE     S=.text    G=(none)   M=BisDesignExchangeFm ACBP=A9
 0001:000341EC 000011BE C=CODE     S=.text    G=(none)   M=BisDesignDataAlarmEditFm ACBP=A9
 0001:000353AC 00000006 C=CODE     S=.text    G=(none)   M=BisPeriodFm ACBP=A9
 0001:000353B4 00000A0A C=CODE     S=.text    G=(none)   M=BisDesignDataAlarmFilterFm ACBP=A9
 0001:00035DC0 00000922 C=CODE     S=.text    G=(none)   M=BisDesignDataAlarmsFm ACBP=A9
 0001:000366E4 000001B2 C=CODE     S=.text    G=(none)   M=BisDesign ACBP=A9
 0001:00036898 00000D2F C=CODE     S=.text    G=(none)   M=.imdesign ACBP=A9
 0002:00000000 00000006 C=ICODE    S=.itext   G=(none)   M=System   ACBP=A9
 0002:00000008 00000006 C=ICODE    S=.itext   G=(none)   M=Classes  ACBP=A9
 0002:00000010 00000011 C=ICODE    S=.itext   G=(none)   M=Windows  ACBP=A9
 0002:00000024 00000006 C=ICODE    S=.itext   G=(none)   M=TypInfo  ACBP=A9
 0002:0000002C 00000006 C=ICODE    S=.itext   G=(none)   M=SysUtils ACBP=A9
 0002:00000034 00000006 C=ICODE    S=.itext   G=(none)   M=Variants ACBP=A9
 0002:0000003C 00000006 C=ICODE    S=.itext   G=(none)   M=VarUtils ACBP=A9
 0002:00000044 00000006 C=ICODE    S=.itext   G=(none)   M=IniFiles ACBP=A9
 0002:0000004C 00000006 C=ICODE    S=.itext   G=(none)   M=BisFm    ACBP=A9
 0002:00000054 00000006 C=ICODE    S=.itext   G=(none)   M=DECUtil  ACBP=A9
 0002:0000005C 00000006 C=ICODE    S=.itext   G=(none)   M=Hash     ACBP=A9
 0002:00000064 00000006 C=ICODE    S=.itext   G=(none)   M=Cipher   ACBP=A9
 0002:0000006C 00000006 C=ICODE    S=.itext   G=(none)   M=Cipher1  ACBP=A9
 0002:00000074 00000006 C=ICODE    S=.itext   G=(none)   M=Graphics ACBP=A9
 0002:0000007C 00000006 C=ICODE    S=.itext   G=(none)   M=Registry ACBP=A9
 0002:00000084 00000006 C=ICODE    S=.itext   G=(none)   M=DB       ACBP=A9
 0002:0000008C 00000006 C=ICODE    S=.itext   G=(none)   M=WideStrings ACBP=A9
 0002:00000094 00000006 C=ICODE    S=.itext   G=(none)   M=FMTBcd   ACBP=A9
 0002:0000009C 00000006 C=ICODE    S=.itext   G=(none)   M=SqlTimSt ACBP=A9
 0002:000000A4 00000006 C=ICODE    S=.itext   G=(none)   M=ComObj   ACBP=A9
 0002:000000AC 00000006 C=ICODE    S=.itext   G=(none)   M=Controls ACBP=A9
 0002:000000B4 00000006 C=ICODE    S=.itext   G=(none)   M=ActnList ACBP=A9
 0002:000000BC 00000006 C=ICODE    S=.itext   G=(none)   M=Themes   ACBP=A9
 0002:000000C4 00000006 C=ICODE    S=.itext   G=(none)   M=Menus    ACBP=A9
 0002:000000CC 00000006 C=ICODE    S=.itext   G=(none)   M=UxTheme  ACBP=A9
 0002:000000D4 00000006 C=ICODE    S=.itext   G=(none)   M=MultiMon ACBP=A9
 0002:000000DC 00000006 C=ICODE    S=.itext   G=(none)   M=DwmApi   ACBP=A9
 0002:000000E4 00000006 C=ICODE    S=.itext   G=(none)   M=Forms    ACBP=A9
 0002:000000EC 00000006 C=ICODE    S=.itext   G=(none)   M=HelpIntfs ACBP=A9
 0002:000000F4 00000006 C=ICODE    S=.itext   G=(none)   M=Dialogs  ACBP=A9
 0002:000000FC 00000006 C=ICODE    S=.itext   G=(none)   M=Printers ACBP=A9
 0002:00000104 00000006 C=ICODE    S=.itext   G=(none)   M=ExtCtrls ACBP=A9
 0002:0000010C 00000006 C=ICODE    S=.itext   G=(none)   M=GraphUtil ACBP=A9
 0002:00000114 00000006 C=ICODE    S=.itext   G=(none)   M=Clipbrd  ACBP=A9
 0002:0000011C 00000006 C=ICODE    S=.itext   G=(none)   M=FlatSB   ACBP=A9
 0002:00000124 00000006 C=ICODE    S=.itext   G=(none)   M=DBCtrls  ACBP=A9
 0002:0000012C 00000006 C=ICODE    S=.itext   G=(none)   M=ComCtrls ACBP=A9
 0002:00000134 00000006 C=ICODE    S=.itext   G=(none)   M=ExtActns ACBP=A9
 0002:0000013C 00000006 C=ICODE    S=.itext   G=(none)   M=ExtDlgs  ACBP=A9
 0002:00000144 00000006 C=ICODE    S=.itext   G=(none)   M=Buttons  ACBP=A9
 0002:0000014C 00000006 C=ICODE    S=.itext   G=(none)   M=Mapi     ACBP=A9
 0002:00000154 00000006 C=ICODE    S=.itext   G=(none)   M=DBPWDlg  ACBP=A9
 0002:0000015C 00000006 C=ICODE    S=.itext   G=(none)   M=DBLogDlg ACBP=A9
 0002:00000164 00000006 C=ICODE    S=.itext   G=(none)   M=rxToolEdit ACBP=A9
 0002:0000016C 00000006 C=ICODE    S=.itext   G=(none)   M=rxDateUtil ACBP=A9
 0002:00000174 00000006 C=ICODE    S=.itext   G=(none)   M=RXCtrls  ACBP=A9
 0002:0000017C 00000006 C=ICODE    S=.itext   G=(none)   M=RxHook   ACBP=A9
 0002:00000184 00000006 C=ICODE    S=.itext   G=(none)   M=RXConst  ACBP=A9
 0002:0000018C 00000006 C=ICODE    S=.itext   G=(none)   M=rxVclutils ACBP=A9
 0002:00000194 00000006 C=ICODE    S=.itext   G=(none)   M=RXProps  ACBP=A9
 0002:0000019C 00000006 C=ICODE    S=.itext   G=(none)   M=rxAppUtils ACBP=A9
 0002:000001A4 00000006 C=ICODE    S=.itext   G=(none)   M=RxPrgrss ACBP=A9
 0002:000001AC 00000006 C=ICODE    S=.itext   G=(none)   M=rxCurrEdit ACBP=A9
 0002:000001B4 00000006 C=ICODE    S=.itext   G=(none)   M=ThemedDBGrid ACBP=A9
 0002:000001BC 00000006 C=ICODE    S=.itext   G=(none)   M=RxRichEd ACBP=A9
 0002:000001C4 00000006 C=ICODE    S=.itext   G=(none)   M=OleCtnrs ACBP=A9
 0002:000001CC 00000006 C=ICODE    S=.itext   G=(none)   M=CheckLst ACBP=A9
 0002:000001D4 00000006 C=ICODE    S=.itext   G=(none)   M=BisUtils ACBP=A9
 0002:000001DC 00000006 C=ICODE    S=.itext   G=(none)   M=GIFImage ACBP=A9
 0002:000001E4 00000006 C=ICODE    S=.itext   G=(none)   M=jpeg     ACBP=A9
 0002:000001EC 00000006 C=ICODE    S=.itext   G=(none)   M=BisCore  ACBP=A9
 0002:000001F4 00000006 C=ICODE    S=.itext   G=(none)   M=AsyncCalls ACBP=A9
 0002:000001FC 00000006 C=ICODE    S=.itext   G=(none)   M=OleServer ACBP=A9
 0002:00000204 00000006 C=ICODE    S=.itext   G=(none)   M=OleCtrls ACBP=A9
 0002:0000020C 00000006 C=ICODE    S=.itext   G=(none)   M=AxCtrls  ACBP=A9
 0002:00000214 00000006 C=ICODE    S=.itext   G=(none)   M=kbmMemTable ACBP=A9
 0002:0000021C 00000006 C=ICODE    S=.itext   G=(none)   M=BisTimedMsgFm ACBP=A9
 0002:00000224 00000006 C=ICODE    S=.itext   G=(none)   M=ActnMan  ACBP=A9
 0002:0000022C 00000006 C=ICODE    S=.itext   G=(none)   M=ActnMenus ACBP=A9
 0002:00000234 00000006 C=ICODE    S=.itext   G=(none)   M=XPStyleActnCtrls ACBP=A9
 0002:0000023C 00000006 C=ICODE    S=.itext   G=(none)   M=SynEditHighlighter ACBP=A9
 0002:00000244 00000006 C=ICODE    S=.itext   G=(none)   M=SynEditMiscClasses ACBP=A9
 0002:0000024C 00000006 C=ICODE    S=.itext   G=(none)   M=SynRegExpr ACBP=A9
 0002:00000254 00000006 C=ICODE    S=.itext   G=(none)   M=SynHighlighterXML ACBP=A9
 0002:0000025C 00000006 C=ICODE    S=.itext   G=(none)   M=SynHighlighterSQL ACBP=A9
 0002:00000264 00000006 C=ICODE    S=.itext   G=(none)   M=SynEdit  ACBP=A9
 0002:0000026C 00000006 C=ICODE    S=.itext   G=(none)   M=SynEditKeyCmds ACBP=A9
 0002:00000274 00000006 C=ICODE    S=.itext   G=(none)   M=SynTextDrawer ACBP=A9
 0002:0000027C 00000006 C=ICODE    S=.itext   G=(none)   M=MiTeC_Routines ACBP=A9
 0002:00000284 00000006 C=ICODE    S=.itext   G=(none)   M=MSI_Processes ACBP=A9
 0002:0000028C 00000006 C=ICODE    S=.itext   G=(none)   M=MiTeC_PSAPI ACBP=A9
 0002:00000294 00000006 C=ICODE    S=.itext   G=(none)   M=MSI_Devices ACBP=A9
 0002:0000029C 00000006 C=ICODE    S=.itext   G=(none)   M=MSI_CPU  ACBP=A9
 0002:000002A4 00000006 C=ICODE    S=.itext   G=(none)   M=JclDebug ACBP=A9
 0002:000002AC 00000006 C=ICODE    S=.itext   G=(none)   M=JclSysInfo ACBP=A9
 0002:000002B4 00000006 C=ICODE    S=.itext   G=(none)   M=JclStrings ACBP=A9
 0002:000002BC 00000006 C=ICODE    S=.itext   G=(none)   M=JclSysUtils ACBP=A9
 0002:000002C4 00000006 C=ICODE    S=.itext   G=(none)   M=JclWideStrings ACBP=A9
 0002:000002CC 00000006 C=ICODE    S=.itext   G=(none)   M=JclShell ACBP=A9
 0002:000002D4 00000006 C=ICODE    S=.itext   G=(none)   M=JclRegistry ACBP=A9
 0002:000002DC 00000006 C=ICODE    S=.itext   G=(none)   M=JclHookExcept ACBP=A9
 0002:000002E4 00000006 C=ICODE    S=.itext   G=(none)   M=BisCoreThreads ACBP=A9
 0002:000002EC 00000006 C=ICODE    S=.itext   G=(none)   M=BisServiceApplication ACBP=A9
 0002:000002F4 00000006 C=ICODE    S=.itext   G=(none)   M=BisSvcMgr ACBP=A9
 0002:000002FC 00000006 C=ICODE    S=.itext   G=(none)   M=BisCryptUtils ACBP=A9
 0002:00000304 00000006 C=ICODE    S=.itext   G=(none)   M=SvcMgr   ACBP=A9
 0002:0000030C 00000008 C=ICODE    S=.itext   G=(none)   M=BisDesignConsts ACBP=A9
 0002:00000314 00000006 C=ICODE    S=.itext   G=(none)   M=AppEvnts ACBP=A9
 0002:0000031C 00000006 C=ICODE    S=.itext   G=(none)   M=CustomizeDlg ACBP=A9
 0002:00000324 00000006 C=ICODE    S=.itext   G=(none)   M=BisInternetProtocol ACBP=A9
 0002:0000032C 00000008 C=ICODE    S=.itext   G=(none)   M=BisDesignMainFm ACBP=A9
 0002:00000334 00000006 C=ICODE    S=.itext   G=(none)   M=VirtualTrees ACBP=A9
 0002:0000033C 00000006 C=ICODE    S=.itext   G=(none)   M=VTAccessibilityFactory ACBP=A9
 0002:00000344 00000008 C=ICODE    S=.itext   G=(none)   M=BisDesignDataFirmTypeEditFm ACBP=A9
 0002:0000034C 00000008 C=ICODE    S=.itext   G=(none)   M=BisDesignDataFirmTypesFm ACBP=A9
 0002:00000354 00000008 C=ICODE    S=.itext   G=(none)   M=BisDesignDataLocalitiesFrm ACBP=A9
 0002:0000035C 00000008 C=ICODE    S=.itext   G=(none)   M=BisDesignDataLocalityEditFm ACBP=A9
 0002:00000364 00000008 C=ICODE    S=.itext   G=(none)   M=BisDesignDataLocalitiesFm ACBP=A9
 0002:0000036C 00000008 C=ICODE    S=.itext   G=(none)   M=BisDesignDataStreetEditFm ACBP=A9
 0002:00000374 00000008 C=ICODE    S=.itext   G=(none)   M=BisDesignDataStreetsFm ACBP=A9
 0002:0000037C 00000008 C=ICODE    S=.itext   G=(none)   M=BisDesignDataFirmEditFm ACBP=A9
 0002:00000384 00000008 C=ICODE    S=.itext   G=(none)   M=BisDesignDataFirmsFm ACBP=A9
 0002:0000038C 00000008 C=ICODE    S=.itext   G=(none)   M=BisDesignDataAccountEditFm ACBP=A9
 0002:00000394 00000008 C=ICODE    S=.itext   G=(none)   M=BisDesignDataAccountsFm ACBP=A9
 0002:0000039C 00000008 C=ICODE    S=.itext   G=(none)   M=BisDesignDataRoleEditFm ACBP=A9
 0002:000003A4 00000008 C=ICODE    S=.itext   G=(none)   M=BisDesignDataRolesFm ACBP=A9
 0002:000003AC 00000008 C=ICODE    S=.itext   G=(none)   M=BisDesignDataRolesAndAccountsFm ACBP=A9
 0002:000003B4 00000008 C=ICODE    S=.itext   G=(none)   M=BisDesignDataApplicationEditFm ACBP=A9
 0002:000003BC 00000008 C=ICODE    S=.itext   G=(none)   M=BisDesignDataInterfaceFilterFm ACBP=A9
 0002:000003C4 00000008 C=ICODE    S=.itext   G=(none)   M=BisDesignDataInterfaceEditFm ACBP=A9
 0002:000003CC 00000008 C=ICODE    S=.itext   G=(none)   M=BisDesignDataInterfacesFm ACBP=A9
 0002:000003D4 00000008 C=ICODE    S=.itext   G=(none)   M=BisDesignDataReportEditFm ACBP=A9
 0002:000003DC 00000008 C=ICODE    S=.itext   G=(none)   M=BisDesignDataScriptEditFm ACBP=A9
 0002:000003E4 00000008 C=ICODE    S=.itext   G=(none)   M=BisDesignDataDocumentEditFm ACBP=A9
 0002:000003EC 00000008 C=ICODE    S=.itext   G=(none)   M=BisDesignDataInterfacesFrm ACBP=A9
 0002:000003F4 00000008 C=ICODE    S=.itext   G=(none)   M=BisDesignDataPermissionEditFm ACBP=A9
 0002:000003FC 00000008 C=ICODE    S=.itext   G=(none)   M=BisDesignDataPermissionsFm ACBP=A9
 0002:00000404 00000008 C=ICODE    S=.itext   G=(none)   M=BisDesignDataApplicationInterfaceEditFm ACBP=A9
 0002:0000040C 00000008 C=ICODE    S=.itext   G=(none)   M=BisDesignDataApplicationInterfacesFm ACBP=A9
 0002:00000414 00000008 C=ICODE    S=.itext   G=(none)   M=BisDesignDataApplicationsFrm ACBP=A9
 0002:0000041C 00000008 C=ICODE    S=.itext   G=(none)   M=BisDesignDataApplicationsFm ACBP=A9
 0002:00000424 00000008 C=ICODE    S=.itext   G=(none)   M=BisDesignDataAccountRoleEditFm ACBP=A9
 0002:0000042C 00000008 C=ICODE    S=.itext   G=(none)   M=BisDesignDataAccountRolesFm ACBP=A9
 0002:00000434 00000008 C=ICODE    S=.itext   G=(none)   M=BisDesignDataProfileEditFm ACBP=A9
 0002:0000043C 00000008 C=ICODE    S=.itext   G=(none)   M=BisDesignDataProfilesFm ACBP=A9
 0002:00000444 00000008 C=ICODE    S=.itext   G=(none)   M=BisDesignDataSessionsFm ACBP=A9
 0002:0000044C 00000008 C=ICODE    S=.itext   G=(none)   M=BisDesignDataMenuEditFm ACBP=A9
 0002:00000454 00000008 C=ICODE    S=.itext   G=(none)   M=BisDesignDataMenusFm ACBP=A9
 0002:0000045C 00000008 C=ICODE    S=.itext   G=(none)   M=BisDesignDataReportsFrm ACBP=A9
 0002:00000464 00000008 C=ICODE    S=.itext   G=(none)   M=BisDesignDataReportsFm ACBP=A9
 0002:0000046C 00000008 C=ICODE    S=.itext   G=(none)   M=BisDesignDataScriptsFrm ACBP=A9
 0002:00000474 00000008 C=ICODE    S=.itext   G=(none)   M=BisDesignDataScriptsFm ACBP=A9
 0002:0000047C 00000008 C=ICODE    S=.itext   G=(none)   M=BisDesignJournalActionEditFm ACBP=A9
 0002:00000484 00000008 C=ICODE    S=.itext   G=(none)   M=BisDesignJournalActionsFm ACBP=A9
 0002:0000048C 00000008 C=ICODE    S=.itext   G=(none)   M=BisDesignDataDocumentsFm ACBP=A9
 0002:00000494 00000008 C=ICODE    S=.itext   G=(none)   M=BisDesignDataConstEditFm ACBP=A9
 0002:0000049C 00000008 C=ICODE    S=.itext   G=(none)   M=BisDesignDataConstsFm ACBP=A9
 0002:000004A4 00000008 C=ICODE    S=.itext   G=(none)   M=BisDesignDataLockEditFm ACBP=A9
 0002:000004AC 00000008 C=ICODE    S=.itext   G=(none)   M=BisDesignDataLocksFm ACBP=A9
 0002:000004B4 00000008 C=ICODE    S=.itext   G=(none)   M=BisDesignDataTaskEditFm ACBP=A9
 0002:000004BC 00000008 C=ICODE    S=.itext   G=(none)   M=BisDesignDataTasksFrm ACBP=A9
 0002:000004C4 00000008 C=ICODE    S=.itext   G=(none)   M=BisDesignDataTasksFm ACBP=A9
 0002:000004CC 00000008 C=ICODE    S=.itext   G=(none)   M=BisDesignDataExchangeEditFm ACBP=A9
 0002:000004D4 00000008 C=ICODE    S=.itext   G=(none)   M=BisDesignDataExchangesFm ACBP=A9
 0002:000004DC 00000008 C=ICODE    S=.itext   G=(none)   M=BisDesignExchangeFm ACBP=A9
 0002:000004E4 00000008 C=ICODE    S=.itext   G=(none)   M=BisDesignDataAlarmEditFm ACBP=A9
 0002:000004EC 00000008 C=ICODE    S=.itext   G=(none)   M=BisDesignDataAlarmFilterFm ACBP=A9
 0002:000004F4 00000008 C=ICODE    S=.itext   G=(none)   M=BisDesignDataAlarmsFm ACBP=A9
 0002:000004FC 00000008 C=ICODE    S=.itext   G=(none)   M=BisDesign ACBP=A9
 0002:00000504 00000005 C=ICODE    S=.itext   G=(none)   M=.imdesign ACBP=A9
 0003:00000000 00000030 C=DATA     S=.data    G=DGROUP   M=SysInit  ACBP=A9
 0003:00000030 00000001 C=DATA     S=.data    G=DGROUP   M=BisDesignConsts ACBP=A9
 0004:00000000 0000000C C=BSS      S=.bss     G=DGROUP   M=SysInit  ACBP=A9
 0004:0000000C 00000008 C=BSS      S=.bss     G=DGROUP   M=Windows  ACBP=A9
 0004:00000014 00000004 C=BSS      S=.bss     G=DGROUP   M=BisDesignConsts ACBP=A9
 0004:00000018 00000008 C=BSS      S=.bss     G=DGROUP   M=BisDesignMainFm ACBP=A9
 0004:00000020 00000008 C=BSS      S=.bss     G=DGROUP   M=BisDesignDataFirmTypeEditFm ACBP=A9
 0004:00000028 00000008 C=BSS      S=.bss     G=DGROUP   M=BisDesignDataFirmTypesFm ACBP=A9
 0004:00000030 00000004 C=BSS      S=.bss     G=DGROUP   M=BisDesignDataLocalitiesFrm ACBP=A9
 0004:00000034 00000008 C=BSS      S=.bss     G=DGROUP   M=BisDesignDataLocalityEditFm ACBP=A9
 0004:0000003C 00000008 C=BSS      S=.bss     G=DGROUP   M=BisDesignDataLocalitiesFm ACBP=A9
 0004:00000044 00000008 C=BSS      S=.bss     G=DGROUP   M=BisDesignDataStreetEditFm ACBP=A9
 0004:0000004C 00000008 C=BSS      S=.bss     G=DGROUP   M=BisDesignDataStreetsFm ACBP=A9
 0004:00000054 00000008 C=BSS      S=.bss     G=DGROUP   M=BisDesignDataFirmEditFm ACBP=A9
 0004:0000005C 00000008 C=BSS      S=.bss     G=DGROUP   M=BisDesignDataFirmsFm ACBP=A9
 0004:00000064 00000008 C=BSS      S=.bss     G=DGROUP   M=BisDesignDataAccountEditFm ACBP=A9
 0004:0000006C 00000008 C=BSS      S=.bss     G=DGROUP   M=BisDesignDataAccountsFm ACBP=A9
 0004:00000074 00000008 C=BSS      S=.bss     G=DGROUP   M=BisDesignDataRoleEditFm ACBP=A9
 0004:0000007C 00000008 C=BSS      S=.bss     G=DGROUP   M=BisDesignDataRolesFm ACBP=A9
 0004:00000084 00000008 C=BSS      S=.bss     G=DGROUP   M=BisDesignDataRolesAndAccountsFm ACBP=A9
 0004:0000008C 00000008 C=BSS      S=.bss     G=DGROUP   M=BisDesignDataApplicationEditFm ACBP=A9
 0004:00000094 00000008 C=BSS      S=.bss     G=DGROUP   M=BisDesignDataInterfaceFilterFm ACBP=A9
 0004:0000009C 00000008 C=BSS      S=.bss     G=DGROUP   M=BisDesignDataInterfaceEditFm ACBP=A9
 0004:000000A4 00000008 C=BSS      S=.bss     G=DGROUP   M=BisDesignDataInterfacesFm ACBP=A9
 0004:000000AC 00000008 C=BSS      S=.bss     G=DGROUP   M=BisDesignDataReportEditFm ACBP=A9
 0004:000000B4 00000008 C=BSS      S=.bss     G=DGROUP   M=BisDesignDataScriptEditFm ACBP=A9
 0004:000000BC 00000008 C=BSS      S=.bss     G=DGROUP   M=BisDesignDataDocumentEditFm ACBP=A9
 0004:000000C4 00000004 C=BSS      S=.bss     G=DGROUP   M=BisDesignDataInterfacesFrm ACBP=A9
 0004:000000C8 00000008 C=BSS      S=.bss     G=DGROUP   M=BisDesignDataPermissionEditFm ACBP=A9
 0004:000000D0 00000008 C=BSS      S=.bss     G=DGROUP   M=BisDesignDataPermissionsFm ACBP=A9
 0004:000000D8 00000008 C=BSS      S=.bss     G=DGROUP   M=BisDesignDataApplicationInterfaceEditFm ACBP=A9
 0004:000000E0 00000008 C=BSS      S=.bss     G=DGROUP   M=BisDesignDataApplicationInterfacesFm ACBP=A9
 0004:000000E8 00000004 C=BSS      S=.bss     G=DGROUP   M=BisDesignDataApplicationsFrm ACBP=A9
 0004:000000EC 00000008 C=BSS      S=.bss     G=DGROUP   M=BisDesignDataApplicationsFm ACBP=A9
 0004:000000F4 00000008 C=BSS      S=.bss     G=DGROUP   M=BisDesignDataAccountRoleEditFm ACBP=A9
 0004:000000FC 00000008 C=BSS      S=.bss     G=DGROUP   M=BisDesignDataAccountRolesFm ACBP=A9
 0004:00000104 00000008 C=BSS      S=.bss     G=DGROUP   M=BisDesignDataProfileEditFm ACBP=A9
 0004:0000010C 00000008 C=BSS      S=.bss     G=DGROUP   M=BisDesignDataProfilesFm ACBP=A9
 0004:00000114 00000008 C=BSS      S=.bss     G=DGROUP   M=BisDesignDataSessionsFm ACBP=A9
 0004:0000011C 00000008 C=BSS      S=.bss     G=DGROUP   M=BisDesignDataMenuEditFm ACBP=A9
 0004:00000124 00000008 C=BSS      S=.bss     G=DGROUP   M=BisDesignDataMenusFm ACBP=A9
 0004:0000012C 00000004 C=BSS      S=.bss     G=DGROUP   M=BisDesignDataReportsFrm ACBP=A9
 0004:00000130 00000008 C=BSS      S=.bss     G=DGROUP   M=BisDesignDataReportsFm ACBP=A9
 0004:00000138 00000004 C=BSS      S=.bss     G=DGROUP   M=BisDesignDataScriptsFrm ACBP=A9
 0004:0000013C 00000008 C=BSS      S=.bss     G=DGROUP   M=BisDesignDataScriptsFm ACBP=A9
 0004:00000144 00000008 C=BSS      S=.bss     G=DGROUP   M=BisDesignJournalActionEditFm ACBP=A9
 0004:0000014C 00000008 C=BSS      S=.bss     G=DGROUP   M=BisDesignJournalActionsFm ACBP=A9
 0004:00000154 00000008 C=BSS      S=.bss     G=DGROUP   M=BisDesignDataDocumentsFm ACBP=A9
 0004:0000015C 00000008 C=BSS      S=.bss     G=DGROUP   M=BisDesignDataConstEditFm ACBP=A9
 0004:00000164 00000008 C=BSS      S=.bss     G=DGROUP   M=BisDesignDataConstsFm ACBP=A9
 0004:0000016C 00000008 C=BSS      S=.bss     G=DGROUP   M=BisDesignDataLockEditFm ACBP=A9
 0004:00000174 00000008 C=BSS      S=.bss     G=DGROUP   M=BisDesignDataLocksFm ACBP=A9
 0004:0000017C 00000008 C=BSS      S=.bss     G=DGROUP   M=BisDesignDataTaskEditFm ACBP=A9
 0004:00000184 00000004 C=BSS      S=.bss     G=DGROUP   M=BisDesignDataTasksFrm ACBP=A9
 0004:00000188 00000008 C=BSS      S=.bss     G=DGROUP   M=BisDesignDataTasksFm ACBP=A9
 0004:00000190 00000008 C=BSS      S=.bss     G=DGROUP   M=BisDesignDataExchangeEditFm ACBP=A9
 0004:00000198 00000008 C=BSS      S=.bss     G=DGROUP   M=BisDesignDataExchangesFm ACBP=A9
 0004:000001A0 00000008 C=BSS      S=.bss     G=DGROUP   M=BisDesignExchangeFm ACBP=A9
 0004:000001A8 00000008 C=BSS      S=.bss     G=DGROUP   M=BisDesignDataAlarmEditFm ACBP=A9
 0004:000001B0 00000008 C=BSS      S=.bss     G=DGROUP   M=BisDesignDataAlarmFilterFm ACBP=A9
 0004:000001B8 00000008 C=BSS      S=.bss     G=DGROUP   M=BisDesignDataAlarmsFm ACBP=A9
 0004:000001C0 00000004 C=BSS      S=.bss     G=DGROUP   M=BisDesign ACBP=A9


  Address             Publics by Name

 0002:00000504       .imdesign..imdesign
 0001:000375A8       .imdesign.@GetPackageInfoTable
 0001:000375B0       .imdesign.@PackageLoad
 0001:000375BC       .imdesign.@PackageUnload
 0004:000001C0       BisDesign..1
 0002:000004FC       BisDesign.BisDesign
 0001:00036868       BisDesign.Finalization
 0001:000366E4       BisDesign.InitIfaceModule
 0004:00000014       BisDesignConsts..1
 0002:0000030C       BisDesignConsts.BisDesignConsts
 0001:000013E0       BisDesignConsts.Finalization
 0003:00000030       BisDesignConsts.IsMainModule
 0004:00000068       BisDesignDataAccountEditFm..6
 0001:000097C0       BisDesignDataAccountEditFm..TBisDesignDataAccountDeleteFormIface
 0001:00008C70       BisDesignDataAccountEditFm..TBisDesignDataAccountEditForm
 0001:0000936C       BisDesignDataAccountEditFm..TBisDesignDataAccountEditFormIface
 0001:000094D8       BisDesignDataAccountEditFm..TBisDesignDataAccountInsertFormIface
 0001:0000964C       BisDesignDataAccountEditFm..TBisDesignDataAccountUpdateFormIface
 0001:00009934       BisDesignDataAccountEditFm..TBisRoleInfo
 0002:0000038C       BisDesignDataAccountEditFm.BisDesignDataAccountEditFm
 0004:00000064       BisDesignDataAccountEditFm.BisDesignDataAccountEditForm
 0001:0000B278       BisDesignDataAccountEditFm.Finalization
 0001:0000A1D8       BisDesignDataAccountEditFm.TBisDesignDataAccountDeleteFormIface.Create
 0001:0000A2B8       BisDesignDataAccountEditFm.TBisDesignDataAccountEditForm.BeforeShow
 0001:0000A444       BisDesignDataAccountEditFm.TBisDesignDataAccountEditForm.ButtonPhotoClick
 0001:0000A48C       BisDesignDataAccountEditFm.TBisDesignDataAccountEditForm.ChangeParam
 0001:0000A64C       BisDesignDataAccountEditFm.TBisDesignDataAccountEditForm.ChangesExists
 0001:0000A674       BisDesignDataAccountEditFm.TBisDesignDataAccountEditForm.CheckBoxProfileClick
 0001:0000A67C       BisDesignDataAccountEditFm.TBisDesignDataAccountEditForm.CheckListBoxRolesClickCheck
 0001:0000A234       BisDesignDataAccountEditFm.TBisDesignDataAccountEditForm.Create
 0001:0000A68C       BisDesignDataAccountEditFm.TBisDesignDataAccountEditForm.DeleteAccountRoles
 0001:0000B1B8       BisDesignDataAccountEditFm.TBisDesignDataAccountEditForm.Execute
 0001:0000A86C       BisDesignDataAccountEditFm.TBisDesignDataAccountEditForm.InsertAccountRoles
 0001:0000AE9C       BisDesignDataAccountEditFm.TBisDesignDataAccountEditForm.InsertProfile
 0001:0000B014       BisDesignDataAccountEditFm.TBisDesignDataAccountEditForm.MenuItemClearPhotoClick
 0001:0000B048       BisDesignDataAccountEditFm.TBisDesignDataAccountEditForm.MenuItemLoadPhotoClick
 0001:0000B0D0       BisDesignDataAccountEditFm.TBisDesignDataAccountEditForm.MenuItemSavePhotoClick
 0001:0000B158       BisDesignDataAccountEditFm.TBisDesignDataAccountEditForm.PopupActionBarPhotoPopup
 0001:0000AA18       BisDesignDataAccountEditFm.TBisDesignDataAccountEditForm.RefreshAccountRoles
 0001:0000AC48       BisDesignDataAccountEditFm.TBisDesignDataAccountEditForm.RefreshRoles
 0001:000099A0       BisDesignDataAccountEditFm.TBisDesignDataAccountEditFormIface.Create
 0001:0000A120       BisDesignDataAccountEditFm.TBisDesignDataAccountInsertFormIface.Create
 0001:0000A17C       BisDesignDataAccountEditFm.TBisDesignDataAccountUpdateFormIface.Create
 0004:000000F8       BisDesignDataAccountRoleEditFm..6
 0001:0001D880       BisDesignDataAccountRoleEditFm..TBisDesignDataAccountRoleDeleteFormIface
 0001:0001D11C       BisDesignDataAccountRoleEditFm..TBisDesignDataAccountRoleEditForm
 0001:0001D408       BisDesignDataAccountRoleEditFm..TBisDesignDataAccountRoleEditFormIface
 0001:0001D580       BisDesignDataAccountRoleEditFm..TBisDesignDataAccountRoleInsertFormIface
 0001:0001D700       BisDesignDataAccountRoleEditFm..TBisDesignDataAccountRoleUpdateFormIface
 0002:00000424       BisDesignDataAccountRoleEditFm.BisDesignDataAccountRoleEditFm
 0004:000000F4       BisDesignDataAccountRoleEditFm.BisDesignDataAccountRoleEditForm
 0001:0001DD0C       BisDesignDataAccountRoleEditFm.Finalization
 0001:0001DC74       BisDesignDataAccountRoleEditFm.TBisDesignDataAccountRoleDeleteFormIface.Create
 0001:0001DCD4       BisDesignDataAccountRoleEditFm.TBisDesignDataAccountRoleEditForm.Execute
 0001:0001DA00       BisDesignDataAccountRoleEditFm.TBisDesignDataAccountRoleEditFormIface.Create
 0001:0001DBB4       BisDesignDataAccountRoleEditFm.TBisDesignDataAccountRoleInsertFormIface.Create
 0001:0001DC14       BisDesignDataAccountRoleEditFm.TBisDesignDataAccountRoleUpdateFormIface.Create
 0004:00000100       BisDesignDataAccountRolesFm..3
 0001:0001DD3C       BisDesignDataAccountRolesFm..TBisDesignDataAccountRolesForm
 0001:0001DF60       BisDesignDataAccountRolesFm..TBisDesignDataAccountRolesFormIface
 0004:000000FC       BisDesignDataAccountRolesFm.BiDesignDataAccountRolesForm
 0002:0000042C       BisDesignDataAccountRolesFm.BisDesignDataAccountRolesFm
 0001:0001E258       BisDesignDataAccountRolesFm.Finalization
 0001:0001E0D8       BisDesignDataAccountRolesFm.TBisDesignDataAccountRolesFormIface.Create
 0004:00000070       BisDesignDataAccountsFm..4
 0001:0000B5C4       BisDesignDataAccountsFm..TBisDesignDataAccountsForm
 0001:0000B7DC       BisDesignDataAccountsFm..TBisDesignDataAccountsFormIface
 0001:0000B2A8       BisDesignDataAccountsFm..TBisDesignDataAccountsFrame
 0004:0000006C       BisDesignDataAccountsFm.BiDesignDataAccountsForm
 0002:00000394       BisDesignDataAccountsFm.BisDesignDataAccountsFm
 0001:0000BEF4       BisDesignDataAccountsFm.Finalization
 0001:0000BE8C       BisDesignDataAccountsFm.TBisDesignDataAccountsForm.Create
 0001:0000BEC4       BisDesignDataAccountsFm.TBisDesignDataAccountsForm.Destroy
 0001:0000BEEC       BisDesignDataAccountsFm.TBisDesignDataAccountsForm.GetDataFrameClass
 0001:0000BE40       BisDesignDataAccountsFm.TBisDesignDataAccountsFormIface.Create
 0001:0000B948       BisDesignDataAccountsFm.TBisDesignDataAccountsFrame.Create
 0001:0000BE10       BisDesignDataAccountsFm.TBisDesignDataAccountsFrame.Init
 0004:000001AC       BisDesignDataAlarmEditFm..6
 0001:000349F4       BisDesignDataAlarmEditFm..TBisDesignDataAlarmDeleteFormIface
 0001:000341EC       BisDesignDataAlarmEditFm..TBisDesignDataAlarmEditForm
 0001:000345B4       BisDesignDataAlarmEditFm..TBisDesignDataAlarmEditFormIface
 0001:0003471C       BisDesignDataAlarmEditFm..TBisDesignDataAlarmInsertFormIface
 0001:00034888       BisDesignDataAlarmEditFm..TBisDesignDataAlarmUpdateFormIface
 0002:000004E4       BisDesignDataAlarmEditFm.BisDesignDataAlarmEditFm
 0004:000001A8       BisDesignDataAlarmEditFm.BisDesignDataAlarmEditForm
 0001:0003537C       BisDesignDataAlarmEditFm.Finalization
 0001:00034B60       BisDesignDataAlarmEditFm.GetTypeAlarmNameByIndex
 0001:000350D8       BisDesignDataAlarmEditFm.TBisDesignDataAlarmDeleteFormIface.Create
 0001:000351F8       BisDesignDataAlarmEditFm.TBisDesignDataAlarmEditForm.BeforeShow
 0001:00035158       BisDesignDataAlarmEditFm.TBisDesignDataAlarmEditForm.Create
 0001:00034BE4       BisDesignDataAlarmEditFm.TBisDesignDataAlarmEditFormIface.Create
 0001:00034FD8       BisDesignDataAlarmEditFm.TBisDesignDataAlarmInsertFormIface.Create
 0001:00035058       BisDesignDataAlarmEditFm.TBisDesignDataAlarmUpdateFormIface.Create
 0004:000001B4       BisDesignDataAlarmFilterFm..3
 0001:000353B4       BisDesignDataAlarmFilterFm..TBisDesignDataAlarmFilterForm
 0001:00035718       BisDesignDataAlarmFilterFm..TBisDesignDataAlarmFilterFormIface
 0002:000004EC       BisDesignDataAlarmFilterFm.BisDesignDataAlarmFilterFm
 0004:000001B0       BisDesignDataAlarmFilterFm.BisDesignDataAlarmFilterForm
 0001:00035D90       BisDesignDataAlarmFilterFm.Finalization
 0001:00035AA8       BisDesignDataAlarmFilterFm.TBisDesignDataAlarmFilterForm.ButtonDateBeginClick
 0001:00035C1C       BisDesignDataAlarmFilterFm.TBisDesignDataAlarmFilterForm.ButtonDateEndClick
 0001:00035884       BisDesignDataAlarmFilterFm.TBisDesignDataAlarmFilterFormIface.Create
 0004:000001BC       BisDesignDataAlarmsFm..3
 0001:00035DC0       BisDesignDataAlarmsFm..TBisDesignDataAlarmsForm
 0001:00036024       BisDesignDataAlarmsFm..TBisDesignDataAlarmsFormIface
 0002:000004F4       BisDesignDataAlarmsFm.BisDesignDataAlarmsFm
 0004:000001B8       BisDesignDataAlarmsFm.BisDesignDataAlarmsForm
 0001:000366B4       BisDesignDataAlarmsFm.Finalization
 0001:000364E8       BisDesignDataAlarmsFm.TBisDesignDataAlarmsForm.Create
 0001:0003618C       BisDesignDataAlarmsFm.TBisDesignDataAlarmsFormIface.Create
 0001:00036448       BisDesignDataAlarmsFm.TBisDesignDataAlarmsFormIface.GetTypeAlarmName
 0004:00000090       BisDesignDataApplicationEditFm..6
 0001:0000F034       BisDesignDataApplicationEditFm..TBisDesignDataApplicationDeleteFormIface
 0001:0000E8E8       BisDesignDataApplicationEditFm..TBisDesignDataApplicationEditForm
 0001:0000EBBC       BisDesignDataApplicationEditFm..TBisDesignDataApplicationEditFormIface
 0001:0000ED34       BisDesignDataApplicationEditFm..TBisDesignDataApplicationInsertFormIface
 0001:0000EEB4       BisDesignDataApplicationEditFm..TBisDesignDataApplicationUpdateFormIface
 0002:000003B4       BisDesignDataApplicationEditFm.BisDesignDataApplicationEditFm
 0004:0000008C       BisDesignDataApplicationEditFm.BisDesignDataApplicationEditForm
 0001:0000F450       BisDesignDataApplicationEditFm.Finalization
 0001:0000F3F0       BisDesignDataApplicationEditFm.TBisDesignDataApplicationDeleteFormIface.Create
 0001:0000F1B4       BisDesignDataApplicationEditFm.TBisDesignDataApplicationEditFormIface.Create
 0001:0000F330       BisDesignDataApplicationEditFm.TBisDesignDataApplicationInsertFormIface.Create
 0001:0000F390       BisDesignDataApplicationEditFm.TBisDesignDataApplicationUpdateFormIface.Create
 0004:000000DC       BisDesignDataApplicationInterfaceEditFm..6
 0001:0001B16C       BisDesignDataApplicationInterfaceEditFm..TBisDesignDataApplicationInterfaceDeleteFormIface
 0001:0001A90C       BisDesignDataApplicationInterfaceEditFm..TBisDesignDataApplicationInterfaceEditForm
 0001:0001ACA8       BisDesignDataApplicationInterfaceEditFm..TBisDesignDataApplicationInterfaceEditFormIface
 0001:0001AE3C       BisDesignDataApplicationInterfaceEditFm..TBisDesignDataApplicationInterfaceInsertFormIface
 0001:0001AFD4       BisDesignDataApplicationInterfaceEditFm..TBisDesignDataApplicationInterfaceUpdateFormIface
 0002:00000404       BisDesignDataApplicationInterfaceEditFm.BisDesignDataApplicationInterfaceEditFm
 0004:000000D8       BisDesignDataApplicationInterfaceEditFm.BisDesignDataApplicationInterfaceEditForm
 0001:0001B824       BisDesignDataApplicationInterfaceEditFm.Finalization
 0001:0001B728       BisDesignDataApplicationInterfaceEditFm.TBisDesignDataApplicationInterfaceDeleteFormIface.Create
 0001:0001B790       BisDesignDataApplicationInterfaceEditFm.TBisDesignDataApplicationInterfaceEditForm.CanShow
 0001:0001B7EC       BisDesignDataApplicationInterfaceEditFm.TBisDesignDataApplicationInterfaceEditForm.Execute
 0001:0001B304       BisDesignDataApplicationInterfaceEditFm.TBisDesignDataApplicationInterfaceEditFormIface.Create
 0001:0001B658       BisDesignDataApplicationInterfaceEditFm.TBisDesignDataApplicationInterfaceInsertFormIface.Create
 0001:0001B6C0       BisDesignDataApplicationInterfaceEditFm.TBisDesignDataApplicationInterfaceUpdateFormIface.Create
 0004:000000E4       BisDesignDataApplicationInterfacesFm..4
 0001:0001BB50       BisDesignDataApplicationInterfacesFm..TBisDesignDataApplicationInterfacesForm
 0001:0001BD90       BisDesignDataApplicationInterfacesFm..TBisDesignDataApplicationInterfacesFormIface
 0001:0001B854       BisDesignDataApplicationInterfacesFm..TBisDesignDataApplicationInterfacesFrame
 0004:000000E0       BisDesignDataApplicationInterfacesFm.BiDesignDataApplicationInterfacesForm
 0002:0000040C       BisDesignDataApplicationInterfacesFm.BisDesignDataApplicationInterfacesFm
 0001:0001C36C       BisDesignDataApplicationInterfacesFm.Finalization
 0001:0001C364       BisDesignDataApplicationInterfacesFm.TBisDesignDataApplicationInterfacesForm.GetDataFrameClass
 0001:0001C034       BisDesignDataApplicationInterfacesFm.TBisDesignDataApplicationInterfacesFormIface.Create
 0001:0001C31C       BisDesignDataApplicationInterfacesFm.TBisDesignDataApplicationInterfacesFormIface.CreateForm
 0001:0001BF3C       BisDesignDataApplicationInterfacesFm.TBisDesignDataApplicationInterfacesFrame.BeforeIfaceExecute
 0004:000000F0       BisDesignDataApplicationsFm..3
 0001:0001CBD0       BisDesignDataApplicationsFm..TBisDesignDataApplicationsForm
 0001:0001CDF4       BisDesignDataApplicationsFm..TBisDesignDataApplicationsFormIface
 0002:0000041C       BisDesignDataApplicationsFm.BisDesignDataApplicationsFm
 0004:000000EC       BisDesignDataApplicationsFm.BisDesignDataApplicationsForm
 0001:0001D0EC       BisDesignDataApplicationsFm.Finalization
 0001:0001D0E4       BisDesignDataApplicationsFm.TBisDesignDataApplicationsForm.GetDataFrameClass
 0001:0001CF6C       BisDesignDataApplicationsFm.TBisDesignDataApplicationsFormIface.Create
 0004:000000E8       BisDesignDataApplicationsFrm..3
 0001:0001C39C       BisDesignDataApplicationsFrm..TBisDesignDataApplicationFrameIfaces
 0001:0001C474       BisDesignDataApplicationsFrm..TBisDesignDataApplicationsFrame
 0002:00000414       BisDesignDataApplicationsFrm.BisDesignDataApplicationsFrm
 0001:0001CBA0       BisDesignDataApplicationsFrm.Finalization
 0001:0001C7FC       BisDesignDataApplicationsFrm.TBisDesignDataApplicationFrameIfaces.FindApplicationById
 0001:0001C918       BisDesignDataApplicationsFrm.TBisDesignDataApplicationsFrame.ActionInterfacesExecute
 0001:0001C920       BisDesignDataApplicationsFrm.TBisDesignDataApplicationsFrame.ActionInterfacesUpdate
 0001:0001C93C       BisDesignDataApplicationsFrm.TBisDesignDataApplicationsFrame.CanInterfaces
 0001:0001C8A0       BisDesignDataApplicationsFrm.TBisDesignDataApplicationsFrame.Create
 0001:0001C8E8       BisDesignDataApplicationsFrm.TBisDesignDataApplicationsFrame.Destroy
 0001:0001C9CC       BisDesignDataApplicationsFrm.TBisDesignDataApplicationsFrame.Interfaces
 0004:00000160       BisDesignDataConstEditFm..6
 0001:00027CB0       BisDesignDataConstEditFm..TBisDesignDataConstDeleteFormIface
 0001:00027578       BisDesignDataConstEditFm..TBisDesignDataConstEditForm
 0001:00027870       BisDesignDataConstEditFm..TBisDesignDataConstEditFormIface
 0001:000279D8       BisDesignDataConstEditFm..TBisDesignDataConstInsertFormIface
 0001:00027B44       BisDesignDataConstEditFm..TBisDesignDataConstUpdateFormIface
 0002:00000494       BisDesignDataConstEditFm.BisDesignDataConstEditFm
 0004:0000015C       BisDesignDataConstEditFm.BisDesignDataConstEditForm
 0001:00028148       BisDesignDataConstEditFm.Finalization
 0001:0002803C       BisDesignDataConstEditFm.TBisDesignDataConstDeleteFormIface.Create
 0001:00028094       BisDesignDataConstEditFm.TBisDesignDataConstEditForm.BeforeShow
 0001:000280BC       BisDesignDataConstEditFm.TBisDesignDataConstEditForm.ButtonNameClick
 0001:00027E1C       BisDesignDataConstEditFm.TBisDesignDataConstEditFormIface.Create
 0001:00027F8C       BisDesignDataConstEditFm.TBisDesignDataConstInsertFormIface.Create
 0001:00027FE4       BisDesignDataConstEditFm.TBisDesignDataConstUpdateFormIface.Create
 0004:00000168       BisDesignDataConstsFm..3
 0001:00028178       BisDesignDataConstsFm..TBisDesignDataConstsForm
 0001:0002838C       BisDesignDataConstsFm..TBisDesignDataConstsFormIface
 0002:0000049C       BisDesignDataConstsFm.BisDesignDataConstsFm
 0004:00000164       BisDesignDataConstsFm.BisDesignDataConstsForm
 0001:00028680       BisDesignDataConstsFm.Finalization
 0001:00028648       BisDesignDataConstsFm.TBisDesignDataConstsForm.Create
 0001:000284F4       BisDesignDataConstsFm.TBisDesignDataConstsFormIface.Create
 0004:000000C0       BisDesignDataDocumentEditFm..6
 0001:000157D0       BisDesignDataDocumentEditFm..TBisDesignDataDocumentDeleteFormIface
 0001:00014F78       BisDesignDataDocumentEditFm..TBisDesignDataDocumentEditForm
 0001:00015378       BisDesignDataDocumentEditFm..TBisDesignDataDocumentEditFormIface
 0001:000154E8       BisDesignDataDocumentEditFm..TBisDesignDataDocumentInsertFormIface
 0001:0001565C       BisDesignDataDocumentEditFm..TBisDesignDataDocumentUpdateFormIface
 0002:000003E4       BisDesignDataDocumentEditFm.BisDesignDataDocumentEditFm
 0004:000000BC       BisDesignDataDocumentEditFm.BisDesignDataDocumentEditForm
 0001:00016B30       BisDesignDataDocumentEditFm.Finalization
 0001:00015D40       BisDesignDataDocumentEditFm.TBisDesignDataDocumentDeleteFormIface.Create
 0001:00015E24       BisDesignDataDocumentEditFm.TBisDesignDataDocumentEditForm.BeforeShow
 0001:000169F8       BisDesignDataDocumentEditFm.TBisDesignDataDocumentEditForm.ButtonClearClick
 0001:0001677C       BisDesignDataDocumentEditFm.TBisDesignDataDocumentEditForm.ButtonLoadClick
 0001:000168D4       BisDesignDataDocumentEditFm.TBisDesignDataDocumentEditForm.ButtonSaveClick
 0001:00016074       BisDesignDataDocumentEditFm.TBisDesignDataDocumentEditForm.ChangeInterfaceId
 0001:000162EC       BisDesignDataDocumentEditFm.TBisDesignDataDocumentEditForm.ChangeParam
 0001:00016A30       BisDesignDataDocumentEditFm.TBisDesignDataDocumentEditForm.CheckParam
 0001:00015DC4       BisDesignDataDocumentEditFm.TBisDesignDataDocumentEditForm.Create
 0001:00015DFC       BisDesignDataDocumentEditFm.TBisDesignDataDocumentEditForm.Destroy
 0001:00015F74       BisDesignDataDocumentEditFm.TBisDesignDataDocumentEditForm.EditDocumentChange
 0001:00016AF8       BisDesignDataDocumentEditFm.TBisDesignDataDocumentEditForm.Execute
 0001:000166CC       BisDesignDataDocumentEditFm.TBisDesignDataDocumentEditForm.GetOleClass
 0001:00015944       BisDesignDataDocumentEditFm.TBisDesignDataDocumentEditFormIface.Create
 0001:00015C38       BisDesignDataDocumentEditFm.TBisDesignDataDocumentInsertFormIface.Create
 0001:00015CBC       BisDesignDataDocumentEditFm.TBisDesignDataDocumentUpdateFormIface.Create
 0004:00000158       BisDesignDataDocumentsFm..3
 0001:0002700C       BisDesignDataDocumentsFm..TBisDesignDataDocumentsForm
 0001:00027228       BisDesignDataDocumentsFm..TBisDesignDataDocumentsFormIface
 0002:0000048C       BisDesignDataDocumentsFm.BisDesignDataDocumentsFm
 0004:00000154       BisDesignDataDocumentsFm.BisDesignDataDocumentsForm
 0001:00027548       BisDesignDataDocumentsFm.Finalization
 0001:00027510       BisDesignDataDocumentsFm.TBisDesignDataDocumentsForm.Create
 0001:00027398       BisDesignDataDocumentsFm.TBisDesignDataDocumentsFormIface.Create
 0004:00000194       BisDesignDataExchangeEditFm..6
 0001:0002E80C       BisDesignDataExchangeEditFm..TBisDesignDataExchangeDeleteFormIface
 0001:0002DF4C       BisDesignDataExchangeEditFm..TBisDesignDataExchangeEditForm
 0001:0002E3B4       BisDesignDataExchangeEditFm..TBisDesignDataExchangeEditFormIface
 0001:0002E524       BisDesignDataExchangeEditFm..TBisDesignDataExchangeInsertFormIface
 0001:0002E698       BisDesignDataExchangeEditFm..TBisDesignDataExchangeUpdateFormIface
 0002:000004CC       BisDesignDataExchangeEditFm.BisDesignDataExchangeEditFm
 0004:00000190       BisDesignDataExchangeEditFm.BisDesignDataExchangeEditForm
 0001:0002F368       BisDesignDataExchangeEditFm.Finalization
 0001:0002EDC4       BisDesignDataExchangeEditFm.TBisDesignDataExchangeDeleteFormIface.Create
 0001:0002EF9C       BisDesignDataExchangeEditFm.TBisDesignDataExchangeEditForm.BeforeShow
 0001:0002EFF8       BisDesignDataExchangeEditFm.TBisDesignDataExchangeEditForm.ButtonScriptClick
 0001:0002F270       BisDesignDataExchangeEditFm.TBisDesignDataExchangeEditForm.CheckParam
 0001:0002EE20       BisDesignDataExchangeEditFm.TBisDesignDataExchangeEditForm.Create
 0001:0002EEC0       BisDesignDataExchangeEditFm.TBisDesignDataExchangeEditForm.RefreshConnections
 0001:0002E980       BisDesignDataExchangeEditFm.TBisDesignDataExchangeEditFormIface.Create
 0001:0002ED0C       BisDesignDataExchangeEditFm.TBisDesignDataExchangeInsertFormIface.Create
 0001:0002ED68       BisDesignDataExchangeEditFm.TBisDesignDataExchangeUpdateFormIface.Create
 0004:0000019C       BisDesignDataExchangesFm..3
 0001:0002F398       BisDesignDataExchangesFm..TBisDesignDataExchangesForm
 0001:0002F5B4       BisDesignDataExchangesFm..TBisDesignDataExchangesFormIface
 0002:000004D4       BisDesignDataExchangesFm.BisDesignDataExchangesFm
 0004:00000198       BisDesignDataExchangesFm.BisDesignDataExchangesForm
 0001:0002F9E8       BisDesignDataExchangesFm.Finalization
 0001:0002F724       BisDesignDataExchangesFm.TBisDesignDataExchangesFormIface.Create
 0004:00000058       BisDesignDataFirmEditFm..7
 0001:00006C90       BisDesignDataFirmEditFm..TBisDesignDataFirmDeleteFormIface
 0001:00005FF8       BisDesignDataFirmEditFm..TBisDesignDataFirmEditForm
 0001:000066EC       BisDesignDataFirmEditFm..TBisDesignDataFirmEditFormIface
 0001:000069B8       BisDesignDataFirmEditFm..TBisDesignDataFirmInsertChildFormIface
 0001:00006850       BisDesignDataFirmEditFm..TBisDesignDataFirmInsertFormIface
 0001:00006B28       BisDesignDataFirmEditFm..TBisDesignDataFirmUpdateFormIface
 0002:0000037C       BisDesignDataFirmEditFm.BisDesignDataFirmEditFm
 0004:00000054       BisDesignDataFirmEditFm.BisDesignDataFirmEditForm
 0001:0000822C       BisDesignDataFirmEditFm.Finalization
 0001:000080EC       BisDesignDataFirmEditFm.TBisDesignDataFirmDeleteFormIface.Create
 0001:0000816C       BisDesignDataFirmEditFm.TBisDesignDataFirmEditForm.EditSmallNameExit
 0001:00006DF8       BisDesignDataFirmEditFm.TBisDesignDataFirmEditFormIface.Create
 0001:00007E78       BisDesignDataFirmEditFm.TBisDesignDataFirmInsertChildFormIface.Create
 0001:00007F04       BisDesignDataFirmEditFm.TBisDesignDataFirmInsertChildFormIface.CreateForm
 0001:00007C18       BisDesignDataFirmEditFm.TBisDesignDataFirmInsertFormIface.Create
 0001:00007D04       BisDesignDataFirmEditFm.TBisDesignDataFirmInsertFormIface.CreateForm
 0001:00008068       BisDesignDataFirmEditFm.TBisDesignDataFirmUpdateFormIface.Create
 0004:00000060       BisDesignDataFirmsFm..3
 0001:0000825C       BisDesignDataFirmsFm..TBisDesignDataFirmsForm
 0001:0000846C       BisDesignDataFirmsFm..TBisDesignDataFirmsFormIface
 0002:00000384       BisDesignDataFirmsFm.BisDesignDataFirmsFm
 0004:0000005C       BisDesignDataFirmsFm.BisDesignDataFirmsForm
 0001:00008C40       BisDesignDataFirmsFm.Finalization
 0001:000085D0       BisDesignDataFirmsFm.TBisDesignDataFirmsFormIface.Create
 0004:00000024       BisDesignDataFirmTypeEditFm..6
 0001:000024EC       BisDesignDataFirmTypeEditFm..TBisDesignDataFirmTypeDeleteFormIface
 0001:00001DBC       BisDesignDataFirmTypeEditFm..TBisDesignDataFirmTypeEditForm
 0001:00002094       BisDesignDataFirmTypeEditFm..TBisDesignDataFirmTypeEditFormIface
 0001:00002204       BisDesignDataFirmTypeEditFm..TBisDesignDataFirmTypeInsertFormIface
 0001:00002378       BisDesignDataFirmTypeEditFm..TBisDesignDataFirmTypeUpdateFormIface
 0002:00000344       BisDesignDataFirmTypeEditFm.BisDesignDataFirmTypeEditFm
 0004:00000020       BisDesignDataFirmTypeEditFm.BisDesignDataFirmTypeEditForm
 0001:00002914       BisDesignDataFirmTypeEditFm.Finalization
 0001:000028B8       BisDesignDataFirmTypeEditFm.TBisDesignDataFirmTypeDeleteFormIface.Create
 0001:00002660       BisDesignDataFirmTypeEditFm.TBisDesignDataFirmTypeEditFormIface.Create
 0001:00002800       BisDesignDataFirmTypeEditFm.TBisDesignDataFirmTypeInsertFormIface.Create
 0001:0000285C       BisDesignDataFirmTypeEditFm.TBisDesignDataFirmTypeUpdateFormIface.Create
 0004:0000002C       BisDesignDataFirmTypesFm..3
 0001:00002944       BisDesignDataFirmTypesFm..TBisDesignDataFirmTypesForm
 0001:00002B60       BisDesignDataFirmTypesFm..TBisDesignDataFirmTypesFormIface
 0002:0000034C       BisDesignDataFirmTypesFm.BisDesignDataFirmTypesFm
 0004:00000028       BisDesignDataFirmTypesFm.BisDesignDataFirmTypesForm
 0001:00002E4C       BisDesignDataFirmTypesFm.Finalization
 0001:00002CD0       BisDesignDataFirmTypesFm.TBisDesignDataFirmTypesFormIface.Create
 0004:000000A0       BisDesignDataInterfaceEditFm..6
 0001:000106FC       BisDesignDataInterfaceEditFm..TBisDesignDataInterfaceDeleteFormIface
 0001:0000FF5C       BisDesignDataInterfaceEditFm..TBisDesignDataInterfaceEditForm
 0001:00010298       BisDesignDataInterfaceEditFm..TBisDesignDataInterfaceEditFormIface
 0001:0001040C       BisDesignDataInterfaceEditFm..TBisDesignDataInterfaceInsertFormIface
 0001:00010584       BisDesignDataInterfaceEditFm..TBisDesignDataInterfaceUpdateFormIface
 0002:000003C4       BisDesignDataInterfaceEditFm.BisDesignDataInterfaceEditFm
 0004:0000009C       BisDesignDataInterfaceEditFm.BisDesignDataInterfaceEditForm
 0001:00010EC4       BisDesignDataInterfaceEditFm.Finalization
 0001:00010C2C       BisDesignDataInterfaceEditFm.TBisDesignDataInterfaceDeleteFormIface.Create
 0001:00010D70       BisDesignDataInterfaceEditFm.TBisDesignDataInterfaceEditForm.ChangeParam
 0001:00010CBC       BisDesignDataInterfaceEditFm.TBisDesignDataInterfaceEditForm.Create
 0001:00010E8C       BisDesignDataInterfaceEditFm.TBisDesignDataInterfaceEditForm.Execute
 0001:00010874       BisDesignDataInterfaceEditFm.TBisDesignDataInterfaceEditFormIface.Create
 0001:00010B0C       BisDesignDataInterfaceEditFm.TBisDesignDataInterfaceInsertFormIface.Create
 0001:00010B9C       BisDesignDataInterfaceEditFm.TBisDesignDataInterfaceUpdateFormIface.Create
 0004:00000098       BisDesignDataInterfaceFilterFm..3
 0001:0000F480       BisDesignDataInterfaceFilterFm..TBisDesignDataInterfaceFilterForm
 0001:0000F7CC       BisDesignDataInterfaceFilterFm..TBisDesignDataInterfaceFilterFormIface
 0002:000003BC       BisDesignDataInterfaceFilterFm.BisDesignDataInterfaceFilterFm
 0004:00000094       BisDesignDataInterfaceFilterFm.BisDesignDataInterfaceFilterForm
 0001:0000FF2C       BisDesignDataInterfaceFilterFm.Finalization
 0001:0000F944       BisDesignDataInterfaceFilterFm.GetInterfaceTypeByIndex
 0001:0000FD94       BisDesignDataInterfaceFilterFm.TBisDesignDataInterfaceFilterForm.ChangeParam
 0001:0000FC5C       BisDesignDataInterfaceFilterFm.TBisDesignDataInterfaceFilterForm.Create
 0001:0000F9E8       BisDesignDataInterfaceFilterFm.TBisDesignDataInterfaceFilterFormIface.Create
 0004:000000A8       BisDesignDataInterfacesFm..3
 0001:00010EF4       BisDesignDataInterfacesFm..TBisDesignDataInterfacesForm
 0001:00011180       BisDesignDataInterfacesFm..TBisDesignDataInterfacesFormIface
 0002:000003CC       BisDesignDataInterfacesFm.BisDesignDataInterfacesFm
 0004:000000A4       BisDesignDataInterfacesFm.BisDesignDataInterfacesForm
 0001:000113A0       BisDesignDataInterfacesFm.Finalization
 0001:00011340       BisDesignDataInterfacesFm.TBisDesignDataInterfacesForm.Create
 0001:00011398       BisDesignDataInterfacesFm.TBisDesignDataInterfacesForm.GetDataFrameClass
 0001:000112F4       BisDesignDataInterfacesFm.TBisDesignDataInterfacesFormIface.Create
 0004:000000C4       BisDesignDataInterfacesFrm..3
 0001:00016C30       BisDesignDataInterfacesFrm..TBisDesignDataInterfacesFrame
 0001:00016B60       BisDesignDataInterfacesFrm..TBisDesignDataReportsFrameIfaces
 0002:000003EC       BisDesignDataInterfacesFrm.BisDesignDataInterfacesFrm
 0001:0001866C       BisDesignDataInterfacesFrm.Finalization
 0001:000182F8       BisDesignDataInterfacesFrm.LocalShow
 0001:000180A4       BisDesignDataInterfacesFrm.LocalShow
 0001:000182D0       BisDesignDataInterfacesFrm.OtherIfaceLoadOptions
 0001:0001804C       BisDesignDataInterfacesFrm.TBisDesignDataInterfacesFrame.ActionInterfaceOptionsExecute
 0001:00018054       BisDesignDataInterfacesFrm.TBisDesignDataInterfacesFrame.ActionInterfaceOptionsUpdate
 0001:00018070       BisDesignDataInterfacesFrm.TBisDesignDataInterfacesFrame.ActionInterfaceShowExecute
 0001:0001800C       BisDesignDataInterfacesFrm.TBisDesignDataInterfacesFrame.ActionInterfaceShowUpdate
 0001:00018028       BisDesignDataInterfacesFrm.TBisDesignDataInterfacesFrame.ActionPermissionsExecute
 0001:00018030       BisDesignDataInterfacesFrm.TBisDesignDataInterfacesFrame.ActionPermissionsUpdate
 0001:000182A4       BisDesignDataInterfacesFrm.TBisDesignDataInterfacesFrame.CanInterfaceOptions
 0001:00018078       BisDesignDataInterfacesFrm.TBisDesignDataInterfacesFrame.CanInterfaceShow
 0001:00018468       BisDesignDataInterfacesFrm.TBisDesignDataInterfacesFrame.CanPermissions
 0001:00017260       BisDesignDataInterfacesFrm.TBisDesignDataInterfacesFrame.Create
 0001:00017638       BisDesignDataInterfacesFrm.TBisDesignDataInterfacesFrame.Destroy
 0001:00017FD0       BisDesignDataInterfacesFrm.TBisDesignDataInterfacesFrame.GetCurrentDeleteClass
 0001:00017F58       BisDesignDataInterfacesFrm.TBisDesignDataInterfacesFrame.GetCurrentDuplicateClass
 0001:00017F94       BisDesignDataInterfacesFrm.TBisDesignDataInterfacesFrame.GetCurrentUpdateClass
 0001:00017DAC       BisDesignDataInterfacesFrm.TBisDesignDataInterfacesFrame.GetDocumentClass
 0001:00017774       BisDesignDataInterfacesFrm.TBisDesignDataInterfacesFrame.GetInterfaceClass
 0001:00017710       BisDesignDataInterfacesFrm.TBisDesignDataInterfacesFrame.GetInterfaceType
 0001:00017668       BisDesignDataInterfacesFrm.TBisDesignDataInterfacesFrame.GetInterfaceTypeName
 0001:00017860       BisDesignDataInterfacesFrm.TBisDesignDataInterfacesFrame.GetInternalClass
 0001:00017BD0       BisDesignDataInterfacesFrm.TBisDesignDataInterfacesFrame.GetReportClass
 0001:000179F4       BisDesignDataInterfacesFrm.TBisDesignDataInterfacesFrame.GetScriptClass
 0001:000183FC       BisDesignDataInterfacesFrm.TBisDesignDataInterfacesFrame.InterfaceOptions
 0001:000181D0       BisDesignDataInterfacesFrm.TBisDesignDataInterfacesFrame.InterfaceShow
 0001:00018494       BisDesignDataInterfacesFrm.TBisDesignDataInterfacesFrame.Permissions
 0001:000170F0       BisDesignDataInterfacesFrm.TBisDesignDataReportsFrameIfaces.FindByClass
 0001:000171BC       BisDesignDataInterfacesFrm.TBisDesignDataReportsFrameIfaces.FindPermissionById
 0004:00000040       BisDesignDataLocalitiesFm..3
 0001:000041F4       BisDesignDataLocalitiesFm..TBisDesignDataLocalitiesForm
 0001:00004414       BisDesignDataLocalitiesFm..TBisDesignDataLocalitiesFormIface
 0002:00000364       BisDesignDataLocalitiesFm.BisDesignDataLocalitiesFm
 0004:0000003C       BisDesignDataLocalitiesFm.BisDesignDataLocalitiesForm
 0001:000046DC       BisDesignDataLocalitiesFm.Finalization
 0001:000046D4       BisDesignDataLocalitiesFm.TBisDesignDataLocalitiesForm.GetDataFrameClass
 0001:00004588       BisDesignDataLocalitiesFm.TBisDesignDataLocalitiesFormIface.Create
 0004:00000030       BisDesignDataLocalitiesFrm..3
 0001:00002F8C       BisDesignDataLocalitiesFrm..TBisDesignDataLocalitiesFrame
 0001:00002EBC       BisDesignDataLocalitiesFrm..TBisDesignDataStreetsFrameIfaces
 0002:00000354       BisDesignDataLocalitiesFrm.BisDesignDataLocalitiesFrm
 0001:000036DC       BisDesignDataLocalitiesFrm.Finalization
 0001:00003414       BisDesignDataLocalitiesFrm.TBisDesignDataLocalitiesFrame.ActionStreetsExecute
 0001:0000341C       BisDesignDataLocalitiesFrm.TBisDesignDataLocalitiesFrame.ActionStreetsUpdate
 0001:00003438       BisDesignDataLocalitiesFrm.TBisDesignDataLocalitiesFrame.CanStreets
 0001:0000339C       BisDesignDataLocalitiesFrm.TBisDesignDataLocalitiesFrame.Create
 0001:000033E4       BisDesignDataLocalitiesFrm.TBisDesignDataLocalitiesFrame.Destroy
 0001:000034D0       BisDesignDataLocalitiesFrm.TBisDesignDataLocalitiesFrame.Streets
 0001:000032F8       BisDesignDataLocalitiesFrm.TBisDesignDataStreetsFrameIfaces.FindById
 0004:00000038       BisDesignDataLocalityEditFm..6
 0001:00003E08       BisDesignDataLocalityEditFm..TBisDesignDataLocalityDeleteFormIface
 0001:0000370C       BisDesignDataLocalityEditFm..TBisDesignDataLocalityEditForm
 0001:000039B0       BisDesignDataLocalityEditFm..TBisDesignDataLocalityEditFormIface
 0001:00003B20       BisDesignDataLocalityEditFm..TBisDesignDataLocalityInsertFormIface
 0001:00003C94       BisDesignDataLocalityEditFm..TBisDesignDataLocalityUpdateFormIface
 0002:0000035C       BisDesignDataLocalityEditFm.BisDesignDataLocalityEditFm
 0004:00000034       BisDesignDataLocalityEditFm.BisDesignDataLocalityEditForm
 0001:000041C4       BisDesignDataLocalityEditFm.Finalization
 0001:00004168       BisDesignDataLocalityEditFm.TBisDesignDataLocalityDeleteFormIface.Create
 0001:00003F7C       BisDesignDataLocalityEditFm.TBisDesignDataLocalityEditFormIface.Create
 0001:000040B0       BisDesignDataLocalityEditFm.TBisDesignDataLocalityInsertFormIface.Create
 0001:0000410C       BisDesignDataLocalityEditFm.TBisDesignDataLocalityUpdateFormIface.Create
 0004:00000170       BisDesignDataLockEditFm..6
 0001:00028EF4       BisDesignDataLockEditFm..TBisDesignDataLockDeleteFormIface
 0001:000286B0       BisDesignDataLockEditFm..TBisDesignDataLockEditForm
 0001:00028AC0       BisDesignDataLockEditFm..TBisDesignDataLockEditFormIface
 0001:00028C24       BisDesignDataLockEditFm..TBisDesignDataLockInsertFormIface
 0001:00028D8C       BisDesignDataLockEditFm..TBisDesignDataLockUpdateFormIface
 0002:000004A4       BisDesignDataLockEditFm.BisDesignDataLockEditFm
 0004:0000016C       BisDesignDataLockEditFm.BisDesignDataLockEditForm
 0001:0002969C       BisDesignDataLockEditFm.Finalization
 0001:00029568       BisDesignDataLockEditFm.TBisDesignDataLockDeleteFormIface.Create
 0001:000295F8       BisDesignDataLockEditFm.TBisDesignDataLockEditForm.BeforeShow
 0001:000295C0       BisDesignDataLockEditFm.TBisDesignDataLockEditForm.Create
 0001:0002905C       BisDesignDataLockEditFm.TBisDesignDataLockEditFormIface.Create
 0001:000294B8       BisDesignDataLockEditFm.TBisDesignDataLockInsertFormIface.Create
 0001:00029510       BisDesignDataLockEditFm.TBisDesignDataLockUpdateFormIface.Create
 0004:00000178       BisDesignDataLocksFm..3
 0001:000296CC       BisDesignDataLocksFm..TBisDesignDataLocksForm
 0001:000298DC       BisDesignDataLocksFm..TBisDesignDataLocksFormIface
 0004:00000174       BisDesignDataLocksFm.BiDesignDataLocksForm
 0002:000004AC       BisDesignDataLocksFm.BisDesignDataLocksFm
 0001:00029D08       BisDesignDataLocksFm.Finalization
 0001:00029A40       BisDesignDataLocksFm.TBisDesignDataLocksFormIface.Create
 0004:00000120       BisDesignDataMenuEditFm..7
 0001:00020FB4       BisDesignDataMenuEditFm..TBisApplicationInfo
 0001:00020E4C       BisDesignDataMenuEditFm..TBisDesignDataMenuDeleteFormIface
 0001:000203E8       BisDesignDataMenuEditFm..TBisDesignDataMenuEditForm
 0001:000208A8       BisDesignDataMenuEditFm..TBisDesignDataMenuEditFormIface
 0001:00020B74       BisDesignDataMenuEditFm..TBisDesignDataMenuInsertChildFormIface
 0001:00020A0C       BisDesignDataMenuEditFm..TBisDesignDataMenuInsertFormIface
 0001:00020CE4       BisDesignDataMenuEditFm..TBisDesignDataMenuUpdateFormIface
 0002:0000044C       BisDesignDataMenuEditFm.BisDesignDataMenuEditFm
 0004:0000011C       BisDesignDataMenuEditFm.BisDesignDataMenuEditForm
 0001:00022608       BisDesignDataMenuEditFm.Finalization
 0001:00021900       BisDesignDataMenuEditFm.TBisDesignDataMenuDeleteFormIface.Create
 0001:00021BB4       BisDesignDataMenuEditFm.TBisDesignDataMenuEditForm.BeforeShow
 0001:00021BF0       BisDesignDataMenuEditFm.TBisDesignDataMenuEditForm.ButtonClearClick
 0001:00021C34       BisDesignDataMenuEditFm.TBisDesignDataMenuEditForm.ButtonLoadClick
 0001:00021CCC       BisDesignDataMenuEditFm.TBisDesignDataMenuEditForm.ButtonSaveClick
 0001:000219A8       BisDesignDataMenuEditFm.TBisDesignDataMenuEditForm.ChangeParam
 0001:00021B84       BisDesignDataMenuEditFm.TBisDesignDataMenuEditForm.ChangesExists
 0001:00021BA4       BisDesignDataMenuEditFm.TBisDesignDataMenuEditForm.CheckListBoxApplicationsClickCheck
 0001:00021958       BisDesignDataMenuEditFm.TBisDesignDataMenuEditForm.Create
 0001:000221C0       BisDesignDataMenuEditFm.TBisDesignDataMenuEditForm.DeleteApplicationMenus
 0001:00022560       BisDesignDataMenuEditFm.TBisDesignDataMenuEditForm.Execute
 0001:000223AC       BisDesignDataMenuEditFm.TBisDesignDataMenuEditForm.InsertApplicationMenus
 0001:00021F78       BisDesignDataMenuEditFm.TBisDesignDataMenuEditForm.RefreshApplicationMenus
 0001:00021D88       BisDesignDataMenuEditFm.TBisDesignDataMenuEditForm.RefreshApplications
 0001:00021028       BisDesignDataMenuEditFm.TBisDesignDataMenuEditFormIface.Create
 0001:00021390       BisDesignDataMenuEditFm.TBisDesignDataMenuEditFormIface.PictureIdChange
 0001:000216D4       BisDesignDataMenuEditFm.TBisDesignDataMenuInsertChildFormIface.Create
 0001:00021758       BisDesignDataMenuEditFm.TBisDesignDataMenuInsertChildFormIface.CreateForm
 0001:0002151C       BisDesignDataMenuEditFm.TBisDesignDataMenuInsertFormIface.Create
 0001:00021574       BisDesignDataMenuEditFm.TBisDesignDataMenuInsertFormIface.CreateForm
 0001:000218A8       BisDesignDataMenuEditFm.TBisDesignDataMenuUpdateFormIface.Create
 0004:00000128       BisDesignDataMenusFm..3
 0001:00022638       BisDesignDataMenusFm..TBisDesignDataMenusForm
 0001:00022848       BisDesignDataMenusFm..TBisDesignDataMenusFormIface
 0002:00000454       BisDesignDataMenusFm.BisDesignDataMenusFm
 0004:00000124       BisDesignDataMenusFm.BisDesignDataMenusForm
 0001:00022C10       BisDesignDataMenusFm.Finalization
 0001:000229AC       BisDesignDataMenusFm.TBisDesignDataMenusFormIface.Create
 0004:000000CC       BisDesignDataPermissionEditFm..6
 0001:00018E5C       BisDesignDataPermissionEditFm..TBisDesignDataPermissionDeleteFormIface
 0001:0001869C       BisDesignDataPermissionEditFm..TBisDesignDataPermissionEditForm
 0001:000189F4       BisDesignDataPermissionEditFm..TBisDesignDataPermissionEditFormIface
 0001:00018B6C       BisDesignDataPermissionEditFm..TBisDesignDataPermissionInsertFormIface
 0001:00018CE4       BisDesignDataPermissionEditFm..TBisDesignDataPermissionUpdateFormIface
 0002:000003F4       BisDesignDataPermissionEditFm.BisDesignDataPermissionEditFm
 0004:000000C8       BisDesignDataPermissionEditFm.BisDesignDataPermissionEditForm
 0001:0001993C       BisDesignDataPermissionEditFm.FillDocument
 0001:00019528       BisDesignDataPermissionEditFm.FillInternal
 0001:00019778       BisDesignDataPermissionEditFm.FillReport
 0001:000195B4       BisDesignDataPermissionEditFm.FillScript
 0001:00019E28       BisDesignDataPermissionEditFm.Finalization
 0001:00019394       BisDesignDataPermissionEditFm.TBisDesignDataPermissionDeleteFormIface.Create
 0001:00019464       BisDesignDataPermissionEditFm.TBisDesignDataPermissionEditForm.CanShow
 0001:00019C28       BisDesignDataPermissionEditFm.TBisDesignDataPermissionEditForm.ChangeParam
 0001:000193F4       BisDesignDataPermissionEditFm.TBisDesignDataPermissionEditForm.Destroy
 0001:0001942C       BisDesignDataPermissionEditFm.TBisDesignDataPermissionEditForm.Execute
 0001:0001999C       BisDesignDataPermissionEditFm.TBisDesignDataPermissionEditForm.FillPermissions
 0001:000194BC       BisDesignDataPermissionEditFm.TBisDesignDataPermissionEditForm.GetIfacePermissions
 0001:00018FD4       BisDesignDataPermissionEditFm.TBisDesignDataPermissionEditFormIface.Create
 0001:00019274       BisDesignDataPermissionEditFm.TBisDesignDataPermissionEditFormIface.CreateForm
 0001:000192D4       BisDesignDataPermissionEditFm.TBisDesignDataPermissionInsertFormIface.Create
 0001:00019334       BisDesignDataPermissionEditFm.TBisDesignDataPermissionUpdateFormIface.Create
 0004:000000D4       BisDesignDataPermissionsFm..4
 0001:0001A138       BisDesignDataPermissionsFm..TBisDesignDataPermissionsForm
 0001:0001A35C       BisDesignDataPermissionsFm..TBisDesignDataPermissionsFormIface
 0001:00019E58       BisDesignDataPermissionsFm..TBisDesignDataPermissionsFrame
 0004:000000D0       BisDesignDataPermissionsFm.BiDesignDataPermissionsForm
 0002:000003FC       BisDesignDataPermissionsFm.BisDesignDataPermissionsFm
 0001:0001A8DC       BisDesignDataPermissionsFm.Finalization
 0001:0001A8D4       BisDesignDataPermissionsFm.TBisDesignDataPermissionsForm.GetDataFrameClass
 0001:0001A5FC       BisDesignDataPermissionsFm.TBisDesignDataPermissionsFormIface.Create
 0001:0001A88C       BisDesignDataPermissionsFm.TBisDesignDataPermissionsFormIface.CreateForm
 0001:0001A4EC       BisDesignDataPermissionsFm.TBisDesignDataPermissionsFrame.BeforeIfaceExecute
 0004:00000108       BisDesignDataProfileEditFm..6
 0001:0001E9E0       BisDesignDataProfileEditFm..TBisDesignDataProfileDeleteFormIface
 0001:0001E288       BisDesignDataProfileEditFm..TBisDesignDataProfileEditForm
 0001:0001E58C       BisDesignDataProfileEditFm..TBisDesignDataProfileEditFormIface
 0001:0001E6F8       BisDesignDataProfileEditFm..TBisDesignDataProfileInsertFormIface
 0001:0001E86C       BisDesignDataProfileEditFm..TBisDesignDataProfileUpdateFormIface
 0002:00000434       BisDesignDataProfileEditFm.BisDesignDataProfileEditFm
 0004:00000104       BisDesignDataProfileEditFm.BisDesignDataProfileEditForm
 0001:0001EEA8       BisDesignDataProfileEditFm.Finalization
 0001:0001EE4C       BisDesignDataProfileEditFm.TBisDesignDataProfileDeleteFormIface.Create
 0001:0001EB54       BisDesignDataProfileEditFm.TBisDesignDataProfileEditFormIface.Create
 0001:0001ED94       BisDesignDataProfileEditFm.TBisDesignDataProfileInsertFormIface.Create
 0001:0001EDF0       BisDesignDataProfileEditFm.TBisDesignDataProfileUpdateFormIface.Create
 0004:00000110       BisDesignDataProfilesFm..3
 0001:0001EED8       BisDesignDataProfilesFm..TBisDesignDataProfilesForm
 0001:0001F0F0       BisDesignDataProfilesFm..TBisDesignDataProfilesFormIface
 0004:0000010C       BisDesignDataProfilesFm.BiDesignDataProfilesForm
 0002:0000043C       BisDesignDataProfilesFm.BisDesignDataProfilesFm
 0001:0001F408       BisDesignDataProfilesFm.Finalization
 0001:0001F25C       BisDesignDataProfilesFm.TBisDesignDataProfilesFormIface.Create
 0004:000000B0       BisDesignDataReportEditFm..6
 0001:00011C34       BisDesignDataReportEditFm..TBisDesignDataReportDeleteFormIface
 0001:000113D0       BisDesignDataReportEditFm..TBisDesignDataReportEditForm
 0001:000117F0       BisDesignDataReportEditFm..TBisDesignDataReportEditFormIface
 0001:0001195C       BisDesignDataReportEditFm..TBisDesignDataReportInsertFormIface
 0001:00011AC8       BisDesignDataReportEditFm..TBisDesignDataReportUpdateFormIface
 0002:000003D4       BisDesignDataReportEditFm.BisDesignDataReportEditFm
 0004:000000AC       BisDesignDataReportEditFm.BisDesignDataReportEditForm
 0001:00013448       BisDesignDataReportEditFm.Finalization
 0001:00012190       BisDesignDataReportEditFm.TBisDesignDataReportDeleteFormIface.Create
 0001:00012308       BisDesignDataReportEditFm.TBisDesignDataReportEditForm.BeforeShow
 0001:00012E8C       BisDesignDataReportEditFm.TBisDesignDataReportEditForm.ButtonClearClick
 0001:00012FA4       BisDesignDataReportEditFm.TBisDesignDataReportEditForm.ButtonEditorClick
 0001:00012C84       BisDesignDataReportEditFm.TBisDesignDataReportEditForm.ButtonLoadClick
 0001:00012D64       BisDesignDataReportEditFm.TBisDesignDataReportEditForm.ButtonSaveClick
 0001:000125A0       BisDesignDataReportEditFm.TBisDesignDataReportEditForm.ChangeInterfaceId
 0001:00012808       BisDesignDataReportEditFm.TBisDesignDataReportEditForm.ChangeParam
 0001:00012ED0       BisDesignDataReportEditFm.TBisDesignDataReportEditForm.CheckParam
 0001:00012210       BisDesignDataReportEditFm.TBisDesignDataReportEditForm.Create
 0001:000122D8       BisDesignDataReportEditFm.TBisDesignDataReportEditForm.Destroy
 0001:00012FF0       BisDesignDataReportEditFm.TBisDesignDataReportEditForm.EditorSaveChanges
 0001:000124A4       BisDesignDataReportEditFm.TBisDesignDataReportEditForm.EditReportChange
 0001:00013410       BisDesignDataReportEditFm.TBisDesignDataReportEditForm.Execute
 0001:00012FAC       BisDesignDataReportEditFm.TBisDesignDataReportEditForm.GetReportEditorClass
[...]
   123 0001:0002EE4E   124 0001:0002EE61   125 0001:0002EE71   132 0001:0002EEC0
   133 0001:0002EECB   134 0001:0002EEE3   135 0001:0002EEEB   136 0001:0002EEF9
   137 0001:0002EF18   138 0001:0002EF2D   139 0001:0002EF36   140 0001:0002EF50
   141 0001:0002EF5E   142 0001:0002EF6B   139 0001:0002EF6E   144 0001:0002EF71
   136 0001:0002EF74   146 0001:0002EF86   149 0001:0002EF96   152 0001:0002EF9C
   153 0001:0002EF9F   155 0001:0002EFA6   156 0001:0002EFB3   157 0001:0002EFC0
   158 0001:0002EFCD   159 0001:0002EFDA   160 0001:0002EFE7   163 0001:0002EFF4
   169 0001:0002EFF8   170 0001:0002F01A   171 0001:0002F01C   172 0001:0002F039
   173 0001:0002F05B   174 0001:0002F07D   175 0001:0002F09F   176 0001:0002F0C1
   177 0001:0002F0E3   178 0001:0002F0EB   179 0001:0002F0FC   180 0001:0002F10A
   181 0001:0002F115   182 0001:0002F125   183 0001:0002F146   184 0001:0002F150
   185 0001:0002F165   186 0001:0002F173   189 0001:0002F1AC   193 0001:0002F1BC
   196 0001:0002F270   197 0001:0002F294   198 0001:0002F2A0   199 0001:0002F2B7
   200 0001:0002F2F2   201 0001:0002F2FF   202 0001:0002F30B   205 0001:0002F30F

Line numbers for BisDesignDataExchangeEditFm(imdesign.bpl\BisDesignDataExchangeEditFm.pas) segment .itext

   208 0002:000004CC

Line numbers for BisDesignDataExchangesFm(imdesign.bpl\BisDesignDataExchangesFm.pas) segment .text

    35 0001:0002F724    36 0001:0002F737    37 0001:0002F740    38 0001:0002F748
    39 0001:0002F753    40 0001:0002F760    41 0001:0002F76B    42 0001:0002F776
    44 0001:0002F77D    45 0001:0002F78D    46 0001:0002F793    47 0001:0002F79F
    48 0001:0002F7AB    49 0001:0002F7B7    50 0001:0002F7C3    51 0001:0002F7CF
    52 0001:0002F7DB    53 0001:0002F7E7    54 0001:0002F7FD    55 0001:0002F810
    56 0001:0002F823    57 0001:0002F836    59 0001:0002F849    60 0001:0002F85B

Line numbers for BisDesignDataExchangesFm(imdesign.bpl\BisDesignDataExchangesFm.pas) segment .itext

    62 0002:000004D4

Line numbers for BisDesignExchangeFm(imdesign.bpl\BisDesignExchangeFm.pas) segment .text

    92 0001:00030284    93 0001:00030296    94 0001:0003029F    95 0001:000302A7
    96 0001:000302AE    97 0001:000302B2   102 0001:000302CC   103 0001:000302E3
   104 0001:000302EC   106 0001:000302F3   107 0001:00030309   108 0001:0003030C
   109 0001:0003031E   110 0001:00030330   111 0001:00030342   112 0001:00030357
   113 0001:00030369   114 0001:0003037B   115 0001:0003038D   116 0001:0003039F
   117 0001:000303B1   119 0001:000303C3   120 0001:000303CF   121 0001:000303DB
   122 0001:000303E7   123 0001:000303FD   125 0001:00030414   126 0001:00030421
   128 0001:00030432   129 0001:00030448   131 0001:00030455   132 0001:0003046B
   133 0001:00030478   134 0001:00030485   135 0001:00030492   136 0001:00030499
   137 0001:000304A6   138 0001:000304B3   139 0001:000304C0   140 0001:000304CD
   141 0001:000304DA   142 0001:000304E7   143 0001:000304F4   144 0001:00030501
   145 0001:0003051A   146 0001:0003052B   147 0001:00030538   149 0001:0003054E
   150 0001:0003055E   151 0001:0003056E   152 0001:0003057E   153 0001:0003058E
   154 0001:0003059E   155 0001:000305AE   156 0001:000305BE   157 0001:000305CE
   158 0001:000305DE   159 0001:000305EE   160 0001:000305FE   162 0001:0003060E
   163 0001:00030615   164 0001:00030626   166 0001:00030631   167 0001:0003063A
   170 0001:000308B8   174 0001:000308C3   175 0001:000308CF   178 0001:000308E0
   179 0001:000308E3   180 0001:000308EA   181 0001:000308F3   185 0001:000308F8
   186 0001:000308FD   189 0001:00030900   190 0001:00030903   191 0001:00030917
   194 0001:0003091C   195 0001:0003091F   196 0001:0003094E   201 0001:00030950
   202 0001:0003096B   203 0001:0003098F   204 0001:00030997   205 0001:000309AC
   210 0001:000309BD   213 0001:00030A1B   221 0001:00030A84   222 0001:00030AA5
   223 0001:00030AB4   224 0001:00030AC5   225 0001:00030AD3   226 0001:00030AEB
   227 0001:00030B03   228 0001:00030B0E   229 0001:00030B1F   230 0001:00030B8E
   231 0001:00030B99   232 0001:00030BB0   233 0001:00030BC0   234 0001:00030BCA
   235 0001:00030BDA   236 0001:00030BEA   238 0001:00030C02   241 0001:00030C12
   245 0001:00030CAC   246 0001:00030CB1   260 0001:00030CB4   261 0001:00030CD7
   262 0001:00030CDE   263 0001:00030CEB   264 0001:00030CFA   265 0001:00030D08
   266 0001:00030D13   267 0001:00030D23   268 0001:00030D3A   270 0001:00030D3D
   271 0001:00030D4B   272 0001:00030D53   273 0001:00030D6A   274 0001:00030D79
   275 0001:00030D7D   276 0001:00030D91   277 0001:00030DAA   278 0001:00030DBB
   279 0001:00030DD5   280 0001:00030DDF   283 0001:00030DE9   269 0001:00030DF0
   289 0001:00030E05   290 0001:00030E1B   292 0001:00030E2B   302 0001:00030E8C
   303 0001:00030EB7   304 0001:00030EBA   305 0001:00030EC9   306 0001:00030ED1
   307 0001:00030EE9   308 0001:00030EF8   309 0001:00030F06   310 0001:00030F16
   311 0001:00030F26   312 0001:00030F3E   313 0001:00030F4D   314 0001:00030F5B
   315 0001:00030F6B   316 0001:00030F76   317 0001:00030F9F   320 0001:00030FD2
   324 0001:00030FEF   327 0001:00030FFF   342 0001:0003105C   343 0001:0003108E
   344 0001:0003109D   345 0001:000310AB   346 0001:000310B8   347 0001:000310C0
   349 0001:000310CB   350 0001:000310D6   351 0001:000310E6   352 0001:000310F1
   353 0001:00031108   354 0001:00031116   355 0001:0003113C   356 0001:00031142
   357 0001:0003114A   359 0001:00031150   352 0001:00031153   360 0001:00031156
   361 0001:0003115C   362 0001:00031166   363 0001:00031195   364 0001:0003119A
   365 0001:0003119E   367 0001:000311AE   368 0001:000311C9   369 0001:000311D7
   370 0001:000311E4   371 0001:000311EC   372 0001:000311F7   373 0001:0003120C
   374 0001:00031234   375 0001:00031237   376 0001:0003123B   378 0001:0003123D
   379 0001:00031250   382 0001:00031272   367 0001:00031275   383 0001:0003127C
   384 0001:00031282   385 0001:00031286   366 0001:00031292   388 0001:0003129C
   389 0001:000312A6   390 0001:000312C6   391 0001:000312FF   392 0001:00031314
   393 0001:0003131C   394 0001:00031334   395 0001:0003134C   396 0001:00031364
   399 0001:00031374   348 0001:0003137A   405 0001:0003138C   407 0001:0003139C
   410 0001:00031428   411 0001:0003142E   412 0001:0003143B   413 0001:0003143F
   415 0001:00031452   417 0001:00031462   425 0001:00031468   426 0001:000314AB
   427 0001:000314C0   428 0001:000314CF   429 0001:000314E0   430 0001:000314EE
   431 0001:000314FB   432 0001:00031508   433 0001:00031515   434 0001:00031522
   435 0001:0003152F   436 0001:0003153C   437 0001:00031549   438 0001:00031556
   439 0001:00031563   440 0001:00031570   441 0001:0003157D   442 0001:0003158A
   443 0001:00031597   444 0001:000315A4   445 0001:000315AA   446 0001:000315BC
   447 0001:000315D1   449 0001:000315E3   450 0001:000315ED   451 0001:000315FE
   452 0001:0003161E   454 0001:0003162B   455 0001:00031638   456 0001:0003166A
   457 0001:00031694   458 0001:000316C0   459 0001:000316FF   460 0001:0003173E
   461 0001:0003177B   462 0001:000317AC   463 0001:000317BC   453 0001:000317C4
   467 0001:000317E1   468 0001:000317E9   471 0001:000317F9   477 0001:00031A48
   478 0001:00031A83   479 0001:00031A98   480 0001:00031AA7   481 0001:00031AB8
   482 0001:00031AC6   483 0001:00031AD3   484 0001:00031AD9   485 0001:00031AEB
   486 0001:00031B00   488 0001:00031B12   489 0001:00031B1C   490 0001:00031B2D
   491 0001:00031B4D   493 0001:00031B5A   494 0001:00031B67   495 0001:00031B99
   496 0001:00031BC3   497 0001:00031BF1   498 0001:00031C30   499 0001:00031C6F
   500 0001:00031CAC   501 0001:00031CDD   502 0001:00031CED   492 0001:00031CF5
   506 0001:00031D12   507 0001:00031D1A   510 0001:00031D2A   517 0001:00031EA8
   518 0001:00031EC9   519 0001:00031ED7   520 0001:00031EE9   521 0001:00031EFA
   522 0001:00031F08   523 0001:00031F15   524 0001:00031F1E   525 0001:00031F2A
   526 0001:00031F36   527 0001:00031F42   528 0001:00031F4E   529 0001:00031F5A
   530 0001:00031F66   531 0001:00031F72   533 0001:00031F7E   534 0001:00031F90
   536 0001:00031FB2   537 0001:00031FC7   538 0001:00031FCF   539 0001:00031FEF
   541 0001:00031FFC   542 0001:00032004   543 0001:00032012   544 0001:0003203D
   545 0001:00032065   546 0001:00032091   547 0001:000320C6   548 0001:00032106
   549 0001:00032152   550 0001:00032184   552 0001:00032195   553 0001:000321A3
   554 0001:000321E2   555 0001:00032213   556 0001:00032248   557 0001:000322C4
   558 0001:000322F6   560 0001:00032307   561 0001:0003231C   562 0001:00032337
   563 0001:0003233F   564 0001:0003234D   565 0001:0003237E   566 0001:000323AF
   567 0001:000323E4   568 0001:0003241B   569 0001:0003244D   570 0001:0003245E
   573 0001:0003246D   574 0001:0003247B   575 0001:000324BA   576 0001:000324EB
   577 0001:00032520   578 0001:0003259C   579 0001:000325CE   581 0001:000325DF
   582 0001:000325F4   583 0001:0003260F   584 0001:00032617   585 0001:00032625
   586 0001:00032656   587 0001:00032687   588 0001:000326BC   589 0001:000326F3
   590 0001:00032725   591 0001:00032736   594 0001:00032745   595 0001:0003275A
   596 0001:00032775   597 0001:0003277D   598 0001:0003278B   599 0001:000327BC
   600 0001:000327ED   601 0001:00032822   602 0001:00032859   603 0001:0003288B
   604 0001:0003289C   607 0001:000328A9   608 0001:000328BE   609 0001:000328D9
   610 0001:000328E1   611 0001:000328EF   612 0001:00032920   613 0001:00032951
   614 0001:00032986   615 0001:000329BD   616 0001:000329EF   617 0001:00032A00
   620 0001:00032A0F   621 0001:00032A1D   622 0001:00032A5C   623 0001:00032A8D
   624 0001:00032AC2   625 0001:00032AF9   626 0001:00032B2B   628 0001:00032B3C
   629 0001:00032B51   630 0001:00032B6C   631 0001:00032B74   632 0001:00032B82
   633 0001:00032BB3   634 0001:00032BE4   635 0001:00032C19   636 0001:00032C50
   637 0001:00032C82   638 0001:00032C93   641 0001:00032CA2   642 0001:00032CB0
   643 0001:00032CEF   644 0001:00032D20   645 0001:00032D55   646 0001:00032D8C
   647 0001:00032DBE   649 0001:00032DCF   540 0001:00032DD7   653 0001:00032DF4
   654 0001:00032E02   655 0001:00032E12   657 0001:00032E22   660 0001:0003320C
   661 0001:0003320F   662 0001:00033216   663 0001:0003321F   668 0001:00033224
   669 0001:00033245   670 0001:0003325B   672 0001:0003326F   673 0001:0003327D
   674 0001:000332C1   675 0001:000332CF   676 0001:0003330A   677 0001:00033345
   681 0001:00033363   682 0001:00033381   685 0001:0003339A   688 0001:0003340C
   689 0001:0003340F   690 0001:00033420   691 0001:00033431   692 0001:0003343F
   697 0001:00033444   698 0001:0003346F   699 0001:00033480   700 0001:000334AE
   701 0001:000334DE   702 0001:000334F2   703 0001:00033503   704 0001:0003354E
   705 0001:0003355A   706 0001:00033571   709 0001:000335EC   710 0001:00033623
   711 0001:00033638   712 0001:00033646   713 0001:00033679   715 0001:00033695
   717 0001:000336B0   726 0001:000336F0   727 0001:000336F3   728 0001:000336FD
   731 0001:00033700   732 0001:00033703   733 0001:0003370D   738 0001:00033710
   739 0001:00033733   740 0001:0003374B   741 0001:00033751   742 0001:00033760
   743 0001:0003376E   744 0001:00033783   745 0001:0003378F   746 0001:0003379E
   748 0001:000337AF   751 0001:000337BF   759 0001:000337E8   760 0001:0003381B
   762 0001:0003385E   763 0001:00033868   764 0001:00033877   765 0001:00033886
   766 0001:00033894   767 0001:00033898   768 0001:000338A0   770 0001:000338B8
   772 0001:000338C8   773 0001:000338D9   774 0001:000338E7   775 0001:000338EF
   776 0001:0003390A   777 0001:00033916   778 0001:00033921   779 0001:00033929
   780 0001:00033941   781 0001:00033949   782 0001:00033954   783 0001:00033960
   784 0001:00033973   785 0001:00033988   787 0001:00033996   789 0001:000339A7
   769 0001:000339B7   792 0001:000339C1   794 0001:000339D2   795 0001:000339DA
   798 0001:000339EA   806 0001:00033A1C   823 0001:00033A1F   824 0001:00033A27
   825 0001:00033A2A   826 0001:00033A2C   823 0001:00033A2D   828 0001:00033A31
   835 0001:00033A34   836 0001:00033A8D   837 0001:00033A9B   838 0001:00033AA4
   839 0001:00033ADE   840 0001:00033AE3   841 0001:00033AE8   842 0001:00033AF3
   843 0001:00033B0D   844 0001:00033B1E   846 0001:00033B31   848 0001:00033B3E
   849 0001:00033B4C   850 0001:00033B60   851 0001:00033B7B   852 0001:00033B96
   853 0001:00033BB1   854 0001:00033BBF   855 0001:00033BC8   856 0001:00033BD2
   857 0001:00033BDE   858 0001:00033BF9   859 0001:00033C14   860 0001:00033C29
   861 0001:00033C3E   862 0001:00033C49   863 0001:00033C54   864 0001:00033C5C
   866 0001:00033C66   868 0001:00033C7A   870 0001:00033CB8   872 0001:00033CF4
   874 0001:00033D44   875 0001:00033D4E   876 0001:00033D59   877 0001:00033D65
   881 0001:00033D7C   882 0001:00033D88   885 0001:00033D95   886 0001:00033D9F
   889 0001:00033DBA   890 0001:00033DC4   891 0001:00033DCF   892 0001:00033DDB
   896 0001:00033DF2   897 0001:00033DFE   900 0001:00033E0B   901 0001:00033E15
   904 0001:00033E30   905 0001:00033E3C   909 0001:00033E67   910 0001:00033E71
   913 0001:00033E8E   914 0001:00033E9A   917 0001:00033EA7   918 0001:00033EB1
   921 0001:00033ECC   922 0001:00033ED6   923 0001:00033EE1   924 0001:00033EE6
   925 0001:00033EEB   929 0001:00033EFB   930 0001:00033F07   933 0001:00033F14
   934 0001:00033F1E   937 0001:00033F39   938 0001:00033F47   939 0001:00033F4D
   940 0001:00033F58   941 0001:00033F5D   942 0001:00033F62   945 0001:00033F7A
   946 0001:00033F8A   947 0001:00033F9A   948 0001:00033FAA   949 0001:00033FBA
   950 0001:00033FCA   955 0001:00034000   956 0001:00034002   957 0001:00034006
   958 0001:00034045   959 0001:0003404B   960 0001:00034051   961 0001:00034057
   962 0001:0003405D   964 0001:00034061   968 0001:0003407F   969 0001:00034088
   970 0001:00034099   845 0001:000340AF   975 0001:000340D2   977 0001:000340E4

Line numbers for BisDesignExchangeFm(imdesign.bpl\BisDesignExchangeFm.pas) segment .itext

   979 0002:000004DC

Line numbers for BisDesignDataAlarmEditFm(imdesign.bpl\BisDesignDataAlarmEditFm.pas) segment .text

    69 0001:00034B60    70 0001:00034B66    71 0001:00034B6D    72 0001:00034B79
    73 0001:00034B88    74 0001:00034B97    76 0001:00034BA3    81 0001:00034BE4
    82 0001:00034BF7    83 0001:00034C00    84 0001:00034C08    85 0001:00034C0E
    86 0001:00034C26    87 0001:00034C34    88 0001:00034C4C    90 0001:00034C80
    91 0001:00034C9A    92 0001:00034CB2    93 0001:00034CD8    94 0001:00034CF5
    96 0001:00034D12   101 0001:00034FD8   102 0001:00034FEA   103 0001:00034FF3
   104 0001:00035003   105 0001:00035010   110 0001:00035058   111 0001:0003506A
   112 0001:00035073   113 0001:00035083   114 0001:00035090   119 0001:000350D8
   120 0001:000350EA   121 0001:000350F3   122 0001:00035103   123 0001:00035110
   130 0001:00035158   131 0001:0003517E   133 0001:00035187   134 0001:00035195
   135 0001:00035197   134 0001:000351B6   137 0001:000351BB   140 0001:000351F8
   141 0001:0003521A   142 0001:00035221   143 0001:00035230   144 0001:0003523C
   145 0001:00035260   146 0001:00035287   147 0001:000352B9   150 0001:000352E6
   151 0001:000352ED

Line numbers for BisDesignDataAlarmEditFm(imdesign.bpl\BisDesignDataAlarmEditFm.pas) segment .itext

   153 0002:000004E4

Line numbers for BisDesignDataAlarmFilterFm(imdesign.bpl\BisDesignDataAlarmFilterFm.pas) segment .text

    46 0001:00035884    47 0001:0003589C    48 0001:000358A5    49 0001:000358AD
    50 0001:000358B3    52 0001:000358B7    53 0001:000358CC    55 0001:000358E1
    56 0001:00035900    57 0001:00035907    60 0001:00035917    61 0001:00035936
    62 0001:0003593D    66 0001:0003594D    67 0001:0003595A    74 0001:00035AA8
    75 0001:00035AC8    76 0001:00035AD9    77 0001:00035AE7    78 0001:00035AEB
    79 0001:00035B18    80 0001:00035B48    81 0001:00035B5E    82 0001:00035B8B
    85 0001:00035BC8    87 0001:00035BD8    94 0001:00035C1C    95 0001:00035C3C
    96 0001:00035C4D    97 0001:00035C5B    98 0001:00035C5F    99 0001:00035C8C
   100 0001:00035CBC   101 0001:00035CD2   102 0001:00035CFF   105 0001:00035D3C
   107 0001:00035D4C

Line numbers for BisDesignDataAlarmFilterFm(imdesign.bpl\BisDesignDataAlarmFilterFm.pas) segment .itext

   109 0002:000004EC

Line numbers for BisDesignDataAlarmsFm(imdesign.bpl\BisDesignDataAlarmsFm.pas) segment .text

    41 0001:0003618C    42 0001:000361A3    43 0001:000361AC    44 0001:000361B4
    45 0001:000361BF    46 0001:000361CC    47 0001:000361D7    48 0001:000361E2
    50 0001:000361E9    51 0001:000361F9    52 0001:000361FF    53 0001:0003620B
    54 0001:00036217    55 0001:00036223    56 0001:0003622F    57 0001:0003623B
    58 0001:00036247    59 0001:0003625A    60 0001:0003626D    61 0001:0003628A
    62 0001:000362A0    64 0001:000362B3    65 0001:000362C5    70 0001:00036448
    71 0001:00036464    72 0001:0003646B    73 0001:00036484    74 0001:00036495
    75 0001:0003649F    82 0001:000364E8    83 0001:0003651E    84 0001:00036527
    86 0001:00036536    88 0001:0003654E    90 0001:00036567    91 0001:0003657A
    92 0001:00036589    93 0001:000365AF    95 0001:000365E6    98 0001:000365EF
    99 0001:00036602   103 0001:00036635

Line numbers for BisDesignDataAlarmsFm(imdesign.bpl\BisDesignDataAlarmsFm.pas) segment .itext

   105 0002:000004F4

Line numbers for BisDesign(imdesign.bpl\BisDesign.pas) segment .text

    30 0001:000366E4    31 0001:000366EB    34 0001:00036707    35 0001:00036711
    37 0001:0003671F    38 0001:0003672D    39 0001:0003673B    40 0001:00036749
    41 0001:00036757    42 0001:00036765    43 0001:00036773    44 0001:00036781
    45 0001:0003678F    46 0001:0003679D    47 0001:000367AB    48 0001:000367B9
    49 0001:000367C7    50 0001:000367D5    51 0001:000367E3    52 0001:000367F1
    53 0001:000367FF    54 0001:0003680D    55 0001:0003681B    57 0001:00036829
    59 0001:00036837    61 0001:00036845    62 0001:00036853    65 0001:00036861

Line numbers for BisDesign(imdesign.bpl\BisDesign.pas) segment .itext

    67 0002:000004FC

Line numbers for .imdesign(imdesign.dpk) segment .itext

    91 0002:00000504

Bound resource files

c:\program files\codegear\rad studio\5.0\lib\WindowsXP.res
BisDesignMainFm.dfm
BisDesignDataFirmTypeEditFm.dfm
BisDesignDataFirmTypesFm.dfm
BisDesignDataLocalitiesFrm.dfm
BisDesignDataLocalityEditFm.dfm
BisDesignDataLocalitiesFm.dfm
BisDesignDataStreetEditFm.dfm
BisDesignDataStreetsFm.dfm
BisDesignDataFirmEditFm.dfm
BisDesignDataFirmsFm.dfm
BisDesignDataAccountEditFm.dfm
BisDesignDataAccountsFm.dfm
BisDesignDataRoleEditFm.dfm
BisDesignDataRolesFm.dfm
BisDesignDataRolesAndAccountsFm.dfm
BisDesignDataApplicationEditFm.dfm
BisDesignDataInterfaceFilterFm.dfm
BisDesignDataInterfaceEditFm.dfm
BisDesignDataInterfacesFm.dfm
BisDesignDataReportEditFm.dfm
BisDesignDataScriptEditFm.dfm
BisDesignDataDocumentEditFm.dfm
BisDesignDataInterfacesFrm.dfm
BisDesignDataPermissionEditFm.dfm
BisDesignDataPermissionsFm.dfm
BisDesignDataApplicationInterfaceEditFm.dfm
BisDesignDataApplicationInterfacesFm.dfm
BisDesignDataApplicationsFrm.dfm
BisDesignDataApplicationsFm.dfm
BisDesignDataAccountRoleEditFm.dfm
BisDesignDataAccountRolesFm.dfm
BisDesignDataProfileEditFm.dfm
BisDesignDataProfilesFm.dfm
BisDesignDataSessionsFm.dfm
BisDesignDataMenuEditFm.dfm
BisDesignDataMenusFm.dfm
BisDesignDataReportsFrm.dfm
BisDesignDataReportsFm.dfm
BisDesignDataScriptsFrm.dfm
BisDesignDataScriptsFm.dfm
BisDesignJournalActionEditFm.dfm
BisDesignJournalActionsFm.dfm
BisDesignDataDocumentsFm.dfm
BisDesignDataConstEditFm.dfm
BisDesignDataConstsFm.dfm
BisDesignDataLockEditFm.dfm
BisDesignDataLocksFm.dfm
BisDesignDataTaskEditFm.dfm
BisDesignDataTasksFrm.dfm
BisDesignDataTasksFm.dfm
BisDesignDataExchangeEditFm.dfm
BisDesignDataExchangesFm.dfm
BisDesignExchangeFm.dfm
BisDesignDataAlarmEditFm.dfm
BisDesignDataAlarmFilterFm.dfm
BisDesignDataAlarmsFm.dfm
imdesign.res
imdesign.drf


Program entry point at 0002:00000504
