
 Start         Length     Name                   Class
 0001:00401000 0004AFB0H .text                   CODE
 0002:0044C000 000003F8H .itext                  ICODE
 0003:0044D000 00001140H .data                   DATA
 0004:0044F000 00004A04H .bss                    BSS
 0005:00000000 0000000CH .tls                    TLS


Detailed map of segments

 0001:00000000 000057B1 C=CODE     S=.text    G=(none)   M=System   ACBP=A9
 0001:000057B4 00000105 C=CODE     S=.text    G=(none)   M=SysInit  ACBP=A9
 0001:000058BC 000002E0 C=CODE     S=.text    G=(none)   M=SysConst ACBP=A9
 0001:00005B9C 0000016C C=CODE     S=.text    G=(none)   M=Windows  ACBP=A9
 0001:00005D08 00006101 C=CODE     S=.text    G=(none)   M=SysUtils ACBP=A9
 0001:0000BE0C 00000052 C=CODE     S=.text    G=(none)   M=ActiveX  ACBP=A9
 0001:0000BE60 000007FE C=CODE     S=.text    G=(none)   M=VarUtils ACBP=A9
 0001:0000C660 000080E0 C=CODE     S=.text    G=(none)   M=Variants ACBP=A9
 0001:00014740 00000020 C=CODE     S=.text    G=(none)   M=RTLConsts ACBP=A9
 0001:00014760 000009B7 C=CODE     S=.text    G=(none)   M=TypInfo  ACBP=A9
 0001:00015118 00000D15 C=CODE     S=.text    G=(none)   M=Classes  ACBP=A9
 0001:00015E30 000017B1 C=CODE     S=.text    G=(none)   M=uPSUtils ACBP=A9
 0001:000175E4 0001AC45 C=CODE     S=.text    G=(none)   M=uPSCompiler ACBP=A9
 0001:0003222C 000005A6 C=CODE     S=.text    G=(none)   M=uPSC_dll ACBP=A9
 0001:000327D4 00000020 C=CODE     S=.text    G=(none)   M=ComConst ACBP=A9
 0001:000327F4 00000E07 C=CODE     S=.text    G=(none)   M=ComObj   ACBP=A9
 0001:000335FC 0001709C C=CODE     S=.text    G=(none)   M=uPSRuntime ACBP=A9
 0001:0004A698 00000750 C=CODE     S=.text    G=(none)   M=uPSR_dll ACBP=A9
 0001:0004ADE8 000001C8 C=CODE     S=.text    G=(none)   M=sample3  ACBP=A9
 0002:00000000 00000095 C=ICODE    S=.itext   G=(none)   M=System   ACBP=A9
 0002:00000098 00000011 C=ICODE    S=.itext   G=(none)   M=Windows  ACBP=A9
 0002:000000AC 00000088 C=ICODE    S=.itext   G=(none)   M=SysUtils ACBP=A9
 0002:00000134 0000000F C=ICODE    S=.itext   G=(none)   M=VarUtils ACBP=A9
 0002:00000144 000000AA C=ICODE    S=.itext   G=(none)   M=Variants ACBP=A9
 0002:000001F0 00000008 C=ICODE    S=.itext   G=(none)   M=TypInfo  ACBP=A9
 0002:000001F8 00000092 C=ICODE    S=.itext   G=(none)   M=Classes  ACBP=A9
 0002:0000028C 00000008 C=ICODE    S=.itext   G=(none)   M=uPSUtils ACBP=A9
 0002:00000294 00000011 C=ICODE    S=.itext   G=(none)   M=uPSC_dll ACBP=A9
 0002:000002A8 00000055 C=ICODE    S=.itext   G=(none)   M=ComObj   ACBP=A9
 0002:00000300 000000F8 C=ICODE    S=.itext   G=(none)   M=sample3  ACBP=A9
 0003:00000000 00000790 C=DATA     S=.data    G=DGROUP   M=System   ACBP=A9
 0003:00000790 00000020 C=DATA     S=.data    G=DGROUP   M=SysInit  ACBP=A9
 0003:000007B0 0000022C C=DATA     S=.data    G=DGROUP   M=SysUtils ACBP=A9
 0003:000009DC 00000010 C=DATA     S=.data    G=DGROUP   M=ActiveX  ACBP=A9
 0003:000009EC 00000110 C=DATA     S=.data    G=DGROUP   M=VarUtils ACBP=A9
 0003:00000AFC 000001B6 C=DATA     S=.data    G=DGROUP   M=Variants ACBP=A9
 0003:00000CB4 0000000C C=DATA     S=.data    G=DGROUP   M=TypInfo  ACBP=A9
 0003:00000CC0 00000004 C=DATA     S=.data    G=DGROUP   M=Classes  ACBP=A9
 0003:00000CC4 00000208 C=DATA     S=.data    G=DGROUP   M=uPSUtils ACBP=A9
 0003:00000ECC 00000020 C=DATA     S=.data    G=DGROUP   M=uPSCompiler ACBP=A9
 0003:00000EEC 00000030 C=DATA     S=.data    G=DGROUP   M=ComObj   ACBP=A9
 0003:00000F1C 00000008 C=DATA     S=.data    G=DGROUP   M=uPSRuntime ACBP=A9
 0004:00000000 000027F4 C=BSS      S=.bss     G=DGROUP   M=System   ACBP=A9
 0004:000027F4 0000000C C=BSS      S=.bss     G=DGROUP   M=SysInit  ACBP=A9
 0004:00002800 00000008 C=BSS      S=.bss     G=DGROUP   M=Windows  ACBP=A9
 0004:00002808 00002108 C=BSS      S=.bss     G=DGROUP   M=SysUtils ACBP=A9
 0004:00004910 0000005C C=BSS      S=.bss     G=DGROUP   M=VarUtils ACBP=A9
 0004:0000496C 00000040 C=BSS      S=.bss     G=DGROUP   M=Variants ACBP=A9
 0004:000049AC 00000004 C=BSS      S=.bss     G=DGROUP   M=TypInfo  ACBP=A9
 0004:000049B0 00000034 C=BSS      S=.bss     G=DGROUP   M=Classes  ACBP=A9
 0004:000049E4 00000004 C=BSS      S=.bss     G=DGROUP   M=uPSUtils ACBP=A9
 0004:000049E8 00000008 C=BSS      S=.bss     G=DGROUP   M=uPSC_dll ACBP=A9
 0004:000049F0 00000011 C=BSS      S=.bss     G=DGROUP   M=ComObj   ACBP=A9
 0005:00000000 00000008 C=TLS      S=.tls     G=(none)   M=System   ACBP=A9
 0005:00000008 00000004 C=TLS      S=.tls     G=(none)   M=Classes  ACBP=A9


  Address             Publics by Name

 0001:0000BE40       ActiveX.CoInitialize
 0001:0000BE48       ActiveX.CoUninitialize
 0001:0000BE58       ActiveX.GetErrorInfo
 0003:000009DC       ActiveX.GUID_NULL
 0001:0000BE50       ActiveX.SysFreeString
 0004:000049B8       Classes..95
 0001:00015118       Classes..EListError
 0001:00015170       Classes..TList
 0001:0001522C       Classes..TPersistent
 0001:000152C8       Classes..TRegGroup
 0001:00015320       Classes..TRegGroups
 0001:000151D4       Classes..TThreadList
 0002:000001F8       Classes.Classes
 0001:00015CF4       Classes.DoneThreadSynchronization
 0001:00015D80       Classes.Finalization
 0004:000049C4       Classes.FindGlobalComponentProcs
 0001:00015D0C       Classes.FreeIntConstList
 0004:000049C8       Classes.GlobalFixupList
 0005:00000008       Classes.GlobalLists
 0004:000049B0       Classes.GlobalNameSpace
 0001:00015CC0       Classes.InitThreadSynchronization
 0004:000049BC       Classes.IntConstList
 0001:00015D78       Classes.ModuleUnload
 0001:00015414       Classes.PointerInModule
 0004:000049C0       Classes.RegGroups
 0001:00015B90       Classes.RemoveFixupReferences
 0001:00015C3C       Classes.RemoveFixups
 0001:00015730       Classes.ReturnAddr
 0004:000049B4       Classes.SyncEvent
 0003:00000CC0       Classes.SyncList
 0004:000049CC       Classes.ThreadLock
 0001:00015688       Classes.TList.Add
 0001:000156BC       Classes.TList.Clear
 0001:000156D4       Classes.TList.Delete
 0001:00015668       Classes.TList.Destroy
 0001:0001576C       Classes.TList.Error
 0001:00015734       Classes.TList.Error
 0001:000157C0       Classes.TList.Get
 0001:000157E8       Classes.TList.Grow
 0001:000158CC       Classes.TList.Notify
 0001:0001581C       Classes.TList.SetCapacity
 0001:00015858       Classes.TList.SetCount
 0001:000159EC       Classes.TPersistent.Assign
 0001:00015A00       Classes.TPersistent.AssignError
 0001:00015AD0       Classes.TPersistent.AssignTo
 0001:00015AD8       Classes.TPersistent.DefineProperties
 0001:000159C0       Classes.TPersistent.Destroy
 0001:00015ADC       Classes.TPersistent.GetNamePath
 0001:00015B8C       Classes.TPersistent.GetOwner
 0001:00015378       Classes.TRegGroup.Create
 0001:000153D4       Classes.TRegGroup.Destroy
 0001:00015434       Classes.TRegGroup.UnregisterModuleClasses
 0001:000154E0       Classes.TRegGroups.Create
 0001:00015554       Classes.TRegGroups.Destroy
 0001:000155B4       Classes.TRegGroups.Lock
 0001:000155C0       Classes.TRegGroups.Unlock
 0001:000155CC       Classes.TRegGroups.UnregisterModuleClasses
 0001:000158D0       Classes.TThreadList.Create
 0001:00015924       Classes.TThreadList.Destroy
 0001:000159A0       Classes.TThreadList.LockList
 0001:000159B4       Classes.TThreadList.UnlockList
 0001:0001561C       Classes.UnRegisterModuleClasses
 0004:000049F0       ComObj..41
 0001:000327F4       ComObj..EOleError
 0001:000328A8       ComObj..EOleException
 0001:0003284C       ComObj..EOleSysError
 0001:00033330       ComObj.ClearExcepInfo
 0003:00000EF4       ComObj.CoAddRefServerProcess
 0003:00000EEC       ComObj.CoCreateInstanceEx
 0003:00000F04       ComObj.CoInitFlags
 0003:00000EF0       ComObj.CoInitializeEx
 0004:000049F8       ComObj.ComClassManagerVar
 0002:000002A8       ComObj.ComObj
 0003:00000EF8       ComObj.CoReleaseServerProcess
 0003:00000EFC       ComObj.CoResumeClassObjects
 0003:00000F00       ComObj.CoSuspendClassObjects
 0001:00032D4C       ComObj.DispatchInvoke
 0001:00033324       ComObj.DispatchInvokeError
 0001:00033340       ComObj.DispCall
 0001:00033424       ComObj.DispCallByID
 0001:00033250       ComObj.DispCallError
 0001:00032A84       ComObj.EOleException.Create
 0001:000329B0       ComObj.EOleSysError.Create
 0001:0003357C       ComObj.Finalization
 0001:000330BC       ComObj.GetIDsOfNames
 0001:00033500       ComObj.InitComObj
 0001:00032B48       ComObj.LoadComExProcs
 0004:00004A00       ComObj.NeedToUninitialize
 0001:00032B38       ComObj.OleCheck
 0001:00032B1C       ComObj.OleError
 0004:000049F4       ComObj.OleUninitializing
 0001:0003319C       ComObj.RaiseException
 0001:00033088       ComObj.RaiseNameException
 0001:00032C4C       ComObj.SafeCallError
 0004:000049FC       ComObj.SaveInitProc
 0003:00000F08       ComObj.ThreadStrs
 0001:00032960       ComObj.TrimPunctuation
 0001:000331B4       ComObj.VarDispInvoke
 0001:0004AE20       sample3.ExecuteScript
 0001:0004AED0       sample3.Finalization
 0002:00000300       sample3.sample3
 0001:0004ADE8       sample3.ScriptOnUses
 0001:0000582C       SysInit.@GetTls
 0001:00005878       SysInit.@InitExe
 0001:000057D4       SysInit.AllocTlsBuffer
 0001:000057B4       SysInit.GetModuleHandle
 0001:000057E0       SysInit.GetTlsSize
 0004:000027F8       SysInit.HInstance
 0001:0000586C       SysInit.InitializeModule
 0001:000057E8       SysInit.InitThreadTLS
 0001:000057BC       SysInit.LocalAlloc
 0003:00000798       SysInit.Module
 0004:000027F5       SysInit.ModuleIsCpp
 0004:000027F4       SysInit.ModuleIsLib
 0003:00000794       SysInit.PtrToNil
 0004:000027FC       SysInit.tlsBuffer
 0001:000057C4       SysInit.TlsGetValue
 0003:00000790       SysInit.TlsIndex
 0005:0000000C       SysInit.TlsLast
 0001:000057CC       SysInit.TlsSetValue
 0004:000005B8       System..6
 0001:00000100       System..TInterfacedObject
 0001:0000003C       System..TObject
 0001:0000213C       System.@AbstractError
 0001:00002D24       System.@AfterConstruction
 0001:00002C10       System.@AsClass
 0001:00002288       System.@AStrCmp
 0001:00002D74       System.@BeforeDestruction
 0001:000029CC       System.@BoundErr
 0001:00002C5C       System.@CallDynaInst
 0001:00002CCC       System.@ClassCreate
 0001:00002D1C       System.@ClassDestroy
 0001:000021AC       System.@Close
 0001:00001F40       System.@Copy
 0001:00004694       System.@CopyArray
 0001:00004578       System.@CopyRecord
 0001:00004800       System.@DispCallByIDError
 0001:000047A0       System.@Dispose
 0001:00003298       System.@DoneExcept
 0001:00004D98       System.@DynArrayAsg
 0001:00004D5C       System.@DynArrayClear
 0001:00004B9C       System.@DynArrayHigh
 0001:00004B94       System.@DynArrayLength
 0001:00004D50       System.@DynArraySetLength
 0001:00003380       System.@ExceptionHandler
 0001:000022F8       System.@FillChar
 0001:00004554       System.@Finalize
 0001:00004468       System.@FinalizeArray
 0001:0000441C       System.@FinalizeRecord
 0001:000029C0       System.@FpuInit
 0001:000028FC       System.@FpuMaskInit
 0001:00001DD0       System.@FreeMem
 0001:00001DB4       System.@GetMem
 0001:000037BC       System.@Halt
 0001:000036E0       System.@Halt0
 0001:00002E88       System.@HandleAnyException
 0001:0000313C       System.@HandleFinally
 0001:000031E4       System.@HandleFinallyInternal
 0001:00002FB4       System.@HandleOnException
 0001:00004410       System.@Initialize
 0001:0000437C       System.@InitializeArray
 0001:0000434C       System.@InitializeRecord
 0001:0000359C       System.@InitImports
 0001:00003574       System.@InitResStringImports
 0001:00005470       System.@IntfAddRef
 0001:0000542C       System.@IntfClear
 0001:00005444       System.@IntfCopy
 0001:000029D4       System.@IntOver
 0001:00002BEC       System.@IsClass
 0001:000028CC       System.@isNECWindows
 0001:00003C64       System.@LStrAddRef
 0001:000037F8       System.@LStrArrayClr
 0001:00003828       System.@LStrAsg
 0001:00003AB0       System.@LStrCat
 0001:00003AFC       System.@LStrCat3
 0001:00003B78       System.@LStrCatN
 0001:000037D4       System.@LStrClr
 0001:00003C0C       System.@LStrCmp
 0001:00003CDC       System.@LStrCopy
 0001:00003D1C       System.@LStrDelete
 0001:00003A54       System.@LStrFromArray
 0001:000039BC       System.@LStrFromChar
 0001:000039DC       System.@LStrFromPChar
 0001:000038C4       System.@LStrFromPCharLen
 0001:00003A0C       System.@LStrFromPWChar
 0001:00003930       System.@LStrFromPWCharLen
 0001:00003A48       System.@LStrFromString
 0001:000039CC       System.@LStrFromWChar
 0001:00003A6C       System.@LStrFromWStr
 0001:00003D64       System.@LStrInsert
 0001:0000386C       System.@LStrLAsg
 0001:00003AA4       System.@LStrLen
 0001:00003F04       System.@LStrSetLength
 0001:00003C74       System.@LStrToPChar
 0001:00003A80       System.@LStrToString
 0001:0000478C       System.@New
 0001:00003898       System.@NewAnsiString
 0001:00003F9C       System.@NewWideString
 0001:000025E0       System.@Pow10
 0001:00002204       System.@PStrCmp
 0001:00003244       System.@RaiseAgain
 0001:0000321C       System.@RaiseExcept
 0001:00001DE8       System.@ReallocMem
 0001:0000210C       System.@ROUND
 0001:000037C8       System.@RunError
 0001:00003534       System.@StartExe
 0001:000023F4       System.@Str0Long
 0001:00000208       System.@strlen
 0001:00002394       System.@StrLong
 0001:00002118       System.@TRUNC
 0001:000032C8       System.@TryFinallyExit
 0001:00003CD4       System.@UniqueStringA
 0001:000024D4       System.@ValExt
 0001:0000497C       System.@ValInt64
 0001:00002400       System.@ValLong
 0001:00004450       System.@VarClr
 0001:00004560       System.@VarCopy
 0001:00003FDC       System.@WStrArrayClr
 0001:00004000       System.@WStrAsg
 0001:00004190       System.@WStrCat
 0001:000041F0       System.@WStrCatN
 0001:00003FC4       System.@WStrClr
 0001:00004238       System.@WStrCmp
 0001:000042BC       System.@WStrCopy
 0001:000040D8       System.@WStrFromChar
 0001:00004164       System.@WStrFromLStr
 0001:000040F8       System.@WStrFromPChar
 0001:00004028       System.@WStrFromPCharLen
 0001:00004128       System.@WStrFromPWChar
 0001:000040B4       System.@WStrFromPWCharLen
 0001:000040E8       System.@WStrFromWChar
 0001:00004184       System.@WStrLen
 0001:00004308       System.@WStrSetLength
 0001:00004174       System.@WStrToPWChar
 0001:00001F10       System.@_IOTest
 0001:0000482C       System.@_lldiv
 0001:000048C0       System.@_llmod
 0001:00004808       System.@_llmul
 0001:0000493C       System.@_llshl
 0001:0000495C       System.@_llushr
 0004:0000002C       System.AbstractErrorProc
 0001:00001E78       System.AcquireExceptionObject
 0001:000052CC       System.AddModuleUnloadProc
 0001:000052BC       System.AddModuleUnloadProc
 0001:0000066C       System.AllocateLargeBlock
 0001:00001D9C       System.AllocMem
 0001:000005AC       System.AllocNewSequentialFeedMediumPool
 0004:000005C0       System.AllocSize2SmallBlockTypeIndX4
 0001:00001340       System.AppendStringToBuffer
 0004:00000024       System.AssertErrorProc
 0001:00000540       System.BinMediumSequentialFeedRemainder
 0001:00001B4C       System.BuildBlockTypeLookupTable
 0001:00001224       System.CardinalToStrBuf
 0001:000038F4       System.CharFromWChar
 0001:00000188       System.CharNext
 0001:00002E04       System.CheckJmp
 0001:00001588       System.CheckSmallBlockPoolForLeaks
 0004:00000040       System.CmdLine
 0004:0000003C       System.CmdShow
 0001:00004BA4       System.CopyArray
 0003:00000038       System.Copyright
 0001:000020DC       System.Cos
 0003:00000024       System.DebugHook
 0003:00000020       System.Default8087CW
 0004:000005BC       System.DefaultSystemCodePage
 0001:00004DE8       System.DelayLoadResourceModule
 0001:000002AC       System.DestroyWindow
 0003:00000780       System.dig
 0004:00000000       System.DispCallByIDProc
 0001:00004BBC       System.DynArrayClear
 0001:00004BC4       System.DynArraySetLength
 0003:00000758       System.errCaption
 0001:00001F04       System.Error
 0003:00000004       System.ErrorAddr
 0001:00001EB8       System.ErrorAt
 0004:00000008       System.ErrorProc
 0004:000003E8       System.ErrOutput
 0001:00001E58       System.ExceptAddr
 0004:0000000C       System.ExceptClsProc
 0004:0000001C       System.ExceptionClass
 0001:00001E38       System.ExceptObject
 0004:00000010       System.ExceptObjProc
 0004:00000004       System.ExceptProc
 0003:00000000       System.ExitCode
 0001:00003624       System.ExitDll
 0004:00000048       System.ExitProc
 0001:00000190       System.ExitProcess
 0004:00000028       System.ExitProcessProc
 0004:000027BC       System.ExpectedMemoryLeaks
 0004:000027C0       System.ExpectedMemoryLeaksListLocked
 0003:00000008       System.FileMode
 0001:00005754       System.Finalization
 0001:00004BB4       System.FinalizeArray
 0001:00001D48       System.FinalizeMemoryManager
 0001:00003468       System.FinalizeUnits
 0001:00004E68       System.FindBS
 0001:000001A0       System.FindClose
 0001:000001A8       System.FindFirstFile
 0001:00004DC0       System.FindHInstance
 0001:00004E30       System.FindResourceHInstance
 0001:000021A0       System.Flush
 0001:000025D8       System.FPower10
 0001:00001CB8       System.FreeAllMemory
 0001:000006D0       System.FreeLargeBlock
 0001:000001B0       System.FreeLibrary
 0001:0000574C       System.GetACP
 0001:00000270       System.GetCmdShow
 0001:000001B8       System.GetCommandLine
 0001:00000268       System.GetCurrentThreadId
 0001:00002C2C       System.GetDynaMethod
 0001:000011E8       System.GetFirstAndLastSmallBlockInPool
 0001:000011A8       System.GetFirstMediumBlockInPool
 0001:000028C4       System.GetKeyboardType
 0001:000001C0       System.GetLocaleInfo
 0001:000001C8       System.GetModuleFileName
 0001:000001D0       System.GetModuleHandle
 0001:00001454       System.GetObjectClass
 0001:000001D8       System.GetProcAddress
 0001:000001E0       System.GetStartupInfo
 0001:00000160       System.GetStdHandle
 0001:000001E8       System.GetThreadLocale
 0004:000027C8       System.InitContext
 0001:00001B90       System.InitializeMemoryManager
 0004:00000044       System.InitProc
 0001:000034CC       System.InitUnits
 0005:00000004       System.InOutRes
 0004:00000050       System.Input
 0001:000004E0       System.InsertMediumBlockIntoBin
 0001:000020B0       System.Int
 0001:00000260       System.InterlockedDecrement
 0001:00000258       System.InterlockedIncrement
 0001:00002158       System.InternalFlush
 0001:000013D4       System.InternalIsValidClass
 0001:00003C88       System.InternalUniqueString
 0001:00002AE4       System.InvokeImplGetter
 0001:00001F84       System.IOResult
 0004:0000004C       System.IsConsole
 0004:00000038       System.IsLibrary
 0004:0000004D       System.IsMultiThread
 0001:00001358       System.IsValidVMTAddress
 0003:00000028       System.JITEnable
 0004:000027AC       System.LargeBlocksCircularList
 0004:000027A8       System.LargeBlocksLocked
 0004:0000071C       System.LastSequentiallyFedMediumBlock
 0003:00000030       System.LibModuleList
 0001:000001F0       System.LoadLibraryEx
 0001:0000504C       System.LoadResourceModule
 0001:000056F4       System.LoadResString
 0001:000001F8       System.LoadString
 0001:00000314       System.LockCmpxchg
 0001:0000147C       System.LockExpectedMemoryLeaksList
 0001:00000624       System.LockLargeBlocks
 0001:00000200       System.lstrcpyn
 0004:00000030       System.MainInstance
 0004:00000034       System.MainThreadID
 0001:000035C0       System.MakeErrorMessage
 0001:000032E0       System.MapToRunError
 0004:00000728       System.MediumBlockBinBitmaps
 0004:00000724       System.MediumBlockBinGroupBitmap
 0004:000007A8       System.MediumBlockBins
 0004:00000708       System.MediumBlockPoolsCircularList
 0004:00000718       System.MediumBlocksLocked
 0004:00000720       System.MediumSequentialFeedBytesLeft
 0003:0000071C       System.MemoryManager
 0001:00000198       System.MessageBox
 0004:00000706       System.MinimumBlockAlignment
 0004:000027C4       System.MMSharingWindow
 0003:00000034       System.ModuleUnloadList
 0001:00001FA4       System.Move
 0001:0000031C       System.Move12
 0001:00000330       System.Move20
 0001:00000350       System.Move28
 0001:0000037C       System.Move36
 0001:0000039C       System.Move44
 0001:000003C0       System.Move52
 0001:000003EC       System.Move60
 0001:0000041C       System.Move68
 0001:00000454       System.MoveX16L4
 0001:00000484       System.MoveX8L4
 0001:00000210       System.MultiByteToWideChar
 0004:000005B5       System.NeverSleepOnMMThreadContention
 0001:00001184       System.NextMediumBlock
 0003:0000002C       System.NoErrMsg
 0001:00002DF0       System.NotifyAnyExcept
 0001:00002DC4       System.NotifyExcept
 0001:00002E24       System.NotifyExceptFinally
 0001:00005350       System.NotifyModuleUnload
 0001:00002DA0       System.NotifyNonDelphiException
 0001:00002DDC       System.NotifyOnExcept
 0001:00002D84       System.NotifyReRaise
 0001:00002E4C       System.NotifyTerminate
 0001:00002E68       System.NotifyUnhandled
 0001:000047BC       System.OleStrToStrVar
 0004:0000021C       System.Output
 0001:00003DC0       System.Pos
 0001:00000168       System.RaiseException
 0004:00000014       System.RaiseExceptionProc
 0005:00000000       System.RaiseListPtr
 0001:00000774       System.ReallocateLargeBlock
 0001:00000218       System.RegCloseKey
 0001:000053AC       System.RegisterModule
 0001:00000220       System.RegOpenKeyEx
 0001:00000228       System.RegQueryValueEx
 0003:00000734       System.reMap
 0001:000004A0       System.RemoveMediumFreeBlock
 0001:000052C4       System.RemoveModuleUnloadProc
 0001:000052EC       System.RemoveModuleUnloadProc
 0004:000005B4       System.ReportMemoryLeaksOnShutdown
 0001:00000170       System.RtlUnwind
 0004:00000018       System.RTLUnwindProc
 0003:00000760       System.runErrMsg
 0001:00001EAC       System.RunErrorAt
 0004:00000020       System.SafeCallErrorProc
 0001:000016D4       System.ScanForMemoryLeaks
 0001:00003420       System.SetExceptionHandler
 0001:00001F30       System.SetInOutRes
 0001:000020EC       System.Sin
 0001:000002A4       System.Sleep
 0003:0000003C       System.SmallBlockTypes
 0001:000020FC       System.Sqrt
 0001:00003F68       System.StringOfChar
 0001:000047E0       System.StringToOleStr
 0001:00001154       System.SysAllocMem
 0001:00000240       System.SysAllocStringLen
 0001:00000C44       System.SysFreeMem
 0001:00000250       System.SysFreeString
 0001:000008C0       System.SysGetMem
 0001:00000E3C       System.SysReallocMem
 0001:00000248       System.SysReAllocStringLen
 0001:000014F0       System.SysRegisterExpectedMemoryLeak
 0002:00000000       System.System
 0001:00001530       System.SysUnregisterExpectedMemoryLeak
 0003:00000750       System.Ten
 0004:0000004E       System.Test8086
 0001:0000547C       System.TInterfacedObject.AfterConstruction
 0001:00005488       System.TInterfacedObject.BeforeDestruction
 0001:00005498       System.TInterfacedObject.NewInstance
 0001:000054A8       System.TInterfacedObject.QueryInterface
 0001:000054D0       System.TInterfacedObject._AddRef
 0001:000054E4       System.TInterfacedObject._Release
 0001:00002C9C       System.TObject.AfterConstruction
 0001:00002CA0       System.TObject.BeforeDestruction
 0001:00002C88       System.TObject.ClassInfo
 0001:000029E4       System.TObject.ClassName
 0001:000029DC       System.TObject.ClassType
 0001:00002AC4       System.TObject.CleanupInstance
 0001:00002A30       System.TObject.Create
 0001:00002C98       System.TObject.DefaultHandler
 0001:00002A50       System.TObject.Destroy
 0001:00002CA4       System.TObject.Dispatch
 0001:00002A60       System.TObject.Free
 0001:00002A14       System.TObject.FreeInstance
 0001:00002B14       System.TObject.GetInterface
 0001:00002BA8       System.TObject.GetInterfaceEntry
 0001:00002C74       System.TObject.InheritsFrom
 0001:00002A6C       System.TObject.InitInstance
 0001:00002A28       System.TObject.InstanceSize
 0001:000029F8       System.TObject.NewInstance
 0001:00002C90       System.TObject.SafeCallException
 0001:00004E88       System.ToLongPath
 0001:00000178       System.UnhandledExceptionFilter
 0001:00003CCC       System.UniqueString
 0001:000053BC       System.UnregisterModule
 0001:00003440       System.UnsetExceptionHandler
 0001:000020A4       System.UpCase
 0001:0000563C       System.UTF8Decode
 0001:0000550C       System.Utf8ToUnicode
 0003:00000010       System.VarAddRefProc
 0003:0000000C       System.VarClearProc
 0003:00000014       System.VarCopyProc
 0003:00000018       System.VarToLStrProc
 0003:0000001C       System.VarToWStrProc
 0001:00000294       System.VirtualAlloc
 0001:0000029C       System.VirtualFree
 0001:00000238       System.VirtualQuery
 0001:00003914       System.WCharFromChar
 0001:000047B0       System.WideCharLenToStrVar
 0001:00000230       System.WideCharToMultiByte
 0001:00003654       System.WriteErrorMessage
 0001:00000180       System.WriteFile
 0001:00003F94       System.WStrError
 0001:00003FB4       System.WStrSet
 0004:00002918       SysUtils..35
 0001:00006590       SysUtils..EAbstractError
 0001:00006368       SysUtils..EAccessViolation
 0001:00006530       SysUtils..EAssertionFailed
 0001:0000647C       SysUtils..EControlC
 0001:0000630C       SysUtils..EConvertError
 0001:00005F90       SysUtils..EDivByZero
 0001:00005E80       SysUtils..EExternal
 0001:00005ED8       SysUtils..EExternalException
 0001:00005D70       SysUtils..EHeapException
 0001:00005E28       SysUtils..EInOutError
 0001:00005F38       SysUtils..EIntError
 0001:000065EC       SysUtils..EIntfCastError
 0001:00006040       SysUtils..EIntOverflow
 0001:000062B0       SysUtils..EInvalidCast
 0001:000060F4       SysUtils..EInvalidOp
 0001:00006254       SysUtils..EInvalidPointer
 0001:0000609C       SysUtils..EMathError
 0001:00006648       SysUtils..EOSError
 0001:00005DCC       SysUtils..EOutOfMemory
 0001:000061A4       SysUtils..EOverflow
 0001:000063C8       SysUtils..EPrivilege
 0001:00005FE8       SysUtils..ERangeError
 0001:000066A0       SysUtils..ESafecallException
 0001:00006420       SysUtils..EStackOverflow
 0001:000061FC       SysUtils..EUnderflow
 0001:000064D4       SysUtils..EVariantError
 0001:00005D08       SysUtils..Exception
 0001:0000614C       SysUtils..EZeroDivide
 0001:00006830       SysUtils..TMultiReadExclusiveWriteSynchronizer
 0001:00006754       SysUtils..TThreadLocalCounter
 0001:0000A454       SysUtils.AbstractErrorHandler
 0001:00006B8C       SysUtils.AnsiCompareText
 0001:000070B4       SysUtils.AnsiLastChar
 0001:00006B54       SysUtils.AnsiLowerCase
 0001:0000AC8C       SysUtils.AnsiPos
 0001:0000ACC4       SysUtils.AnsiStrPos
 0001:0000AD64       SysUtils.AnsiStrRScan
 0001:0000AD98       SysUtils.AnsiStrScan
 0001:00006B1C       SysUtils.AnsiUpperCase
 0001:00008340       SysUtils.AppendChars
 0001:00008724       SysUtils.AppendFormat
 0001:000083A0       SysUtils.AppendNumber
 0001:00008384       SysUtils.AppendString
 0001:0000A438       SysUtils.AssertErrorHandler
 0001:00007174       SysUtils.BackfillGetDiskFreeSpaceEx
 0001:00007068       SysUtils.BoolToStr
 0001:0000AA08       SysUtils.ByteToCharIndex
 0001:0000A9E4       SysUtils.ByteToCharLen
 0001:0000A9A8       SysUtils.ByteType
 0001:0000A934       SysUtils.ByteTypeTest
 0001:0000AC1C       SysUtils.CharLength
 0001:0000AB00       SysUtils.CharToByteIndex
 0001:0000AB84       SysUtils.CharToByteLen
 0001:0000B97C       SysUtils.ClearHashTables
 0001:000069F4       SysUtils.CompareStr
 0001:00006A5C       SysUtils.CompareText
 0001:00006F48       SysUtils.CompareWith
 0001:00009E50       SysUtils.ConvertAddr
 0001:00008490       SysUtils.ConvertEraString
 0001:000068C0       SysUtils.ConvertErrorFmt
 0001:0000860C       SysUtils.ConvertYearString
 0001:0000AA70       SysUtils.CountChars
 0001:0000A37C       SysUtils.CreateAssertException
 0001:0000A504       SysUtils.CreateAVObject
 0001:0000A2AC       SysUtils.CreateInOutError
 0003:00000828       SysUtils.cSimpleBoolStrs
 0004:00002810       SysUtils.CurrencyDecimals
 0004:0000280C       SysUtils.CurrencyFormat
 0004:00002808       SysUtils.CurrencyString
 0001:0000832C       SysUtils.CurrentYear
 0001:00007EC0       SysUtils.CurrToStr
 0001:00006C24       SysUtils.CvtInt
 0001:00006C90       SysUtils.CvtInt64
 0003:00000848       SysUtils.CWNear
 0004:00002811       SysUtils.DateSeparator
 0001:00008EDC       SysUtils.DateTimeToString
 0001:00007F80       SysUtils.DateTimeToTimeStamp
 0001:00008304       SysUtils.DayOfWeek
 0003:00000844       SysUtils.DCon10
 0004:0000280F       SysUtils.DecimalSeparator
 0001:000082E4       SysUtils.DecodeDate
 0001:00008198       SysUtils.DecodeDateFully
 0001:00008034       SysUtils.DecodeTime
 0003:000008D4       SysUtils.DefLongDayNames
 0003:00000888       SysUtils.DefLongMonthNames
 0003:000008B8       SysUtils.DefShortDayNames
 0003:00000858       SysUtils.DefShortMonthNames
 0001:000068A4       SysUtils.DivMod
 0001:0000A82C       SysUtils.DoneExceptions
 0001:0000A280       SysUtils.EHeapException.FreeInstance
 0003:000007B0       SysUtils.EmptyStr
 0003:000007B4       SysUtils.EmptyWideStr
 0001:00009ABC       SysUtils.EnumEraNames
 0001:00009AF8       SysUtils.EnumEraYearOffsets
 0004:000028D8       SysUtils.EraNames
 0001:000091EC       SysUtils.EraToYear
 0004:000028F4       SysUtils.EraYearOffsets
 0001:0000A32C       SysUtils.ErrorHandler
 0003:000008F0       SysUtils.ErrorMap
 0001:0000A798       SysUtils.ExceptHandler
 0001:0000A0AC       SysUtils.Exception.Create
 0001:0000A0E8       SysUtils.Exception.CreateFmt
 0001:0000A238       SysUtils.Exception.CreateHelp
 0001:0000A168       SysUtils.Exception.CreateRes
 0001:0000A1A4       SysUtils.Exception.CreateResFmt
 0001:00009E5C       SysUtils.ExceptionErrorMessage
 0003:00000928       SysUtils.ExceptMap
 0001:0000713C       SysUtils.ExtractFileName
 0004:00002914       SysUtils.FalseBoolStrs
 0003:00000838       SysUtils.FCon1E18
 0001:0000BC7C       SysUtils.Finalization
 0004:0000490C       SysUtils.FLanguages
 0001:00007B50       SysUtils.FloatToDecimal
 0001:00007E90       SysUtils.FloatToStr
 0001:0000787C       SysUtils.FloatToText
 0003:0000084C       SysUtils.FMSecsPerDay
 0001:0000775C       SysUtils.FmtStr
 0001:00007748       SysUtils.Format
 0003:00000854       SysUtils.Format
 0001:00007390       SysUtils.FormatBuf
 0001:00007384       SysUtils.FormatClearStr
 0001:00007308       SysUtils.FormatError
 0003:00000830       SysUtils.FormatErrorStrs
 0001:00007360       SysUtils.FormatVarToStr
 0001:0000B96C       SysUtils.FreeAndNil
 0001:0000B4B0       SysUtils.FreeTerminateProcs
 0001:000083EC       SysUtils.GetCount
 0001:00008418       SysUtils.GetDate
 0001:00009104       SysUtils.GetDateOrder
 0003:00000824       SysUtils.GetDiskFreeSpaceEx
 0001:00009B70       SysUtils.GetEraNamesAndYearOffsets
 0001:00009198       SysUtils.GetEraYearOffset
 0001:0000A4EC       SysUtils.GetExceptionClass
 0001:0000A6D0       SysUtils.GetExceptionObject
 0001:0000AEF8       SysUtils.GetFormatSettings
 0001:00009930       SysUtils.GetLocaleChar
 0001:000098E4       SysUtils.GetLocaleStr
 0001:00009998       SysUtils.GetMonthDayNames
 0001:00008450       SysUtils.GetTime
 0001:0000B2C4       SysUtils.HashName
 0003:00000820       SysUtils.HexDisplayPrefix
 0003:00000850       SysUtils.IMSecsPerDay
 0001:0000B4D4       SysUtils.InitDriveSpacePtr
 0001:0000A7A8       SysUtils.InitExceptions
 0001:0000ADD8       SysUtils.InitLeadBytes
 0001:0000A8C4       SysUtils.InitPlatformId
 0001:0000AE34       SysUtils.InitSysLocale
 0001:0000B53C       SysUtils.InterlockedDecrement
 0001:0000B548       SysUtils.InterlockedExchange
 0001:0000B550       SysUtils.InterlockedExchangeAdd
 0001:0000B530       SysUtils.InterlockedIncrement
 0001:00006D84       SysUtils.IntToHex
 0001:00006C70       SysUtils.IntToStr
 0001:00006D5C       SysUtils.IntToStr
 0004:00002920       SysUtils.InvalidPointer
 0001:00008090       SysUtils.IsLeapYear
 0001:000070E8       SysUtils.LastDelimiter
 0003:00000800       SysUtils.LeadBytes
 0004:000028D6       SysUtils.ListSeparator
 0001:0000995C       SysUtils.LocalGetLocaleStr
 0004:00002818       SysUtils.LongDateFormat
 0004:000028AC       SysUtils.LongDayNames
 0004:00002860       SysUtils.LongMonthNames
 0004:0000282C       SysUtils.LongTimeFormat
 0001:0000696C       SysUtils.LowerCase
 0001:0000A46C       SysUtils.MapException
 0001:0000B2EC       SysUtils.ModuleUnloaded
 0003:000007D0       SysUtils.MonthDays
 0004:0000280D       SysUtils.NegCurrFormat
 0001:0000AC54       SysUtils.NextCharIndex
 0004:0000291C       SysUtils.OutOfMemory
 0001:00007838       SysUtils.PutExponent
 0001:0000A428       SysUtils.RaiseAssertException
 0001:0000B40C       SysUtils.RaiseLastOSError
 0001:0000B418       SysUtils.RaiseLastOSError
 0001:00006AF8       SysUtils.SameText
 0001:00008F38       SysUtils.ScanBlanks
 0001:000090C8       SysUtils.ScanChar
 0001:00009248       SysUtils.ScanDate
 0001:00008F5C       SysUtils.ScanNumber
 0001:00008FF0       SysUtils.ScanString
 0001:00009594       SysUtils.ScanTime
 0001:00009150       SysUtils.ScanToNumber
 0004:00002814       SysUtils.ShortDateFormat
 0004:00002890       SysUtils.ShortDayNames
 0004:00002830       SysUtils.ShortMonthNames
 0004:00002828       SysUtils.ShortTimeFormat
 0001:00009FE4       SysUtils.ShowException
 0001:0000B404       SysUtils.Sleep
 0001:0000A9CC       SysUtils.StrByteType
 0001:0000ABF4       SysUtils.StrCharLength
 0001:00007228       SysUtils.StrLCopy
 0001:000071E8       SysUtils.StrLen
 0001:00007708       SysUtils.StrLFmt
 0001:0000725C       SysUtils.StrLIComp
 0001:00007218       SysUtils.StrMove
 0001:0000AC14       SysUtils.StrNextChar
 0001:000072B4       SysUtils.StrPos
 0001:000072A0       SysUtils.StrScan
 0001:00006DAC       SysUtils.StrToInt
 0001:00006E20       SysUtils.StrToInt64
 0001:00006E64       SysUtils.StrToInt64Def
 0001:00006DE8       SysUtils.StrToIntDef
 0001:00009898       SysUtils.SysErrorMessage
 0004:000028C8       SysUtils.SysLocale
 0002:000000AC       SysUtils.SysUtils
 0003:000009D8       SysUtils.TerminateProcList
 0001:00007D7C       SysUtils.TextToFloat
 0004:0000280E       SysUtils.ThousandSeparator
 0004:00002820       SysUtils.TimeAMString
 0004:00002824       SysUtils.TimePMString
 0004:0000281C       SysUtils.TimeSeparator
 0001:0000B894       SysUtils.TMultiReadExclusiveWriteSynchronizer.BeginRead
 0001:0000B798       SysUtils.TMultiReadExclusiveWriteSynchronizer.BeginWrite
 0001:0000B754       SysUtils.TMultiReadExclusiveWriteSynchronizer.BlockReaders
 0001:0000B698       SysUtils.TMultiReadExclusiveWriteSynchronizer.Create
 0001:0000B70C       SysUtils.TMultiReadExclusiveWriteSynchronizer.Destroy
 0001:0000B904       SysUtils.TMultiReadExclusiveWriteSynchronizer.EndRead
 0001:0000B844       SysUtils.TMultiReadExclusiveWriteSynchronizer.EndWrite
 0001:0000B76C       SysUtils.TMultiReadExclusiveWriteSynchronizer.UnblockOneWriter
 0001:0000B760       SysUtils.TMultiReadExclusiveWriteSynchronizer.UnblockReaders
 0001:0000B778       SysUtils.TMultiReadExclusiveWriteSynchronizer.WaitForReadSignal
 0001:0000B788       SysUtils.TMultiReadExclusiveWriteSynchronizer.WaitForWriteSignal
 0001:00009C20       SysUtils.TranslateDateFormat
 0001:00006BD0       SysUtils.Trim
 0004:00002910       SysUtils.TrueBoolStrs
 0001:000080CC       SysUtils.TryEncodeDate
 0001:00007FC4       SysUtils.TryEncodeTime
 0001:00006FCC       SysUtils.TryStrToBool
 0001:00007F64       SysUtils.TryStrToCurr
 0001:0000978C       SysUtils.TryStrToDate
 0001:000097FC       SysUtils.TryStrToDateTime
 0001:00007F0C       SysUtils.TryStrToFloat
 0001:00007F38       SysUtils.TryStrToFloat
 0001:00007EF0       SysUtils.TryStrToFloat
 0001:00006E00       SysUtils.TryStrToInt
 0001:00006E98       SysUtils.TryStrToInt64
 0001:000097C4       SysUtils.TryStrToTime
 0001:0000B644       SysUtils.TThreadLocalCounter.Delete
 0001:0000B558       SysUtils.TThreadLocalCounter.Destroy
 0001:0000B5B0       SysUtils.TThreadLocalCounter.HashIndex
 0001:0000B5CC       SysUtils.TThreadLocalCounter.Open
 0001:0000B654       SysUtils.TThreadLocalCounter.Recycle
 0003:000007CC       SysUtils.TwoDigitYearCenturyWindow
 0004:00003918       SysUtils.UnitHashBuckets
 0001:000068E4       SysUtils.UpperCase
 0004:00002924       SysUtils.ValidatedUnitHashBuckets
 0001:00006EB8       SysUtils.VerifyBoolStrArray
 0003:000007C4       SysUtils.Win32BuildNumber
 0003:000007C8       SysUtils.Win32CSDVersion
 0003:000007BC       SysUtils.Win32MajorVersion
 0003:000007C0       SysUtils.Win32MinorVersion
 0003:000007B8       SysUtils.Win32Platform
 0004:000049AC       TypInfo..6
 0001:000149CC       TypInfo.AssignLongStr
 0003:00000CB4       TypInfo.BooleanIdents
 0003:00000CBC       TypInfo.DotSep
 0001:000150C8       TypInfo.Finalization
 0001:00014D40       TypInfo.GetFloatProp
 0001:000149E0       TypInfo.GetLongStrProp
 0001:00015050       TypInfo.GetMethodProp
 0001:00014808       TypInfo.GetOrdProp
 0001:00014798       TypInfo.GetPropInfo
 0001:000148D8       TypInfo.GetShortStrProp
 0001:00014970       TypInfo.GetShortStrPropAsLongStr
 0001:00014B10       TypInfo.GetStrProp
 0001:0001478C       TypInfo.GetTypeData
 0001:00014B80       TypInfo.GetWideStrProp
 0001:00014A60       TypInfo.GetWideStrPropAsLongStr
 0001:00014E58       TypInfo.SetFloatProp
 0001:00014A20       TypInfo.SetLongStrProp
 0001:00015090       TypInfo.SetMethodProp
 0001:0001487C       TypInfo.SetOrdProp
 0001:0001491C       TypInfo.SetShortStrProp
 0001:00014998       TypInfo.SetShortStrPropAsLongStr
 0001:00014B50       TypInfo.SetStrProp
 0001:00014C68       TypInfo.SetWideStrProp
 0001:00014AB8       TypInfo.SetWideStrPropAsLongStr
 0002:000001F0       TypInfo.TypInfo
 0001:000175E4       uPSCompiler..EPSCompilerException
 0001:0002D1DC       uPSCompiler..TBinConstOperation
 0001:0002D23C       uPSCompiler..TConstData
 0001:0002D120       uPSCompiler..TConstOperation
 0001:00017AD0       uPSCompiler..TPSArrayType
 0001:00017CF0       uPSCompiler..TPSAttribute
 0001:00017D4C       uPSCompiler..TPSAttributes
 0001:000187B4       uPSCompiler..TPSBinValueOp
 0001:000181D0       uPSCompiler..TPSBlockInfo
 0001:00017950       uPSCompiler..TPSClassType
 0001:00017F7C       uPSCompiler..TPSConstant
 0001:00017C3C       uPSCompiler..TPSEnumType
 0001:00017E1C       uPSCompiler..TPSExternalProcedure
 0001:00018A34       uPSCompiler..TPSInterface
 0001:00018AA0       uPSCompiler..TPSInterfaceMethod
 0001:00017A10       uPSCompiler..TPSInterfaceType
 0001:00017E80       uPSCompiler..TPSInternalProcedure
 0001:000182FC       uPSCompiler..TPSParameter
 0001:00017648       uPSCompiler..TPSParameterDecl
 0001:00018358       uPSCompiler..TPSParameters
 0001:000176C0       uPSCompiler..TPSParametersDecl
 0001:0001822C       uPSCompiler..TPSPascalCompiler
 0001:0001807C       uPSCompiler..TPSPascalCompilerError
 0001:000180EC       uPSCompiler..TPSPascalCompilerHint
 0001:00017FF0       uPSCompiler..TPSPascalCompilerMessage
 0001:0001815C       uPSCompiler..TPSPascalCompilerWarning
 0001:00017A70       uPSCompiler..TPSProceduralType
 0001:00017C94       uPSCompiler..TPSProcedure
 0001:00017DA8       uPSCompiler..TPSProcVar
 0001:0001779C       uPSCompiler..TPSRecordFieldTypeDef
 0001:000178F4       uPSCompiler..TPSRecordType
 0001:00017720       uPSCompiler..TPSRegProc
 0001:00017B8C       uPSCompiler..TPSSetType
 0001:00017B2C       uPSCompiler..TPSStaticArrayType
 0001:000183B4       uPSCompiler..TPSSubItem
 0001:0001840C       uPSCompiler..TPSSubNumber
 0001:00018468       uPSCompiler..TPSSubValue
 0001:00017818       uPSCompiler..TPSType
 0001:00017BE4       uPSCompiler..TPSTypeLink
 0001:000179AC       uPSCompiler..TPSUndefinedClassType
 0001:00018758       uPSCompiler..TPSUnValueOp
 0001:000182A4       uPSCompiler..TPSValue
 0001:00018638       uPSCompiler..TPSValueAllocatedStackVar
 0001:000189D8       uPSCompiler..TPSValueArray
 0001:000186A0       uPSCompiler..TPSValueData
 0001:00018518       uPSCompiler..TPSValueGlobalVar
 0001:00018578       uPSCompiler..TPSValueLocalVar
 0001:00018810       uPSCompiler..TPSValueNil
 0001:000185D8       uPSCompiler..TPSValueParamVar
 0001:000188C4       uPSCompiler..TPSValueProc
 0001:00018920       uPSCompiler..TPSValueProcNo
 0001:00018868       uPSCompiler..TPSValueProcPtr
 0001:0001897C       uPSCompiler..TPSValueProcVal
 0001:000186FC       uPSCompiler..TPSValueReplace
 0001:000184C0       uPSCompiler..TPSValueVar
 0001:00017F04       uPSCompiler..TPSVar
 0001:00017888       uPSCompiler..TPSVariantType
 0001:0002D17C       uPSCompiler..TUnConstOperation
 0001:00021D28       uPSCompiler.AfterWriteOutRec
 0001:00020470       uPSCompiler.AllocPointer
 0001:00020438       uPSCompiler.AllocStackReg
 0001:00020398       uPSCompiler.AllocStackReg2
 0001:00018D78       uPSCompiler.BlockWriteByte
 0001:00018DD0       uPSCompiler.BlockWriteData
 0001:00018E24       uPSCompiler.BlockWriteLong
 0001:00018E38       uPSCompiler.BlockWriteVariant
 0001:00027288       uPSCompiler.calc
 0001:00024AC8       uPSCompiler.CallAssigned
 0001:00024C0C       uPSCompiler.CallPred
 0001:00024B78       uPSCompiler.CallSucc
 0001:00022EB4       uPSCompiler.CheckClass
 0001:000229DC       uPSCompiler.CheckClassArrayProperty
 0001:000239FC       uPSCompiler.CheckClassType
 0001:000204BC       uPSCompiler.CheckCompatType
 0001:0002BB94       uPSCompiler.CheckExports
 0001:00022D14       uPSCompiler.CheckExtClass
 0001:00022234       uPSCompiler.CheckFurther
 0001:0002338C       uPSCompiler.CheckIntf
 0001:00021EA0       uPSCompiler.CheckNotificationVariant
 0001:000277B0       uPSCompiler.CheckOutreg
 0001:00022140       uPSCompiler.CheckProcCall
 0001:0001FEB0       uPSCompiler.ChrToStr
 0001:0002AA44       uPSCompiler.Cleanup
 0001:00027A88       uPSCompiler.Cleanup
 0001:0001D0F0       uPSCompiler.ClearRecSubVals
 0001:000294A0       uPSCompiler.Combine
 0001:0001AF20       uPSCompiler.ConvertToBoolean
 0001:0001B008       uPSCompiler.ConvertToFloat
 0001:0001AF58       uPSCompiler.ConvertToString
 0001:0001AFB0       uPSCompiler.ConvertToWideString
 0001:0001A648       uPSCompiler.CopyVariantContents
 0001:0002B958       uPSCompiler.CreateDebugData
 0001:00018CEC       uPSCompiler.DeclToBits
 0001:0001A8A0       uPSCompiler.DiffRec
 0001:0001A838       uPSCompiler.DisposeVariant
 0001:00020A18       uPSCompiler.DoBinCalc
 0001:0002BC58       uPSCompiler.DoConstBlock
 0001:000210E4       uPSCompiler.DoUnCalc
 0001:0001A768       uPSCompiler.DuplicateVariant
 0001:0002D8E4       uPSCompiler.EvalConst
 0001:00023628       uPSCompiler.ExtCheckClassType
 0001:0001A804       uPSCompiler.FinalizeVariant
 0001:0001909C       uPSCompiler.FindAndAddType
 0001:0002B8E4       uPSCompiler.FindMainProc
 0001:000221D4       uPSCompiler.FindSubR
 0001:00021354       uPSCompiler.GetAddress
 0001:0002D2CC       uPSCompiler.GetConstantIdentifier
 0001:00023E88       uPSCompiler.GetIdentifier
 0001:0001AA68       uPSCompiler.GetInt
 0001:0001AAE4       uPSCompiler.GetInt64
 0001:0001F808       uPSCompiler.GetParamType
 0001:0001AC00       uPSCompiler.GetReal
 0001:0002564C       uPSCompiler.GetResultType
 0001:0001AD78       uPSCompiler.GetString
 0001:0001A9EC       uPSCompiler.GetUInt
 0001:00027EA8       uPSCompiler.HasInvalidJumps
 0003:00000EDC       uPSCompiler.IDispatch_Guid
 0001:0001A794       uPSCompiler.InitializeVariant
 0001:0001A88C       uPSCompiler.IsIntRealType
 0001:0001A86C       uPSCompiler.IsIntType
 0001:0001A87C       uPSCompiler.IsRealType
 0003:00000ECC       uPSCompiler.IUnknown_Guid
 0001:00020764       uPSCompiler.MakeNil
 0001:0002BAD8       uPSCompiler.MakeOutput
 0001:000213C0       uPSCompiler.MakeSet
 0001:00029468       uPSCompiler.NewRec
 0001:0001A7E4       uPSCompiler.NewVariant
 0001:000190C8       uPSCompiler.ParseMethod
 0001:0001FFEC       uPSCompiler.ParseString
 0001:00021548       uPSCompiler.PreWriteOutRec
 0001:000294FC       uPSCompiler.ProcessCase
 0001:000280E8       uPSCompiler.ProcessFor
 0001:000206C0       uPSCompiler.ProcessFunction2
 0001:00029A6C       uPSCompiler.ProcessGoto
 0001:00029338       uPSCompiler.ProcessIdentifier
 0001:00028F34       uPSCompiler.ProcessIf
 0001:00028B40       uPSCompiler.ProcessRepeat
 0001:00029DB0       uPSCompiler.ProcessTry
 0001:0002BE3C       uPSCompiler.ProcessUses
 0001:00028728       uPSCompiler.ProcessWhile
 0001:00029C08       uPSCompiler.ProcessWith
 0001:0001FF20       uPSCompiler.PString
 0001:00019D20       uPSCompiler.PS_mi2s
 0001:000249D4       uPSCompiler.ReadArray
 0001:0002651C       uPSCompiler.ReadExpression
 0001:0002D7F4       uPSCompiler.ReadExpression
 0001:0002D3B0       uPSCompiler.ReadFactor
 0001:00024CA0       uPSCompiler.ReadFactor
 0001:000274B8       uPSCompiler.ReadIDispatchParameters
 0001:000272C4       uPSCompiler.ReadParameters
 0001:0002737C       uPSCompiler.ReadProcParameters
 0001:000263EC       uPSCompiler.ReadSimpleExpression
 0001:0002D718       uPSCompiler.ReadSimpleExpression
 0001:0002D5D8       uPSCompiler.ReadTerm
 0001:00026290       uPSCompiler.ReadTerm
 0001:0002770C       uPSCompiler.ReadVarParameters
 0001:0001A8FC       uPSCompiler.SameReg
 0001:0001AE58       uPSCompiler.Set_Diff
 0001:0001AEC0       uPSCompiler.Set_Equal
 0001:0001AE70       uPSCompiler.Set_Intersect
 0001:0001AF0C       uPSCompiler.Set_MakeMember
 0001:0001AEEC       uPSCompiler.Set_membership
 0001:0001AE88       uPSCompiler.Set_Subset
 0001:0001AE40       uPSCompiler.Set_Union
 0001:000305A4       uPSCompiler.TBinConstOperation.Destroy
 0001:000305DC       uPSCompiler.TConstData.Destroy
 0001:0003060C       uPSCompiler.TConstOperation.SetPos
 0001:0003162C       uPSCompiler.TPSAttribute.AddValue
 0001:00031688       uPSCompiler.TPSAttribute.Assign
 0001:000315E0       uPSCompiler.TPSAttribute.Create
 0001:00031638       uPSCompiler.TPSAttribute.Destroy
 0001:000315D4       uPSCompiler.TPSAttribute.GetValue
 0001:000315CC       uPSCompiler.TPSAttribute.GetValueCount
 0001:0003170C       uPSCompiler.TPSAttributes.Add
 0001:000317C4       uPSCompiler.TPSAttributes.Assign
 0001:00031730       uPSCompiler.TPSAttributes.Create
 0001:00031774       uPSCompiler.TPSAttributes.Destroy
 0001:000316F0       uPSCompiler.TPSAttributes.GetCount
 0001:000316F8       uPSCompiler.TPSAttributes.GetItem
 0001:000315B0       uPSCompiler.TPSAttributeType.GetField
 0001:000315C4       uPSCompiler.TPSAttributeType.GetFieldCount
 0001:0003071C       uPSCompiler.TPSBinValueOp.Destroy
 0001:000314E4       uPSCompiler.TPSBlockInfo.Clear
 0001:00031518       uPSCompiler.TPSBlockInfo.Create
 0001:0003157C       uPSCompiler.TPSBlockInfo.Destroy
 0001:00030AD8       uPSCompiler.TPSCompileTimeClass.CastToType
 0001:00030BF8       uPSCompiler.TPSCompileTimeClass.ClassFunc_Call
 0001:00030DA0       uPSCompiler.TPSCompileTimeClass.ClassFunc_Find
 0001:00030E28       uPSCompiler.TPSCompileTimeClass.Func_Call
 0001:00030FBC       uPSCompiler.TPSCompileTimeClass.Func_Find
 0001:00031044       uPSCompiler.TPSCompileTimeClass.IsCompatibleWith
 0001:0003106C       uPSCompiler.TPSCompileTimeClass.Property_Find
 0001:0003112C       uPSCompiler.TPSCompileTimeClass.Property_Get
 0001:0003127C       uPSCompiler.TPSCompileTimeClass.Property_GetHeader
 0001:0003129C       uPSCompiler.TPSCompileTimeClass.Property_Set
 0001:000313D4       uPSCompiler.TPSCompileTimeClass.SetNil
 0001:0002FDD0       uPSCompiler.TPSConstant.Destroy
 0001:0002FE00       uPSCompiler.TPSConstant.SetName
 0001:00031B10       uPSCompiler.TPSInterface.CastToType
 0001:00031C34       uPSCompiler.TPSInterface.Create
 0001:00031CDC       uPSCompiler.TPSInterface.Destroy
 0001:00031D2C       uPSCompiler.TPSInterface.Func_Call
 0001:00031ED8       uPSCompiler.TPSInterface.Func_Find
 0001:00031F50       uPSCompiler.TPSInterface.IsCompatibleWith
 0001:00031F84       uPSCompiler.TPSInterface.RegisterDummyMethod
 0001:00031CD8       uPSCompiler.TPSInterface.SetInheritedFrom
 0001:00031FA4       uPSCompiler.TPSInterface.SetNil
 0001:0003206C       uPSCompiler.TPSInterfaceMethod.Create
 0001:000320F8       uPSCompiler.TPSInterfaceMethod.Destroy
 0001:000320C0       uPSCompiler.TPSInterfaceMethod.GetAbsoluteProcOffset
 0001:0002FC30       uPSCompiler.TPSInternalProcedure.Create
 0001:0002FCA4       uPSCompiler.TPSInternalProcedure.Destroy
 0001:0002FD0C       uPSCompiler.TPSInternalProcedure.ResultUse
 0001:0002FD14       uPSCompiler.TPSInternalProcedure.SetName
 0001:00030898       uPSCompiler.TPSParameter.Destroy
 0001:00031840       uPSCompiler.TPSParameterDecl.SetName
 0001:000308D0       uPSCompiler.TPSParameters.Add
 0001:000308F4       uPSCompiler.TPSParameters.Create
 0001:00030938       uPSCompiler.TPSParameters.Destroy
 0001:00030988       uPSCompiler.TPSParameters.GetCount
 0001:00030990       uPSCompiler.TPSParameters.GetItem
 0001:0003195C       uPSCompiler.TPSParametersDecl.AddParam
 0001:0003189C       uPSCompiler.TPSParametersDecl.Assign
 0001:00031980       uPSCompiler.TPSParametersDecl.Create
 0001:000319C4       uPSCompiler.TPSParametersDecl.Destroy
 0001:00031940       uPSCompiler.TPSParametersDecl.GetParam
 0001:00031954       uPSCompiler.TPSParametersDecl.GetParamCount
 0001:00031A14       uPSCompiler.TPSParametersDecl.Same
 0001:0002CD70       uPSCompiler.TPSPascalCompiler.AddConstant
 0001:0002F1F4       uPSCompiler.TPSPascalCompiler.AddConstantN
 0001:0002F5D4       uPSCompiler.TPSPascalCompiler.AddDelphiFunction
 0001:00019F40       uPSCompiler.TPSPascalCompiler.AddFunction
 0001:0002F794       uPSCompiler.TPSPascalCompiler.AddInterface
 0001:00019D50       uPSCompiler.TPSPascalCompiler.AddType
 0001:0002F218       uPSCompiler.TPSPascalCompiler.AddTypeCopy
 0001:0002F2C8       uPSCompiler.TPSPascalCompiler.AddTypeCopyN
 0001:0002F2EC       uPSCompiler.TPSPascalCompiler.AddTypeS
 0001:0002F16C       uPSCompiler.TPSPascalCompiler.AddUsedFunction2
 0001:0001EE74       uPSCompiler.TPSPascalCompiler.ApplyAttribsToFunction
 0001:0002A85C       uPSCompiler.TPSPascalCompiler.at2ut
 0001:0002F3DC       uPSCompiler.TPSPascalCompiler.CheckCompatProc
 0001:0001EB68       uPSCompiler.TPSPascalCompiler.CheckForUnusedVars
 0001:0001A5DC       uPSCompiler.TPSPascalCompiler.Clear
 0001:0002C060       uPSCompiler.TPSPascalCompiler.Compile
 0001:0002C704       uPSCompiler.TPSPascalCompiler.Create
 0001:0001E8C4       uPSCompiler.TPSPascalCompiler.Debug_SavePosition
 0001:0001FE44       uPSCompiler.TPSPascalCompiler.Debug_WriteLine
 0001:0001E9EC       uPSCompiler.TPSPascalCompiler.Debug_WriteParams
 0001:0002DC90       uPSCompiler.TPSPascalCompiler.DefineStandardProcedures
 0001:0002C7EC       uPSCompiler.TPSPascalCompiler.DefineStandardTypes
 0001:0002C77C       uPSCompiler.TPSPascalCompiler.Destroy
 0001:0001FC40       uPSCompiler.TPSPascalCompiler.DoTypeBlock
 0001:0001E218       uPSCompiler.TPSPascalCompiler.DoVarBlock
 0001:00019BE8       uPSCompiler.TPSPascalCompiler.FindBaseType
 0001:0002F894       uPSCompiler.TPSPascalCompiler.FindInterface
 0001:00019B08       uPSCompiler.TPSPascalCompiler.FindProc
 0001:0002CCCC       uPSCompiler.TPSPascalCompiler.FindType
 0001:0002C7C0       uPSCompiler.TPSPascalCompiler.GetOutput
 0001:0001A854       uPSCompiler.TPSPascalCompiler.GetTypeCopyLink
 0001:0001F834       uPSCompiler.TPSPascalCompiler.GetTypeNo
 0001:0001ADDC       uPSCompiler.TPSPascalCompiler.GetWideString
 0001:0002D294       uPSCompiler.TPSPascalCompiler.IsBoolean
 0001:0001B1B8       uPSCompiler.TPSPascalCompiler.IsCompatibleType
 0001:0001CF6C       uPSCompiler.TPSPascalCompiler.IsDuplicate
 0001:0001E604       uPSCompiler.TPSPascalCompiler.IsProcDuplicLabel
 0001:0001F994       uPSCompiler.TPSPascalCompiler.IsVarInCompatible
 0001:00019C7C       uPSCompiler.TPSPascalCompiler.MakeDecl
 0001:0001A52C       uPSCompiler.TPSPascalCompiler.MakeError
 0001:0002F4A4       uPSCompiler.TPSPascalCompiler.MakeExportDecl
 0001:0001A4D4       uPSCompiler.TPSPascalCompiler.MakeHint
 0001:0001A584       uPSCompiler.TPSPascalCompiler.MakeWarning
 0001:0001E5A8       uPSCompiler.TPSPascalCompiler.NewProc
 0001:0002F590       uPSCompiler.TPSPascalCompiler.ParserError
 0001:0001B404       uPSCompiler.TPSPascalCompiler.PreCalc
 0001:0001EED8       uPSCompiler.TPSPascalCompiler.ProcessFunction
 0001:0001E7A0       uPSCompiler.TPSPascalCompiler.ProcessLabel
 0001:0002A940       uPSCompiler.TPSPascalCompiler.ProcessLabelForwards
 0001:0002A1E4       uPSCompiler.TPSPascalCompiler.ProcessSub
 0001:0001EC04       uPSCompiler.TPSPascalCompiler.ProcIsDuplic
 0001:0002CE90       uPSCompiler.TPSPascalCompiler.ReadAttributes
 0001:0002DC40       uPSCompiler.TPSPascalCompiler.ReadConstant
 0001:000202C0       uPSCompiler.TPSPascalCompiler.ReadInteger
 0001:0001FE74       uPSCompiler.TPSPascalCompiler.ReadReal
 0001:00020170       uPSCompiler.TPSPascalCompiler.ReadString
 0001:0001D524       uPSCompiler.TPSPascalCompiler.ReadType
 0001:0001D120       uPSCompiler.TPSPascalCompiler.ReadTypeAddProcedure
 0001:0002A804       uPSCompiler.TPSPascalCompiler.UseProc
 0001:0001F9C8       uPSCompiler.TPSPascalCompiler.ValidateParameters
 0001:0001DF98       uPSCompiler.TPSPascalCompiler.VarIsDuplicate
 0001:0002DC7C       uPSCompiler.TPSPascalCompiler.WriteDebugData
 0001:0002FE20       uPSCompiler.TPSPascalCompilerError.ErrorType
 0001:0002FE34       uPSCompiler.TPSPascalCompilerError.ShortMessageToString
 0001:000302AC       uPSCompiler.TPSPascalCompilerHint.ErrorType
 0001:000302C0       uPSCompiler.TPSPascalCompilerHint.ShortMessageToString
 0001:00030474       uPSCompiler.TPSPascalCompilerMessage.MessageToString
 0001:00030554       uPSCompiler.TPSPascalCompilerMessage.SetParserPos
 0001:00030388       uPSCompiler.TPSPascalCompilerWarning.ErrorType
 0001:0003039C       uPSCompiler.TPSPascalCompilerWarning.ShortMessageToString
 0001:00031A9C       uPSCompiler.TPSProceduralType.Create
 0001:00031AE0       uPSCompiler.TPSProceduralType.Destroy
 0001:0002FD34       uPSCompiler.TPSProcedure.Create
 0001:0002FD78       uPSCompiler.TPSProcedure.Destroy
 0001:0002FC08       uPSCompiler.TPSProcVar.SetName
 0001:0002FC28       uPSCompiler.TPSProcVar.Use
 0001:0002FBA0       uPSCompiler.TPSRecordFieldTypeDef.SetFieldOrgName
 0001:0002FA38       uPSCompiler.TPSRecordType.AddRecVal
 0001:0002FA5C       uPSCompiler.TPSRecordType.Create
 0001:0002FAA0       uPSCompiler.TPSRecordType.Destroy
 0001:0002FAF0       uPSCompiler.TPSRecordType.RecVal
 0001:0002FB04       uPSCompiler.TPSRecordType.RecValCount
 0001:0002FB0C       uPSCompiler.TPSRegProc.Create
 0001:0002FB50       uPSCompiler.TPSRegProc.Destroy
 0001:0002FB80       uPSCompiler.TPSRegProc.SetName
 0001:00031498       uPSCompiler.TPSSetType.GetBitSize
 0001:000314BC       uPSCompiler.TPSSetType.GetByteSize
 0001:00030754       uPSCompiler.TPSSubValue.Destroy
 0001:0002F994       uPSCompiler.TPSType.Create
 0001:0002F9E0       uPSCompiler.TPSType.Destroy
 0001:0002FA10       uPSCompiler.TPSType.SetName
 0001:0002FA30       uPSCompiler.TPSType.Use
 0001:000306EC       uPSCompiler.TPSUnValueOp.Destroy
 0001:0003062C       uPSCompiler.TPSValue.SetParserPos
 0001:00030A60       uPSCompiler.TPSValueAllocatedStackVar.Destroy
 0001:000309A4       uPSCompiler.TPSValueArray.Add
 0001:000309B0       uPSCompiler.TPSValueArray.Create
 0001:000309F4       uPSCompiler.TPSValueArray.Destroy
 0001:00030A44       uPSCompiler.TPSValueArray.GetCount
 0001:00030A4C       uPSCompiler.TPSValueArray.GetItem
 0001:0003064C       uPSCompiler.TPSValueData.Destroy
 0001:0003086C       uPSCompiler.TPSValueProc.Destroy
 0001:000321FC       uPSCompiler.TPSValueProcVal.Destroy
 0001:0003067C       uPSCompiler.TPSValueReplace.Create
 0001:000306A8       uPSCompiler.TPSValueReplace.Destroy
 0001:00030784       uPSCompiler.TPSValueVar.Create
 0001:000307C8       uPSCompiler.TPSValueVar.Destroy
 0001:0003081C       uPSCompiler.TPSValueVar.GetRecCount
 0001:00030824       uPSCompiler.TPSValueVar.GetRecItem
 0001:00030838       uPSCompiler.TPSValueVar.RecAdd
 0001:00030844       uPSCompiler.TPSValueVar.RecDelete
 0001:0002FDA8       uPSCompiler.TPSVar.SetName
 0001:0002FDC8       uPSCompiler.TPSVar.Use
 0001:00032128       uPSCompiler.TPSVariantType.GetDynInvokeParamType
 0001:00032180       uPSCompiler.TPSVariantType.GetDynInvokeProcNo
 0001:000321AC       uPSCompiler.TPSVariantType.GetDynIvokeResulType
 0001:000321CC       uPSCompiler.TPSVariantType.GetDynIvokeSelfType
 0001:00026678       uPSCompiler.TryEvalConst
 0001:00030574       uPSCompiler.TUnConstOperation.Destroy
 0001:0002AF70       uPSCompiler.WriteAttributes
 0001:0002ABFC       uPSCompiler.WriteByte
 0001:000278A4       uPSCompiler.WriteCalculation
 0001:0002AC58       uPSCompiler.WriteData
 0001:0002ACC0       uPSCompiler.WriteLong
 0001:00021D60       uPSCompiler.WriteOutRec
 0001:0002B4E8       uPSCompiler.WriteProcs
 0001:0002B7B8       uPSCompiler.WriteProcs2
 0001:0001EDD8       uPSCompiler.WriteProcVars
 0001:0002B058       uPSCompiler.WriteTypeNo
 0001:0002B078       uPSCompiler.WriteTypes
 0001:0002ACDC       uPSCompiler.WriteVariant
 0001:0002B3D4       uPSCompiler.WriteVars
 0001:00027B74       uPSCompiler._ProcessFunction
 0001:000291C0       uPSCompiler._ProcessLabel
 0004:000049EC       uPSC_dll..1
 0004:000049E8       uPSC_dll.DefaultCC
 0001:0003230C       uPSC_dll.DllExternalProc
 0001:000327A4       uPSC_dll.Finalization
 0001:00032260       uPSC_dll.RemoveQuotes
 0001:0003223C       uPSC_dll.rpos
 0002:00000294       uPSC_dll.uPSC_dll
 0001:00033C5C       uPSRuntime..EPSException
 0001:00033B78       uPSRuntime..TPSExec
 0001:00033654       uPSRuntime..TPSExternalProcRec
 0001:000336D0       uPSRuntime..TPSInternalProcRec
 0001:000335FC       uPSRuntime..TPSProcRec
 0001:00033AA0       uPSRuntime..TPSRuntimeAttribute
 0001:00033B14       uPSRuntime..TPSRuntimeAttributes
 0001:00033C00       uPSRuntime..TPSStack
 0001:0003374C       uPSRuntime..TPSTypeRec
 0001:00033910       uPSRuntime..TPSTypeRec_Array
 0001:00033834       uPSRuntime..TPSTypeRec_Class
 0001:000338A8       uPSRuntime..TPSTypeRec_Interface
 0001:000337BC       uPSRuntime..TPSTypeRec_ProcPtr
 0001:00033A3C       uPSRuntime..TPSTypeRec_Record
 0001:000339DC       uPSRuntime..TPSTypeRec_Set
 0001:00033974       uPSRuntime..TPSTypeRec_StaticArray
 0001:0004910C       uPSRuntime.AlwaysAsVariable
 0001:00043E7C       uPSRuntime.BuildArray
 0001:00047370       uPSRuntime.CastProc
 0001:00046D84       uPSRuntime.ClassCallProcConstructor
 0001:00048644       uPSRuntime.ClassCallProcEventPropertyHelper
 0001:00046AFC       uPSRuntime.ClassCallProcMethod
 0001:00047998       uPSRuntime.ClassCallProcProperty
 0001:00047F70       uPSRuntime.ClassCallProcPropertyHelper
 0001:000482AC       uPSRuntime.ClassCallProcPropertyHelperName
 0001:00047074       uPSRuntime.ClassCallProcVirtualConstructor
 0001:00038CE8       uPSRuntime.Class_IS
 0001:000378C4       uPSRuntime.CopyArrayContents
 0001:0003786C       uPSRuntime.CopyRecordContents
 0001:000349EC       uPSRuntime.CreateHeapVariant
 0001:00034994       uPSRuntime.CreateHeapVariant2
 0001:0004422C       uPSRuntime.CreateOpenArray
 0001:00042934       uPSRuntime.DefProc
 0001:00049790       uPSRuntime.DelphiFunctionProc
 0001:0004990C       uPSRuntime.DelphiFunctionProc_CDECL
 0001:00049934       uPSRuntime.DelphiFunctionProc_Pascal
 0001:00049920       uPSRuntime.DelphiFunctionProc_Register
 0001:00049948       uPSRuntime.DelphiFunctionProc_Stdcall
 0001:00034A10       uPSRuntime.DestroyHeapVariant
 0001:000349B0       uPSRuntime.DestroyHeapVariant2
 0001:0004450C       uPSRuntime.DestroyOpenArray
 0001:00046AC0       uPSRuntime.DisposePPSVariantIFC
 0001:00046AD0       uPSRuntime.DisposePPSVariantIFCList
 0003:00000F20       uPSRuntime.DispPropertyPut
 0003:00000F1C       uPSRuntime.EmptyPchar
 0001:00049A94       uPSRuntime.EPSException.Create
 0001:00034764       uPSRuntime.FinalizeVariant
 0001:00033F3C       uPSRuntime.FloatToStr
 0001:0004337C       uPSRuntime.GetArrayLength
 0001:000469D0       uPSRuntime.GetMethodInfoRec
 0001:00047968       uPSRuntime.getMethodNo
 0001:000447D0       uPSRuntime.GetPtr
 0001:0004037C       uPSRuntime.GetRunLine
 0001:0004A2C4       uPSRuntime.IDispatchInvoke
 0001:000345E0       uPSRuntime.InitializeVariant
 0001:000478A0       uPSRuntime.InterfaceProc
 0001:0004763C       uPSRuntime.IntfCallProc
 0001:00043F4C       uPSRuntime.IntPIFVariantToVariant
 0001:00036040       uPSRuntime.LoadProcs
 0001:0003597C       uPSRuntime.LoadTypes
 0001:0003650C       uPSRuntime.LoadVars
 0001:00034F88       uPSRuntime.LookupProc
 0001:0004698C       uPSRuntime.MkMethod
 0001:00049050       uPSRuntime.MyAllMethodsHandler
 0001:00049150       uPSRuntime.MyAllMethodsHandler2
 0001:00046A80       uPSRuntime.NewPPSVariantIFC
 0001:00046A48       uPSRuntime.NewTPSVariantIFC
 0001:000475E0       uPSRuntime.NilProc
 0001:0004280C       uPSRuntime.NVarProc
 0001:00033F5C       uPSRuntime.Padl
 0001:00034054       uPSRuntime.Padr
 0001:00033FD8       uPSRuntime.Padz
 0001:000469C0       uPSRuntime.PFree
 0001:0004421C       uPSRuntime.PIFVariantToVariant
 0001:00037D38       uPSRuntime.PSDynArrayGetLength
 0001:00037DA4       uPSRuntime.PSDynArraySetLength
 0001:00034118       uPSRuntime.PSErrorToString
 0001:00036DD0       uPSRuntime.PSGetCurrency
 0001:00036FC8       uPSRuntime.PSGetInt
 0001:00036A6C       uPSRuntime.PSGetInt64
 0001:00036C08       uPSRuntime.PSGetReal
 0001:0003710C       uPSRuntime.PSGetString
 0001:00036820       uPSRuntime.PSGetUInt
 0001:00037248       uPSRuntime.PSGetWideString
 0001:00037620       uPSRuntime.PSSetInt
 0001:00037394       uPSRuntime.PSSetInt64
 0001:0003751C       uPSRuntime.PSSetReal
 0001:000377C0       uPSRuntime.PSSetString
 0001:00049144       uPSRuntime.PutOnFPUStackExtended
 0001:000351EC       uPSRuntime.read
 0001:0003523C       uPSRuntime.ReadAttrib
 0001:000358E4       uPSRuntime.ReadAttributes
 0001:00043E04       uPSRuntime.RealCall_CDecl
 0001:00043DB0       uPSRuntime.RealCall_Other
 0001:00043D54       uPSRuntime.RealCall_Register
 0001:00043D0C       uPSRuntime.RealFloatCall_CDecl
 0001:00043CD0       uPSRuntime.RealFloatCall_Other
 0001:00043C88       uPSRuntime.RealFloatCall_Register
 0001:0004342C       uPSRuntime.RegisterInterfaceLibraryRuntime
 0001:00035938       uPSRuntime.resolve
 0001:0004906C       uPSRuntime.ResultAsRegister
 0001:000447AC       uPSRuntime.rp
 0001:000340D0       uPSRuntime.SafeStr
 0001:000433D4       uPSRuntime.SetArrayLength
 0001:00038D5C       uPSRuntime.SetBoolean
 0001:00033E10       uPSRuntime.Set_Diff
 0001:00033E78       uPSRuntime.Set_Equal
 0001:00033E28       uPSRuntime.Set_Intersect
 0001:00033EA4       uPSRuntime.Set_membership
 0001:00033E40       uPSRuntime.Set_Subset
 0001:00033DF8       uPSRuntime.Set_Union
 0001:00048A44       uPSRuntime.SpecImport
 0001:000490B4       uPSRuntime.SupportsRegister
 0001:00043E60       uPSRuntime.ToString
 0001:000400A0       uPSRuntime.TPSExec.AddResource
 0001:00040204       uPSRuntime.TPSExec.AddSpecialProcImport
 0001:00034A58       uPSRuntime.TPSExec.Cleanup
 0001:00034ACC       uPSRuntime.TPSExec.Clear
 0001:000367EC       uPSRuntime.TPSExec.CMD_Err
 0001:00048EC4       uPSRuntime.TPSExec.CMD_Err2
 0001:0004018C       uPSRuntime.TPSExec.CMD_Err3
 0001:00034BD4       uPSRuntime.TPSExec.Create
 0001:000400C8       uPSRuntime.TPSExec.DeleteResource
 0001:00034D24       uPSRuntime.TPSExec.Destroy
 0001:00038DFC       uPSRuntime.TPSExec.DoBooleanCalc
 0001:0003FAB4       uPSRuntime.TPSExec.DoBooleanNot
 0001:0003AEC4       uPSRuntime.TPSExec.DoCalc
 0001:0004026C       uPSRuntime.TPSExec.DoIntegerNot
 0001:0003F954       uPSRuntime.TPSExec.DoMinus
 0001:00034E58       uPSRuntime.TPSExec.ExceptionProc
 0001:00040100       uPSRuntime.TPSExec.FindProcResource
 0001:00040134       uPSRuntime.TPSExec.FindProcResource2
 0001:00048ED4       uPSRuntime.TPSExec.FindSpecialProcImport
 0001:00040040       uPSRuntime.TPSExec.FindType
 0001:00040030       uPSRuntime.TPSExec.FindType2
 0001:00048ECC       uPSRuntime.TPSExec.GetProcCount
 0001:00040258       uPSRuntime.TPSExec.GetProcNo
 0001:0004008C       uPSRuntime.TPSExec.GetTypeNo
 0001:00035024       uPSRuntime.TPSExec.ImportProc
 0001:00044F30       uPSRuntime.TPSExec.InnerfuseCall
 0001:00048F08       uPSRuntime.TPSExec.InvokeExternalMethod
 0001:000366C4       uPSRuntime.TPSExec.LoadData
 0001:000367B4       uPSRuntime.TPSExec.Pause
 0001:000367C0       uPSRuntime.TPSExec.ReadData
 0001:0003FC60       uPSRuntime.TPSExec.ReadLong
 0001:0003EEFC       uPSRuntime.TPSExec.ReadVariable
 0001:0004995C       uPSRuntime.TPSExec.RegisterDelphiFunction
 0001:000499BC       uPSRuntime.TPSExec.RegisterDelphiMethod
 0001:0003514C       uPSRuntime.TPSExec.RegisterFunctionName
 0001:00043450       uPSRuntime.TPSExec.RegisterStandardProcs
 0001:0004017C       uPSRuntime.TPSExec.RunLine
 0001:0003FC84       uPSRuntime.TPSExec.RunProc
 0001:0004039C       uPSRuntime.TPSExec.RunScript
 0001:00037FD4       uPSRuntime.TPSExec.SetVariantValue
 0001:0003FC34       uPSRuntime.TPSExec.Stop
 0001:00049C2C       uPSRuntime.TPSInternalProcRec.Destroy
 0001:00049C60       uPSRuntime.TPSProcRec.Create
 0001:00049CAC       uPSRuntime.TPSProcRec.Destroy
 0001:00049AE4       uPSRuntime.TPSRuntimeAttribute.AddValue
 0001:00049AF0       uPSRuntime.TPSRuntimeAttribute.Create
 0001:00049B3C       uPSRuntime.TPSRuntimeAttribute.Destroy
 0001:00049B6C       uPSRuntime.TPSRuntimeAttributes.Add
 0001:00049B90       uPSRuntime.TPSRuntimeAttributes.Create
 0001:00049BDC       uPSRuntime.TPSRuntimeAttributes.Destroy
 0001:0004973C       uPSRuntime.TPSRuntimeClassImporter.FindClass
 0001:00049CFC       uPSRuntime.TPSStack.AdjustLength
 0001:00049D0C       uPSRuntime.TPSStack.Clear
 0001:00049D70       uPSRuntime.TPSStack.Create
 0001:00049DC0       uPSRuntime.TPSStack.Destroy
 0001:00049E34       uPSRuntime.TPSStack.GetInt
 0001:00049E54       uPSRuntime.TPSStack.GetInt64
 0001:00049E88       uPSRuntime.TPSStack.GetItem
 0001:00049E98       uPSRuntime.TPSStack.GetReal
 0001:00049EC4       uPSRuntime.TPSStack.GetString
 0001:00049EF0       uPSRuntime.TPSStack.Pop
 0001:00049F54       uPSRuntime.TPSStack.PushType
 0001:00049F9C       uPSRuntime.TPSStack.SetCapacity
 0001:0004A088       uPSRuntime.TPSStack.SetInt
 0001:0004A114       uPSRuntime.TPSStack.SetInt64
 0001:0004A1A4       uPSRuntime.TPSStack.SetReal
 0001:0004A238       uPSRuntime.TPSStack.SetString
 0001:000343EC       uPSRuntime.TPSTypeRec.CalcSize
 0001:000344A4       uPSRuntime.TPSTypeRec.Create
 0001:000344F0       uPSRuntime.TPSTypeRec.Destroy
 0001:00049CDC       uPSRuntime.TPSTypeRec_Array.CalcSize
 0001:0004A690       uPSRuntime.TPSTypeRec_ProcPtr.CalcSize
 0001:00034520       uPSRuntime.TPSTypeRec_Record.CalcSize
 0001:00034554       uPSRuntime.TPSTypeRec_Record.Create
 0001:000345A8       uPSRuntime.TPSTypeRec_Record.Destroy
 0001:00049CF4       uPSRuntime.TPSTypeRec_Set.CalcSize
 0001:00049CE4       uPSRuntime.TPSTypeRec_StaticArray.CalcSize
 0001:00033EC4       uPSRuntime.Trim
 0001:0003AEAC       uPSRuntime.VarIsFloat
 0001:000367F8       uPSRuntime.VarToWideStr
 0001:00046A44       uPSRuntime.VirtualClassMethodPtrToPtr
 0001:00046A3C       uPSRuntime.VirtualMethodPtrToPtr
 0001:0004A718       uPSR_dll.DllFree
 0001:0004A704       uPSR_dll.DLLGetLastError
 0001:0004A8F8       uPSR_dll.DllProc
 0001:0004A6C8       uPSR_dll.DLLSetLastError
 0001:0004ABD8       uPSR_dll.GetLastErrorProc
 0001:0004A6B8       uPSR_dll.LAstErrorFree
 0001:0004A734       uPSR_dll.LoadDll
 0001:0004AB08       uPSR_dll.ProcessDllImport
 0001:0004AB10       uPSR_dll.ProcessDllImportEx
 0001:0004AD60       uPSR_dll.RegisterDLLRuntime
 0001:0004AD68       uPSR_dll.RegisterDLLRuntimeEx
 0001:0004ABFC       uPSR_dll.UnloadProc
 0004:000049E4       uPSUtils..4
 0001:00015E30       uPSUtils..TPSList
 0001:00015EE4       uPSUtils..TPSPascalParser
 0001:00015E88       uPSUtils..TPSStringList
 0001:00016974       uPSUtils.CheckReserved
 0001:00016508       uPSUtils.FastLowerCase
 0001:000164B8       uPSUtils.FastUpperCase
 0001:0001759C       uPSUtils.Finalization
 0001:00015FA8       uPSUtils.GRFW
 0001:00016000       uPSUtils.GRLW
 0001:000160D4       uPSUtils.IntToStr
 0003:00000CC4       uPSUtils.LookupTable
 0001:00015F74       uPSUtils.MakeHash
 0001:000161C0       uPSUtils.MM
 0001:00016AA8       uPSUtils.ParseToken
 0001:00016064       uPSUtils.StrToFloat
 0001:00016140       uPSUtils.StrToInt
 0001:00016154       uPSUtils.StrToIntDef
 0001:00016248       uPSUtils.TPSList.Add
 0001:00016320       uPSUtils.TPSList.Clear
 0001:0001616C       uPSUtils.TPSList.Create
 0001:000162AC       uPSUtils.TPSList.Delete
 0001:00016290       uPSUtils.TPSList.DeleteLast
 0001:0001632C       uPSUtils.TPSList.Destroy
 0001:00016374       uPSUtils.TPSList.GetItem
 0001:00017578       uPSUtils.TPSList.IndexOf
 0001:000161E4       uPSUtils.TPSList.Recreate
 0001:000162F0       uPSUtils.TPSList.Remove
 0001:00016360       uPSUtils.TPSList.SetItem
 0001:00016968       uPSUtils.TPSPascalParser.GetCol
 0001:00017310       uPSUtils.TPSPascalParser.Next
 0001:0001753C       uPSUtils.TPSPascalParser.SetText
 0001:000163D4       uPSUtils.TPSStringList.Add
 0001:00016384       uPSUtils.TPSStringList.Count
 0001:00016430       uPSUtils.TPSStringList.Create
 0001:00016404       uPSUtils.TPSStringList.Delete
 0001:00016474       uPSUtils.TPSStringList.Destroy
 0001:0001638C       uPSUtils.TPSStringList.GetItem
 0001:000163B4       uPSUtils.TPSStringList.SetItem
 0002:0000028C       uPSUtils.uPSUtils
 0001:00016A38       uPSUtils._GetToken
 0004:0000498C       Variants..81
 0001:0000CA3C       Variants..EVariantArrayCreateError
 0001:0000C9D4       Variants..EVariantArrayLockedError
 0001:0000C970       Variants..EVariantBadIndexError
 0001:0000C90C       Variants..EVariantBadVarTypeError
 0001:0000CBD4       Variants..EVariantDispatchError
 0001:0000C8A8       Variants..EVariantInvalidArgError
 0001:0000CC38       Variants..EVariantInvalidNullOpError
 0001:0000C77C       Variants..EVariantInvalidOpError
 0001:0000CAA4       Variants..EVariantNotImplError
 0001:0000CB08       Variants..EVariantOutOfMemoryError
 0001:0000C844       Variants..EVariantOverflowError
 0001:0000C7E0       Variants..EVariantTypeCastError
 0001:0000CB70       Variants..EVariantUnexpectedError
 0001:0000C6B0       Variants..TCustomVariantType
 0001:0000D240       Variants.@DispInvokeError
 0001:000145E4       Variants.@VarAdd
 0001:00013C1C       Variants.@VarAddRef
 0001:00014620       Variants.@VarAnd
 0001:00014108       Variants.@VarArrayPut
 0001:0000DD98       Variants.@VarCast
 0001:0000D52C       Variants.@VarClear
 0001:0000D540       Variants.@VarClr
 0001:00014668       Variants.@VarCmpEQ
 0001:000146B8       Variants.@VarCmpGE
 0001:000146A8       Variants.@VarCmpGT
 0001:00014698       Variants.@VarCmpLE
 0001:00014688       Variants.@VarCmpLT
 0001:00014678       Variants.@VarCmpNE
 0001:0000D854       Variants.@VarCopy
 0001:0000DAD4       Variants.@VarCopyNoInd
 0001:00014608       Variants.@VarDiv
 0001:00011AF8       Variants.@VarFromBool
 0001:00011984       Variants.@VarFromByte
 0001:00011B48       Variants.@VarFromCurr
 0001:00011AA0       Variants.@VarFromCurrency
 0001:00011ACC       Variants.@VarFromDate
 0001:00011BEC       Variants.@VarFromDisp
 0001:00011A74       Variants.@VarFromDouble
 0001:00011928       Variants.@VarFromInt
 0001:00011A24       Variants.@VarFromInt64
 0001:00011964       Variants.@VarFromInteger
 0001:00011BC0       Variants.@VarFromIntf
 0001:000119C4       Variants.@VarFromLongWord
 0001:00011B5C       Variants.@VarFromLStr
 0001:00011B20       Variants.@VarFromReal
 0001:000119E4       Variants.@VarFromShortInt
 0001:00011A50       Variants.@VarFromSingle
 0001:00011A04       Variants.@VarFromSmallInt
 0001:00011B34       Variants.@VarFromTDateTime
 0001:000119A4       Variants.@VarFromWord
 0001:00011B88       Variants.@VarFromWStr
 0001:00014614       Variants.@VarMod
 0001:000145FC       Variants.@VarMul
 0001:000134E8       Variants.@VarNeg
 0001:0001399C       Variants.@VarNot
 0001:0000D294       Variants.@VarNull
 0001:00012A2C       Variants.@VarOp
 0001:0001462C       Variants.@VarOr
 0001:0001465C       Variants.@VarRDiv
 0001:00014644       Variants.@VarShl
 0001:00014650       Variants.@VarShr
 0001:0000DAE8       Variants.@VarStringToOleStr
 0001:000145F0       Variants.@VarSub
 0001:0000F224       Variants.@VarToBoolean
 0001:0000E660       Variants.@VarToByte
 0001:0001040C       Variants.@VarToCurrency
 0001:0000FEA4       Variants.@VarToDate
 0001:0001187C       Variants.@VarToDisp
 0001:0000F738       Variants.@VarToDouble
 0001:0000EC2C       Variants.@VarToInt64
 0001:0000E15C       Variants.@VarToInteger
 0001:000117B0       Variants.@VarToIntf
 0001:0000E8DC       Variants.@VarToLongWord
 0001:00010AC4       Variants.@VarToLStr
 0001:0000FAB0       Variants.@VarToReal
 0001:0000E5AC       Variants.@VarToShortInt
 0001:0000FACC       Variants.@VarToSingle
 0001:0000E708       Variants.@VarToSmallInt
 0001:0000E800       Variants.@VarToWord
 0001:000111E4       Variants.@VarToWStr
 0001:00014638       Variants.@VarXor
 0001:0001203C       Variants.AnyOp
 0001:00011738       Variants.AnyToIntf
 0003:00000B14       Variants.BaseTypeMap
 0003:00000B10       Variants.BooleanToStringRule
 0001:00010844       Variants.BoolToWStrViaOS
 0003:00000BC0       Variants.CBooleanToRelationship
 0004:00004984       Variants.ChangeAnyProc
 0001:00012018       Variants.CheckType
 0003:00000B2C       Variants.CInvalidCustomVariantType
 0004:00004980       Variants.ClearAnyProc
 0001:00014274       Variants.ClearVariantTypeList
 0003:00000BCC       Variants.CmpTypeMap
 0003:00000B30       Variants.CRangeToType
 0003:00000CA0       Variants.CRelationshipToBoolean
 0003:00000C4C       Variants.CText
 0003:00000C48       Variants.CTruth
 0001:00012D44       Variants.CurrCompare
 0001:00012628       Variants.CurrOp
 0001:000107D4       Variants.CurrToWStrViaOS
 0001:00012D18       Variants.DateCompare
 0001:0001215C       Variants.DateOp
 0001:0001080C       Variants.DateToWStrViaOS
 0001:00012B94       Variants.EmptyCompare
 0001:00012590       Variants.EmptyOp
 0004:0000496C       Variants.EmptyParam
 0001:000146C8       Variants.Finalization
 0001:00014518       Variants.FindCustomVariantType
 0001:00013F14       Variants.FindVarData
 0001:00013FC0       Variants.GetVarDataArrayInfo
 0001:0000D1BC       Variants.HandleConversionException
 0001:0000D548       Variants.InBounds
 0001:0000D2A8       Variants.InBounds
 0001:0000D578       Variants.Increment
 0001:0000D2D8       Variants.Increment
 0001:00012CB0       Variants.Int64Compare
 0001:000122EC       Variants.Int64Op
 0001:00012C9C       Variants.IntCompare
 0001:000121D0       Variants.IntOp
 0004:00004990       Variants.LVarTypes
 0004:00004994       Variants.LVarTypeSync
 0001:000134A8       Variants.NegateAny
 0001:000133F8       Variants.NegateAsDouble
 0001:00013454       Variants.NegateByte
 0001:000134BC       Variants.NegateCustom
 0001:00013474       Variants.NegateLongWord
 0001:00013428       Variants.NegateVariant
 0001:00013410       Variants.NegateViaOS
 0001:00013464       Variants.NegateWord
 0001:0001395C       Variants.NotAny
 0001:000138B0       Variants.NotAsOrdinal
 0001:000137DC       Variants.NotAsString
 0001:00013970       Variants.NotCustom
 0001:00013930       Variants.NotVariant
 0001:00013918       Variants.NotViaOS
 0001:000145DC       Variants.Null
 0003:00000B08       Variants.NullAsStringValue
 0001:00012BA8       Variants.NullCompare
 0003:00000AFC       Variants.NullEqualityRule
 0003:00000B00       Variants.NullMagnitudeRule
 0001:000124E4       Variants.NullOp
 0003:00000B04       Variants.NullStrictConvert
 0003:00000B44       Variants.OpTypeMap
 0003:00000B0C       Variants.PackVarCreation
 0001:00012CEC       Variants.RealCompare
 0001:000120C8       Variants.RealOp
 0004:00004988       Variants.RefAnyProc
 0001:00013FB4       Variants.SetClearVarToEmptyParam
 0001:00013F9C       Variants.SetVarAsError
 0001:000127B0       Variants.SimpleVarOp
 0001:00012D74       Variants.StringCompare
 0001:000142E0       Variants.TCustomVariantType.BinaryOp
 0001:000142EC       Variants.TCustomVariantType.Cast
 0001:00014324       Variants.TCustomVariantType.CastTo
 0001:000143B0       Variants.TCustomVariantType.CastToOle
 0001:0001436C       Variants.TCustomVariantType.Compare
 0001:00014378       Variants.TCustomVariantType.CompareOp
 0001:000143EC       Variants.TCustomVariantType.Destroy
 0001:000144CC       Variants.TCustomVariantType.DispInvoke
 0001:00014478       Variants.TCustomVariantType.IsClear
 0001:0001447C       Variants.TCustomVariantType.LeftPromotion
 0001:00014490       Variants.TCustomVariantType.OlePromotion
 0001:000144F0       Variants.TCustomVariantType.QueryInterface
 0001:00014498       Variants.TCustomVariantType.RaiseCastError
 0001:000144A8       Variants.TCustomVariantType.RaiseDispError
 0001:000144A0       Variants.TCustomVariantType.RaiseInvalidOp
 0001:000144B0       Variants.TCustomVariantType.RightPromotion
 0001:000144C4       Variants.TCustomVariantType.UnaryOp
 0001:000144D8       Variants.TCustomVariantType._AddRef
 0001:000144E4       Variants.TCustomVariantType._Release
 0001:0000CF28       Variants.TranslateResult
 0001:000145D4       Variants.Unassigned
 0001:0000D334       Variants.VarArrayClear
 0001:0000D5D4       Variants.VarArrayCopyForEach
 0001:00014004       Variants.VarArrayCreate
 0001:0000CED4       Variants.VarArrayCreateError
 0001:0000DB10       Variants.VarCastAsAny
 0001:0000DC14       Variants.VarCastAsDispatch
 0001:0000DC60       Variants.VarCastAsInterface
 0001:0000DB7C       Variants.VarCastAsOleStr
 0001:0000DBC8       Variants.VarCastAsString
 0001:0000CCF4       Variants.VarCastError
 0001:0000CCA0       Variants.VarCastError
 0001:0000DD2C       Variants.VarCastRare
 0001:0000DCAC       Variants.VarCastViaOS
 0001:0000D4B0       Variants.VarClearDeep
 0001:00013390       Variants.VarCompare
 0001:00012ABC       Variants.VarCompareAny
 0001:00012F6C       Variants.VarCompareRare
 0001:00012DE0       Variants.VarCompareSimple
 0001:0000D8FC       Variants.VarCopyByRef
 0001:0000D7A0       Variants.VarCopyCopyProc
 0001:0000D7A8       Variants.VarCopyDeep
 0001:0000D8C0       Variants.VarCopyNoIndCopyProc
 0001:0000D8C8       Variants.VarCopyNoIndDeep
 0001:0000D8B8       Variants.VarCopyNoIndOleStr
 0001:0000D898       Variants.VarCopyNoIndViaOS
 0004:0000497C       Variants.VarDispProc
 0002:00000144       Variants.Variants
 0001:0000CDE4       Variants.VarInvalidNullOp
 0001:0000CD90       Variants.VarInvalidOp
 0001:00013F30       Variants.VarIsEmpty
 0001:00013F44       Variants.VarIsNull
 0001:00011CCC       Variants.VarOpRare
 0001:0000CE38       Variants.VarOverflowError
 0001:0000D17C       Variants.VarResultCheck
 0001:0000D188       Variants.VarResultCheck
 0001:00011C18       Variants.VarStrCat
 0001:0000DB08       Variants.VarStringToOleStr
 0001:0000F174       Variants.VarToBoolAny
 0001:0000F070       Variants.VarToBoolAsString
 0001:0000F1D8       Variants.VarToBoolCustom
 0001:0000F134       Variants.VarToBoolViaOS
 0001:0001035C       Variants.VarToCurrencyAny
 0001:000102B0       Variants.VarToCurrencyAsDouble
 0001:000101F4       Variants.VarToCurrencyAsString
 0001:000103C0       Variants.VarToCurrencyCustom
 0001:00010310       Variants.VarToCurrencyViaOS
 0001:0000FDF4       Variants.VarToDateAny
 0001:0000FD48       Variants.VarToDateAsDouble
 0001:0000FC5C       Variants.VarToDateAsString
 0001:0000FE58       Variants.VarToDateCustom
 0001:0000FDA8       Variants.VarToDateViaOS
[...]
 10261 0001:00047C8B 10262 0001:00047C8D 10264 0001:00047C91 10265 0001:00047C9B
 10266 0001:00047C9D 10268 0001:00047CAA 10269 0001:00047CBF 10271 0001:00047CDA
 10272 0001:00047CE7 10273 0001:00047CF6 10275 0001:00047CFE 10276 0001:00047D0B
 10279 0001:00047D18 10282 0001:00047D97 10283 0001:00047DA4 10285 0001:00047DB7
 10286 0001:00047DCB 10287 0001:00047DDF 10288 0001:00047DF4 10289 0001:00047E09
 10290 0001:00047E1D 10291 0001:00047E31 10292 0001:00047E43 10293 0001:00047E55
 10294 0001:00047E67 10295 0001:00047E81 10297 0001:00047E92 10301 0001:00047EAC
 10302 0001:00047EAE 10305 0001:00047EB8 10309 0001:00047EC9 10318 0001:00047ED0
 10319 0001:00047ED4 10320 0001:00047EE0 10321 0001:00047EF1 10323 0001:00047F0E
 10324 0001:00047F29 10326 0001:00047F30 10335 0001:00047F70 10336 0001:00047F98
 10337 0001:00047FAC 10338 0001:00047FAE 10340 0001:00047FB3 10341 0001:00047FC0
 10342 0001:00047FCA 10343 0001:00047FCC 10345 0001:00047FD1 10346 0001:00047FD2
 10348 0001:00047FDF 10349 0001:00047FF5 10351 0001:00048005 10352 0001:00048007
 10354 0001:0004800C 10355 0001:00048011 10357 0001:00048017 10358 0001:00048021
 10359 0001:00048023 10361 0001:00048028 10362 0001:00048037 10363 0001:00048053
 10365 0001:00048067 10366 0001:00048081 10363 0001:00048082 10367 0001:00048085
 10368 0001:00048093 10371 0001:000480BD 10380 0001:000480C4 10381 0001:000480C8
 10382 0001:000480D4 10383 0001:000480E5 10385 0001:00048102 10386 0001:0004811D
 10388 0001:00048124 10390 0001:00048131 10391 0001:00048145 10393 0001:00048155
 10394 0001:00048157 10396 0001:0004815C 10397 0001:00048161 10399 0001:00048167
 10400 0001:00048171 10401 0001:00048173 10403 0001:00048178 10404 0001:00048187
 10406 0001:000481A7 10408 0001:000481B9 10409 0001:000481D3 10406 0001:000481D4
 10410 0001:000481D7 10411 0001:000481E5 10414 0001:0004820F 10423 0001:00048216
 10424 0001:0004821A 10425 0001:00048226 10426 0001:00048237 10428 0001:00048254
 10429 0001:0004826F 10431 0001:00048276 10433 0001:0004827E 10443 0001:000482AC
 10444 0001:000482D4 10445 0001:000482E8 10446 0001:000482EA 10448 0001:000482EF
 10449 0001:000482FC 10450 0001:00048306 10451 0001:00048308 10453 0001:0004830D
 10454 0001:0004830E 10456 0001:0004831B 10457 0001:00048332 10459 0001:00048342
 10460 0001:00048344 10462 0001:00048349 10463 0001:0004834E 10464 0001:0004835D
 10465 0001:00048379 10466 0001:0004838D 10465 0001:000483A8 10467 0001:000483AB
 10468 0001:000483BD 10470 0001:000483C3 10471 0001:000483D4 10473 0001:000483E8
 10474 0001:000483F6 10477 0001:00048420 10486 0001:00048427 10487 0001:0004842B
 10488 0001:00048437 10489 0001:00048448 10491 0001:00048465 10492 0001:00048480
 10494 0001:00048487 10495 0001:0004848F 10497 0001:0004849C 10498 0001:000484B1
 10500 0001:000484C1 10501 0001:000484C3 10503 0001:000484C8 10504 0001:000484CD
 10505 0001:000484DC 10507 0001:000484FA 10509 0001:0004850C 10510 0001:00048526
 10507 0001:00048527 10511 0001:0004852A 10512 0001:0004853C 10514 0001:00048542
 10515 0001:00048553 10517 0001:00048567 10518 0001:00048575 10521 0001:0004859F
 10530 0001:000485A6 10531 0001:000485AA 10532 0001:000485B6 10533 0001:000485C7
 10535 0001:000485E4 10536 0001:000485FF 10538 0001:00048606 10539 0001:0004860E
 10541 0001:00048616 10554 0001:00048644 10555 0001:0004866C 10556 0001:00048680
 10557 0001:00048682 10559 0001:00048687 10560 0001:00048694 10561 0001:0004869E
 10562 0001:000486A0 10564 0001:000486A5 10565 0001:000486A6 10567 0001:000486B3
 10568 0001:000486C9 10570 0001:000486D9 10571 0001:000486DB 10573 0001:000486E0
 10574 0001:000486E5 10575 0001:000486FA 10577 0001:00048709 10578 0001:0004870B
 10580 0001:00048710 10581 0001:00048722 10583 0001:00048728 10584 0001:0004872A
 10586 0001:0004872F 10587 0001:00048737 10588 0001:0004873C 10589 0001:0004874B
 10590 0001:0004875F 10591 0001:00048773 10590 0001:0004878E 10592 0001:00048791
 10593 0001:0004879F 10596 0001:000487C9 10605 0001:000487D0 10606 0001:000487D4
 10607 0001:000487E0 10608 0001:000487F1 10610 0001:0004880E 10611 0001:00048829
 10613 0001:00048830 10614 0001:00048842 10616 0001:00048846 10617 0001:00048853
 10619 0001:0004885B 10620 0001:00048863 10622 0001:00048870 10623 0001:00048884
 10625 0001:00048894 10626 0001:00048896 10628 0001:0004889B 10629 0001:000488A0
 10630 0001:000488B7 10632 0001:000488CC 10633 0001:000488CE 10635 0001:000488D3
 10636 0001:000488E5 10638 0001:000488EB 10639 0001:000488ED 10641 0001:000488F2
 10642 0001:00048911 10643 0001:00048920 10645 0001:00048934 10647 0001:00048946
 10648 0001:00048960 10645 0001:00048961 10649 0001:00048964 10650 0001:00048972
 10653 0001:0004899C 10662 0001:000489A3 10663 0001:000489A7 10664 0001:000489B3
 10665 0001:000489C4 10667 0001:000489E1 10668 0001:000489FC 10670 0001:00048A03
 10671 0001:00048A0B 10673 0001:00048A13 10688 0001:00048A44 10689 0001:00048A69
 10690 0001:00048A77 10691 0001:00048A89 10693 0001:00048A98 10694 0001:00048AA2
 10695 0001:00048AA4 10697 0001:00048AA9 10699 0001:00048AB8 10700 0001:00048AC2
 10701 0001:00048ACB 10702 0001:00048ACD 10704 0001:00048AD2 10705 0001:00048AF3
 10706 0001:00048B0F 10707 0001:00048B1A 10708 0001:00048B1E 10709 0001:00048B20
 10711 0001:00048B2F 10712 0001:00048B3E 10714 0001:00048B53 10715 0001:00048B57
 10717 0001:00048B59 10709 0001:00048B5A 10718 0001:00048B5F 10719 0001:00048B65
 10720 0001:00048B67 10722 0001:00048B6C 10723 0001:00048B8D 10724 0001:00048BA9
 10726 0001:00048BCE 10727 0001:00048BD2 10729 0001:00048BEE 10730 0001:00048BF2
 10731 0001:00048C00 10732 0001:00048C0B 10734 0001:00048C1B 10735 0001:00048C27
 10737 0001:00048C43 10738 0001:00048C51 10745 0001:00048C85 10746 0001:00048C8F
 10747 0001:00048C98 10748 0001:00048CA3 10752 0001:00048CB1 10753 0001:00048CBB
 10754 0001:00048CC4 10755 0001:00048CCF 10759 0001:00048CDD 10760 0001:00048CE7
 10762 0001:00048CED 10763 0001:00048CF6 10764 0001:00048D01 10767 0001:00048D0E
 10768 0001:00048D16 10769 0001:00048D1F 10774 0001:00048D2E 10775 0001:00048D38
 10776 0001:00048D41 10777 0001:00048D4C 10781 0001:00048D59 10782 0001:00048D63
 10784 0001:00048D6C 10788 0001:00048D7B 10789 0001:00048D85 10791 0001:00048D8B
 10792 0001:00048D94 10793 0001:00048D9F 10796 0001:00048DA9 10797 0001:00048DB1
 10798 0001:00048DBA 10803 0001:00048DC5 10804 0001:00048DCF 10806 0001:00048DD5
 10807 0001:00048DDE 10808 0001:00048DE9 10811 0001:00048DF3 10812 0001:00048DFB
 10813 0001:00048E04 10818 0001:00048E0C 10819 0001:00048E0E 10822 0001:00048E10
 10823 0001:00048E12 10825 0001:00048E14 10732 0001:00048E15 10826 0001:00048E1E
 10828 0001:00048E2A 10829 0001:00048E3A 10831 0001:00048E3E 10832 0001:00048E48
 10833 0001:00048E4E 10834 0001:00048E54 10836 0001:00048E60 10837 0001:00048E68
 10839 0001:00048E6C 10841 0001:00048E70 10842 0001:00048E72 10879 0001:00048EC4
 10880 0001:00048ECB 10916 0001:00048ECC 10917 0001:00048ED2 10934 0001:00048ED4
 10935 0001:00048EDB 10937 0001:00048EE7 10938 0001:00048EF1 10940 0001:00048EF7
 10941 0001:00048EFA 10943 0001:00048EFC 10935 0001:00048EFD 10944 0001:00048F02
 10945 0001:00048F04 10955 0001:00048F08 10956 0001:00048F2C 10957 0001:00048F37
 10958 0001:00048F49 10959 0001:00048F61 10960 0001:00048F6A 10961 0001:00048F78
 10963 0001:00048F8C 10961 0001:00048F95 10965 0001:00048F98 10967 0001:00048FAB
 10968 0001:00048FBB 10969 0001:00048FDC 10970 0001:00048FDD 10965 0001:00048FDE
 10971 0001:00048FE3 10973 0001:00048FEB 10974 0001:00049004 10975 0001:00049006
 10977 0001:0004901A 10978 0001:00049021 10979 0001:00049028 11225 0001:00049050
 11226 0001:00049052 11227 0001:00049053 11228 0001:00049054 11229 0001:00049056
 11230 0001:00049059 11231 0001:0004905A 11232 0001:0004905F 11233 0001:00049060
 11234 0001:00049063 11235 0001:00049065 11236 0001:00049068 11237 0001:0004906A
 11241 0001:0004906C 11260 0001:0004909E 11261 0001:000490A1 11262 0001:000490A9
 11264 0001:000490B1 11266 0001:000490B3 11270 0001:000490B4 11292 0001:000490F5
 11293 0001:000490F8 11294 0001:00049100 11296 0001:00049108 11298 0001:0004910A
 11302 0001:0004910C 11303 0001:00049125 11304 0001:00049128 11305 0001:00049130
 11306 0001:00049138 11308 0001:00049140 11310 0001:00049142 11314 0001:00049144
 11316 0001:00049147 11318 0001:0004914A 11334 0001:00049150 11335 0001:0004918A
 11337 0001:000491A8 11338 0001:000491AE 11339 0001:000491BC 11340 0001:000491C7
 11343 0001:000491D4 11344 0001:000491DD 11341 0001:000491E8 11346 0001:000491EE
 11347 0001:000491F4 11348 0001:000491F9 11349 0001:000491FE 11350 0001:00049209
 11351 0001:00049214 11353 0001:00049221 11354 0001:0004922C 11355 0001:00049235
 11356 0001:00049247 11357 0001:0004925D 11359 0001:0004927A 11360 0001:0004928E
 11361 0001:00049294 11362 0001:000492A0 11364 0001:000492AC 11365 0001:000492B5
 11368 0001:000492BA 11369 0001:000492C3 11377 0001:000492C8 11379 0001:000492D9
 11380 0001:000492E3 11381 0001:000492EF 11383 0001:000492FB 11384 0001:0004930F
 11387 0001:00049314 11388 0001:00049328 11402 0001:0004932B 11351 0001:0004932C
 11403 0001:00049335 11404 0001:00049340 11405 0001:0004934B 11407 0001:0004935D
 11408 0001:00049368 11409 0001:00049371 11410 0001:00049383 11411 0001:00049394
 11412 0001:000493AA 11414 0001:000493C1 11415 0001:000493D5 11416 0001:000493DB
 11417 0001:000493E7 11418 0001:000493F2 11419 0001:000493FB 11430 0001:00049401
 11431 0001:0004940B 11432 0001:00049417 11433 0001:0004942B 11434 0001:0004943C
 11436 0001:00049445 11405 0001:00049446 11437 0001:0004944F 11438 0001:0004945A
 11440 0001:00049465 11442 0001:00049478 11443 0001:0004948E 11445 0001:00049499
 11446 0001:000494AD 11447 0001:000494B3 11448 0001:000494BD 11450 0001:000494C9
 11453 0001:000494D1 11456 0001:000494D9 11460 0001:000494E1 11465 0001:000494E7
 11466 0001:000494F1 11468 0001:000494FD 11469 0001:00049502 11470 0001:0004950E
 11471 0001:00049515 11472 0001:0004951C 11473 0001:00049523 11474 0001:0004952A
 11475 0001:0004952E 11476 0001:00049539 11477 0001:00049547 11478 0001:00049558
 11479 0001:0004956A 11481 0001:0004957D 11482 0001:0004958C 11485 0001:00049598
 11487 0001:000495A2 11488 0001:000495A9 11490 0001:000495BB 11493 0001:000495D4
 11494 0001:000495E6 11495 0001:000495FA 11496 0001:0004960E 11497 0001:00049623
 11499 0001:0004963B 11500 0001:00049643 11504 0001:0004964A 11506 0001:0004964E
 11509 0001:00049665 11511 0001:0004966D 11512 0001:0004967B 11511 0001:0004968A
 11513 0001:0004968F 11514 0001:00049696 11516 0001:000496A3 11518 0001:000496AA
 11519 0001:000496AD 11520 0001:000496B2 11522 0001:000496BC 11524 0001:000496EE
 11530 0001:0004973C 11531 0001:00049745 11532 0001:0004974F 11534 0001:0004975B
 11535 0001:00049767 11537 0001:0004977B 11538 0001:0004977D 11540 0001:0004977F
 11532 0001:00049780 11541 0001:00049785 11542 0001:00049787 11551 0001:00049790
 11552 0001:000497B5 11553 0001:000497C3 11554 0001:000497DE 11555 0001:000497EE
 11556 0001:000497F7 11558 0001:00049806 11560 0001:00049819 11558 0001:00049823
 11562 0001:00049826 11564 0001:00049839 11565 0001:00049861 11566 0001:00049862
 11562 0001:00049863 11567 0001:00049868 11569 0001:00049870 11570 0001:00049885
 11571 0001:0004988A 11572 0001:00049898 11574 0001:000498C9 11575 0001:000498D1
 11577 0001:000498E1 11580 0001:0004990C 11581 0001:00049910 11582 0001:0004991B
 11584 0001:00049920 11585 0001:00049924 11586 0001:0004992F 11588 0001:00049934
 11589 0001:00049938 11590 0001:00049943 11592 0001:00049948 11593 0001:0004994C
 11594 0001:00049957 11598 0001:0004995C 11599 0001:00049978 11600 0001:00049996
 11604 0001:000499BC 11605 0001:000499DE 11606 0001:000499F2 11607 0001:00049A10
 11608 0001:00049A2E 11609 0001:00049A4C 11611 0001:00049A68 11617 0001:00049A94
 11618 0001:00049AA9 11619 0001:00049AB2 11620 0001:00049AB8 11621 0001:00049ABE
 11622 0001:00049AC4 11628 0001:00049AE4 11629 0001:00049AEC 11637 0001:00049AF0
 11638 0001:00049B05 11639 0001:00049B0E 11640 0001:00049B11 11641 0001:00049B20
 11651 0001:00049B3C 11652 0001:00049B47 11653 0001:00049B4F 11654 0001:00049B5B
 11669 0001:00049B6C 11670 0001:00049B70 11671 0001:00049B80 11672 0001:00049B8A
 11675 0001:00049B90 11676 0001:00049BA5 11677 0001:00049BAE 11678 0001:00049BBD
 11679 0001:00049BC0 11690 0001:00049BDC 11691 0001:00049BE8 11692 0001:00049BF4
 11691 0001:00049C04 11693 0001:00049C09 11694 0001:00049C11 11695 0001:00049C1D
 11727 0001:00049C2C 11728 0001:00049C37 11729 0001:00049C3E 11730 0001:00049C46
 11731 0001:00049C52 11736 0001:00049C60 11737 0001:00049C75 11738 0001:00049C7E
 11739 0001:00049C8F 11742 0001:00049CAC 11743 0001:00049CB7 11744 0001:00049CBF
 11745 0001:00049CCB 11751 0001:00049CDC 11752 0001:00049CE3 11758 0001:00049CE4
 11759 0001:00049CF1 11765 0001:00049CF4 11766 0001:00049CFA 11777 0001:00049CFC
 11779 0001:00049D06 11780 0001:00049D0B 11786 0001:00049D0C 11787 0001:00049D11
 11789 0001:00049D1A 11790 0001:00049D20 11791 0001:00049D42 11792 0001:00049D4F
 11787 0001:00049D50 11793 0001:00049D55 11794 0001:00049D5C 11795 0001:00049D61
 11796 0001:00049D6A 11799 0001:00049D70 11800 0001:00049D82 11801 0001:00049D8B
 11802 0001:00049D98 11803 0001:00049D9F 11804 0001:00049DA4 11810 0001:00049DC0
 11811 0001:00049DCC 11813 0001:00049DD5 11814 0001:00049DDB 11815 0001:00049DFD
 11816 0001:00049E07 11811 0001:00049E08 11817 0001:00049E0D 11818 0001:00049E18
 11819 0001:00049E24 11858 0001:00049E34 11859 0001:00049E38 11861 0001:00049E42
 11862 0001:00049E47 11863 0001:00049E52 11869 0001:00049E54 11870 0001:00049E57
 11871 0001:00049E5B 11873 0001:00049E65 11874 0001:00049E6A 11875 0001:00049E7C
 11880 0001:00049E88 11881 0001:00049E8D 11883 0001:00049E90 11884 0001:00049E96
 11889 0001:00049E98 11890 0001:00049E9B 11891 0001:00049E9F 11893 0001:00049EA9
 11894 0001:00049EAE 11895 0001:00049EBD 11900 0001:00049EC4 11901 0001:00049EC8
 11902 0001:00049ECC 11904 0001:00049ED8 11905 0001:00049EDF 11906 0001:00049EEB
 11936 0001:00049EF0 11937 0001:00049EF4 11938 0001:00049EF8 11939 0001:00049EFE
 11940 0001:00049F05 11941 0001:00049F0F 11942 0001:00049F31 11943 0001:00049F3B
 11944 0001:00049F50 11963 0001:00049F54 11964 0001:00049F5B 11965 0001:00049F60
 11966 0001:00049F6E 11967 0001:00049F7A 11968 0001:00049F7D 11969 0001:00049F86
 11970 0001:00049F88 11971 0001:00049F8A 11972 0001:00049F96 11996 0001:00049F9C
 11997 0001:00049FBC 11998 0001:00049FE5 12000 0001:00049FEB 12002 0001:00049FF2
 12003 0001:00049FFA 12005 0001:00049FFF 12007 0001:0004A004 12008 0001:0004A00F
 12010 0001:0004A016 12011 0001:0004A020 12014 0001:0004A022 12015 0001:0004A02C
 12016 0001:0004A032 12017 0001:0004A03B 12016 0001:0004A047 12019 0001:0004A04C
 12021 0001:0004A057 12022 0001:0004A05D 12023 0001:0004A063 12057 0001:0004A088
 12058 0001:0004A0A4 12059 0001:0004A0A8 12061 0001:0004A0B2 12062 0001:0004A0B7
 12063 0001:0004A0BB 12064 0001:0004A0CA 12065 0001:0004A0F1 12072 0001:0004A114
 12073 0001:0004A12D 12074 0001:0004A131 12076 0001:0004A13B 12077 0001:0004A140
 12078 0001:0004A144 12079 0001:0004A158 12080 0001:0004A17F 12087 0001:0004A1A4
 12088 0001:0004A1BD 12089 0001:0004A1C1 12091 0001:0004A1CB 12092 0001:0004A1D0
 12093 0001:0004A1D4 12094 0001:0004A1ED 12095 0001:0004A214 12101 0001:0004A238
 12102 0001:0004A254 12103 0001:0004A258 12105 0001:0004A262 12106 0001:0004A267
 12107 0001:0004A26B 12108 0001:0004A27A 12109 0001:0004A2A1 12159 0001:0004A2C4
 12160 0001:0004A30D 12161 0001:0004A31C 12162 0001:0004A320 12164 0001:0004A32A
 12165 0001:0004A334 12166 0001:0004A342 12167 0001:0004A348 12168 0001:0004A369
 12169 0001:0004A38B 12171 0001:0004A3B9 12174 0001:0004A3CA 12175 0001:0004A3CF
 12176 0001:0004A3D4 12178 0001:0004A3DB 12180 0001:0004A3E1 12181 0001:0004A3E7
 12182 0001:0004A3EE 12184 0001:0004A3F7 12186 0001:0004A3FD 12187 0001:0004A40C
 12188 0001:0004A41A 12189 0001:0004A429 12190 0001:0004A43B 12191 0001:0004A449
 12193 0001:0004A457 12195 0001:0004A46D 12196 0001:0004A47A 12197 0001:0004A49B
 12200 0001:0004A4B0 12201 0001:0004A4BD 12216 0001:0004A4D8 12220 0001:0004A4F3
 12191 0001:0004A4F4 12221 0001:0004A4FB 12237 0001:0004A52A 12239 0001:0004A532
 12240 0001:0004A53A 12242 0001:0004A573 12246 0001:0004A59E 12248 0001:0004A5A8
 12250 0001:0004A5B7 12252 0001:0004A5C1 12260 0001:0004A5D7 12246 0001:0004A5D8
 12261 0001:0004A5DB 12264 0001:0004A601 12265 0001:0004A60D 12264 0001:0004A61E
 12266 0001:0004A623 12268 0001:0004A633 12275 0001:0004A690 12276 0001:0004A697
 12278 0001:0004A6C6

Line numbers for uPSR_dll(uPSR_dll.pas) segment .text

    46 0001:0004A6B8    47 0001:0004A6C4    52 0001:0004A6C8    53 0001:0004A6CF
    54 0001:0004A6DD    56 0001:0004A6E1    57 0001:0004A6ED    59 0001:0004A6FB
    60 0001:0004A6FD    66 0001:0004A704    67 0001:0004A70E    68 0001:0004A712
    70 0001:0004A715    71 0001:0004A717    75 0001:0004A718    79 0001:0004A71B
    81 0001:0004A724    82 0001:0004A731    94 0001:0004A734    95 0001:0004A75C
    96 0001:0004A76A    97 0001:0004A77C    98 0001:0004A79D    99 0001:0004A7B9
   100 0001:0004A7C3   101 0001:0004A7CA   103 0001:0004A7CC   104 0001:0004A7DE
   106 0001:0004A7E2   109 0001:0004A7E8   110 0001:0004A7F2   111 0001:0004A7F4
   116 0001:0004A7F9   118 0001:0004A809   120 0001:0004A80D   121 0001:0004A817
   122 0001:0004A819   124 0001:0004A81E   125 0001:0004A830   126 0001:0004A832
   127 0001:0004A83D   128 0001:0004A840   130 0001:0004A84F   132 0001:0004A860
   134 0001:0004A863   138 0001:0004A86B   140 0001:0004A8A3   142 0001:0004A8A7
   143 0001:0004A8B1   144 0001:0004A8B3   146 0001:0004A8B5   147 0001:0004A8B7
   159 0001:0004A8F8   160 0001:0004A91D   162 0001:0004A926   163 0001:0004A928
   165 0001:0004A92D   167 0001:0004A936   169 0001:0004A945   170 0001:0004A947
   173 0001:0004A94C   174 0001:0004A95A   175 0001:0004A976   176 0001:0004A992
   178 0001:0004A9A3   179 0001:0004A9A5   181 0001:0004A9AA   182 0001:0004A9B3
   183 0001:0004A9C5   184 0001:0004A9D6   185 0001:0004A9DF   186 0001:0004A9EE
   188 0001:0004AA02   186 0001:0004AA0C   190 0001:0004AA0F   192 0001:0004AA22
   193 0001:0004AA4A   194 0001:0004AA4B   190 0001:0004AA4C   195 0001:0004AA51
   197 0001:0004AA59   198 0001:0004AA6E   199 0001:0004AA73   200 0001:0004AA81
   202 0001:0004AA9E   205 0001:0004AABA   206 0001:0004AAC2   208 0001:0004AAD2
   209 0001:0004AAD4   213 0001:0004AB08   214 0001:0004AB0F   220 0001:0004AB10
   221 0001:0004AB2F   222 0001:0004AB33   223 0001:0004AB3E   224 0001:0004AB5A
   225 0001:0004AB76   227 0001:0004AB82   229 0001:0004AB84   230 0001:0004AB88
   231 0001:0004AB8F   233 0001:0004AB93   234 0001:0004AB9A   236 0001:0004ABA6
   240 0001:0004ABD8   241 0001:0004ABDE   242 0001:0004ABF2   243 0001:0004ABF4
   251 0001:0004ABFC   252 0001:0004AC1A   253 0001:0004AC28   255 0001:0004AC3C
   256 0001:0004AC48   257 0001:0004AC59   258 0001:0004AC65   259 0001:0004AC70
   260 0001:0004AC82   262 0001:0004ACB0   264 0001:0004ACB5   253 0001:0004ACB8
   265 0001:0004ACC2   266 0001:0004ACCC   268 0001:0004ACD3   269 0001:0004ACE4
   270 0001:0004ACE8   275 0001:0004ACF9   277 0001:0004AD02   278 0001:0004AD0B
   280 0001:0004AD18   281 0001:0004AD1A   282 0001:0004AD1C   286 0001:0004AD60
   287 0001:0004AD67   290 0001:0004AD68   291 0001:0004AD6B   292 0001:0004AD6F
   293 0001:0004AD82   294 0001:0004AD97   295 0001:0004ADAC   297 0001:0004AE16

Line numbers for sample3(sample3.dpr) segment .text

    15 0001:0004ADE8    16 0001:0004ADEE    17 0001:0004ADFC    26 0001:0004AE04
    28 0001:0004AE09    29 0001:0004AE0B    40 0001:0004AE20    41 0001:0004AE37
    42 0001:0004AE45    43 0001:0004AE4C    44 0001:0004AE59    46 0001:0004AE60
    49 0001:0004AE62    50 0001:0004AE6C    52 0001:0004AE73    54 0001:0004AE81
    57 0001:0004AE88    60 0001:0004AE96    62 0001:0004AE9D    65 0001:0004AE9F
    66 0001:0004AEA6    67 0001:0004AEAD

Line numbers for sample3(sample3.dpr) segment .itext

    75 0002:00000300    76 0002:00000310    77 0002:0000031A

Bound resource files

sample3.drf


Program entry point at 0002:00000300
